2026-07-10 11:55:34,165:INFO:DualHeadUNet(
  (inc): DoubleConv(
    (block): Sequential(
      (0): Conv2d(8, 32, kernel_size=(3, 3), stride=(1, 1), padding=(1, 1), bias=False)
      (1): BatchNorm2d(32, eps=1e-05, momentum=0.1, affine=True, track_running_stats=True)
      (2): ReLU(inplace=True)
      (3): Conv2d(32, 32, kernel_size=(3, 3), stride=(1, 1), padding=(1, 1), bias=False)
      (4): BatchNorm2d(32, eps=1e-05, momentum=0.1, affine=True, track_running_stats=True)
      (5): ReLU(inplace=True)
    )
  )
  (down1): Down(
    (block): Sequential(
      (0): MaxPool2d(kernel_size=2, stride=2, padding=0, dilation=1, ceil_mode=False)
      (1): DoubleConv(
        (block): Sequential(
          (0): Conv2d(32, 64, kernel_size=(3, 3), stride=(1, 1), padding=(1, 1), bias=False)
          (1): BatchNorm2d(64, eps=1e-05, momentum=0.1, affine=True, track_running_stats=True)
          (2): ReLU(inplace=True)
          (3): Conv2d(64, 64, kernel_size=(3, 3), stride=(1, 1), padding=(1, 1), bias=False)
          (4): BatchNorm2d(64, eps=1e-05, momentum=0.1, affine=True, track_running_stats=True)
          (5): ReLU(inplace=True)
        )
      )
    )
  )
  (down2): Down(
    (block): Sequential(
      (0): MaxPool2d(kernel_size=2, stride=2, padding=0, dilation=1, ceil_mode=False)
      (1): DoubleConv(
        (block): Sequential(
          (0): Conv2d(64, 128, kernel_size=(3, 3), stride=(1, 1), padding=(1, 1), bias=False)
          (1): BatchNorm2d(128, eps=1e-05, momentum=0.1, affine=True, track_running_stats=True)
          (2): ReLU(inplace=True)
          (3): Conv2d(128, 128, kernel_size=(3, 3), stride=(1, 1), padding=(1, 1), bias=False)
          (4): BatchNorm2d(128, eps=1e-05, momentum=0.1, affine=True, track_running_stats=True)
          (5): ReLU(inplace=True)
        )
      )
    )
  )
  (down3): Down(
    (block): Sequential(
      (0): MaxPool2d(kernel_size=2, stride=2, padding=0, dilation=1, ceil_mode=False)
      (1): DoubleConv(
        (block): Sequential(
          (0): Conv2d(128, 256, kernel_size=(3, 3), stride=(1, 1), padding=(1, 1), bias=False)
          (1): BatchNorm2d(256, eps=1e-05, momentum=0.1, affine=True, track_running_stats=True)
          (2): ReLU(inplace=True)
          (3): Conv2d(256, 256, kernel_size=(3, 3), stride=(1, 1), padding=(1, 1), bias=False)
          (4): BatchNorm2d(256, eps=1e-05, momentum=0.1, affine=True, track_running_stats=True)
          (5): ReLU(inplace=True)
        )
      )
    )
  )
  (down4): Down(
    (block): Sequential(
      (0): MaxPool2d(kernel_size=2, stride=2, padding=0, dilation=1, ceil_mode=False)
      (1): DoubleConv(
        (block): Sequential(
          (0): Conv2d(256, 512, kernel_size=(3, 3), stride=(1, 1), padding=(1, 1), bias=False)
          (1): BatchNorm2d(512, eps=1e-05, momentum=0.1, affine=True, track_running_stats=True)
          (2): ReLU(inplace=True)
          (3): Conv2d(512, 512, kernel_size=(3, 3), stride=(1, 1), padding=(1, 1), bias=False)
          (4): BatchNorm2d(512, eps=1e-05, momentum=0.1, affine=True, track_running_stats=True)
          (5): ReLU(inplace=True)
        )
      )
    )
  )
  (up1): Up(
    (up): ConvTranspose2d(512, 256, kernel_size=(2, 2), stride=(2, 2))
    (conv): DoubleConv(
      (block): Sequential(
        (0): Conv2d(512, 256, kernel_size=(3, 3), stride=(1, 1), padding=(1, 1), bias=False)
        (1): BatchNorm2d(256, eps=1e-05, momentum=0.1, affine=True, track_running_stats=True)
        (2): ReLU(inplace=True)
        (3): Conv2d(256, 256, kernel_size=(3, 3), stride=(1, 1), padding=(1, 1), bias=False)
        (4): BatchNorm2d(256, eps=1e-05, momentum=0.1, affine=True, track_running_stats=True)
        (5): ReLU(inplace=True)
      )
    )
  )
  (up2): Up(
    (up): ConvTranspose2d(256, 128, kernel_size=(2, 2), stride=(2, 2))
    (conv): DoubleConv(
      (block): Sequential(
        (0): Conv2d(256, 128, kernel_size=(3, 3), stride=(1, 1), padding=(1, 1), bias=False)
        (1): BatchNorm2d(128, eps=1e-05, momentum=0.1, affine=True, track_running_stats=True)
        (2): ReLU(inplace=True)
        (3): Conv2d(128, 128, kernel_size=(3, 3), stride=(1, 1), padding=(1, 1), bias=False)
        (4): BatchNorm2d(128, eps=1e-05, momentum=0.1, affine=True, track_running_stats=True)
        (5): ReLU(inplace=True)
      )
    )
  )
  (up3): Up(
    (up): ConvTranspose2d(128, 64, kernel_size=(2, 2), stride=(2, 2))
    (conv): DoubleConv(
      (block): Sequential(
        (0): Conv2d(128, 64, kernel_size=(3, 3), stride=(1, 1), padding=(1, 1), bias=False)
        (1): BatchNorm2d(64, eps=1e-05, momentum=0.1, affine=True, track_running_stats=True)
        (2): ReLU(inplace=True)
        (3): Conv2d(64, 64, kernel_size=(3, 3), stride=(1, 1), padding=(1, 1), bias=False)
        (4): BatchNorm2d(64, eps=1e-05, momentum=0.1, affine=True, track_running_stats=True)
        (5): ReLU(inplace=True)
      )
    )
  )
  (up4): Up(
    (up): ConvTranspose2d(64, 32, kernel_size=(2, 2), stride=(2, 2))
    (conv): DoubleConv(
      (block): Sequential(
        (0): Conv2d(64, 32, kernel_size=(3, 3), stride=(1, 1), padding=(1, 1), bias=False)
        (1): BatchNorm2d(32, eps=1e-05, momentum=0.1, affine=True, track_running_stats=True)
        (2): ReLU(inplace=True)
        (3): Conv2d(32, 32, kernel_size=(3, 3), stride=(1, 1), padding=(1, 1), bias=False)
        (4): BatchNorm2d(32, eps=1e-05, momentum=0.1, affine=True, track_running_stats=True)
        (5): ReLU(inplace=True)
      )
    )
  )
  (mask_head): Conv2d(32, 1, kernel_size=(1, 1), stride=(1, 1))
  (distance_head): Sequential(
    (0): Conv2d(32, 32, kernel_size=(3, 3), stride=(1, 1), padding=(1, 1), bias=False)
    (1): BatchNorm2d(32, eps=1e-05, momentum=0.1, affine=True, track_running_stats=True)
    (2): ReLU(inplace=True)
    (3): Conv2d(32, 1, kernel_size=(1, 1), stride=(1, 1))
  )
)
Trainable parameters by tensor:
  inc.block.0.weight: 2,304
  inc.block.1.weight: 32
  inc.block.1.bias: 32
  inc.block.3.weight: 9,216
  inc.block.4.weight: 32
  inc.block.4.bias: 32
  down1.block.1.block.0.weight: 18,432
  down1.block.1.block.1.weight: 64
  down1.block.1.block.1.bias: 64
  down1.block.1.block.3.weight: 36,864
  down1.block.1.block.4.weight: 64
  down1.block.1.block.4.bias: 64
  down2.block.1.block.0.weight: 73,728
  down2.block.1.block.1.weight: 128
  down2.block.1.block.1.bias: 128
  down2.block.1.block.3.weight: 147,456
  down2.block.1.block.4.weight: 128
  down2.block.1.block.4.bias: 128
  down3.block.1.block.0.weight: 294,912
  down3.block.1.block.1.weight: 256
  down3.block.1.block.1.bias: 256
  down3.block.1.block.3.weight: 589,824
  down3.block.1.block.4.weight: 256
  down3.block.1.block.4.bias: 256
  down4.block.1.block.0.weight: 1,179,648
  down4.block.1.block.1.weight: 512
  down4.block.1.block.1.bias: 512
  down4.block.1.block.3.weight: 2,359,296
  down4.block.1.block.4.weight: 512
  down4.block.1.block.4.bias: 512
  up1.up.weight: 524,288
  up1.up.bias: 256
  up1.conv.block.0.weight: 1,179,648
  up1.conv.block.1.weight: 256
  up1.conv.block.1.bias: 256
  up1.conv.block.3.weight: 589,824
  up1.conv.block.4.weight: 256
  up1.conv.block.4.bias: 256
  up2.up.weight: 131,072
  up2.up.bias: 128
  up2.conv.block.0.weight: 294,912
  up2.conv.block.1.weight: 128
  up2.conv.block.1.bias: 128
  up2.conv.block.3.weight: 147,456
  up2.conv.block.4.weight: 128
  up2.conv.block.4.bias: 128
  up3.up.weight: 32,768
  up3.up.bias: 64
  up3.conv.block.0.weight: 73,728
  up3.conv.block.1.weight: 64
  up3.conv.block.1.bias: 64
  up3.conv.block.3.weight: 36,864
  up3.conv.block.4.weight: 64
  up3.conv.block.4.bias: 64
  up4.up.weight: 8,192
  up4.up.bias: 32
  up4.conv.block.0.weight: 18,432
  up4.conv.block.1.weight: 32
  up4.conv.block.1.bias: 32
  up4.conv.block.3.weight: 9,216
  up4.conv.block.4.weight: 32
  up4.conv.block.4.bias: 32
  mask_head.weight: 32
  mask_head.bias: 1
  distance_head.0.weight: 9,216
  distance_head.1.weight: 32
  distance_head.1.bias: 32
  distance_head.3.weight: 32
  distance_head.3.bias: 1
Total trainable parameters: 7,773,794
2026-07-10 11:55:34,169:INFO:------------ New Training Session ------------
2026-07-10 11:57:02,830:INFO:epoch: 1 | loss: 1.3237 | bce: 0.4156 | raw_bce: 0.4709 | dice_loss: 0.4416 | distance_loss: 0.0666 | tv_loss: 2530.6909 | boundary_weight_mean: 6.2515
2026-07-10 11:57:50,091:INFO:epoch: 2 | loss: 1.0859 | bce: 0.3515 | raw_bce: 0.3608 | dice_loss: 0.3720 | distance_loss: 0.0518 | tv_loss: 1902.4301 | boundary_weight_mean: 6.2479 | eval_loss: 1.2176 | eval_bce: 0.4568 | eval_raw_bce: 0.3218 | eval_dice_loss: 0.3880 | eval_distance_loss: 0.0533 | eval_tv_loss: 1826.2308 | eval_boundary_weight_mean: 4.1108 | eval_pixel_iou: 0.7535 | eval_miou: 0.7175 | eval_boundary_iou: 0.2285
2026-07-10 11:58:27,836:INFO:epoch: 3 | loss: 1.0073 | bce: 0.3342 | raw_bce: 0.3250 | dice_loss: 0.3359 | distance_loss: 0.0482 | tv_loss: 1935.3247 | boundary_weight_mean: 6.2602
2026-07-10 11:59:08,267:INFO:epoch: 4 | loss: 0.9710 | bce: 0.3265 | raw_bce: 0.3113 | dice_loss: 0.3141 | distance_loss: 0.0472 | tv_loss: 1942.4627 | boundary_weight_mean: 6.2419 | eval_loss: 1.1595 | eval_bce: 0.4700 | eval_raw_bce: 0.3207 | eval_dice_loss: 0.3354 | eval_distance_loss: 0.0506 | eval_tv_loss: 1739.6374 | eval_boundary_weight_mean: 4.1108 | eval_pixel_iou: 0.7586 | eval_miou: 0.7170 | eval_boundary_iou: 0.2353
2026-07-10 11:59:45,975:INFO:epoch: 5 | loss: 0.9323 | bce: 0.3188 | raw_bce: 0.2967 | dice_loss: 0.2993 | distance_loss: 0.0449 | tv_loss: 1956.9990 | boundary_weight_mean: 6.1999
2026-07-10 12:00:26,083:INFO:epoch: 6 | loss: 0.9215 | bce: 0.3160 | raw_bce: 0.2934 | dice_loss: 0.2906 | distance_loss: 0.0450 | tv_loss: 1970.1826 | boundary_weight_mean: 6.1976 | eval_loss: 1.1519 | eval_bce: 0.4364 | eval_raw_bce: 0.3155 | eval_dice_loss: 0.3319 | eval_distance_loss: 0.0548 | eval_tv_loss: 1913.6091 | eval_boundary_weight_mean: 4.1108 | eval_pixel_iou: 0.7480 | eval_miou: 0.7096 | eval_boundary_iou: 0.2711
2026-07-10 12:01:03,712:INFO:epoch: 7 | loss: 0.8877 | bce: 0.3061 | raw_bce: 0.2869 | dice_loss: 0.2830 | distance_loss: 0.0427 | tv_loss: 1970.1649 | boundary_weight_mean: 6.2628
2026-07-10 12:01:43,933:INFO:epoch: 8 | loss: 0.8790 | bce: 0.3061 | raw_bce: 0.2850 | dice_loss: 0.2770 | distance_loss: 0.0423 | tv_loss: 1979.9226 | boundary_weight_mean: 6.2249 | eval_loss: 1.0755 | eval_bce: 0.4351 | eval_raw_bce: 0.2840 | eval_dice_loss: 0.3154 | eval_distance_loss: 0.0464 | eval_tv_loss: 1694.4595 | eval_boundary_weight_mean: 4.1108 | eval_pixel_iou: 0.7694 | eval_miou: 0.7410 | eval_boundary_iou: 0.3007
2026-07-10 12:02:21,528:INFO:epoch: 9 | loss: 0.8662 | bce: 0.3005 | raw_bce: 0.2813 | dice_loss: 0.2736 | distance_loss: 0.0417 | tv_loss: 1981.9215 | boundary_weight_mean: 6.2671
2026-07-10 12:03:01,693:INFO:epoch: 10 | loss: 0.8621 | bce: 0.3022 | raw_bce: 0.2804 | dice_loss: 0.2730 | distance_loss: 0.0410 | tv_loss: 1991.7266 | boundary_weight_mean: 6.2197 | eval_loss: 1.0466 | eval_bce: 0.4183 | eval_raw_bce: 0.2758 | eval_dice_loss: 0.3131 | eval_distance_loss: 0.0450 | eval_tv_loss: 1837.9680 | eval_boundary_weight_mean: 4.1108 | eval_pixel_iou: 0.7719 | eval_miou: 0.7379 | eval_boundary_iou: 0.3257
2026-07-10 12:03:39,139:INFO:epoch: 11 | loss: 0.8503 | bce: 0.3011 | raw_bce: 0.2767 | dice_loss: 0.2676 | distance_loss: 0.0402 | tv_loss: 1991.1581 | boundary_weight_mean: 6.1878
2026-07-10 12:04:19,346:INFO:epoch: 12 | loss: 0.8467 | bce: 0.2995 | raw_bce: 0.2769 | dice_loss: 0.2662 | distance_loss: 0.0401 | tv_loss: 2004.8947 | boundary_weight_mean: 6.1982 | eval_loss: 1.0157 | eval_bce: 0.4115 | eval_raw_bce: 0.2712 | eval_dice_loss: 0.3015 | eval_distance_loss: 0.0432 | eval_tv_loss: 1764.8043 | eval_boundary_weight_mean: 4.1108 | eval_pixel_iou: 0.7802 | eval_miou: 0.7520 | eval_boundary_iou: 0.3310
2026-07-10 12:04:56,874:INFO:epoch: 13 | loss: 0.8434 | bce: 0.2965 | raw_bce: 0.2753 | dice_loss: 0.2659 | distance_loss: 0.0401 | tv_loss: 2009.2508 | boundary_weight_mean: 6.2134
2026-07-10 12:05:36,663:INFO:epoch: 14 | loss: 0.8282 | bce: 0.2901 | raw_bce: 0.2729 | dice_loss: 0.2638 | distance_loss: 0.0392 | tv_loss: 2008.5165 | boundary_weight_mean: 6.3116 | eval_loss: 1.0207 | eval_bce: 0.4100 | eval_raw_bce: 0.2667 | eval_dice_loss: 0.3080 | eval_distance_loss: 0.0433 | eval_tv_loss: 1822.1348 | eval_boundary_weight_mean: 4.1108 | eval_pixel_iou: 0.7773 | eval_miou: 0.7512 | eval_boundary_iou: 0.3444
2026-07-10 12:06:14,067:INFO:epoch: 15 | loss: 0.8218 | bce: 0.2936 | raw_bce: 0.2714 | dice_loss: 0.2583 | distance_loss: 0.0386 | tv_loss: 2018.0909 | boundary_weight_mean: 6.2175
2026-07-10 12:06:54,439:INFO:epoch: 16 | loss: 0.8151 | bce: 0.2905 | raw_bce: 0.2693 | dice_loss: 0.2567 | distance_loss: 0.0383 | tv_loss: 2010.4657 | boundary_weight_mean: 6.2480 | eval_loss: 1.0128 | eval_bce: 0.4176 | eval_raw_bce: 0.2758 | eval_dice_loss: 0.2974 | eval_distance_loss: 0.0425 | eval_tv_loss: 1780.6562 | eval_boundary_weight_mean: 4.1108 | eval_pixel_iou: 0.7793 | eval_miou: 0.7524 | eval_boundary_iou: 0.3456
2026-07-10 12:07:31,954:INFO:epoch: 17 | loss: 0.8222 | bce: 0.2917 | raw_bce: 0.2710 | dice_loss: 0.2584 | distance_loss: 0.0389 | tv_loss: 2008.7472 | boundary_weight_mean: 6.2419
2026-07-10 12:08:11,981:INFO:epoch: 18 | loss: 0.8187 | bce: 0.2902 | raw_bce: 0.2704 | dice_loss: 0.2579 | distance_loss: 0.0387 | tv_loss: 2014.5505 | boundary_weight_mean: 6.2545 | eval_loss: 1.0099 | eval_bce: 0.4177 | eval_raw_bce: 0.2814 | eval_dice_loss: 0.2949 | eval_distance_loss: 0.0425 | eval_tv_loss: 1792.4616 | eval_boundary_weight_mean: 4.1108 | eval_pixel_iou: 0.7807 | eval_miou: 0.7526 | eval_boundary_iou: 0.3460
2026-07-10 12:08:49,310:INFO:epoch: 19 | loss: 0.8113 | bce: 0.2893 | raw_bce: 0.2679 | dice_loss: 0.2564 | distance_loss: 0.0380 | tv_loss: 2019.4588 | boundary_weight_mean: 6.2566
2026-07-10 12:09:29,528:INFO:epoch: 20 | loss: 0.8059 | bce: 0.2863 | raw_bce: 0.2654 | dice_loss: 0.2567 | distance_loss: 0.0375 | tv_loss: 2028.7212 | boundary_weight_mean: 6.2677 | eval_loss: 1.0089 | eval_bce: 0.4109 | eval_raw_bce: 0.2718 | eval_dice_loss: 0.2991 | eval_distance_loss: 0.0427 | eval_tv_loss: 1963.3147 | eval_boundary_weight_mean: 4.1108 | eval_pixel_iou: 0.7791 | eval_miou: 0.7443 | eval_boundary_iou: 0.3543
2026-07-10 12:10:07,053:INFO:epoch: 21 | loss: 0.8007 | bce: 0.2861 | raw_bce: 0.2642 | dice_loss: 0.2541 | distance_loss: 0.0372 | tv_loss: 2023.1271 | boundary_weight_mean: 6.2506
2026-07-10 12:10:47,219:INFO:epoch: 22 | loss: 0.7960 | bce: 0.2872 | raw_bce: 0.2641 | dice_loss: 0.2506 | distance_loss: 0.0369 | tv_loss: 2032.6751 | boundary_weight_mean: 6.2315 | eval_loss: 0.9989 | eval_bce: 0.4135 | eval_raw_bce: 0.2701 | eval_dice_loss: 0.2957 | eval_distance_loss: 0.0414 | eval_tv_loss: 1870.6626 | eval_boundary_weight_mean: 4.1108 | eval_pixel_iou: 0.7818 | eval_miou: 0.7496 | eval_boundary_iou: 0.3644
2026-07-10 12:11:24,882:INFO:epoch: 23 | loss: 0.7900 | bce: 0.2832 | raw_bce: 0.2615 | dice_loss: 0.2505 | distance_loss: 0.0366 | tv_loss: 2020.3711 | boundary_weight_mean: 6.2667
2026-07-10 12:12:04,746:INFO:epoch: 24 | loss: 0.7868 | bce: 0.2837 | raw_bce: 0.2611 | dice_loss: 0.2490 | distance_loss: 0.0363 | tv_loss: 2012.6260 | boundary_weight_mean: 6.2341 | eval_loss: 0.9904 | eval_bce: 0.4093 | eval_raw_bce: 0.2704 | eval_dice_loss: 0.2934 | eval_distance_loss: 0.0411 | eval_tv_loss: 1847.4285 | eval_boundary_weight_mean: 4.1108 | eval_pixel_iou: 0.7835 | eval_miou: 0.7502 | eval_boundary_iou: 0.3590
2026-07-10 12:12:42,391:INFO:epoch: 25 | loss: 0.7898 | bce: 0.2860 | raw_bce: 0.2609 | dice_loss: 0.2486 | distance_loss: 0.0364 | tv_loss: 2017.6114 | boundary_weight_mean: 6.2231
2026-07-10 12:13:22,339:INFO:epoch: 26 | loss: 0.7808 | bce: 0.2810 | raw_bce: 0.2604 | dice_loss: 0.2484 | distance_loss: 0.0359 | tv_loss: 2026.9054 | boundary_weight_mean: 6.2820 | eval_loss: 0.9836 | eval_bce: 0.4086 | eval_raw_bce: 0.2677 | eval_dice_loss: 0.2913 | eval_distance_loss: 0.0405 | eval_tv_loss: 1804.8252 | eval_boundary_weight_mean: 4.1108 | eval_pixel_iou: 0.7843 | eval_miou: 0.7494 | eval_boundary_iou: 0.3417
2026-07-10 12:14:00,062:INFO:epoch: 27 | loss: 0.7828 | bce: 0.2843 | raw_bce: 0.2589 | dice_loss: 0.2481 | distance_loss: 0.0358 | tv_loss: 2025.3641 | boundary_weight_mean: 6.2155
2026-07-10 12:14:40,679:INFO:epoch: 28 | loss: 0.7774 | bce: 0.2818 | raw_bce: 0.2573 | dice_loss: 0.2470 | distance_loss: 0.0355 | tv_loss: 2022.8541 | boundary_weight_mean: 6.2312 | eval_loss: 0.9855 | eval_bce: 0.4112 | eval_raw_bce: 0.2703 | eval_dice_loss: 0.2911 | eval_distance_loss: 0.0405 | eval_tv_loss: 1795.6011 | eval_boundary_weight_mean: 4.1108 | eval_pixel_iou: 0.7855 | eval_miou: 0.7560 | eval_boundary_iou: 0.3425
2026-07-10 12:15:18,739:INFO:epoch: 29 | loss: 0.7721 | bce: 0.2794 | raw_bce: 0.2560 | dice_loss: 0.2461 | distance_loss: 0.0352 | tv_loss: 2025.5989 | boundary_weight_mean: 6.2600
2026-07-10 12:15:59,300:INFO:epoch: 30 | loss: 0.7735 | bce: 0.2799 | raw_bce: 0.2571 | dice_loss: 0.2461 | distance_loss: 0.0354 | tv_loss: 2030.2036 | boundary_weight_mean: 6.2383 | eval_loss: 0.9770 | eval_bce: 0.4057 | eval_raw_bce: 0.2688 | eval_dice_loss: 0.2900 | eval_distance_loss: 0.0402 | eval_tv_loss: 1809.6455 | eval_boundary_weight_mean: 4.1108 | eval_pixel_iou: 0.7870 | eval_miou: 0.7570 | eval_boundary_iou: 0.3534
2026-07-10 12:16:37,173:INFO:epoch: 31 | loss: 0.7726 | bce: 0.2813 | raw_bce: 0.2549 | dice_loss: 0.2463 | distance_loss: 0.0350 | tv_loss: 2025.7119 | boundary_weight_mean: 6.2105
2026-07-10 12:17:17,145:INFO:epoch: 32 | loss: 0.7684 | bce: 0.2800 | raw_bce: 0.2550 | dice_loss: 0.2441 | distance_loss: 0.0349 | tv_loss: 2024.7005 | boundary_weight_mean: 6.2427 | eval_loss: 0.9737 | eval_bce: 0.4039 | eval_raw_bce: 0.2647 | eval_dice_loss: 0.2899 | eval_distance_loss: 0.0400 | eval_tv_loss: 1833.6244 | eval_boundary_weight_mean: 4.1108 | eval_pixel_iou: 0.7867 | eval_miou: 0.7544 | eval_boundary_iou: 0.3576
2026-07-10 12:17:54,718:INFO:epoch: 33 | loss: 0.7645 | bce: 0.2788 | raw_bce: 0.2528 | dice_loss: 0.2438 | distance_loss: 0.0346 | tv_loss: 2020.0312 | boundary_weight_mean: 6.2319
2026-07-10 12:18:34,384:INFO:epoch: 34 | loss: 0.7634 | bce: 0.2781 | raw_bce: 0.2539 | dice_loss: 0.2422 | distance_loss: 0.0347 | tv_loss: 2037.3239 | boundary_weight_mean: 6.2486 | eval_loss: 0.9753 | eval_bce: 0.4064 | eval_raw_bce: 0.2638 | eval_dice_loss: 0.2889 | eval_distance_loss: 0.0400 | eval_tv_loss: 1805.6350 | eval_boundary_weight_mean: 4.1108 | eval_pixel_iou: 0.7864 | eval_miou: 0.7575 | eval_boundary_iou: 0.3583
2026-07-10 12:19:11,799:INFO:epoch: 35 | loss: 0.7595 | bce: 0.2779 | raw_bce: 0.2526 | dice_loss: 0.2418 | distance_loss: 0.0343 | tv_loss: 2023.0095 | boundary_weight_mean: 6.2458
2026-07-10 12:19:51,604:INFO:epoch: 36 | loss: 0.7610 | bce: 0.2787 | raw_bce: 0.2516 | dice_loss: 0.2422 | distance_loss: 0.0343 | tv_loss: 2025.9288 | boundary_weight_mean: 6.2284 | eval_loss: 0.9715 | eval_bce: 0.4080 | eval_raw_bce: 0.2674 | eval_dice_loss: 0.2860 | eval_distance_loss: 0.0396 | eval_tv_loss: 1824.8415 | eval_boundary_weight_mean: 4.1108 | eval_pixel_iou: 0.7885 | eval_miou: 0.7535 | eval_boundary_iou: 0.3562
2026-07-10 12:20:28,845:INFO:epoch: 37 | loss: 0.7612 | bce: 0.2775 | raw_bce: 0.2523 | dice_loss: 0.2429 | distance_loss: 0.0344 | tv_loss: 2031.1562 | boundary_weight_mean: 6.2352
2026-07-10 12:21:08,640:INFO:epoch: 38 | loss: 0.7588 | bce: 0.2770 | raw_bce: 0.2513 | dice_loss: 0.2437 | distance_loss: 0.0340 | tv_loss: 2025.7686 | boundary_weight_mean: 6.2485 | eval_loss: 0.9715 | eval_bce: 0.4075 | eval_raw_bce: 0.2681 | eval_dice_loss: 0.2860 | eval_distance_loss: 0.0397 | eval_tv_loss: 1845.6151 | eval_boundary_weight_mean: 4.1108 | eval_pixel_iou: 0.7876 | eval_miou: 0.7532 | eval_boundary_iou: 0.3570
2026-07-10 12:21:45,927:INFO:epoch: 39 | loss: 0.7587 | bce: 0.2792 | raw_bce: 0.2517 | dice_loss: 0.2405 | distance_loss: 0.0341 | tv_loss: 2020.8261 | boundary_weight_mean: 6.2147
2026-07-10 12:22:25,748:INFO:epoch: 40 | loss: 0.7658 | bce: 0.2803 | raw_bce: 0.2528 | dice_loss: 0.2440 | distance_loss: 0.0345 | tv_loss: 2025.3482 | boundary_weight_mean: 6.2082 | eval_loss: 0.9716 | eval_bce: 0.4074 | eval_raw_bce: 0.2687 | eval_dice_loss: 0.2865 | eval_distance_loss: 0.0397 | eval_tv_loss: 1843.0663 | eval_boundary_weight_mean: 4.1108 | eval_pixel_iou: 0.7879 | eval_miou: 0.7533 | eval_boundary_iou: 0.3563
2026-07-10 12:23:03,431:INFO:epoch: 41 | loss: 0.7585 | bce: 0.2780 | raw_bce: 0.2513 | dice_loss: 0.2420 | distance_loss: 0.0341 | tv_loss: 2026.5251 | boundary_weight_mean: 6.2373
2026-07-10 12:23:43,031:INFO:epoch: 42 | loss: 0.7576 | bce: 0.2772 | raw_bce: 0.2522 | dice_loss: 0.2412 | distance_loss: 0.0342 | tv_loss: 2027.6740 | boundary_weight_mean: 6.2492 | eval_loss: 0.9702 | eval_bce: 0.4052 | eval_raw_bce: 0.2654 | eval_dice_loss: 0.2876 | eval_distance_loss: 0.0396 | eval_tv_loss: 1842.5406 | eval_boundary_weight_mean: 4.1108 | eval_pixel_iou: 0.7878 | eval_miou: 0.7530 | eval_boundary_iou: 0.3571
2026-07-10 12:24:20,644:INFO:epoch: 43 | loss: 0.7557 | bce: 0.2753 | raw_bce: 0.2505 | dice_loss: 0.2429 | distance_loss: 0.0339 | tv_loss: 2024.2987 | boundary_weight_mean: 6.2757
2026-07-10 12:25:00,591:INFO:epoch: 44 | loss: 0.7554 | bce: 0.2748 | raw_bce: 0.2516 | dice_loss: 0.2424 | distance_loss: 0.0340 | tv_loss: 2024.4183 | boundary_weight_mean: 6.2870 | eval_loss: 0.9726 | eval_bce: 0.4057 | eval_raw_bce: 0.2643 | eval_dice_loss: 0.2885 | eval_distance_loss: 0.0398 | eval_tv_loss: 1834.2852 | eval_boundary_weight_mean: 4.1108 | eval_pixel_iou: 0.7875 | eval_miou: 0.7554 | eval_boundary_iou: 0.3598
2026-07-10 12:25:38,096:INFO:epoch: 45 | loss: 0.7571 | bce: 0.2788 | raw_bce: 0.2507 | dice_loss: 0.2404 | distance_loss: 0.0340 | tv_loss: 2033.0012 | boundary_weight_mean: 6.2114
2026-07-10 12:26:17,888:INFO:epoch: 46 | loss: 0.7582 | bce: 0.2775 | raw_bce: 0.2512 | dice_loss: 0.2418 | distance_loss: 0.0341 | tv_loss: 2032.3408 | boundary_weight_mean: 6.2458 | eval_loss: 0.9686 | eval_bce: 0.4029 | eval_raw_bce: 0.2649 | eval_dice_loss: 0.2882 | eval_distance_loss: 0.0397 | eval_tv_loss: 1842.0058 | eval_boundary_weight_mean: 4.1108 | eval_pixel_iou: 0.7878 | eval_miou: 0.7530 | eval_boundary_iou: 0.3586
2026-07-10 12:26:55,147:INFO:epoch: 47 | loss: 0.7591 | bce: 0.2763 | raw_bce: 0.2521 | dice_loss: 0.2433 | distance_loss: 0.0342 | tv_loss: 2027.8554 | boundary_weight_mean: 6.2836
2026-07-10 12:27:35,491:INFO:epoch: 48 | loss: 0.7586 | bce: 0.2778 | raw_bce: 0.2510 | dice_loss: 0.2412 | distance_loss: 0.0342 | tv_loss: 2023.4961 | boundary_weight_mean: 6.2331 | eval_loss: 0.9684 | eval_bce: 0.4030 | eval_raw_bce: 0.2621 | eval_dice_loss: 0.2880 | eval_distance_loss: 0.0396 | eval_tv_loss: 1817.0036 | eval_boundary_weight_mean: 4.1108 | eval_pixel_iou: 0.7882 | eval_miou: 0.7582 | eval_boundary_iou: 0.3653
2026-07-10 12:28:13,149:INFO:epoch: 49 | loss: 0.7646 | bce: 0.2794 | raw_bce: 0.2536 | dice_loss: 0.2428 | distance_loss: 0.0346 | tv_loss: 2030.5805 | boundary_weight_mean: 6.2375
2026-07-10 12:28:52,984:INFO:epoch: 50 | loss: 0.7648 | bce: 0.2803 | raw_bce: 0.2534 | dice_loss: 0.2430 | distance_loss: 0.0345 | tv_loss: 2027.8731 | boundary_weight_mean: 6.2064 | eval_loss: 0.9725 | eval_bce: 0.4057 | eval_raw_bce: 0.2701 | eval_dice_loss: 0.2876 | eval_distance_loss: 0.0399 | eval_tv_loss: 1850.6219 | eval_boundary_weight_mean: 4.1108 | eval_pixel_iou: 0.7873 | eval_miou: 0.7555 | eval_boundary_iou: 0.3562
2026-07-10 12:40:02,427:INFO:DualHeadUNet(
  (inc): DoubleConv(
    (block): Sequential(
      (0): Conv2d(8, 32, kernel_size=(3, 3), stride=(1, 1), padding=(1, 1), bias=False)
      (1): BatchNorm2d(32, eps=1e-05, momentum=0.1, affine=True, track_running_stats=True)
      (2): ReLU(inplace=True)
      (3): Conv2d(32, 32, kernel_size=(3, 3), stride=(1, 1), padding=(1, 1), bias=False)
      (4): BatchNorm2d(32, eps=1e-05, momentum=0.1, affine=True, track_running_stats=True)
      (5): ReLU(inplace=True)
    )
  )
  (down1): Down(
    (block): Sequential(
      (0): MaxPool2d(kernel_size=2, stride=2, padding=0, dilation=1, ceil_mode=False)
      (1): DoubleConv(
        (block): Sequential(
          (0): Conv2d(32, 64, kernel_size=(3, 3), stride=(1, 1), padding=(1, 1), bias=False)
          (1): BatchNorm2d(64, eps=1e-05, momentum=0.1, affine=True, track_running_stats=True)
          (2): ReLU(inplace=True)
          (3): Conv2d(64, 64, kernel_size=(3, 3), stride=(1, 1), padding=(1, 1), bias=False)
          (4): BatchNorm2d(64, eps=1e-05, momentum=0.1, affine=True, track_running_stats=True)
          (5): ReLU(inplace=True)
        )
      )
    )
  )
  (down2): Down(
    (block): Sequential(
      (0): MaxPool2d(kernel_size=2, stride=2, padding=0, dilation=1, ceil_mode=False)
      (1): DoubleConv(
        (block): Sequential(
          (0): Conv2d(64, 128, kernel_size=(3, 3), stride=(1, 1), padding=(1, 1), bias=False)
          (1): BatchNorm2d(128, eps=1e-05, momentum=0.1, affine=True, track_running_stats=True)
          (2): ReLU(inplace=True)
          (3): Conv2d(128, 128, kernel_size=(3, 3), stride=(1, 1), padding=(1, 1), bias=False)
          (4): BatchNorm2d(128, eps=1e-05, momentum=0.1, affine=True, track_running_stats=True)
          (5): ReLU(inplace=True)
        )
      )
    )
  )
  (down3): Down(
    (block): Sequential(
      (0): MaxPool2d(kernel_size=2, stride=2, padding=0, dilation=1, ceil_mode=False)
      (1): DoubleConv(
        (block): Sequential(
          (0): Conv2d(128, 256, kernel_size=(3, 3), stride=(1, 1), padding=(1, 1), bias=False)
          (1): BatchNorm2d(256, eps=1e-05, momentum=0.1, affine=True, track_running_stats=True)
          (2): ReLU(inplace=True)
          (3): Conv2d(256, 256, kernel_size=(3, 3), stride=(1, 1), padding=(1, 1), bias=False)
          (4): BatchNorm2d(256, eps=1e-05, momentum=0.1, affine=True, track_running_stats=True)
          (5): ReLU(inplace=True)
        )
      )
    )
  )
  (down4): Down(
    (block): Sequential(
      (0): MaxPool2d(kernel_size=2, stride=2, padding=0, dilation=1, ceil_mode=False)
      (1): DoubleConv(
        (block): Sequential(
          (0): Conv2d(256, 512, kernel_size=(3, 3), stride=(1, 1), padding=(1, 1), bias=False)
          (1): BatchNorm2d(512, eps=1e-05, momentum=0.1, affine=True, track_running_stats=True)
          (2): ReLU(inplace=True)
          (3): Conv2d(512, 512, kernel_size=(3, 3), stride=(1, 1), padding=(1, 1), bias=False)
          (4): BatchNorm2d(512, eps=1e-05, momentum=0.1, affine=True, track_running_stats=True)
          (5): ReLU(inplace=True)
        )
      )
    )
  )
  (up1): Up(
    (up): ConvTranspose2d(512, 256, kernel_size=(2, 2), stride=(2, 2))
    (conv): DoubleConv(
      (block): Sequential(
        (0): Conv2d(512, 256, kernel_size=(3, 3), stride=(1, 1), padding=(1, 1), bias=False)
        (1): BatchNorm2d(256, eps=1e-05, momentum=0.1, affine=True, track_running_stats=True)
        (2): ReLU(inplace=True)
        (3): Conv2d(256, 256, kernel_size=(3, 3), stride=(1, 1), padding=(1, 1), bias=False)
        (4): BatchNorm2d(256, eps=1e-05, momentum=0.1, affine=True, track_running_stats=True)
        (5): ReLU(inplace=True)
      )
    )
  )
  (up2): Up(
    (up): ConvTranspose2d(256, 128, kernel_size=(2, 2), stride=(2, 2))
    (conv): DoubleConv(
      (block): Sequential(
        (0): Conv2d(256, 128, kernel_size=(3, 3), stride=(1, 1), padding=(1, 1), bias=False)
        (1): BatchNorm2d(128, eps=1e-05, momentum=0.1, affine=True, track_running_stats=True)
        (2): ReLU(inplace=True)
        (3): Conv2d(128, 128, kernel_size=(3, 3), stride=(1, 1), padding=(1, 1), bias=False)
        (4): BatchNorm2d(128, eps=1e-05, momentum=0.1, affine=True, track_running_stats=True)
        (5): ReLU(inplace=True)
      )
    )
  )
  (up3): Up(
    (up): ConvTranspose2d(128, 64, kernel_size=(2, 2), stride=(2, 2))
    (conv): DoubleConv(
      (block): Sequential(
        (0): Conv2d(128, 64, kernel_size=(3, 3), stride=(1, 1), padding=(1, 1), bias=False)
        (1): BatchNorm2d(64, eps=1e-05, momentum=0.1, affine=True, track_running_stats=True)
        (2): ReLU(inplace=True)
        (3): Conv2d(64, 64, kernel_size=(3, 3), stride=(1, 1), padding=(1, 1), bias=False)
        (4): BatchNorm2d(64, eps=1e-05, momentum=0.1, affine=True, track_running_stats=True)
        (5): ReLU(inplace=True)
      )
    )
  )
  (up4): Up(
    (up): ConvTranspose2d(64, 32, kernel_size=(2, 2), stride=(2, 2))
    (conv): DoubleConv(
      (block): Sequential(
        (0): Conv2d(64, 32, kernel_size=(3, 3), stride=(1, 1), padding=(1, 1), bias=False)
        (1): BatchNorm2d(32, eps=1e-05, momentum=0.1, affine=True, track_running_stats=True)
        (2): ReLU(inplace=True)
        (3): Conv2d(32, 32, kernel_size=(3, 3), stride=(1, 1), padding=(1, 1), bias=False)
        (4): BatchNorm2d(32, eps=1e-05, momentum=0.1, affine=True, track_running_stats=True)
        (5): ReLU(inplace=True)
      )
    )
  )
  (mask_head): Conv2d(32, 1, kernel_size=(1, 1), stride=(1, 1))
  (distance_head): Sequential(
    (0): Conv2d(32, 32, kernel_size=(3, 3), stride=(1, 1), padding=(1, 1), bias=False)
    (1): BatchNorm2d(32, eps=1e-05, momentum=0.1, affine=True, track_running_stats=True)
    (2): ReLU(inplace=True)
    (3): Conv2d(32, 1, kernel_size=(1, 1), stride=(1, 1))
  )
)
Trainable parameters by tensor:
  inc.block.0.weight: 2,304
  inc.block.1.weight: 32
  inc.block.1.bias: 32
  inc.block.3.weight: 9,216
  inc.block.4.weight: 32
  inc.block.4.bias: 32
  down1.block.1.block.0.weight: 18,432
  down1.block.1.block.1.weight: 64
  down1.block.1.block.1.bias: 64
  down1.block.1.block.3.weight: 36,864
  down1.block.1.block.4.weight: 64
  down1.block.1.block.4.bias: 64
  down2.block.1.block.0.weight: 73,728
  down2.block.1.block.1.weight: 128
  down2.block.1.block.1.bias: 128
  down2.block.1.block.3.weight: 147,456
  down2.block.1.block.4.weight: 128
  down2.block.1.block.4.bias: 128
  down3.block.1.block.0.weight: 294,912
  down3.block.1.block.1.weight: 256
  down3.block.1.block.1.bias: 256
  down3.block.1.block.3.weight: 589,824
  down3.block.1.block.4.weight: 256
  down3.block.1.block.4.bias: 256
  down4.block.1.block.0.weight: 1,179,648
  down4.block.1.block.1.weight: 512
  down4.block.1.block.1.bias: 512
  down4.block.1.block.3.weight: 2,359,296
  down4.block.1.block.4.weight: 512
  down4.block.1.block.4.bias: 512
  up1.up.weight: 524,288
  up1.up.bias: 256
  up1.conv.block.0.weight: 1,179,648
  up1.conv.block.1.weight: 256
  up1.conv.block.1.bias: 256
  up1.conv.block.3.weight: 589,824
  up1.conv.block.4.weight: 256
  up1.conv.block.4.bias: 256
  up2.up.weight: 131,072
  up2.up.bias: 128
  up2.conv.block.0.weight: 294,912
  up2.conv.block.1.weight: 128
  up2.conv.block.1.bias: 128
  up2.conv.block.3.weight: 147,456
  up2.conv.block.4.weight: 128
  up2.conv.block.4.bias: 128
  up3.up.weight: 32,768
  up3.up.bias: 64
  up3.conv.block.0.weight: 73,728
  up3.conv.block.1.weight: 64
  up3.conv.block.1.bias: 64
  up3.conv.block.3.weight: 36,864
  up3.conv.block.4.weight: 64
  up3.conv.block.4.bias: 64
  up4.up.weight: 8,192
  up4.up.bias: 32
  up4.conv.block.0.weight: 18,432
  up4.conv.block.1.weight: 32
  up4.conv.block.1.bias: 32
  up4.conv.block.3.weight: 9,216
  up4.conv.block.4.weight: 32
  up4.conv.block.4.bias: 32
  mask_head.weight: 32
  mask_head.bias: 1
  distance_head.0.weight: 9,216
  distance_head.1.weight: 32
  distance_head.1.bias: 32
  distance_head.3.weight: 32
  distance_head.3.bias: 1
Total trainable parameters: 7,773,794
2026-07-10 12:40:02,433:INFO:------------ New Training Session ------------
2026-07-10 12:40:40,465:INFO:epoch: 1 | loss: 1.3233 | bce: 0.4155 | raw_bce: 0.4706 | dice_loss: 0.4414 | distance_loss: 0.0666 | tv_loss: 2527.9416 | boundary_weight_mean: 6.2515
2026-07-10 12:41:20,850:INFO:epoch: 2 | loss: 1.0858 | bce: 0.3514 | raw_bce: 0.3607 | dice_loss: 0.3720 | distance_loss: 0.0518 | tv_loss: 1905.6676 | boundary_weight_mean: 6.2479 | eval_loss: 1.2259 | eval_bce: 0.4576 | eval_raw_bce: 0.3218 | eval_dice_loss: 0.3909 | eval_distance_loss: 0.0539 | eval_tv_loss: 1860.5643 | eval_boundary_weight_mean: 4.1108 | eval_pixel_iou: 0.7546 | eval_miou: 0.7181 | eval_boundary_iou: 0.2316
2026-07-10 12:41:59,004:INFO:epoch: 3 | loss: 1.0065 | bce: 0.3340 | raw_bce: 0.3246 | dice_loss: 0.3356 | distance_loss: 0.0481 | tv_loss: 1939.3292 | boundary_weight_mean: 6.2602
2026-07-10 12:42:39,324:INFO:epoch: 4 | loss: 0.9700 | bce: 0.3261 | raw_bce: 0.3109 | dice_loss: 0.3137 | distance_loss: 0.0472 | tv_loss: 1944.9739 | boundary_weight_mean: 6.2419 | eval_loss: 1.1697 | eval_bce: 0.4680 | eval_raw_bce: 0.3269 | eval_dice_loss: 0.3395 | eval_distance_loss: 0.0517 | eval_tv_loss: 1801.0264 | eval_boundary_weight_mean: 4.1108 | eval_pixel_iou: 0.7552 | eval_miou: 0.7116 | eval_boundary_iou: 0.2297
2026-07-10 12:43:37,482:INFO:epoch: 5 | loss: 0.9325 | bce: 0.3186 | raw_bce: 0.2966 | dice_loss: 0.2991 | distance_loss: 0.0450 | tv_loss: 1956.1979 | boundary_weight_mean: 6.1999
2026-07-10 12:44:18,177:INFO:epoch: 6 | loss: 0.9220 | bce: 0.3162 | raw_bce: 0.2933 | dice_loss: 0.2903 | distance_loss: 0.0451 | tv_loss: 1972.6951 | boundary_weight_mean: 6.1976 | eval_loss: 1.1267 | eval_bce: 0.4334 | eval_raw_bce: 0.3064 | eval_dice_loss: 0.3261 | eval_distance_loss: 0.0525 | eval_tv_loss: 1853.4429 | eval_boundary_weight_mean: 4.1108 | eval_pixel_iou: 0.7546 | eval_miou: 0.7239 | eval_boundary_iou: 0.2853
2026-07-10 12:44:56,208:INFO:epoch: 7 | loss: 0.8877 | bce: 0.3059 | raw_bce: 0.2866 | dice_loss: 0.2826 | distance_loss: 0.0427 | tv_loss: 1972.0294 | boundary_weight_mean: 6.2628
2026-07-10 12:45:36,812:INFO:epoch: 8 | loss: 0.8801 | bce: 0.3062 | raw_bce: 0.2852 | dice_loss: 0.2768 | distance_loss: 0.0424 | tv_loss: 1982.9930 | boundary_weight_mean: 6.2249 | eval_loss: 1.0774 | eval_bce: 0.4331 | eval_raw_bce: 0.2841 | eval_dice_loss: 0.3178 | eval_distance_loss: 0.0466 | eval_tv_loss: 1713.3104 | eval_boundary_weight_mean: 4.1108 | eval_pixel_iou: 0.7677 | eval_miou: 0.7401 | eval_boundary_iou: 0.2994
2026-07-10 12:46:15,043:INFO:epoch: 9 | loss: 0.8670 | bce: 0.3005 | raw_bce: 0.2813 | dice_loss: 0.2734 | distance_loss: 0.0419 | tv_loss: 1981.0916 | boundary_weight_mean: 6.2671
2026-07-10 12:46:55,511:INFO:epoch: 10 | loss: 0.8630 | bce: 0.3018 | raw_bce: 0.2802 | dice_loss: 0.2729 | distance_loss: 0.0412 | tv_loss: 1999.4998 | boundary_weight_mean: 6.2197 | eval_loss: 1.0402 | eval_bce: 0.4167 | eval_raw_bce: 0.2750 | eval_dice_loss: 0.3131 | eval_distance_loss: 0.0443 | eval_tv_loss: 1867.0165 | eval_boundary_weight_mean: 4.1108 | eval_pixel_iou: 0.7733 | eval_miou: 0.7395 | eval_boundary_iou: 0.3253
2026-07-10 12:47:33,887:INFO:epoch: 11 | loss: 0.8522 | bce: 0.3014 | raw_bce: 0.2773 | dice_loss: 0.2676 | distance_loss: 0.0405 | tv_loss: 1990.3259 | boundary_weight_mean: 6.1878
2026-07-10 12:48:14,852:INFO:epoch: 12 | loss: 0.8487 | bce: 0.2995 | raw_bce: 0.2776 | dice_loss: 0.2662 | distance_loss: 0.0404 | tv_loss: 2009.1901 | boundary_weight_mean: 6.1982 | eval_loss: 1.0135 | eval_bce: 0.4078 | eval_raw_bce: 0.2705 | eval_dice_loss: 0.3035 | eval_distance_loss: 0.0432 | eval_tv_loss: 1778.5290 | eval_boundary_weight_mean: 4.1108 | eval_pixel_iou: 0.7794 | eval_miou: 0.7515 | eval_boundary_iou: 0.3265
2026-07-10 12:48:53,548:INFO:epoch: 13 | loss: 0.8452 | bce: 0.2968 | raw_bce: 0.2758 | dice_loss: 0.2658 | distance_loss: 0.0404 | tv_loss: 2011.8238 | boundary_weight_mean: 6.2134
2026-07-10 12:49:34,091:INFO:epoch: 14 | loss: 0.8277 | bce: 0.2898 | raw_bce: 0.2724 | dice_loss: 0.2633 | distance_loss: 0.0392 | tv_loss: 2009.9408 | boundary_weight_mean: 6.3116 | eval_loss: 1.0212 | eval_bce: 0.4092 | eval_raw_bce: 0.2640 | eval_dice_loss: 0.3096 | eval_distance_loss: 0.0432 | eval_tv_loss: 1798.7342 | eval_boundary_weight_mean: 4.1108 | eval_pixel_iou: 0.7781 | eval_miou: 0.7517 | eval_boundary_iou: 0.3452
2026-07-10 12:50:32,982:INFO:epoch: 15 | loss: 0.8256 | bce: 0.2943 | raw_bce: 0.2726 | dice_loss: 0.2586 | distance_loss: 0.0390 | tv_loss: 2019.1103 | boundary_weight_mean: 6.2175
2026-07-10 12:51:14,572:INFO:epoch: 16 | loss: 0.8185 | bce: 0.2907 | raw_bce: 0.2704 | dice_loss: 0.2571 | distance_loss: 0.0387 | tv_loss: 2009.5012 | boundary_weight_mean: 6.2480 | eval_loss: 1.0183 | eval_bce: 0.4191 | eval_raw_bce: 0.2745 | eval_dice_loss: 0.2986 | eval_distance_loss: 0.0429 | eval_tv_loss: 1796.7668 | eval_boundary_weight_mean: 4.1108 | eval_pixel_iou: 0.7783 | eval_miou: 0.7504 | eval_boundary_iou: 0.3492
2026-07-10 12:51:53,367:INFO:epoch: 17 | loss: 0.8235 | bce: 0.2920 | raw_bce: 0.2716 | dice_loss: 0.2581 | distance_loss: 0.0391 | tv_loss: 2004.4628 | boundary_weight_mean: 6.2419
2026-07-10 12:52:54,391:INFO:epoch: 18 | loss: 0.8216 | bce: 0.2904 | raw_bce: 0.2710 | dice_loss: 0.2585 | distance_loss: 0.0390 | tv_loss: 2016.8042 | boundary_weight_mean: 6.2545 | eval_loss: 1.0251 | eval_bce: 0.4253 | eval_raw_bce: 0.2844 | eval_dice_loss: 0.2970 | eval_distance_loss: 0.0433 | eval_tv_loss: 1759.4756 | eval_boundary_weight_mean: 4.1108 | eval_pixel_iou: 0.7777 | eval_miou: 0.7509 | eval_boundary_iou: 0.3417
2026-07-10 12:53:32,466:INFO:epoch: 19 | loss: 0.8184 | bce: 0.2907 | raw_bce: 0.2701 | dice_loss: 0.2578 | distance_loss: 0.0386 | tv_loss: 2021.7516 | boundary_weight_mean: 6.2566
2026-07-10 12:54:12,785:INFO:epoch: 20 | loss: 0.8120 | bce: 0.2874 | raw_bce: 0.2677 | dice_loss: 0.2577 | distance_loss: 0.0381 | tv_loss: 2035.4862 | boundary_weight_mean: 6.2677 | eval_loss: 1.0175 | eval_bce: 0.4114 | eval_raw_bce: 0.2766 | eval_dice_loss: 0.3020 | eval_distance_loss: 0.0435 | eval_tv_loss: 1993.8302 | eval_boundary_weight_mean: 4.1108 | eval_pixel_iou: 0.7747 | eval_miou: 0.7394 | eval_boundary_iou: 0.3521
2026-07-10 12:54:51,400:INFO:epoch: 21 | loss: 0.8068 | bce: 0.2868 | raw_bce: 0.2660 | dice_loss: 0.2553 | distance_loss: 0.0378 | tv_loss: 2025.2218 | boundary_weight_mean: 6.2506
2026-07-10 12:55:52,292:INFO:epoch: 22 | loss: 0.8011 | bce: 0.2881 | raw_bce: 0.2661 | dice_loss: 0.2513 | distance_loss: 0.0374 | tv_loss: 2037.4743 | boundary_weight_mean: 6.2315 | eval_loss: 0.9927 | eval_bce: 0.4112 | eval_raw_bce: 0.2694 | eval_dice_loss: 0.2921 | eval_distance_loss: 0.0414 | eval_tv_loss: 1851.4886 | eval_boundary_weight_mean: 4.1108 | eval_pixel_iou: 0.7837 | eval_miou: 0.7591 | eval_boundary_iou: 0.3711
2026-07-10 12:56:30,559:INFO:epoch: 23 | loss: 0.7957 | bce: 0.2840 | raw_bce: 0.2634 | dice_loss: 0.2515 | distance_loss: 0.0372 | tv_loss: 2018.7217 | boundary_weight_mean: 6.2667
2026-07-10 12:57:10,972:INFO:epoch: 24 | loss: 0.7936 | bce: 0.2849 | raw_bce: 0.2639 | dice_loss: 0.2494 | distance_loss: 0.0370 | tv_loss: 2015.2656 | boundary_weight_mean: 6.2341 | eval_loss: 0.9871 | eval_bce: 0.4065 | eval_raw_bce: 0.2686 | eval_dice_loss: 0.2916 | eval_distance_loss: 0.0413 | eval_tv_loss: 1859.6541 | eval_boundary_weight_mean: 4.1108 | eval_pixel_iou: 0.7849 | eval_miou: 0.7523 | eval_boundary_iou: 0.3606
2026-07-10 12:57:49,045:INFO:epoch: 25 | loss: 0.7973 | bce: 0.2867 | raw_bce: 0.2639 | dice_loss: 0.2498 | distance_loss: 0.0373 | tv_loss: 2022.3658 | boundary_weight_mean: 6.2231
2026-07-10 12:58:29,409:INFO:epoch: 26 | loss: 0.7894 | bce: 0.2822 | raw_bce: 0.2634 | dice_loss: 0.2500 | distance_loss: 0.0367 | tv_loss: 2031.4132 | boundary_weight_mean: 6.2820 | eval_loss: 1.0669 | eval_bce: 0.4174 | eval_raw_bce: 0.3070 | eval_dice_loss: 0.3091 | eval_distance_loss: 0.0486 | eval_tv_loss: 1976.4242 | eval_boundary_weight_mean: 4.1108 | eval_pixel_iou: 0.7607 | eval_miou: 0.6971 | eval_boundary_iou: 0.2992
2026-07-10 12:59:07,355:INFO:epoch: 27 | loss: 0.7952 | bce: 0.2865 | raw_bce: 0.2629 | dice_loss: 0.2505 | distance_loss: 0.0369 | tv_loss: 2030.7978 | boundary_weight_mean: 6.2155
2026-07-10 12:59:47,463:INFO:epoch: 28 | loss: 0.7889 | bce: 0.2835 | raw_bce: 0.2615 | dice_loss: 0.2490 | distance_loss: 0.0366 | tv_loss: 2030.7697 | boundary_weight_mean: 6.2312 | eval_loss: 0.9874 | eval_bce: 0.4145 | eval_raw_bce: 0.2749 | eval_dice_loss: 0.2887 | eval_distance_loss: 0.0406 | eval_tv_loss: 1856.2310 | eval_boundary_weight_mean: 4.1108 | eval_pixel_iou: 0.7842 | eval_miou: 0.7475 | eval_boundary_iou: 0.3433
2026-07-10 13:00:25,678:INFO:epoch: 29 | loss: 0.7778 | bce: 0.2806 | raw_bce: 0.2590 | dice_loss: 0.2460 | distance_loss: 0.0359 | tv_loss: 2027.1946 | boundary_weight_mean: 6.2600
2026-07-10 13:01:05,664:INFO:epoch: 30 | loss: 0.7873 | bce: 0.2818 | raw_bce: 0.2623 | dice_loss: 0.2486 | distance_loss: 0.0367 | tv_loss: 2040.5150 | boundary_weight_mean: 6.2383 | eval_loss: 0.9741 | eval_bce: 0.3964 | eval_raw_bce: 0.2654 | eval_dice_loss: 0.2907 | eval_distance_loss: 0.0410 | eval_tv_loss: 1851.5264 | eval_boundary_weight_mean: 4.1108 | eval_pixel_iou: 0.7880 | eval_miou: 0.7597 | eval_boundary_iou: 0.3632
2026-07-10 13:02:03,869:INFO:epoch: 31 | loss: 0.7820 | bce: 0.2826 | raw_bce: 0.2591 | dice_loss: 0.2471 | distance_loss: 0.0360 | tv_loss: 2030.4418 | boundary_weight_mean: 6.2105
2026-07-10 13:02:44,443:INFO:epoch: 32 | loss: 0.7779 | bce: 0.2812 | raw_bce: 0.2586 | dice_loss: 0.2457 | distance_loss: 0.0359 | tv_loss: 2032.1258 | boundary_weight_mean: 6.2427 | eval_loss: 0.9781 | eval_bce: 0.4075 | eval_raw_bce: 0.2714 | eval_dice_loss: 0.2875 | eval_distance_loss: 0.0404 | eval_tv_loss: 1909.6715 | eval_boundary_weight_mean: 4.1108 | eval_pixel_iou: 0.7849 | eval_miou: 0.7553 | eval_boundary_iou: 0.3666
2026-07-10 13:03:22,495:INFO:epoch: 33 | loss: 0.7766 | bce: 0.2800 | raw_bce: 0.2577 | dice_loss: 0.2462 | distance_loss: 0.0358 | tv_loss: 2038.9703 | boundary_weight_mean: 6.2319
2026-07-10 13:04:23,185:INFO:epoch: 34 | loss: 0.7769 | bce: 0.2800 | raw_bce: 0.2598 | dice_loss: 0.2443 | distance_loss: 0.0361 | tv_loss: 2045.4016 | boundary_weight_mean: 6.2486 | eval_loss: 0.9777 | eval_bce: 0.3997 | eval_raw_bce: 0.2676 | eval_dice_loss: 0.2923 | eval_distance_loss: 0.0408 | eval_tv_loss: 1823.3196 | eval_boundary_weight_mean: 4.1108 | eval_pixel_iou: 0.7852 | eval_miou: 0.7507 | eval_boundary_iou: 0.3512
2026-07-10 13:05:01,099:INFO:epoch: 35 | loss: 0.7705 | bce: 0.2789 | raw_bce: 0.2566 | dice_loss: 0.2441 | distance_loss: 0.0354 | tv_loss: 2033.2457 | boundary_weight_mean: 6.2458
2026-07-10 13:05:41,199:INFO:epoch: 36 | loss: 0.7699 | bce: 0.2794 | raw_bce: 0.2557 | dice_loss: 0.2432 | distance_loss: 0.0353 | tv_loss: 2041.8088 | boundary_weight_mean: 6.2284 | eval_loss: 0.9879 | eval_bce: 0.4093 | eval_raw_bce: 0.2817 | eval_dice_loss: 0.2868 | eval_distance_loss: 0.0417 | eval_tv_loss: 1840.1982 | eval_boundary_weight_mean: 4.1108 | eval_pixel_iou: 0.7848 | eval_miou: 0.7479 | eval_boundary_iou: 0.3410
2026-07-10 13:06:19,402:INFO:epoch: 37 | loss: 0.7740 | bce: 0.2787 | raw_bce: 0.2571 | dice_loss: 0.2454 | distance_loss: 0.0357 | tv_loss: 2040.7327 | boundary_weight_mean: 6.2352
2026-07-10 13:06:59,752:INFO:epoch: 38 | loss: 0.7682 | bce: 0.2778 | raw_bce: 0.2553 | dice_loss: 0.2449 | distance_loss: 0.0351 | tv_loss: 2041.2899 | boundary_weight_mean: 6.2485 | eval_loss: 0.9841 | eval_bce: 0.4063 | eval_raw_bce: 0.2611 | eval_dice_loss: 0.2911 | eval_distance_loss: 0.0410 | eval_tv_loss: 1842.7158 | eval_boundary_weight_mean: 4.1108 | eval_pixel_iou: 0.7860 | eval_miou: 0.7503 | eval_boundary_iou: 0.3538
2026-07-10 13:07:37,894:INFO:epoch: 39 | loss: 0.7641 | bce: 0.2794 | raw_bce: 0.2556 | dice_loss: 0.2406 | distance_loss: 0.0349 | tv_loss: 2036.1318 | boundary_weight_mean: 6.2147
2026-07-10 13:08:18,281:INFO:epoch: 40 | loss: 0.7735 | bce: 0.2794 | raw_bce: 0.2562 | dice_loss: 0.2455 | distance_loss: 0.0355 | tv_loss: 2055.0993 | boundary_weight_mean: 6.2082 | eval_loss: 0.9683 | eval_bce: 0.4070 | eval_raw_bce: 0.2760 | eval_dice_loss: 0.2816 | eval_distance_loss: 0.0399 | eval_tv_loss: 1763.4868 | eval_boundary_weight_mean: 4.1108 | eval_pixel_iou: 0.7910 | eval_miou: 0.7577 | eval_boundary_iou: 0.3466
2026-07-10 13:08:56,219:INFO:epoch: 41 | loss: 0.7620 | bce: 0.2770 | raw_bce: 0.2535 | dice_loss: 0.2421 | distance_loss: 0.0347 | tv_loss: 2053.3312 | boundary_weight_mean: 6.2373
2026-07-10 13:09:36,584:INFO:epoch: 42 | loss: 0.7614 | bce: 0.2763 | raw_bce: 0.2546 | dice_loss: 0.2405 | distance_loss: 0.0349 | tv_loss: 2048.6588 | boundary_weight_mean: 6.2492 | eval_loss: 0.9721 | eval_bce: 0.4076 | eval_raw_bce: 0.2686 | eval_dice_loss: 0.2839 | eval_distance_loss: 0.0401 | eval_tv_loss: 1722.2074 | eval_boundary_weight_mean: 4.1108 | eval_pixel_iou: 0.7905 | eval_miou: 0.7558 | eval_boundary_iou: 0.3485
2026-07-10 13:10:14,673:INFO:epoch: 43 | loss: 0.7572 | bce: 0.2742 | raw_bce: 0.2533 | dice_loss: 0.2416 | distance_loss: 0.0345 | tv_loss: 2050.6597 | boundary_weight_mean: 6.2757
2026-07-10 13:10:55,608:INFO:epoch: 44 | loss: 0.7536 | bce: 0.2728 | raw_bce: 0.2517 | dice_loss: 0.2404 | distance_loss: 0.0343 | tv_loss: 2044.9252 | boundary_weight_mean: 6.2870 | eval_loss: 0.9618 | eval_bce: 0.3978 | eval_raw_bce: 0.2624 | eval_dice_loss: 0.2869 | eval_distance_loss: 0.0396 | eval_tv_loss: 1931.2258 | eval_boundary_weight_mean: 4.1108 | eval_pixel_iou: 0.7897 | eval_miou: 0.7575 | eval_boundary_iou: 0.3748
2026-07-10 13:11:54,322:INFO:epoch: 45 | loss: 0.7554 | bce: 0.2762 | raw_bce: 0.2516 | dice_loss: 0.2389 | distance_loss: 0.0343 | tv_loss: 2057.5112 | boundary_weight_mean: 6.2114
2026-07-10 13:12:34,535:INFO:epoch: 46 | loss: 0.7537 | bce: 0.2748 | raw_bce: 0.2513 | dice_loss: 0.2395 | distance_loss: 0.0342 | tv_loss: 2052.2064 | boundary_weight_mean: 6.2458 | eval_loss: 0.9656 | eval_bce: 0.3977 | eval_raw_bce: 0.2666 | eval_dice_loss: 0.2877 | eval_distance_loss: 0.0400 | eval_tv_loss: 1884.8504 | eval_boundary_weight_mean: 4.1108 | eval_pixel_iou: 0.7874 | eval_miou: 0.7444 | eval_boundary_iou: 0.3570
2026-07-10 13:13:12,585:INFO:epoch: 47 | loss: 0.7530 | bce: 0.2735 | raw_bce: 0.2515 | dice_loss: 0.2403 | distance_loss: 0.0342 | tv_loss: 2053.2967 | boundary_weight_mean: 6.2836
2026-07-10 13:13:53,151:INFO:epoch: 48 | loss: 0.7482 | bce: 0.2739 | raw_bce: 0.2487 | dice_loss: 0.2375 | distance_loss: 0.0338 | tv_loss: 2045.8712 | boundary_weight_mean: 6.2331 | eval_loss: 0.9642 | eval_bce: 0.4020 | eval_raw_bce: 0.2640 | eval_dice_loss: 0.2849 | eval_distance_loss: 0.0396 | eval_tv_loss: 1787.4571 | eval_boundary_weight_mean: 4.1108 | eval_pixel_iou: 0.7907 | eval_miou: 0.7591 | eval_boundary_iou: 0.3628
2026-07-10 13:14:31,293:INFO:epoch: 49 | loss: 0.7536 | bce: 0.2752 | raw_bce: 0.2516 | dice_loss: 0.2390 | distance_loss: 0.0342 | tv_loss: 2056.9302 | boundary_weight_mean: 6.2375
2026-07-10 13:15:11,354:INFO:epoch: 50 | loss: 0.7498 | bce: 0.2754 | raw_bce: 0.2494 | dice_loss: 0.2382 | distance_loss: 0.0337 | tv_loss: 2048.2988 | boundary_weight_mean: 6.2064 | eval_loss: 0.9569 | eval_bce: 0.4003 | eval_raw_bce: 0.2645 | eval_dice_loss: 0.2835 | eval_distance_loss: 0.0390 | eval_tv_loss: 1883.3502 | eval_boundary_weight_mean: 4.1108 | eval_pixel_iou: 0.7901 | eval_miou: 0.7578 | eval_boundary_iou: 0.3669
2026-07-10 13:16:09,459:INFO:epoch: 51 | loss: 0.7452 | bce: 0.2730 | raw_bce: 0.2490 | dice_loss: 0.2374 | distance_loss: 0.0335 | tv_loss: 2051.8334 | boundary_weight_mean: 6.2523
2026-07-10 13:16:50,250:INFO:epoch: 52 | loss: 0.7455 | bce: 0.2736 | raw_bce: 0.2491 | dice_loss: 0.2366 | distance_loss: 0.0336 | tv_loss: 2050.4334 | boundary_weight_mean: 6.2351 | eval_loss: 0.9573 | eval_bce: 0.3967 | eval_raw_bce: 0.2584 | eval_dice_loss: 0.2856 | eval_distance_loss: 0.0393 | eval_tv_loss: 1887.3167 | eval_boundary_weight_mean: 4.1108 | eval_pixel_iou: 0.7894 | eval_miou: 0.7571 | eval_boundary_iou: 0.3782
2026-07-10 13:17:28,571:INFO:epoch: 53 | loss: 0.7407 | bce: 0.2721 | raw_bce: 0.2482 | dice_loss: 0.2354 | distance_loss: 0.0333 | tv_loss: 2057.1177 | boundary_weight_mean: 6.2756
2026-07-10 13:18:29,450:INFO:epoch: 54 | loss: 0.7389 | bce: 0.2719 | raw_bce: 0.2465 | dice_loss: 0.2350 | distance_loss: 0.0331 | tv_loss: 2050.9780 | boundary_weight_mean: 6.2437 | eval_loss: 0.9607 | eval_bce: 0.4027 | eval_raw_bce: 0.2676 | eval_dice_loss: 0.2825 | eval_distance_loss: 0.0393 | eval_tv_loss: 1900.7551 | eval_boundary_weight_mean: 4.1108 | eval_pixel_iou: 0.7914 | eval_miou: 0.7596 | eval_boundary_iou: 0.3774
2026-07-10 13:19:07,286:INFO:epoch: 55 | loss: 0.7389 | bce: 0.2730 | raw_bce: 0.2467 | dice_loss: 0.2335 | distance_loss: 0.0332 | tv_loss: 2052.0101 | boundary_weight_mean: 6.2154
2026-07-10 13:19:47,511:INFO:epoch: 56 | loss: 0.7449 | bce: 0.2743 | raw_bce: 0.2485 | dice_loss: 0.2362 | distance_loss: 0.0335 | tv_loss: 2060.9001 | boundary_weight_mean: 6.2109 | eval_loss: 0.9553 | eval_bce: 0.3956 | eval_raw_bce: 0.2625 | eval_dice_loss: 0.2861 | eval_distance_loss: 0.0391 | eval_tv_loss: 1858.2969 | eval_boundary_weight_mean: 4.1108 | eval_pixel_iou: 0.7915 | eval_miou: 0.7529 | eval_boundary_iou: 0.3709
2026-07-10 13:20:45,979:INFO:epoch: 57 | loss: 0.7352 | bce: 0.2706 | raw_bce: 0.2451 | dice_loss: 0.2349 | distance_loss: 0.0328 | tv_loss: 2046.4364 | boundary_weight_mean: 6.2512
2026-07-10 13:21:26,188:INFO:epoch: 58 | loss: 0.7304 | bce: 0.2690 | raw_bce: 0.2437 | dice_loss: 0.2336 | distance_loss: 0.0325 | tv_loss: 2058.8122 | boundary_weight_mean: 6.2747 | eval_loss: 0.9672 | eval_bce: 0.4054 | eval_raw_bce: 0.2647 | eval_dice_loss: 0.2857 | eval_distance_loss: 0.0394 | eval_tv_loss: 1850.7594 | eval_boundary_weight_mean: 4.1108 | eval_pixel_iou: 0.7898 | eval_miou: 0.7515 | eval_boundary_iou: 0.3607
2026-07-10 13:22:04,028:INFO:epoch: 59 | loss: 0.7315 | bce: 0.2682 | raw_bce: 0.2443 | dice_loss: 0.2343 | distance_loss: 0.0327 | tv_loss: 2053.9195 | boundary_weight_mean: 6.2795
2026-07-10 13:23:04,799:INFO:epoch: 60 | loss: 0.7373 | bce: 0.2730 | raw_bce: 0.2457 | dice_loss: 0.2339 | distance_loss: 0.0329 | tv_loss: 2063.8927 | boundary_weight_mean: 6.2150 | eval_loss: 0.9637 | eval_bce: 0.4013 | eval_raw_bce: 0.2625 | eval_dice_loss: 0.2880 | eval_distance_loss: 0.0392 | eval_tv_loss: 1861.1150 | eval_boundary_weight_mean: 4.1108 | eval_pixel_iou: 0.7894 | eval_miou: 0.7571 | eval_boundary_iou: 0.3673
2026-07-10 13:23:42,922:INFO:epoch: 61 | loss: 0.7261 | bce: 0.2686 | raw_bce: 0.2422 | dice_loss: 0.2316 | distance_loss: 0.0323 | tv_loss: 2053.8721 | boundary_weight_mean: 6.2621
2026-07-10 13:24:23,018:INFO:epoch: 62 | loss: 0.7337 | bce: 0.2725 | raw_bce: 0.2444 | dice_loss: 0.2331 | distance_loss: 0.0326 | tv_loss: 2059.1720 | boundary_weight_mean: 6.2123 | eval_loss: 0.9541 | eval_bce: 0.3941 | eval_raw_bce: 0.2625 | eval_dice_loss: 0.2855 | eval_distance_loss: 0.0392 | eval_tv_loss: 1880.1202 | eval_boundary_weight_mean: 4.1108 | eval_pixel_iou: 0.7919 | eval_miou: 0.7514 | eval_boundary_iou: 0.3707
2026-07-10 13:25:01,082:INFO:epoch: 63 | loss: 0.7301 | bce: 0.2697 | raw_bce: 0.2437 | dice_loss: 0.2325 | distance_loss: 0.0326 | tv_loss: 2052.0708 | boundary_weight_mean: 6.2531
2026-07-10 13:25:41,386:INFO:epoch: 64 | loss: 0.7259 | bce: 0.2692 | raw_bce: 0.2411 | dice_loss: 0.2317 | distance_loss: 0.0321 | tv_loss: 2048.5113 | boundary_weight_mean: 6.2570 | eval_loss: 0.9627 | eval_bce: 0.3976 | eval_raw_bce: 0.2624 | eval_dice_loss: 0.2866 | eval_distance_loss: 0.0398 | eval_tv_loss: 1884.9049 | eval_boundary_weight_mean: 4.1108 | eval_pixel_iou: 0.7910 | eval_miou: 0.7555 | eval_boundary_iou: 0.3772
2026-07-10 13:26:19,549:INFO:epoch: 65 | loss: 0.7260 | bce: 0.2696 | raw_bce: 0.2424 | dice_loss: 0.2312 | distance_loss: 0.0322 | tv_loss: 2061.8720 | boundary_weight_mean: 6.2541
2026-07-10 13:26:59,623:INFO:epoch: 66 | loss: 0.7310 | bce: 0.2718 | raw_bce: 0.2439 | dice_loss: 0.2322 | distance_loss: 0.0324 | tv_loss: 2072.1192 | boundary_weight_mean: 6.2181 | eval_loss: 0.9533 | eval_bce: 0.3959 | eval_raw_bce: 0.2608 | eval_dice_loss: 0.2844 | eval_distance_loss: 0.0390 | eval_tv_loss: 1870.0310 | eval_boundary_weight_mean: 4.1108 | eval_pixel_iou: 0.7916 | eval_miou: 0.7525 | eval_boundary_iou: 0.3631
2026-07-10 13:27:37,464:INFO:epoch: 67 | loss: 0.7222 | bce: 0.2666 | raw_bce: 0.2410 | dice_loss: 0.2321 | distance_loss: 0.0319 | tv_loss: 2060.0614 | boundary_weight_mean: 6.2913
2026-07-10 13:28:17,959:INFO:epoch: 68 | loss: 0.7251 | bce: 0.2711 | raw_bce: 0.2418 | dice_loss: 0.2301 | distance_loss: 0.0320 | tv_loss: 2060.0242 | boundary_weight_mean: 6.2002 | eval_loss: 0.9544 | eval_bce: 0.4006 | eval_raw_bce: 0.2649 | eval_dice_loss: 0.2812 | eval_distance_loss: 0.0389 | eval_tv_loss: 1887.3595 | eval_boundary_weight_mean: 4.1108 | eval_pixel_iou: 0.7916 | eval_miou: 0.7534 | eval_boundary_iou: 0.3661
2026-07-10 13:28:55,808:INFO:epoch: 69 | loss: 0.7257 | bce: 0.2701 | raw_bce: 0.2428 | dice_loss: 0.2308 | distance_loss: 0.0321 | tv_loss: 2058.0594 | boundary_weight_mean: 6.2358
2026-07-10 13:29:36,290:INFO:epoch: 70 | loss: 0.7274 | bce: 0.2718 | raw_bce: 0.2427 | dice_loss: 0.2307 | distance_loss: 0.0321 | tv_loss: 2059.3691 | boundary_weight_mean: 6.2091 | eval_loss: 0.9561 | eval_bce: 0.3975 | eval_raw_bce: 0.2606 | eval_dice_loss: 0.2849 | eval_distance_loss: 0.0391 | eval_tv_loss: 1883.5495 | eval_boundary_weight_mean: 4.1108 | eval_pixel_iou: 0.7924 | eval_miou: 0.7546 | eval_boundary_iou: 0.3697
