2026-07-04 13:40:42,791:INFO:DualHeadUNet(
  (inc): DoubleConv(
    (block): Sequential(
      (0): Conv2d(8, 32, kernel_size=(3, 3), stride=(1, 1), padding=(1, 1), bias=False)
      (1): BatchNorm2d(32, eps=1e-05, momentum=0.1, affine=True, track_running_stats=True)
      (2): ReLU(inplace=True)
      (3): Conv2d(32, 32, kernel_size=(3, 3), stride=(1, 1), padding=(1, 1), bias=False)
      (4): BatchNorm2d(32, eps=1e-05, momentum=0.1, affine=True, track_running_stats=True)
      (5): ReLU(inplace=True)
    )
  )
  (down1): Down(
    (block): Sequential(
      (0): MaxPool2d(kernel_size=2, stride=2, padding=0, dilation=1, ceil_mode=False)
      (1): DoubleConv(
        (block): Sequential(
          (0): Conv2d(32, 64, kernel_size=(3, 3), stride=(1, 1), padding=(1, 1), bias=False)
          (1): BatchNorm2d(64, eps=1e-05, momentum=0.1, affine=True, track_running_stats=True)
          (2): ReLU(inplace=True)
          (3): Conv2d(64, 64, kernel_size=(3, 3), stride=(1, 1), padding=(1, 1), bias=False)
          (4): BatchNorm2d(64, eps=1e-05, momentum=0.1, affine=True, track_running_stats=True)
          (5): ReLU(inplace=True)
        )
      )
    )
  )
  (down2): Down(
    (block): Sequential(
      (0): MaxPool2d(kernel_size=2, stride=2, padding=0, dilation=1, ceil_mode=False)
      (1): DoubleConv(
        (block): Sequential(
          (0): Conv2d(64, 128, kernel_size=(3, 3), stride=(1, 1), padding=(1, 1), bias=False)
          (1): BatchNorm2d(128, eps=1e-05, momentum=0.1, affine=True, track_running_stats=True)
          (2): ReLU(inplace=True)
          (3): Conv2d(128, 128, kernel_size=(3, 3), stride=(1, 1), padding=(1, 1), bias=False)
          (4): BatchNorm2d(128, eps=1e-05, momentum=0.1, affine=True, track_running_stats=True)
          (5): ReLU(inplace=True)
        )
      )
    )
  )
  (down3): Down(
    (block): Sequential(
      (0): MaxPool2d(kernel_size=2, stride=2, padding=0, dilation=1, ceil_mode=False)
      (1): DoubleConv(
        (block): Sequential(
          (0): Conv2d(128, 256, kernel_size=(3, 3), stride=(1, 1), padding=(1, 1), bias=False)
          (1): BatchNorm2d(256, eps=1e-05, momentum=0.1, affine=True, track_running_stats=True)
          (2): ReLU(inplace=True)
          (3): Conv2d(256, 256, kernel_size=(3, 3), stride=(1, 1), padding=(1, 1), bias=False)
          (4): BatchNorm2d(256, eps=1e-05, momentum=0.1, affine=True, track_running_stats=True)
          (5): ReLU(inplace=True)
        )
      )
    )
  )
  (down4): Down(
    (block): Sequential(
      (0): MaxPool2d(kernel_size=2, stride=2, padding=0, dilation=1, ceil_mode=False)
      (1): DoubleConv(
        (block): Sequential(
          (0): Conv2d(256, 512, kernel_size=(3, 3), stride=(1, 1), padding=(1, 1), bias=False)
          (1): BatchNorm2d(512, eps=1e-05, momentum=0.1, affine=True, track_running_stats=True)
          (2): ReLU(inplace=True)
          (3): Conv2d(512, 512, kernel_size=(3, 3), stride=(1, 1), padding=(1, 1), bias=False)
          (4): BatchNorm2d(512, eps=1e-05, momentum=0.1, affine=True, track_running_stats=True)
          (5): ReLU(inplace=True)
        )
      )
    )
  )
  (up1): Up(
    (up): ConvTranspose2d(512, 256, kernel_size=(2, 2), stride=(2, 2))
    (conv): DoubleConv(
      (block): Sequential(
        (0): Conv2d(512, 256, kernel_size=(3, 3), stride=(1, 1), padding=(1, 1), bias=False)
        (1): BatchNorm2d(256, eps=1e-05, momentum=0.1, affine=True, track_running_stats=True)
        (2): ReLU(inplace=True)
        (3): Conv2d(256, 256, kernel_size=(3, 3), stride=(1, 1), padding=(1, 1), bias=False)
        (4): BatchNorm2d(256, eps=1e-05, momentum=0.1, affine=True, track_running_stats=True)
        (5): ReLU(inplace=True)
      )
    )
  )
  (up2): Up(
    (up): ConvTranspose2d(256, 128, kernel_size=(2, 2), stride=(2, 2))
    (conv): DoubleConv(
      (block): Sequential(
        (0): Conv2d(256, 128, kernel_size=(3, 3), stride=(1, 1), padding=(1, 1), bias=False)
        (1): BatchNorm2d(128, eps=1e-05, momentum=0.1, affine=True, track_running_stats=True)
        (2): ReLU(inplace=True)
        (3): Conv2d(128, 128, kernel_size=(3, 3), stride=(1, 1), padding=(1, 1), bias=False)
        (4): BatchNorm2d(128, eps=1e-05, momentum=0.1, affine=True, track_running_stats=True)
        (5): ReLU(inplace=True)
      )
    )
  )
  (up3): Up(
    (up): ConvTranspose2d(128, 64, kernel_size=(2, 2), stride=(2, 2))
    (conv): DoubleConv(
      (block): Sequential(
        (0): Conv2d(128, 64, kernel_size=(3, 3), stride=(1, 1), padding=(1, 1), bias=False)
        (1): BatchNorm2d(64, eps=1e-05, momentum=0.1, affine=True, track_running_stats=True)
        (2): ReLU(inplace=True)
        (3): Conv2d(64, 64, kernel_size=(3, 3), stride=(1, 1), padding=(1, 1), bias=False)
        (4): BatchNorm2d(64, eps=1e-05, momentum=0.1, affine=True, track_running_stats=True)
        (5): ReLU(inplace=True)
      )
    )
  )
  (up4): Up(
    (up): ConvTranspose2d(64, 32, kernel_size=(2, 2), stride=(2, 2))
    (conv): DoubleConv(
      (block): Sequential(
        (0): Conv2d(64, 32, kernel_size=(3, 3), stride=(1, 1), padding=(1, 1), bias=False)
        (1): BatchNorm2d(32, eps=1e-05, momentum=0.1, affine=True, track_running_stats=True)
        (2): ReLU(inplace=True)
        (3): Conv2d(32, 32, kernel_size=(3, 3), stride=(1, 1), padding=(1, 1), bias=False)
        (4): BatchNorm2d(32, eps=1e-05, momentum=0.1, affine=True, track_running_stats=True)
        (5): ReLU(inplace=True)
      )
    )
  )
  (mask_head): Conv2d(32, 1, kernel_size=(1, 1), stride=(1, 1))
  (distance_head): Sequential(
    (0): Conv2d(32, 32, kernel_size=(3, 3), stride=(1, 1), padding=(1, 1), bias=False)
    (1): BatchNorm2d(32, eps=1e-05, momentum=0.1, affine=True, track_running_stats=True)
    (2): ReLU(inplace=True)
    (3): Conv2d(32, 1, kernel_size=(1, 1), stride=(1, 1))
  )
)
Trainable parameters by tensor:
  inc.block.0.weight: 2,304
  inc.block.1.weight: 32
  inc.block.1.bias: 32
  inc.block.3.weight: 9,216
  inc.block.4.weight: 32
  inc.block.4.bias: 32
  down1.block.1.block.0.weight: 18,432
  down1.block.1.block.1.weight: 64
  down1.block.1.block.1.bias: 64
  down1.block.1.block.3.weight: 36,864
  down1.block.1.block.4.weight: 64
  down1.block.1.block.4.bias: 64
  down2.block.1.block.0.weight: 73,728
  down2.block.1.block.1.weight: 128
  down2.block.1.block.1.bias: 128
  down2.block.1.block.3.weight: 147,456
  down2.block.1.block.4.weight: 128
  down2.block.1.block.4.bias: 128
  down3.block.1.block.0.weight: 294,912
  down3.block.1.block.1.weight: 256
  down3.block.1.block.1.bias: 256
  down3.block.1.block.3.weight: 589,824
  down3.block.1.block.4.weight: 256
  down3.block.1.block.4.bias: 256
  down4.block.1.block.0.weight: 1,179,648
  down4.block.1.block.1.weight: 512
  down4.block.1.block.1.bias: 512
  down4.block.1.block.3.weight: 2,359,296
  down4.block.1.block.4.weight: 512
  down4.block.1.block.4.bias: 512
  up1.up.weight: 524,288
  up1.up.bias: 256
  up1.conv.block.0.weight: 1,179,648
  up1.conv.block.1.weight: 256
  up1.conv.block.1.bias: 256
  up1.conv.block.3.weight: 589,824
  up1.conv.block.4.weight: 256
  up1.conv.block.4.bias: 256
  up2.up.weight: 131,072
  up2.up.bias: 128
  up2.conv.block.0.weight: 294,912
  up2.conv.block.1.weight: 128
  up2.conv.block.1.bias: 128
  up2.conv.block.3.weight: 147,456
  up2.conv.block.4.weight: 128
  up2.conv.block.4.bias: 128
  up3.up.weight: 32,768
  up3.up.bias: 64
  up3.conv.block.0.weight: 73,728
  up3.conv.block.1.weight: 64
  up3.conv.block.1.bias: 64
  up3.conv.block.3.weight: 36,864
  up3.conv.block.4.weight: 64
  up3.conv.block.4.bias: 64
  up4.up.weight: 8,192
  up4.up.bias: 32
  up4.conv.block.0.weight: 18,432
  up4.conv.block.1.weight: 32
  up4.conv.block.1.bias: 32
  up4.conv.block.3.weight: 9,216
  up4.conv.block.4.weight: 32
  up4.conv.block.4.bias: 32
  mask_head.weight: 32
  mask_head.bias: 1
  distance_head.0.weight: 9,216
  distance_head.1.weight: 32
  distance_head.1.bias: 32
  distance_head.3.weight: 32
  distance_head.3.bias: 1
Total trainable parameters: 7,773,794
2026-07-04 13:40:42,798:INFO:------------ New Training Session ------------
2026-07-04 13:41:05,546:INFO:epoch: 1 | loss: 0.8223 | bce: 0.4207 | dice_loss: 0.3580 | distance_loss: 0.0833 | tv_loss: 1936.3983
2026-07-04 13:41:28,740:INFO:epoch: 2 | loss: 0.7270 | bce: 0.3779 | dice_loss: 0.3105 | distance_loss: 0.0742 | tv_loss: 1599.9441
2026-07-04 13:42:01,997:INFO:epoch: 3 | loss: 0.6856 | bce: 0.3586 | dice_loss: 0.2901 | distance_loss: 0.0705 | tv_loss: 1701.8403
2026-07-04 13:42:25,482:INFO:epoch: 4 | loss: 0.6624 | bce: 0.3512 | dice_loss: 0.2758 | distance_loss: 0.0674 | tv_loss: 1799.4124
2026-07-04 13:42:51,897:INFO:epoch: 5 | loss: 0.6431 | bce: 0.3427 | dice_loss: 0.2663 | distance_loss: 0.0644 | tv_loss: 1908.7425 | eval_loss: 0.6691 | eval_bce: 0.2996 | eval_dice_loss: 0.3390 | eval_distance_loss: 0.0577 | eval_tv_loss: 1608.5260 | eval_miou: 0.7252 | eval_boundary_iou: 0.2756
2026-07-04 13:43:15,968:INFO:epoch: 6 | loss: 0.6298 | bce: 0.3379 | dice_loss: 0.2591 | distance_loss: 0.0618 | tv_loss: 1957.5112
2026-07-04 13:43:39,750:INFO:epoch: 7 | loss: 0.6193 | bce: 0.3338 | dice_loss: 0.2537 | distance_loss: 0.0596 | tv_loss: 2040.5334
2026-07-04 13:44:03,707:INFO:epoch: 8 | loss: 0.6117 | bce: 0.3312 | dice_loss: 0.2493 | distance_loss: 0.0585 | tv_loss: 2079.4173
2026-07-04 13:44:27,707:INFO:epoch: 9 | loss: 0.6052 | bce: 0.3293 | dice_loss: 0.2449 | distance_loss: 0.0578 | tv_loss: 2115.8302
2026-07-04 13:44:54,299:INFO:epoch: 10 | loss: 0.5985 | bce: 0.3244 | dice_loss: 0.2433 | distance_loss: 0.0571 | tv_loss: 2184.4522 | eval_loss: 0.6124 | eval_bce: 0.2718 | eval_dice_loss: 0.3134 | eval_distance_loss: 0.0509 | eval_tv_loss: 1850.6502 | eval_miou: 0.7462 | eval_boundary_iou: 0.3562
2026-07-04 13:45:18,057:INFO:epoch: 11 | loss: 0.5914 | bce: 0.3214 | dice_loss: 0.2397 | distance_loss: 0.0562 | tv_loss: 2206.8914
2026-07-04 13:45:41,849:INFO:epoch: 12 | loss: 0.5780 | bce: 0.3146 | dice_loss: 0.2341 | distance_loss: 0.0543 | tv_loss: 2230.9151
2026-07-04 13:46:05,730:INFO:epoch: 13 | loss: 0.5798 | bce: 0.3166 | dice_loss: 0.2336 | distance_loss: 0.0545 | tv_loss: 2273.9301
2026-07-04 13:46:39,470:INFO:epoch: 14 | loss: 0.5749 | bce: 0.3137 | dice_loss: 0.2320 | distance_loss: 0.0538 | tv_loss: 2291.0234
2026-07-04 13:47:05,610:INFO:epoch: 15 | loss: 0.5726 | bce: 0.3121 | dice_loss: 0.2316 | distance_loss: 0.0532 | tv_loss: 2292.7620 | eval_loss: 0.6091 | eval_bce: 0.2637 | eval_dice_loss: 0.3183 | eval_distance_loss: 0.0507 | eval_tv_loss: 1802.5793 | eval_miou: 0.7439 | eval_boundary_iou: 0.3685
2026-07-04 13:47:29,340:INFO:epoch: 16 | loss: 0.5710 | bce: 0.3122 | dice_loss: 0.2300 | distance_loss: 0.0530 | tv_loss: 2324.2624
2026-07-04 13:47:53,198:INFO:epoch: 17 | loss: 0.5641 | bce: 0.3080 | dice_loss: 0.2278 | distance_loss: 0.0521 | tv_loss: 2326.1437
2026-07-04 13:48:26,869:INFO:epoch: 18 | loss: 0.5582 | bce: 0.3055 | dice_loss: 0.2247 | distance_loss: 0.0514 | tv_loss: 2327.1907
2026-07-04 13:48:50,542:INFO:epoch: 19 | loss: 0.5556 | bce: 0.3039 | dice_loss: 0.2238 | distance_loss: 0.0510 | tv_loss: 2338.3753
2026-07-04 13:49:17,221:INFO:epoch: 20 | loss: 0.5495 | bce: 0.2999 | dice_loss: 0.2219 | distance_loss: 0.0506 | tv_loss: 2344.6442 | eval_loss: 0.6004 | eval_bce: 0.2661 | eval_dice_loss: 0.3079 | eval_distance_loss: 0.0492 | eval_tv_loss: 1872.2840 | eval_miou: 0.7396 | eval_boundary_iou: 0.3778
2026-07-04 13:49:41,330:INFO:epoch: 21 | loss: 0.5460 | bce: 0.2997 | dice_loss: 0.2189 | distance_loss: 0.0500 | tv_loss: 2361.3876
2026-07-04 13:50:05,103:INFO:epoch: 22 | loss: 0.5465 | bce: 0.2987 | dice_loss: 0.2207 | distance_loss: 0.0496 | tv_loss: 2356.1130
2026-07-04 13:50:28,897:INFO:epoch: 23 | loss: 0.5388 | bce: 0.2949 | dice_loss: 0.2172 | distance_loss: 0.0487 | tv_loss: 2361.0942
2026-07-04 13:50:52,657:INFO:epoch: 24 | loss: 0.5366 | bce: 0.2946 | dice_loss: 0.2152 | distance_loss: 0.0489 | tv_loss: 2371.3685
2026-07-04 13:51:19,379:INFO:epoch: 25 | loss: 0.5269 | bce: 0.2886 | dice_loss: 0.2123 | distance_loss: 0.0473 | tv_loss: 2369.0088 | eval_loss: 0.6043 | eval_bce: 0.2766 | eval_dice_loss: 0.2999 | eval_distance_loss: 0.0513 | eval_tv_loss: 2092.6478 | eval_miou: 0.7507 | eval_boundary_iou: 0.3942
2026-07-04 13:51:43,115:INFO:epoch: 26 | loss: 0.5234 | bce: 0.2871 | dice_loss: 0.2104 | distance_loss: 0.0469 | tv_loss: 2377.8874
2026-07-04 13:52:06,876:INFO:epoch: 27 | loss: 0.5191 | bce: 0.2852 | dice_loss: 0.2084 | distance_loss: 0.0462 | tv_loss: 2374.1976
2026-07-04 13:52:30,700:INFO:epoch: 28 | loss: 0.5172 | bce: 0.2843 | dice_loss: 0.2075 | distance_loss: 0.0461 | tv_loss: 2382.4073
2026-07-04 13:53:04,379:INFO:epoch: 29 | loss: 0.5102 | bce: 0.2794 | dice_loss: 0.2059 | distance_loss: 0.0453 | tv_loss: 2385.4149
2026-07-04 13:53:30,576:INFO:epoch: 30 | loss: 0.5027 | bce: 0.2762 | dice_loss: 0.2019 | distance_loss: 0.0446 | tv_loss: 2385.1627 | eval_loss: 0.6105 | eval_bce: 0.2797 | eval_dice_loss: 0.3043 | eval_distance_loss: 0.0492 | eval_tv_loss: 1925.0152 | eval_miou: 0.7411 | eval_boundary_iou: 0.3875
