2026-07-08 22:24:31,011:INFO:DualHeadUNet(
  (inc): DoubleConv(
    (block): Sequential(
      (0): Conv2d(8, 32, kernel_size=(3, 3), stride=(1, 1), padding=(1, 1), bias=False)
      (1): BatchNorm2d(32, eps=1e-05, momentum=0.1, affine=True, track_running_stats=True)
      (2): ReLU(inplace=True)
      (3): Conv2d(32, 32, kernel_size=(3, 3), stride=(1, 1), padding=(1, 1), bias=False)
      (4): BatchNorm2d(32, eps=1e-05, momentum=0.1, affine=True, track_running_stats=True)
      (5): ReLU(inplace=True)
    )
  )
  (down1): Down(
    (block): Sequential(
      (0): MaxPool2d(kernel_size=2, stride=2, padding=0, dilation=1, ceil_mode=False)
      (1): DoubleConv(
        (block): Sequential(
          (0): Conv2d(32, 64, kernel_size=(3, 3), stride=(1, 1), padding=(1, 1), bias=False)
          (1): BatchNorm2d(64, eps=1e-05, momentum=0.1, affine=True, track_running_stats=True)
          (2): ReLU(inplace=True)
          (3): Conv2d(64, 64, kernel_size=(3, 3), stride=(1, 1), padding=(1, 1), bias=False)
          (4): BatchNorm2d(64, eps=1e-05, momentum=0.1, affine=True, track_running_stats=True)
          (5): ReLU(inplace=True)
        )
      )
    )
  )
  (down2): Down(
    (block): Sequential(
      (0): MaxPool2d(kernel_size=2, stride=2, padding=0, dilation=1, ceil_mode=False)
      (1): DoubleConv(
        (block): Sequential(
          (0): Conv2d(64, 128, kernel_size=(3, 3), stride=(1, 1), padding=(1, 1), bias=False)
          (1): BatchNorm2d(128, eps=1e-05, momentum=0.1, affine=True, track_running_stats=True)
          (2): ReLU(inplace=True)
          (3): Conv2d(128, 128, kernel_size=(3, 3), stride=(1, 1), padding=(1, 1), bias=False)
          (4): BatchNorm2d(128, eps=1e-05, momentum=0.1, affine=True, track_running_stats=True)
          (5): ReLU(inplace=True)
        )
      )
    )
  )
  (down3): Down(
    (block): Sequential(
      (0): MaxPool2d(kernel_size=2, stride=2, padding=0, dilation=1, ceil_mode=False)
      (1): DoubleConv(
        (block): Sequential(
          (0): Conv2d(128, 256, kernel_size=(3, 3), stride=(1, 1), padding=(1, 1), bias=False)
          (1): BatchNorm2d(256, eps=1e-05, momentum=0.1, affine=True, track_running_stats=True)
          (2): ReLU(inplace=True)
          (3): Conv2d(256, 256, kernel_size=(3, 3), stride=(1, 1), padding=(1, 1), bias=False)
          (4): BatchNorm2d(256, eps=1e-05, momentum=0.1, affine=True, track_running_stats=True)
          (5): ReLU(inplace=True)
        )
      )
    )
  )
  (down4): Down(
    (block): Sequential(
      (0): MaxPool2d(kernel_size=2, stride=2, padding=0, dilation=1, ceil_mode=False)
      (1): DoubleConv(
        (block): Sequential(
          (0): Conv2d(256, 512, kernel_size=(3, 3), stride=(1, 1), padding=(1, 1), bias=False)
          (1): BatchNorm2d(512, eps=1e-05, momentum=0.1, affine=True, track_running_stats=True)
          (2): ReLU(inplace=True)
          (3): Conv2d(512, 512, kernel_size=(3, 3), stride=(1, 1), padding=(1, 1), bias=False)
          (4): BatchNorm2d(512, eps=1e-05, momentum=0.1, affine=True, track_running_stats=True)
          (5): ReLU(inplace=True)
        )
      )
    )
  )
  (up1): Up(
    (up): ConvTranspose2d(512, 256, kernel_size=(2, 2), stride=(2, 2))
    (conv): DoubleConv(
      (block): Sequential(
        (0): Conv2d(512, 256, kernel_size=(3, 3), stride=(1, 1), padding=(1, 1), bias=False)
        (1): BatchNorm2d(256, eps=1e-05, momentum=0.1, affine=True, track_running_stats=True)
        (2): ReLU(inplace=True)
        (3): Conv2d(256, 256, kernel_size=(3, 3), stride=(1, 1), padding=(1, 1), bias=False)
        (4): BatchNorm2d(256, eps=1e-05, momentum=0.1, affine=True, track_running_stats=True)
        (5): ReLU(inplace=True)
      )
    )
  )
  (up2): Up(
    (up): ConvTranspose2d(256, 128, kernel_size=(2, 2), stride=(2, 2))
    (conv): DoubleConv(
      (block): Sequential(
        (0): Conv2d(256, 128, kernel_size=(3, 3), stride=(1, 1), padding=(1, 1), bias=False)
        (1): BatchNorm2d(128, eps=1e-05, momentum=0.1, affine=True, track_running_stats=True)
        (2): ReLU(inplace=True)
        (3): Conv2d(128, 128, kernel_size=(3, 3), stride=(1, 1), padding=(1, 1), bias=False)
        (4): BatchNorm2d(128, eps=1e-05, momentum=0.1, affine=True, track_running_stats=True)
        (5): ReLU(inplace=True)
      )
    )
  )
  (up3): Up(
    (up): ConvTranspose2d(128, 64, kernel_size=(2, 2), stride=(2, 2))
    (conv): DoubleConv(
      (block): Sequential(
        (0): Conv2d(128, 64, kernel_size=(3, 3), stride=(1, 1), padding=(1, 1), bias=False)
        (1): BatchNorm2d(64, eps=1e-05, momentum=0.1, affine=True, track_running_stats=True)
        (2): ReLU(inplace=True)
        (3): Conv2d(64, 64, kernel_size=(3, 3), stride=(1, 1), padding=(1, 1), bias=False)
        (4): BatchNorm2d(64, eps=1e-05, momentum=0.1, affine=True, track_running_stats=True)
        (5): ReLU(inplace=True)
      )
    )
  )
  (up4): Up(
    (up): ConvTranspose2d(64, 32, kernel_size=(2, 2), stride=(2, 2))
    (conv): DoubleConv(
      (block): Sequential(
        (0): Conv2d(64, 32, kernel_size=(3, 3), stride=(1, 1), padding=(1, 1), bias=False)
        (1): BatchNorm2d(32, eps=1e-05, momentum=0.1, affine=True, track_running_stats=True)
        (2): ReLU(inplace=True)
        (3): Conv2d(32, 32, kernel_size=(3, 3), stride=(1, 1), padding=(1, 1), bias=False)
        (4): BatchNorm2d(32, eps=1e-05, momentum=0.1, affine=True, track_running_stats=True)
        (5): ReLU(inplace=True)
      )
    )
  )
  (mask_head): Conv2d(32, 1, kernel_size=(1, 1), stride=(1, 1))
  (distance_head): Sequential(
    (0): Conv2d(32, 32, kernel_size=(3, 3), stride=(1, 1), padding=(1, 1), bias=False)
    (1): BatchNorm2d(32, eps=1e-05, momentum=0.1, affine=True, track_running_stats=True)
    (2): ReLU(inplace=True)
    (3): Conv2d(32, 1, kernel_size=(1, 1), stride=(1, 1))
  )
)
Trainable parameters by tensor:
  inc.block.0.weight: 2,304
  inc.block.1.weight: 32
  inc.block.1.bias: 32
  inc.block.3.weight: 9,216
  inc.block.4.weight: 32
  inc.block.4.bias: 32
  down1.block.1.block.0.weight: 18,432
  down1.block.1.block.1.weight: 64
  down1.block.1.block.1.bias: 64
  down1.block.1.block.3.weight: 36,864
  down1.block.1.block.4.weight: 64
  down1.block.1.block.4.bias: 64
  down2.block.1.block.0.weight: 73,728
  down2.block.1.block.1.weight: 128
  down2.block.1.block.1.bias: 128
  down2.block.1.block.3.weight: 147,456
  down2.block.1.block.4.weight: 128
  down2.block.1.block.4.bias: 128
  down3.block.1.block.0.weight: 294,912
  down3.block.1.block.1.weight: 256
  down3.block.1.block.1.bias: 256
  down3.block.1.block.3.weight: 589,824
  down3.block.1.block.4.weight: 256
  down3.block.1.block.4.bias: 256
  down4.block.1.block.0.weight: 1,179,648
  down4.block.1.block.1.weight: 512
  down4.block.1.block.1.bias: 512
  down4.block.1.block.3.weight: 2,359,296
  down4.block.1.block.4.weight: 512
  down4.block.1.block.4.bias: 512
  up1.up.weight: 524,288
  up1.up.bias: 256
  up1.conv.block.0.weight: 1,179,648
  up1.conv.block.1.weight: 256
  up1.conv.block.1.bias: 256
  up1.conv.block.3.weight: 589,824
  up1.conv.block.4.weight: 256
  up1.conv.block.4.bias: 256
  up2.up.weight: 131,072
  up2.up.bias: 128
  up2.conv.block.0.weight: 294,912
  up2.conv.block.1.weight: 128
  up2.conv.block.1.bias: 128
  up2.conv.block.3.weight: 147,456
  up2.conv.block.4.weight: 128
  up2.conv.block.4.bias: 128
  up3.up.weight: 32,768
  up3.up.bias: 64
  up3.conv.block.0.weight: 73,728
  up3.conv.block.1.weight: 64
  up3.conv.block.1.bias: 64
  up3.conv.block.3.weight: 36,864
  up3.conv.block.4.weight: 64
  up3.conv.block.4.bias: 64
  up4.up.weight: 8,192
  up4.up.bias: 32
  up4.conv.block.0.weight: 18,432
  up4.conv.block.1.weight: 32
  up4.conv.block.1.bias: 32
  up4.conv.block.3.weight: 9,216
  up4.conv.block.4.weight: 32
  up4.conv.block.4.bias: 32
  mask_head.weight: 32
  mask_head.bias: 1
  distance_head.0.weight: 9,216
  distance_head.1.weight: 32
  distance_head.1.bias: 32
  distance_head.3.weight: 32
  distance_head.3.bias: 1
Total trainable parameters: 7,773,794
2026-07-08 22:24:31,015:INFO:------------ New Training Session ------------
2026-07-08 22:25:07,982:INFO:epoch: 1 | loss: 0.8079 | bce: 0.3975 | raw_bce: 0.4114 | dice_loss: 0.4023 | distance_loss: 0.0812 | tv_loss: 2048.7918 | boundary_weight_mean: 2.3130
2026-07-08 22:25:44,921:INFO:epoch: 2 | loss: 0.6861 | bce: 0.3361 | raw_bce: 0.3315 | dice_loss: 0.3434 | distance_loss: 0.0658 | tv_loss: 1902.8585 | boundary_weight_mean: 2.3088
2026-07-08 22:26:21,833:INFO:epoch: 3 | loss: 0.6439 | bce: 0.3188 | raw_bce: 0.3089 | dice_loss: 0.3188 | distance_loss: 0.0626 | tv_loss: 1945.5862 | boundary_weight_mean: 2.3130
2026-07-08 22:26:58,901:INFO:epoch: 4 | loss: 0.6095 | bce: 0.3047 | raw_bce: 0.2913 | dice_loss: 0.2990 | distance_loss: 0.0577 | tv_loss: 1949.9805 | boundary_weight_mean: 2.3178
2026-07-08 22:27:38,709:INFO:epoch: 5 | loss: 0.5959 | bce: 0.2991 | raw_bce: 0.2859 | dice_loss: 0.2911 | distance_loss: 0.0561 | tv_loss: 1968.0762 | boundary_weight_mean: 2.3203 | eval_loss: 0.7024 | eval_bce: 0.3673 | eval_raw_bce: 0.2875 | eval_dice_loss: 0.3292 | eval_distance_loss: 0.0588 | eval_tv_loss: 1782.8185 | eval_boundary_weight_mean: 1.7777 | eval_pixel_iou: 0.7700 | eval_miou: 0.7304 | eval_boundary_iou: 0.2985
2026-07-08 22:28:15,689:INFO:epoch: 6 | loss: 0.5826 | bce: 0.2943 | raw_bce: 0.2800 | dice_loss: 0.2829 | distance_loss: 0.0551 | tv_loss: 1992.7269 | boundary_weight_mean: 2.3193
2026-07-08 22:28:52,579:INFO:epoch: 7 | loss: 0.5769 | bce: 0.2945 | raw_bce: 0.2792 | dice_loss: 0.2769 | distance_loss: 0.0545 | tv_loss: 1993.6506 | boundary_weight_mean: 2.3093
2026-07-08 22:29:29,526:INFO:epoch: 8 | loss: 0.5671 | bce: 0.2888 | raw_bce: 0.2738 | dice_loss: 0.2731 | distance_loss: 0.0525 | tv_loss: 1997.3072 | boundary_weight_mean: 2.3184
2026-07-08 22:30:06,525:INFO:epoch: 9 | loss: 0.5603 | bce: 0.2873 | raw_bce: 0.2709 | dice_loss: 0.2679 | distance_loss: 0.0509 | tv_loss: 2002.9286 | boundary_weight_mean: 2.3086
2026-07-08 22:30:46,282:INFO:epoch: 10 | loss: 0.5573 | bce: 0.2857 | raw_bce: 0.2680 | dice_loss: 0.2666 | distance_loss: 0.0503 | tv_loss: 2010.1420 | boundary_weight_mean: 2.3049 | eval_loss: 0.6642 | eval_bce: 0.3567 | eval_raw_bce: 0.2728 | eval_dice_loss: 0.3022 | eval_distance_loss: 0.0528 | eval_tv_loss: 1819.1593 | eval_boundary_weight_mean: 1.7777 | eval_pixel_iou: 0.7757 | eval_miou: 0.7371 | eval_boundary_iou: 0.3384
2026-07-08 22:31:23,423:INFO:epoch: 11 | loss: 0.5557 | bce: 0.2850 | raw_bce: 0.2668 | dice_loss: 0.2657 | distance_loss: 0.0496 | tv_loss: 2023.6257 | boundary_weight_mean: 2.3006
2026-07-08 22:32:00,402:INFO:epoch: 12 | loss: 0.5494 | bce: 0.2831 | raw_bce: 0.2661 | dice_loss: 0.2615 | distance_loss: 0.0489 | tv_loss: 2022.0944 | boundary_weight_mean: 2.3046
2026-07-08 22:32:37,173:INFO:epoch: 13 | loss: 0.5501 | bce: 0.2828 | raw_bce: 0.2645 | dice_loss: 0.2624 | distance_loss: 0.0483 | tv_loss: 2024.6048 | boundary_weight_mean: 2.2992
2026-07-08 22:33:13,997:INFO:epoch: 14 | loss: 0.5400 | bce: 0.2780 | raw_bce: 0.2612 | dice_loss: 0.2573 | distance_loss: 0.0472 | tv_loss: 2024.9288 | boundary_weight_mean: 2.3179
2026-07-08 22:34:18,783:INFO:epoch: 15 | loss: 0.5415 | bce: 0.2788 | raw_bce: 0.2610 | dice_loss: 0.2580 | distance_loss: 0.0471 | tv_loss: 2025.1219 | boundary_weight_mean: 2.3022 | eval_loss: 0.6510 | eval_bce: 0.3520 | eval_raw_bce: 0.2693 | eval_dice_loss: 0.2938 | eval_distance_loss: 0.0519 | eval_tv_loss: 1868.0496 | eval_boundary_weight_mean: 1.7777 | eval_pixel_iou: 0.7811 | eval_miou: 0.7430 | eval_boundary_iou: 0.3453
2026-07-08 22:34:55,841:INFO:epoch: 16 | loss: 0.5364 | bce: 0.2765 | raw_bce: 0.2592 | dice_loss: 0.2552 | distance_loss: 0.0459 | tv_loss: 2022.8934 | boundary_weight_mean: 2.3129
2026-07-08 22:35:32,872:INFO:epoch: 17 | loss: 0.5352 | bce: 0.2764 | raw_bce: 0.2579 | dice_loss: 0.2543 | distance_loss: 0.0458 | tv_loss: 2032.8485 | boundary_weight_mean: 2.3046
2026-07-08 22:36:09,836:INFO:epoch: 18 | loss: 0.5311 | bce: 0.2742 | raw_bce: 0.2560 | dice_loss: 0.2524 | distance_loss: 0.0450 | tv_loss: 2031.8367 | boundary_weight_mean: 2.3121
2026-07-08 22:36:46,898:INFO:epoch: 19 | loss: 0.5314 | bce: 0.2741 | raw_bce: 0.2564 | dice_loss: 0.2528 | distance_loss: 0.0453 | tv_loss: 2039.9855 | boundary_weight_mean: 2.3121
2026-07-08 22:37:26,627:INFO:epoch: 20 | loss: 0.5318 | bce: 0.2750 | raw_bce: 0.2561 | dice_loss: 0.2523 | distance_loss: 0.0452 | tv_loss: 2035.6142 | boundary_weight_mean: 2.3016 | eval_loss: 0.6375 | eval_bce: 0.3390 | eval_raw_bce: 0.2555 | eval_dice_loss: 0.2936 | eval_distance_loss: 0.0478 | eval_tv_loss: 1803.6059 | eval_boundary_weight_mean: 1.7777 | eval_pixel_iou: 0.7873 | eval_miou: 0.7542 | eval_boundary_iou: 0.3699
2026-07-08 22:38:03,424:INFO:epoch: 21 | loss: 0.5296 | bce: 0.2719 | raw_bce: 0.2527 | dice_loss: 0.2533 | distance_loss: 0.0443 | tv_loss: 2029.1949 | boundary_weight_mean: 2.3019
2026-07-08 22:38:40,350:INFO:epoch: 22 | loss: 0.5253 | bce: 0.2722 | raw_bce: 0.2534 | dice_loss: 0.2487 | distance_loss: 0.0444 | tv_loss: 2021.5949 | boundary_weight_mean: 2.3099
2026-07-08 22:39:17,114:INFO:epoch: 23 | loss: 0.5254 | bce: 0.2708 | raw_bce: 0.2517 | dice_loss: 0.2503 | distance_loss: 0.0437 | tv_loss: 2036.5135 | boundary_weight_mean: 2.3083
2026-07-08 22:39:54,206:INFO:epoch: 24 | loss: 0.5219 | bce: 0.2694 | raw_bce: 0.2507 | dice_loss: 0.2481 | distance_loss: 0.0433 | tv_loss: 2046.9591 | boundary_weight_mean: 2.3107
2026-07-08 22:40:33,473:INFO:epoch: 25 | loss: 0.5191 | bce: 0.2694 | raw_bce: 0.2503 | dice_loss: 0.2454 | distance_loss: 0.0431 | tv_loss: 2040.1566 | boundary_weight_mean: 2.3097 | eval_loss: 0.6438 | eval_bce: 0.3474 | eval_raw_bce: 0.2598 | eval_dice_loss: 0.2917 | eval_distance_loss: 0.0472 | eval_tv_loss: 1839.1771 | eval_boundary_weight_mean: 1.7777 | eval_pixel_iou: 0.7844 | eval_miou: 0.7530 | eval_boundary_iou: 0.3647
2026-07-08 22:41:10,641:INFO:epoch: 26 | loss: 0.5189 | bce: 0.2666 | raw_bce: 0.2475 | dice_loss: 0.2481 | distance_loss: 0.0428 | tv_loss: 2039.4935 | boundary_weight_mean: 2.3157
2026-07-08 22:41:47,660:INFO:epoch: 27 | loss: 0.5136 | bce: 0.2665 | raw_bce: 0.2467 | dice_loss: 0.2429 | distance_loss: 0.0427 | tv_loss: 2039.9533 | boundary_weight_mean: 2.3067
2026-07-08 22:42:24,677:INFO:epoch: 28 | loss: 0.5174 | bce: 0.2687 | raw_bce: 0.2485 | dice_loss: 0.2445 | distance_loss: 0.0426 | tv_loss: 2052.9585 | boundary_weight_mean: 2.3059
2026-07-08 22:43:01,663:INFO:epoch: 29 | loss: 0.5150 | bce: 0.2671 | raw_bce: 0.2477 | dice_loss: 0.2437 | distance_loss: 0.0422 | tv_loss: 2042.0496 | boundary_weight_mean: 2.3098
2026-07-08 22:43:41,108:INFO:epoch: 30 | loss: 0.5118 | bce: 0.2644 | raw_bce: 0.2444 | dice_loss: 0.2433 | distance_loss: 0.0417 | tv_loss: 2040.2802 | boundary_weight_mean: 2.3124 | eval_loss: 0.6316 | eval_bce: 0.3375 | eval_raw_bce: 0.2588 | eval_dice_loss: 0.2893 | eval_distance_loss: 0.0478 | eval_tv_loss: 1886.6512 | eval_boundary_weight_mean: 1.7777 | eval_pixel_iou: 0.7889 | eval_miou: 0.7493 | eval_boundary_iou: 0.3601
2026-07-08 22:44:17,947:INFO:epoch: 31 | loss: 0.5132 | bce: 0.2668 | raw_bce: 0.2459 | dice_loss: 0.2422 | distance_loss: 0.0420 | tv_loss: 2045.0923 | boundary_weight_mean: 2.3022
2026-07-08 22:44:55,046:INFO:epoch: 32 | loss: 0.5120 | bce: 0.2654 | raw_bce: 0.2448 | dice_loss: 0.2424 | distance_loss: 0.0418 | tv_loss: 2051.0192 | boundary_weight_mean: 2.3024
2026-07-08 22:45:32,139:INFO:epoch: 33 | loss: 0.5088 | bce: 0.2635 | raw_bce: 0.2438 | dice_loss: 0.2412 | distance_loss: 0.0411 | tv_loss: 2049.2982 | boundary_weight_mean: 2.3132
2026-07-08 22:46:09,184:INFO:epoch: 34 | loss: 0.5089 | bce: 0.2633 | raw_bce: 0.2436 | dice_loss: 0.2415 | distance_loss: 0.0413 | tv_loss: 2048.9799 | boundary_weight_mean: 2.3101
2026-07-08 22:46:48,570:INFO:epoch: 35 | loss: 0.5073 | bce: 0.2628 | raw_bce: 0.2418 | dice_loss: 0.2404 | distance_loss: 0.0411 | tv_loss: 2047.1335 | boundary_weight_mean: 2.3081 | eval_loss: 0.6308 | eval_bce: 0.3393 | eval_raw_bce: 0.2595 | eval_dice_loss: 0.2868 | eval_distance_loss: 0.0468 | eval_tv_loss: 1849.6570 | eval_boundary_weight_mean: 1.7777 | eval_pixel_iou: 0.7906 | eval_miou: 0.7549 | eval_boundary_iou: 0.3684
2026-07-08 22:47:25,499:INFO:epoch: 36 | loss: 0.5062 | bce: 0.2622 | raw_bce: 0.2427 | dice_loss: 0.2399 | distance_loss: 0.0408 | tv_loss: 2041.4397 | boundary_weight_mean: 2.3190
2026-07-08 22:48:02,510:INFO:epoch: 37 | loss: 0.5083 | bce: 0.2650 | raw_bce: 0.2430 | dice_loss: 0.2392 | distance_loss: 0.0413 | tv_loss: 2048.0583 | boundary_weight_mean: 2.2937
2026-07-08 22:48:39,524:INFO:epoch: 38 | loss: 0.5063 | bce: 0.2633 | raw_bce: 0.2422 | dice_loss: 0.2390 | distance_loss: 0.0408 | tv_loss: 2046.5779 | boundary_weight_mean: 2.3065
2026-07-08 22:49:16,622:INFO:epoch: 39 | loss: 0.5035 | bce: 0.2610 | raw_bce: 0.2406 | dice_loss: 0.2384 | distance_loss: 0.0405 | tv_loss: 2044.9448 | boundary_weight_mean: 2.3172
2026-07-08 22:49:56,079:INFO:epoch: 40 | loss: 0.5053 | bce: 0.2611 | raw_bce: 0.2412 | dice_loss: 0.2401 | distance_loss: 0.0407 | tv_loss: 2038.9491 | boundary_weight_mean: 2.3172 | eval_loss: 0.6293 | eval_bce: 0.3381 | eval_raw_bce: 0.2578 | eval_dice_loss: 0.2866 | eval_distance_loss: 0.0466 | eval_tv_loss: 1869.3879 | eval_boundary_weight_mean: 1.7777 | eval_pixel_iou: 0.7903 | eval_miou: 0.7555 | eval_boundary_iou: 0.3691
2026-07-08 22:50:32,802:INFO:epoch: 41 | loss: 0.5069 | bce: 0.2644 | raw_bce: 0.2432 | dice_loss: 0.2384 | distance_loss: 0.0408 | tv_loss: 2051.2401 | boundary_weight_mean: 2.3074
2026-07-08 22:51:09,753:INFO:epoch: 42 | loss: 0.5042 | bce: 0.2606 | raw_bce: 0.2392 | dice_loss: 0.2396 | distance_loss: 0.0406 | tv_loss: 2041.2390 | boundary_weight_mean: 2.3087
2026-07-08 22:51:46,657:INFO:epoch: 43 | loss: 0.5077 | bce: 0.2632 | raw_bce: 0.2420 | dice_loss: 0.2405 | distance_loss: 0.0408 | tv_loss: 2045.8136 | boundary_weight_mean: 2.3055
2026-07-08 22:52:23,672:INFO:epoch: 44 | loss: 0.5054 | bce: 0.2621 | raw_bce: 0.2415 | dice_loss: 0.2392 | distance_loss: 0.0407 | tv_loss: 2045.8347 | boundary_weight_mean: 2.3128
2026-07-08 22:53:03,049:INFO:epoch: 45 | loss: 0.5054 | bce: 0.2639 | raw_bce: 0.2421 | dice_loss: 0.2374 | distance_loss: 0.0409 | tv_loss: 2040.3718 | boundary_weight_mean: 2.3032 | eval_loss: 0.6308 | eval_bce: 0.3403 | eval_raw_bce: 0.2592 | eval_dice_loss: 0.2858 | eval_distance_loss: 0.0463 | eval_tv_loss: 1867.3646 | eval_boundary_weight_mean: 1.7777 | eval_pixel_iou: 0.7902 | eval_miou: 0.7554 | eval_boundary_iou: 0.3689
2026-07-08 22:53:40,126:INFO:epoch: 46 | loss: 0.5073 | bce: 0.2624 | raw_bce: 0.2428 | dice_loss: 0.2409 | distance_loss: 0.0408 | tv_loss: 2048.7548 | boundary_weight_mean: 2.3139
2026-07-08 22:54:17,053:INFO:epoch: 47 | loss: 0.5021 | bce: 0.2608 | raw_bce: 0.2407 | dice_loss: 0.2372 | distance_loss: 0.0405 | tv_loss: 2038.9559 | boundary_weight_mean: 2.3194
2026-07-08 22:54:54,106:INFO:epoch: 48 | loss: 0.5050 | bce: 0.2626 | raw_bce: 0.2421 | dice_loss: 0.2382 | distance_loss: 0.0409 | tv_loss: 2050.5332 | boundary_weight_mean: 2.3120
2026-07-08 22:55:30,983:INFO:epoch: 49 | loss: 0.5063 | bce: 0.2618 | raw_bce: 0.2424 | dice_loss: 0.2405 | distance_loss: 0.0410 | tv_loss: 2048.9241 | boundary_weight_mean: 2.3158
2026-07-08 22:56:10,605:INFO:epoch: 50 | loss: 0.5057 | bce: 0.2619 | raw_bce: 0.2426 | dice_loss: 0.2397 | distance_loss: 0.0408 | tv_loss: 2040.5809 | boundary_weight_mean: 2.3187 | eval_loss: 0.6290 | eval_bce: 0.3367 | eval_raw_bce: 0.2560 | eval_dice_loss: 0.2877 | eval_distance_loss: 0.0464 | eval_tv_loss: 1873.3872 | eval_boundary_weight_mean: 1.7777 | eval_pixel_iou: 0.7902 | eval_miou: 0.7555 | eval_boundary_iou: 0.3697
