2026-07-11 20:24:21,059:INFO:DualHeadUNet(
  (inc): DoubleConv(
    (block): Sequential(
      (0): Conv2d(8, 32, kernel_size=(3, 3), stride=(1, 1), padding=(1, 1), bias=False)
      (1): BatchNorm2d(32, eps=1e-05, momentum=0.1, affine=True, track_running_stats=True)
      (2): ReLU(inplace=True)
      (3): Conv2d(32, 32, kernel_size=(3, 3), stride=(1, 1), padding=(1, 1), bias=False)
      (4): BatchNorm2d(32, eps=1e-05, momentum=0.1, affine=True, track_running_stats=True)
      (5): ReLU(inplace=True)
    )
  )
  (down1): Down(
    (block): Sequential(
      (0): MaxPool2d(kernel_size=2, stride=2, padding=0, dilation=1, ceil_mode=False)
      (1): DoubleConv(
        (block): Sequential(
          (0): Conv2d(32, 64, kernel_size=(3, 3), stride=(1, 1), padding=(1, 1), bias=False)
          (1): BatchNorm2d(64, eps=1e-05, momentum=0.1, affine=True, track_running_stats=True)
          (2): ReLU(inplace=True)
          (3): Conv2d(64, 64, kernel_size=(3, 3), stride=(1, 1), padding=(1, 1), bias=False)
          (4): BatchNorm2d(64, eps=1e-05, momentum=0.1, affine=True, track_running_stats=True)
          (5): ReLU(inplace=True)
        )
      )
    )
  )
  (down2): Down(
    (block): Sequential(
      (0): MaxPool2d(kernel_size=2, stride=2, padding=0, dilation=1, ceil_mode=False)
      (1): DoubleConv(
        (block): Sequential(
          (0): Conv2d(64, 128, kernel_size=(3, 3), stride=(1, 1), padding=(1, 1), bias=False)
          (1): BatchNorm2d(128, eps=1e-05, momentum=0.1, affine=True, track_running_stats=True)
          (2): ReLU(inplace=True)
          (3): Conv2d(128, 128, kernel_size=(3, 3), stride=(1, 1), padding=(1, 1), bias=False)
          (4): BatchNorm2d(128, eps=1e-05, momentum=0.1, affine=True, track_running_stats=True)
          (5): ReLU(inplace=True)
        )
      )
    )
  )
  (down3): Down(
    (block): Sequential(
      (0): MaxPool2d(kernel_size=2, stride=2, padding=0, dilation=1, ceil_mode=False)
      (1): DoubleConv(
        (block): Sequential(
          (0): Conv2d(128, 256, kernel_size=(3, 3), stride=(1, 1), padding=(1, 1), bias=False)
          (1): BatchNorm2d(256, eps=1e-05, momentum=0.1, affine=True, track_running_stats=True)
          (2): ReLU(inplace=True)
          (3): Conv2d(256, 256, kernel_size=(3, 3), stride=(1, 1), padding=(1, 1), bias=False)
          (4): BatchNorm2d(256, eps=1e-05, momentum=0.1, affine=True, track_running_stats=True)
          (5): ReLU(inplace=True)
        )
      )
    )
  )
  (down4): Down(
    (block): Sequential(
      (0): MaxPool2d(kernel_size=2, stride=2, padding=0, dilation=1, ceil_mode=False)
      (1): DoubleConv(
        (block): Sequential(
          (0): Conv2d(256, 512, kernel_size=(3, 3), stride=(1, 1), padding=(1, 1), bias=False)
          (1): BatchNorm2d(512, eps=1e-05, momentum=0.1, affine=True, track_running_stats=True)
          (2): ReLU(inplace=True)
          (3): Conv2d(512, 512, kernel_size=(3, 3), stride=(1, 1), padding=(1, 1), bias=False)
          (4): BatchNorm2d(512, eps=1e-05, momentum=0.1, affine=True, track_running_stats=True)
          (5): ReLU(inplace=True)
        )
      )
    )
  )
  (up1): Up(
    (up): ConvTranspose2d(512, 256, kernel_size=(2, 2), stride=(2, 2))
    (conv): DoubleConv(
      (block): Sequential(
        (0): Conv2d(512, 256, kernel_size=(3, 3), stride=(1, 1), padding=(1, 1), bias=False)
        (1): BatchNorm2d(256, eps=1e-05, momentum=0.1, affine=True, track_running_stats=True)
        (2): ReLU(inplace=True)
        (3): Conv2d(256, 256, kernel_size=(3, 3), stride=(1, 1), padding=(1, 1), bias=False)
        (4): BatchNorm2d(256, eps=1e-05, momentum=0.1, affine=True, track_running_stats=True)
        (5): ReLU(inplace=True)
      )
    )
  )
  (up2): Up(
    (up): ConvTranspose2d(256, 128, kernel_size=(2, 2), stride=(2, 2))
    (conv): DoubleConv(
      (block): Sequential(
        (0): Conv2d(256, 128, kernel_size=(3, 3), stride=(1, 1), padding=(1, 1), bias=False)
        (1): BatchNorm2d(128, eps=1e-05, momentum=0.1, affine=True, track_running_stats=True)
        (2): ReLU(inplace=True)
        (3): Conv2d(128, 128, kernel_size=(3, 3), stride=(1, 1), padding=(1, 1), bias=False)
        (4): BatchNorm2d(128, eps=1e-05, momentum=0.1, affine=True, track_running_stats=True)
        (5): ReLU(inplace=True)
      )
    )
  )
  (up3): Up(
    (up): ConvTranspose2d(128, 64, kernel_size=(2, 2), stride=(2, 2))
    (conv): DoubleConv(
      (block): Sequential(
        (0): Conv2d(128, 64, kernel_size=(3, 3), stride=(1, 1), padding=(1, 1), bias=False)
        (1): BatchNorm2d(64, eps=1e-05, momentum=0.1, affine=True, track_running_stats=True)
        (2): ReLU(inplace=True)
        (3): Conv2d(64, 64, kernel_size=(3, 3), stride=(1, 1), padding=(1, 1), bias=False)
        (4): BatchNorm2d(64, eps=1e-05, momentum=0.1, affine=True, track_running_stats=True)
        (5): ReLU(inplace=True)
      )
    )
  )
  (up4): Up(
    (up): ConvTranspose2d(64, 32, kernel_size=(2, 2), stride=(2, 2))
    (conv): DoubleConv(
      (block): Sequential(
        (0): Conv2d(64, 32, kernel_size=(3, 3), stride=(1, 1), padding=(1, 1), bias=False)
        (1): BatchNorm2d(32, eps=1e-05, momentum=0.1, affine=True, track_running_stats=True)
        (2): ReLU(inplace=True)
        (3): Conv2d(32, 32, kernel_size=(3, 3), stride=(1, 1), padding=(1, 1), bias=False)
        (4): BatchNorm2d(32, eps=1e-05, momentum=0.1, affine=True, track_running_stats=True)
        (5): ReLU(inplace=True)
      )
    )
  )
  (mask_head): Conv2d(32, 1, kernel_size=(1, 1), stride=(1, 1))
  (distance_head): Sequential(
    (0): Conv2d(32, 32, kernel_size=(3, 3), stride=(1, 1), padding=(1, 1), bias=False)
    (1): BatchNorm2d(32, eps=1e-05, momentum=0.1, affine=True, track_running_stats=True)
    (2): ReLU(inplace=True)
    (3): Conv2d(32, 1, kernel_size=(1, 1), stride=(1, 1))
  )
)
Trainable parameters by tensor:
  inc.block.0.weight: 2,304
  inc.block.1.weight: 32
  inc.block.1.bias: 32
  inc.block.3.weight: 9,216
  inc.block.4.weight: 32
  inc.block.4.bias: 32
  down1.block.1.block.0.weight: 18,432
  down1.block.1.block.1.weight: 64
  down1.block.1.block.1.bias: 64
  down1.block.1.block.3.weight: 36,864
  down1.block.1.block.4.weight: 64
  down1.block.1.block.4.bias: 64
  down2.block.1.block.0.weight: 73,728
  down2.block.1.block.1.weight: 128
  down2.block.1.block.1.bias: 128
  down2.block.1.block.3.weight: 147,456
  down2.block.1.block.4.weight: 128
  down2.block.1.block.4.bias: 128
  down3.block.1.block.0.weight: 294,912
  down3.block.1.block.1.weight: 256
  down3.block.1.block.1.bias: 256
  down3.block.1.block.3.weight: 589,824
  down3.block.1.block.4.weight: 256
  down3.block.1.block.4.bias: 256
  down4.block.1.block.0.weight: 1,179,648
  down4.block.1.block.1.weight: 512
  down4.block.1.block.1.bias: 512
  down4.block.1.block.3.weight: 2,359,296
  down4.block.1.block.4.weight: 512
  down4.block.1.block.4.bias: 512
  up1.up.weight: 524,288
  up1.up.bias: 256
  up1.conv.block.0.weight: 1,179,648
  up1.conv.block.1.weight: 256
  up1.conv.block.1.bias: 256
  up1.conv.block.3.weight: 589,824
  up1.conv.block.4.weight: 256
  up1.conv.block.4.bias: 256
  up2.up.weight: 131,072
  up2.up.bias: 128
  up2.conv.block.0.weight: 294,912
  up2.conv.block.1.weight: 128
  up2.conv.block.1.bias: 128
  up2.conv.block.3.weight: 147,456
  up2.conv.block.4.weight: 128
  up2.conv.block.4.bias: 128
  up3.up.weight: 32,768
  up3.up.bias: 64
  up3.conv.block.0.weight: 73,728
  up3.conv.block.1.weight: 64
  up3.conv.block.1.bias: 64
  up3.conv.block.3.weight: 36,864
  up3.conv.block.4.weight: 64
  up3.conv.block.4.bias: 64
  up4.up.weight: 8,192
  up4.up.bias: 32
  up4.conv.block.0.weight: 18,432
  up4.conv.block.1.weight: 32
  up4.conv.block.1.bias: 32
  up4.conv.block.3.weight: 9,216
  up4.conv.block.4.weight: 32
  up4.conv.block.4.bias: 32
  mask_head.weight: 32
  mask_head.bias: 1
  distance_head.0.weight: 9,216
  distance_head.1.weight: 32
  distance_head.1.bias: 32
  distance_head.3.weight: 32
  distance_head.3.bias: 1
Total trainable parameters: 7,773,794
2026-07-11 20:24:21,063:INFO:------------ New Training Session ------------
2026-07-11 20:24:58,479:INFO:epoch: 1 | loss: 0.8163 | bce: 0.4033 | raw_bce: 0.4217 | dice_loss: 0.4047 | distance_loss: 0.0832 | tv_loss: 2167.2763 | boundary_weight_mean: 8.2438
2026-07-11 20:25:37,930:INFO:epoch: 2 | loss: 0.6958 | bce: 0.3456 | raw_bce: 0.3372 | dice_loss: 0.3435 | distance_loss: 0.0666 | tv_loss: 2053.5354 | boundary_weight_mean: 8.2391 | eval_loss: 0.7783 | eval_bce: 0.4012 | eval_raw_bce: 0.3118 | eval_dice_loss: 0.3699 | eval_distance_loss: 0.0721 | eval_tv_loss: 1890.7559 | eval_boundary_weight_mean: 6.1452 | eval_pixel_iou: 0.7424 | eval_miou: 0.7038 | eval_boundary_iou: 0.2543
2026-07-11 20:26:14,928:INFO:epoch: 3 | loss: 0.6523 | bce: 0.3290 | raw_bce: 0.3099 | dice_loss: 0.3171 | distance_loss: 0.0615 | tv_loss: 2065.1270 | boundary_weight_mean: 8.2531
2026-07-11 20:26:54,652:INFO:epoch: 4 | loss: 0.6264 | bce: 0.3209 | raw_bce: 0.2967 | dice_loss: 0.2997 | distance_loss: 0.0589 | tv_loss: 2060.3800 | boundary_weight_mean: 8.2361 | eval_loss: 0.7359 | eval_bce: 0.4033 | eval_raw_bce: 0.2978 | eval_dice_loss: 0.3264 | eval_distance_loss: 0.0622 | eval_tv_loss: 1813.9124 | eval_boundary_weight_mean: 6.1452 | eval_pixel_iou: 0.7664 | eval_miou: 0.7222 | eval_boundary_iou: 0.2807
2026-07-11 20:27:31,984:INFO:epoch: 5 | loss: 0.6083 | bce: 0.3145 | raw_bce: 0.2854 | dice_loss: 0.2882 | distance_loss: 0.0563 | tv_loss: 2034.0610 | boundary_weight_mean: 8.1928
2026-07-11 20:28:11,579:INFO:epoch: 6 | loss: 0.5993 | bce: 0.3127 | raw_bce: 0.2822 | dice_loss: 0.2811 | distance_loss: 0.0549 | tv_loss: 2045.9252 | boundary_weight_mean: 8.1982 | eval_loss: 0.7009 | eval_bce: 0.3760 | eval_raw_bce: 0.2861 | eval_dice_loss: 0.3190 | eval_distance_loss: 0.0582 | eval_tv_loss: 1902.4359 | eval_boundary_weight_mean: 6.1452 | eval_pixel_iou: 0.7670 | eval_miou: 0.7210 | eval_boundary_iou: 0.3097
2026-07-11 20:28:48,526:INFO:epoch: 7 | loss: 0.5881 | bce: 0.3065 | raw_bce: 0.2777 | dice_loss: 0.2763 | distance_loss: 0.0528 | tv_loss: 2040.9958 | boundary_weight_mean: 8.2521
2026-07-11 20:29:28,417:INFO:epoch: 8 | loss: 0.5816 | bce: 0.3047 | raw_bce: 0.2756 | dice_loss: 0.2717 | distance_loss: 0.0516 | tv_loss: 2058.4439 | boundary_weight_mean: 8.2184 | eval_loss: 0.7006 | eval_bce: 0.3839 | eval_raw_bce: 0.2811 | eval_dice_loss: 0.3111 | eval_distance_loss: 0.0557 | eval_tv_loss: 1835.5338 | eval_boundary_weight_mean: 6.1452 | eval_pixel_iou: 0.7717 | eval_miou: 0.7392 | eval_boundary_iou: 0.3244
2026-07-11 20:30:05,577:INFO:epoch: 9 | loss: 0.5745 | bce: 0.3011 | raw_bce: 0.2728 | dice_loss: 0.2684 | distance_loss: 0.0504 | tv_loss: 2051.8337 | boundary_weight_mean: 8.2573
2026-07-11 20:30:45,252:INFO:epoch: 10 | loss: 0.5719 | bce: 0.3001 | raw_bce: 0.2691 | dice_loss: 0.2669 | distance_loss: 0.0496 | tv_loss: 2050.2733 | boundary_weight_mean: 8.2163 | eval_loss: 0.6882 | eval_bce: 0.3693 | eval_raw_bce: 0.2647 | eval_dice_loss: 0.3137 | eval_distance_loss: 0.0531 | eval_tv_loss: 1875.2052 | eval_boundary_weight_mean: 6.1452 | eval_pixel_iou: 0.7740 | eval_miou: 0.7448 | eval_boundary_iou: 0.3586
2026-07-11 20:31:22,202:INFO:epoch: 11 | loss: 0.5691 | bce: 0.2997 | raw_bce: 0.2677 | dice_loss: 0.2644 | distance_loss: 0.0498 | tv_loss: 2051.7124 | boundary_weight_mean: 8.1835
2026-07-11 20:32:01,746:INFO:epoch: 12 | loss: 0.5658 | bce: 0.2985 | raw_bce: 0.2676 | dice_loss: 0.2624 | distance_loss: 0.0489 | tv_loss: 2065.4068 | boundary_weight_mean: 8.1938 | eval_loss: 0.6676 | eval_bce: 0.3603 | eval_raw_bce: 0.2648 | eval_dice_loss: 0.3021 | eval_distance_loss: 0.0519 | eval_tv_loss: 1839.5999 | eval_boundary_weight_mean: 6.1452 | eval_pixel_iou: 0.7832 | eval_miou: 0.7526 | eval_boundary_iou: 0.3519
2026-07-11 20:32:38,853:INFO:epoch: 13 | loss: 0.5624 | bce: 0.2962 | raw_bce: 0.2665 | dice_loss: 0.2614 | distance_loss: 0.0485 | tv_loss: 2064.2827 | boundary_weight_mean: 8.2081
2026-07-11 20:33:18,676:INFO:epoch: 14 | loss: 0.5565 | bce: 0.2915 | raw_bce: 0.2642 | dice_loss: 0.2602 | distance_loss: 0.0475 | tv_loss: 2063.6139 | boundary_weight_mean: 8.2994 | eval_loss: 0.6676 | eval_bce: 0.3599 | eval_raw_bce: 0.2597 | eval_dice_loss: 0.3028 | eval_distance_loss: 0.0493 | eval_tv_loss: 1855.4835 | eval_boundary_weight_mean: 6.1452 | eval_pixel_iou: 0.7828 | eval_miou: 0.7516 | eval_boundary_iou: 0.3609
2026-07-11 20:33:55,645:INFO:epoch: 15 | loss: 0.5529 | bce: 0.2931 | raw_bce: 0.2624 | dice_loss: 0.2551 | distance_loss: 0.0468 | tv_loss: 2068.8327 | boundary_weight_mean: 8.2129
2026-07-11 20:34:35,584:INFO:epoch: 16 | loss: 0.5495 | bce: 0.2903 | raw_bce: 0.2606 | dice_loss: 0.2546 | distance_loss: 0.0462 | tv_loss: 2062.7490 | boundary_weight_mean: 8.2415 | eval_loss: 0.6687 | eval_bce: 0.3710 | eval_raw_bce: 0.2684 | eval_dice_loss: 0.2928 | eval_distance_loss: 0.0491 | eval_tv_loss: 1894.4857 | eval_boundary_weight_mean: 6.1452 | eval_pixel_iou: 0.7843 | eval_miou: 0.7538 | eval_boundary_iou: 0.3676
2026-07-11 20:35:12,877:INFO:epoch: 17 | loss: 0.5497 | bce: 0.2902 | raw_bce: 0.2612 | dice_loss: 0.2547 | distance_loss: 0.0466 | tv_loss: 2065.7404 | boundary_weight_mean: 8.2348
2026-07-11 20:35:52,353:INFO:epoch: 18 | loss: 0.5483 | bce: 0.2896 | raw_bce: 0.2602 | dice_loss: 0.2541 | distance_loss: 0.0459 | tv_loss: 2063.8176 | boundary_weight_mean: 8.2452 | eval_loss: 0.6646 | eval_bce: 0.3707 | eval_raw_bce: 0.2765 | eval_dice_loss: 0.2889 | eval_distance_loss: 0.0493 | eval_tv_loss: 1867.9639 | eval_boundary_weight_mean: 6.1452 | eval_pixel_iou: 0.7850 | eval_miou: 0.7455 | eval_boundary_iou: 0.3426
2026-07-11 20:36:29,613:INFO:epoch: 19 | loss: 0.5460 | bce: 0.2890 | raw_bce: 0.2583 | dice_loss: 0.2525 | distance_loss: 0.0455 | tv_loss: 2067.3759 | boundary_weight_mean: 8.2482
2026-07-11 20:37:09,222:INFO:epoch: 20 | loss: 0.5440 | bce: 0.2859 | raw_bce: 0.2566 | dice_loss: 0.2535 | distance_loss: 0.0452 | tv_loss: 2066.1068 | boundary_weight_mean: 8.2590 | eval_loss: 0.6610 | eval_bce: 0.3577 | eval_raw_bce: 0.2580 | eval_dice_loss: 0.2985 | eval_distance_loss: 0.0486 | eval_tv_loss: 1922.8846 | eval_boundary_weight_mean: 6.1452 | eval_pixel_iou: 0.7846 | eval_miou: 0.7508 | eval_boundary_iou: 0.3599
2026-07-11 20:37:46,177:INFO:epoch: 21 | loss: 0.5403 | bce: 0.2855 | raw_bce: 0.2554 | dice_loss: 0.2504 | distance_loss: 0.0447 | tv_loss: 2068.4961 | boundary_weight_mean: 8.2429
2026-07-11 20:38:25,738:INFO:epoch: 22 | loss: 0.5393 | bce: 0.2868 | raw_bce: 0.2555 | dice_loss: 0.2480 | distance_loss: 0.0440 | tv_loss: 2077.6518 | boundary_weight_mean: 8.2304 | eval_loss: 0.6571 | eval_bce: 0.3620 | eval_raw_bce: 0.2636 | eval_dice_loss: 0.2904 | eval_distance_loss: 0.0475 | eval_tv_loss: 1899.7559 | eval_boundary_weight_mean: 6.1452 | eval_pixel_iou: 0.7853 | eval_miou: 0.7465 | eval_boundary_iou: 0.3630
2026-07-11 20:39:02,754:INFO:epoch: 23 | loss: 0.5356 | bce: 0.2833 | raw_bce: 0.2533 | dice_loss: 0.2479 | distance_loss: 0.0434 | tv_loss: 2059.1818 | boundary_weight_mean: 8.2554
2026-07-11 20:39:42,493:INFO:epoch: 24 | loss: 0.5329 | bce: 0.2830 | raw_bce: 0.2519 | dice_loss: 0.2456 | distance_loss: 0.0433 | tv_loss: 2054.8857 | boundary_weight_mean: 8.2239 | eval_loss: 0.6525 | eval_bce: 0.3632 | eval_raw_bce: 0.2652 | eval_dice_loss: 0.2846 | eval_distance_loss: 0.0468 | eval_tv_loss: 1895.7323 | eval_boundary_weight_mean: 6.1452 | eval_pixel_iou: 0.7886 | eval_miou: 0.7577 | eval_boundary_iou: 0.3733
2026-07-11 20:40:19,388:INFO:epoch: 25 | loss: 0.5354 | bce: 0.2850 | raw_bce: 0.2532 | dice_loss: 0.2460 | distance_loss: 0.0434 | tv_loss: 2062.1964 | boundary_weight_mean: 8.2211
2026-07-11 20:40:59,013:INFO:epoch: 26 | loss: 0.5317 | bce: 0.2815 | raw_bce: 0.2514 | dice_loss: 0.2459 | distance_loss: 0.0428 | tv_loss: 2061.5016 | boundary_weight_mean: 8.2698 | eval_loss: 0.6564 | eval_bce: 0.3631 | eval_raw_bce: 0.2617 | eval_dice_loss: 0.2887 | eval_distance_loss: 0.0467 | eval_tv_loss: 1844.4654 | eval_boundary_weight_mean: 6.1452 | eval_pixel_iou: 0.7874 | eval_miou: 0.7538 | eval_boundary_iou: 0.3587
2026-07-11 20:41:35,962:INFO:epoch: 27 | loss: 0.5308 | bce: 0.2825 | raw_bce: 0.2500 | dice_loss: 0.2441 | distance_loss: 0.0424 | tv_loss: 2061.2221 | boundary_weight_mean: 8.2102
2026-07-11 20:42:15,272:INFO:epoch: 28 | loss: 0.5293 | bce: 0.2811 | raw_bce: 0.2500 | dice_loss: 0.2440 | distance_loss: 0.0426 | tv_loss: 2061.5423 | boundary_weight_mean: 8.2251 | eval_loss: 0.6549 | eval_bce: 0.3625 | eval_raw_bce: 0.2627 | eval_dice_loss: 0.2877 | eval_distance_loss: 0.0467 | eval_tv_loss: 1879.5540 | eval_boundary_weight_mean: 6.1452 | eval_pixel_iou: 0.7879 | eval_miou: 0.7510 | eval_boundary_iou: 0.3607
2026-07-11 20:42:52,294:INFO:epoch: 29 | loss: 0.5264 | bce: 0.2792 | raw_bce: 0.2476 | dice_loss: 0.2431 | distance_loss: 0.0414 | tv_loss: 2059.6031 | boundary_weight_mean: 8.2492
2026-07-11 20:43:31,630:INFO:epoch: 30 | loss: 0.5264 | bce: 0.2787 | raw_bce: 0.2487 | dice_loss: 0.2436 | distance_loss: 0.0419 | tv_loss: 2069.3240 | boundary_weight_mean: 8.2284 | eval_loss: 0.6491 | eval_bce: 0.3568 | eval_raw_bce: 0.2605 | eval_dice_loss: 0.2877 | eval_distance_loss: 0.0465 | eval_tv_loss: 1870.8217 | eval_boundary_weight_mean: 6.1452 | eval_pixel_iou: 0.7886 | eval_miou: 0.7566 | eval_boundary_iou: 0.3731
2026-07-11 20:44:08,834:INFO:epoch: 31 | loss: 0.5275 | bce: 0.2798 | raw_bce: 0.2468 | dice_loss: 0.2436 | distance_loss: 0.0418 | tv_loss: 2071.2979 | boundary_weight_mean: 8.2054
2026-07-11 20:44:48,924:INFO:epoch: 32 | loss: 0.5231 | bce: 0.2786 | raw_bce: 0.2462 | dice_loss: 0.2403 | distance_loss: 0.0413 | tv_loss: 2065.1585 | boundary_weight_mean: 8.2355 | eval_loss: 0.6470 | eval_bce: 0.3567 | eval_raw_bce: 0.2595 | eval_dice_loss: 0.2857 | eval_distance_loss: 0.0460 | eval_tv_loss: 1912.6253 | eval_boundary_weight_mean: 6.1452 | eval_pixel_iou: 0.7892 | eval_miou: 0.7563 | eval_boundary_iou: 0.3747
2026-07-11 20:45:26,228:INFO:epoch: 33 | loss: 0.5228 | bce: 0.2771 | raw_bce: 0.2448 | dice_loss: 0.2416 | distance_loss: 0.0411 | tv_loss: 2054.6817 | boundary_weight_mean: 8.2231
2026-07-11 20:46:05,830:INFO:epoch: 34 | loss: 0.5198 | bce: 0.2769 | raw_bce: 0.2464 | dice_loss: 0.2388 | distance_loss: 0.0412 | tv_loss: 2078.8467 | boundary_weight_mean: 8.2422 | eval_loss: 0.6487 | eval_bce: 0.3591 | eval_raw_bce: 0.2592 | eval_dice_loss: 0.2849 | eval_distance_loss: 0.0468 | eval_tv_loss: 1876.2209 | eval_boundary_weight_mean: 6.1452 | eval_pixel_iou: 0.7887 | eval_miou: 0.7592 | eval_boundary_iou: 0.3754
2026-07-11 20:46:42,915:INFO:epoch: 35 | loss: 0.5198 | bce: 0.2764 | raw_bce: 0.2449 | dice_loss: 0.2393 | distance_loss: 0.0410 | tv_loss: 2061.5731 | boundary_weight_mean: 8.2381
2026-07-11 20:47:42,840:INFO:epoch: 36 | loss: 0.5203 | bce: 0.2769 | raw_bce: 0.2436 | dice_loss: 0.2394 | distance_loss: 0.0408 | tv_loss: 2071.8752 | boundary_weight_mean: 8.2216 | eval_loss: 0.6469 | eval_bce: 0.3610 | eval_raw_bce: 0.2619 | eval_dice_loss: 0.2814 | eval_distance_loss: 0.0457 | eval_tv_loss: 1876.2806 | eval_boundary_weight_mean: 6.1452 | eval_pixel_iou: 0.7907 | eval_miou: 0.7642 | eval_boundary_iou: 0.3788
2026-07-11 20:48:20,083:INFO:epoch: 37 | loss: 0.5200 | bce: 0.2761 | raw_bce: 0.2438 | dice_loss: 0.2398 | distance_loss: 0.0408 | tv_loss: 2061.6934 | boundary_weight_mean: 8.2261
2026-07-11 20:48:59,273:INFO:epoch: 38 | loss: 0.5203 | bce: 0.2760 | raw_bce: 0.2439 | dice_loss: 0.2402 | distance_loss: 0.0404 | tv_loss: 2069.6626 | boundary_weight_mean: 8.2403 | eval_loss: 0.6477 | eval_bce: 0.3605 | eval_raw_bce: 0.2623 | eval_dice_loss: 0.2826 | eval_distance_loss: 0.0460 | eval_tv_loss: 1896.2910 | eval_boundary_weight_mean: 6.1452 | eval_pixel_iou: 0.7896 | eval_miou: 0.7600 | eval_boundary_iou: 0.3758
2026-07-11 20:49:36,035:INFO:epoch: 39 | loss: 0.5188 | bce: 0.2771 | raw_bce: 0.2432 | dice_loss: 0.2377 | distance_loss: 0.0404 | tv_loss: 2062.7839 | boundary_weight_mean: 8.2118
2026-07-11 20:50:15,478:INFO:epoch: 40 | loss: 0.5227 | bce: 0.2781 | raw_bce: 0.2449 | dice_loss: 0.2405 | distance_loss: 0.0409 | tv_loss: 2067.9457 | boundary_weight_mean: 8.2032 | eval_loss: 0.6485 | eval_bce: 0.3611 | eval_raw_bce: 0.2630 | eval_dice_loss: 0.2829 | eval_distance_loss: 0.0461 | eval_tv_loss: 1895.9647 | eval_boundary_weight_mean: 6.1452 | eval_pixel_iou: 0.7896 | eval_miou: 0.7593 | eval_boundary_iou: 0.3755
2026-07-11 20:50:52,707:INFO:epoch: 41 | loss: 0.5183 | bce: 0.2761 | raw_bce: 0.2429 | dice_loss: 0.2381 | distance_loss: 0.0405 | tv_loss: 2065.7231 | boundary_weight_mean: 8.2311
2026-07-11 20:51:32,562:INFO:epoch: 42 | loss: 0.5174 | bce: 0.2756 | raw_bce: 0.2438 | dice_loss: 0.2378 | distance_loss: 0.0406 | tv_loss: 2072.2256 | boundary_weight_mean: 8.2420 | eval_loss: 0.6469 | eval_bce: 0.3587 | eval_raw_bce: 0.2603 | eval_dice_loss: 0.2836 | eval_distance_loss: 0.0458 | eval_tv_loss: 1897.7960 | eval_boundary_weight_mean: 6.1452 | eval_pixel_iou: 0.7898 | eval_miou: 0.7629 | eval_boundary_iou: 0.3803
2026-07-11 20:52:09,873:INFO:epoch: 43 | loss: 0.5178 | bce: 0.2744 | raw_bce: 0.2427 | dice_loss: 0.2394 | distance_loss: 0.0404 | tv_loss: 2067.7139 | boundary_weight_mean: 8.2651
2026-07-11 20:52:49,278:INFO:epoch: 44 | loss: 0.5169 | bce: 0.2743 | raw_bce: 0.2431 | dice_loss: 0.2386 | distance_loss: 0.0404 | tv_loss: 2062.3521 | boundary_weight_mean: 8.2742 | eval_loss: 0.6485 | eval_bce: 0.3593 | eval_raw_bce: 0.2596 | eval_dice_loss: 0.2847 | eval_distance_loss: 0.0455 | eval_tv_loss: 1881.8471 | eval_boundary_weight_mean: 6.1452 | eval_pixel_iou: 0.7898 | eval_miou: 0.7615 | eval_boundary_iou: 0.3789
2026-07-11 20:53:26,530:INFO:epoch: 45 | loss: 0.5175 | bce: 0.2766 | raw_bce: 0.2422 | dice_loss: 0.2369 | distance_loss: 0.0404 | tv_loss: 2060.7448 | boundary_weight_mean: 8.2057
2026-07-11 20:54:06,406:INFO:epoch: 46 | loss: 0.5184 | bce: 0.2761 | raw_bce: 0.2435 | dice_loss: 0.2383 | distance_loss: 0.0404 | tv_loss: 2066.9341 | boundary_weight_mean: 8.2399 | eval_loss: 0.6449 | eval_bce: 0.3562 | eval_raw_bce: 0.2580 | eval_dice_loss: 0.2841 | eval_distance_loss: 0.0456 | eval_tv_loss: 1885.0880 | eval_boundary_weight_mean: 6.1452 | eval_pixel_iou: 0.7906 | eval_miou: 0.7639 | eval_boundary_iou: 0.3805
2026-07-11 20:54:43,465:INFO:epoch: 47 | loss: 0.5193 | bce: 0.2751 | raw_bce: 0.2437 | dice_loss: 0.2402 | distance_loss: 0.0405 | tv_loss: 2071.2842 | boundary_weight_mean: 8.2700
2026-07-11 20:55:23,062:INFO:epoch: 48 | loss: 0.5181 | bce: 0.2759 | raw_bce: 0.2427 | dice_loss: 0.2381 | distance_loss: 0.0406 | tv_loss: 2066.2163 | boundary_weight_mean: 8.2253 | eval_loss: 0.6462 | eval_bce: 0.3582 | eval_raw_bce: 0.2597 | eval_dice_loss: 0.2834 | eval_distance_loss: 0.0458 | eval_tv_loss: 1876.0362 | eval_boundary_weight_mean: 6.1452 | eval_pixel_iou: 0.7900 | eval_miou: 0.7626 | eval_boundary_iou: 0.3805
2026-07-11 20:56:00,346:INFO:epoch: 49 | loss: 0.5215 | bce: 0.2782 | raw_bce: 0.2460 | dice_loss: 0.2392 | distance_loss: 0.0408 | tv_loss: 2069.5450 | boundary_weight_mean: 8.2330
2026-07-11 20:56:39,933:INFO:epoch: 50 | loss: 0.5216 | bce: 0.2780 | raw_bce: 0.2449 | dice_loss: 0.2395 | distance_loss: 0.0407 | tv_loss: 2064.4400 | boundary_weight_mean: 8.2024 | eval_loss: 0.6472 | eval_bce: 0.3591 | eval_raw_bce: 0.2623 | eval_dice_loss: 0.2834 | eval_distance_loss: 0.0460 | eval_tv_loss: 1891.0696 | eval_boundary_weight_mean: 6.1452 | eval_pixel_iou: 0.7900 | eval_miou: 0.7605 | eval_boundary_iou: 0.3759
2026-07-11 20:57:17,181:INFO:epoch: 51 | loss: 0.5207 | bce: 0.2771 | raw_bce: 0.2453 | dice_loss: 0.2395 | distance_loss: 0.0405 | tv_loss: 2060.5506 | boundary_weight_mean: 8.2426
2026-07-11 20:57:56,607:INFO:epoch: 52 | loss: 0.5210 | bce: 0.2780 | raw_bce: 0.2460 | dice_loss: 0.2389 | distance_loss: 0.0409 | tv_loss: 2069.9459 | boundary_weight_mean: 8.2310 | eval_loss: 0.6481 | eval_bce: 0.3572 | eval_raw_bce: 0.2559 | eval_dice_loss: 0.2864 | eval_distance_loss: 0.0456 | eval_tv_loss: 1885.4277 | eval_boundary_weight_mean: 6.1452 | eval_pixel_iou: 0.7889 | eval_miou: 0.7569 | eval_boundary_iou: 0.3783
2026-07-11 20:58:33,835:INFO:epoch: 53 | loss: 0.5197 | bce: 0.2766 | raw_bce: 0.2454 | dice_loss: 0.2390 | distance_loss: 0.0408 | tv_loss: 2067.5898 | boundary_weight_mean: 8.2684
2026-07-11 20:59:13,518:INFO:epoch: 54 | loss: 0.5214 | bce: 0.2777 | raw_bce: 0.2455 | dice_loss: 0.2396 | distance_loss: 0.0409 | tv_loss: 2057.8207 | boundary_weight_mean: 8.2345 | eval_loss: 0.6489 | eval_bce: 0.3620 | eval_raw_bce: 0.2596 | eval_dice_loss: 0.2824 | eval_distance_loss: 0.0453 | eval_tv_loss: 1898.5121 | eval_boundary_weight_mean: 6.1452 | eval_pixel_iou: 0.7905 | eval_miou: 0.7600 | eval_boundary_iou: 0.3798
2026-07-11 20:59:50,559:INFO:epoch: 55 | loss: 0.5206 | bce: 0.2787 | raw_bce: 0.2459 | dice_loss: 0.2377 | distance_loss: 0.0412 | tv_loss: 2064.6738 | boundary_weight_mean: 8.2080
2026-07-11 21:00:30,216:INFO:epoch: 56 | loss: 0.5259 | bce: 0.2805 | raw_bce: 0.2480 | dice_loss: 0.2412 | distance_loss: 0.0415 | tv_loss: 2068.6995 | boundary_weight_mean: 8.2088 | eval_loss: 0.6432 | eval_bce: 0.3515 | eval_raw_bce: 0.2571 | eval_dice_loss: 0.2870 | eval_distance_loss: 0.0467 | eval_tv_loss: 1898.7451 | eval_boundary_weight_mean: 6.1452 | eval_pixel_iou: 0.7896 | eval_miou: 0.7597 | eval_boundary_iou: 0.3841
2026-07-11 21:01:07,241:INFO:epoch: 57 | loss: 0.5220 | bce: 0.2772 | raw_bce: 0.2454 | dice_loss: 0.2406 | distance_loss: 0.0408 | tv_loss: 2060.5646 | boundary_weight_mean: 8.2418
2026-07-11 21:01:46,702:INFO:epoch: 58 | loss: 0.5221 | bce: 0.2771 | raw_bce: 0.2465 | dice_loss: 0.2409 | distance_loss: 0.0413 | tv_loss: 2075.1980 | boundary_weight_mean: 8.2653 | eval_loss: 0.6592 | eval_bce: 0.3705 | eval_raw_bce: 0.2672 | eval_dice_loss: 0.2840 | eval_distance_loss: 0.0460 | eval_tv_loss: 1902.6262 | eval_boundary_weight_mean: 6.1452 | eval_pixel_iou: 0.7867 | eval_miou: 0.7518 | eval_boundary_iou: 0.3681
2026-07-11 21:02:23,797:INFO:epoch: 59 | loss: 0.5226 | bce: 0.2769 | raw_bce: 0.2475 | dice_loss: 0.2416 | distance_loss: 0.0414 | tv_loss: 2066.1222 | boundary_weight_mean: 8.2662
2026-07-11 21:03:03,350:INFO:epoch: 60 | loss: 0.5265 | bce: 0.2809 | raw_bce: 0.2488 | dice_loss: 0.2414 | distance_loss: 0.0418 | tv_loss: 2066.7367 | boundary_weight_mean: 8.2111 | eval_loss: 0.6602 | eval_bce: 0.3659 | eval_raw_bce: 0.2672 | eval_dice_loss: 0.2896 | eval_distance_loss: 0.0466 | eval_tv_loss: 1909.3720 | eval_boundary_weight_mean: 6.1452 | eval_pixel_iou: 0.7862 | eval_miou: 0.7484 | eval_boundary_iou: 0.3619
2026-07-11 21:03:40,457:INFO:epoch: 61 | loss: 0.5219 | bce: 0.2780 | raw_bce: 0.2474 | dice_loss: 0.2397 | distance_loss: 0.0415 | tv_loss: 2061.7027 | boundary_weight_mean: 8.2552
2026-07-11 21:04:19,806:INFO:epoch: 62 | loss: 0.5273 | bce: 0.2816 | raw_bce: 0.2494 | dice_loss: 0.2416 | distance_loss: 0.0416 | tv_loss: 2067.2621 | boundary_weight_mean: 8.2081 | eval_loss: 0.6480 | eval_bce: 0.3581 | eval_raw_bce: 0.2644 | eval_dice_loss: 0.2852 | eval_distance_loss: 0.0471 | eval_tv_loss: 1866.2124 | eval_boundary_weight_mean: 6.1452 | eval_pixel_iou: 0.7893 | eval_miou: 0.7627 | eval_boundary_iou: 0.3750
2026-07-11 21:04:56,814:INFO:epoch: 63 | loss: 0.5261 | bce: 0.2801 | raw_bce: 0.2496 | dice_loss: 0.2418 | distance_loss: 0.0421 | tv_loss: 2062.9162 | boundary_weight_mean: 8.2444
2026-07-11 21:05:36,341:INFO:epoch: 64 | loss: 0.5252 | bce: 0.2794 | raw_bce: 0.2473 | dice_loss: 0.2417 | distance_loss: 0.0416 | tv_loss: 2066.7140 | boundary_weight_mean: 8.2451 | eval_loss: 0.6528 | eval_bce: 0.3601 | eval_raw_bce: 0.2594 | eval_dice_loss: 0.2880 | eval_distance_loss: 0.0469 | eval_tv_loss: 1888.2813 | eval_boundary_weight_mean: 6.1452 | eval_pixel_iou: 0.7892 | eval_miou: 0.7558 | eval_boundary_iou: 0.3744
2026-07-11 21:06:13,342:INFO:epoch: 65 | loss: 0.5264 | bce: 0.2806 | raw_bce: 0.2499 | dice_loss: 0.2416 | distance_loss: 0.0416 | tv_loss: 2078.3235 | boundary_weight_mean: 8.2460
2026-07-11 21:06:52,690:INFO:epoch: 66 | loss: 0.5302 | bce: 0.2831 | raw_bce: 0.2522 | dice_loss: 0.2429 | distance_loss: 0.0420 | tv_loss: 2074.9634 | boundary_weight_mean: 8.2133 | eval_loss: 0.6483 | eval_bce: 0.3591 | eval_raw_bce: 0.2647 | eval_dice_loss: 0.2846 | eval_distance_loss: 0.0464 | eval_tv_loss: 1916.9627 | eval_boundary_weight_mean: 6.1452 | eval_pixel_iou: 0.7881 | eval_miou: 0.7545 | eval_boundary_iou: 0.3826
2026-07-11 21:07:29,928:INFO:epoch: 67 | loss: 0.5247 | bce: 0.2781 | raw_bce: 0.2487 | dice_loss: 0.2424 | distance_loss: 0.0415 | tv_loss: 2069.7141 | boundary_weight_mean: 8.2801
2026-07-11 21:08:09,327:INFO:epoch: 68 | loss: 0.5288 | bce: 0.2825 | raw_bce: 0.2503 | dice_loss: 0.2421 | distance_loss: 0.0421 | tv_loss: 2063.0569 | boundary_weight_mean: 8.1956 | eval_loss: 0.6703 | eval_bce: 0.3725 | eval_raw_bce: 0.2790 | eval_dice_loss: 0.2928 | eval_distance_loss: 0.0497 | eval_tv_loss: 1909.6334 | eval_boundary_weight_mean: 6.1452 | eval_pixel_iou: 0.7789 | eval_miou: 0.7250 | eval_boundary_iou: 0.3341
2026-07-11 21:08:46,576:INFO:epoch: 69 | loss: 0.5287 | bce: 0.2819 | raw_bce: 0.2504 | dice_loss: 0.2427 | distance_loss: 0.0416 | tv_loss: 2065.0942 | boundary_weight_mean: 8.2284
2026-07-11 21:09:25,938:INFO:epoch: 70 | loss: 0.5294 | bce: 0.2830 | raw_bce: 0.2513 | dice_loss: 0.2422 | distance_loss: 0.0422 | tv_loss: 2071.6652 | boundary_weight_mean: 8.2062 | eval_loss: 0.6481 | eval_bce: 0.3544 | eval_raw_bce: 0.2564 | eval_dice_loss: 0.2891 | eval_distance_loss: 0.0470 | eval_tv_loss: 1846.5496 | eval_boundary_weight_mean: 6.1452 | eval_pixel_iou: 0.7912 | eval_miou: 0.7622 | eval_boundary_iou: 0.3787
