2026-07-11 16:15:41,433:INFO:DualHeadUNet(
  (inc): DoubleConv(
    (block): Sequential(
      (0): Conv2d(8, 32, kernel_size=(3, 3), stride=(1, 1), padding=(1, 1), bias=False)
      (1): BatchNorm2d(32, eps=1e-05, momentum=0.1, affine=True, track_running_stats=True)
      (2): ReLU(inplace=True)
      (3): Conv2d(32, 32, kernel_size=(3, 3), stride=(1, 1), padding=(1, 1), bias=False)
      (4): BatchNorm2d(32, eps=1e-05, momentum=0.1, affine=True, track_running_stats=True)
      (5): ReLU(inplace=True)
    )
  )
  (down1): Down(
    (block): Sequential(
      (0): MaxPool2d(kernel_size=2, stride=2, padding=0, dilation=1, ceil_mode=False)
      (1): DoubleConv(
        (block): Sequential(
          (0): Conv2d(32, 64, kernel_size=(3, 3), stride=(1, 1), padding=(1, 1), bias=False)
          (1): BatchNorm2d(64, eps=1e-05, momentum=0.1, affine=True, track_running_stats=True)
          (2): ReLU(inplace=True)
          (3): Conv2d(64, 64, kernel_size=(3, 3), stride=(1, 1), padding=(1, 1), bias=False)
          (4): BatchNorm2d(64, eps=1e-05, momentum=0.1, affine=True, track_running_stats=True)
          (5): ReLU(inplace=True)
        )
      )
    )
  )
  (down2): Down(
    (block): Sequential(
      (0): MaxPool2d(kernel_size=2, stride=2, padding=0, dilation=1, ceil_mode=False)
      (1): DoubleConv(
        (block): Sequential(
          (0): Conv2d(64, 128, kernel_size=(3, 3), stride=(1, 1), padding=(1, 1), bias=False)
          (1): BatchNorm2d(128, eps=1e-05, momentum=0.1, affine=True, track_running_stats=True)
          (2): ReLU(inplace=True)
          (3): Conv2d(128, 128, kernel_size=(3, 3), stride=(1, 1), padding=(1, 1), bias=False)
          (4): BatchNorm2d(128, eps=1e-05, momentum=0.1, affine=True, track_running_stats=True)
          (5): ReLU(inplace=True)
        )
      )
    )
  )
  (down3): Down(
    (block): Sequential(
      (0): MaxPool2d(kernel_size=2, stride=2, padding=0, dilation=1, ceil_mode=False)
      (1): DoubleConv(
        (block): Sequential(
          (0): Conv2d(128, 256, kernel_size=(3, 3), stride=(1, 1), padding=(1, 1), bias=False)
          (1): BatchNorm2d(256, eps=1e-05, momentum=0.1, affine=True, track_running_stats=True)
          (2): ReLU(inplace=True)
          (3): Conv2d(256, 256, kernel_size=(3, 3), stride=(1, 1), padding=(1, 1), bias=False)
          (4): BatchNorm2d(256, eps=1e-05, momentum=0.1, affine=True, track_running_stats=True)
          (5): ReLU(inplace=True)
        )
      )
    )
  )
  (down4): Down(
    (block): Sequential(
      (0): MaxPool2d(kernel_size=2, stride=2, padding=0, dilation=1, ceil_mode=False)
      (1): DoubleConv(
        (block): Sequential(
          (0): Conv2d(256, 512, kernel_size=(3, 3), stride=(1, 1), padding=(1, 1), bias=False)
          (1): BatchNorm2d(512, eps=1e-05, momentum=0.1, affine=True, track_running_stats=True)
          (2): ReLU(inplace=True)
          (3): Conv2d(512, 512, kernel_size=(3, 3), stride=(1, 1), padding=(1, 1), bias=False)
          (4): BatchNorm2d(512, eps=1e-05, momentum=0.1, affine=True, track_running_stats=True)
          (5): ReLU(inplace=True)
        )
      )
    )
  )
  (up1): Up(
    (up): ConvTranspose2d(512, 256, kernel_size=(2, 2), stride=(2, 2))
    (conv): DoubleConv(
      (block): Sequential(
        (0): Conv2d(512, 256, kernel_size=(3, 3), stride=(1, 1), padding=(1, 1), bias=False)
        (1): BatchNorm2d(256, eps=1e-05, momentum=0.1, affine=True, track_running_stats=True)
        (2): ReLU(inplace=True)
        (3): Conv2d(256, 256, kernel_size=(3, 3), stride=(1, 1), padding=(1, 1), bias=False)
        (4): BatchNorm2d(256, eps=1e-05, momentum=0.1, affine=True, track_running_stats=True)
        (5): ReLU(inplace=True)
      )
    )
  )
  (up2): Up(
    (up): ConvTranspose2d(256, 128, kernel_size=(2, 2), stride=(2, 2))
    (conv): DoubleConv(
      (block): Sequential(
        (0): Conv2d(256, 128, kernel_size=(3, 3), stride=(1, 1), padding=(1, 1), bias=False)
        (1): BatchNorm2d(128, eps=1e-05, momentum=0.1, affine=True, track_running_stats=True)
        (2): ReLU(inplace=True)
        (3): Conv2d(128, 128, kernel_size=(3, 3), stride=(1, 1), padding=(1, 1), bias=False)
        (4): BatchNorm2d(128, eps=1e-05, momentum=0.1, affine=True, track_running_stats=True)
        (5): ReLU(inplace=True)
      )
    )
  )
  (up3): Up(
    (up): ConvTranspose2d(128, 64, kernel_size=(2, 2), stride=(2, 2))
    (conv): DoubleConv(
      (block): Sequential(
        (0): Conv2d(128, 64, kernel_size=(3, 3), stride=(1, 1), padding=(1, 1), bias=False)
        (1): BatchNorm2d(64, eps=1e-05, momentum=0.1, affine=True, track_running_stats=True)
        (2): ReLU(inplace=True)
        (3): Conv2d(64, 64, kernel_size=(3, 3), stride=(1, 1), padding=(1, 1), bias=False)
        (4): BatchNorm2d(64, eps=1e-05, momentum=0.1, affine=True, track_running_stats=True)
        (5): ReLU(inplace=True)
      )
    )
  )
  (up4): Up(
    (up): ConvTranspose2d(64, 32, kernel_size=(2, 2), stride=(2, 2))
    (conv): DoubleConv(
      (block): Sequential(
        (0): Conv2d(64, 32, kernel_size=(3, 3), stride=(1, 1), padding=(1, 1), bias=False)
        (1): BatchNorm2d(32, eps=1e-05, momentum=0.1, affine=True, track_running_stats=True)
        (2): ReLU(inplace=True)
        (3): Conv2d(32, 32, kernel_size=(3, 3), stride=(1, 1), padding=(1, 1), bias=False)
        (4): BatchNorm2d(32, eps=1e-05, momentum=0.1, affine=True, track_running_stats=True)
        (5): ReLU(inplace=True)
      )
    )
  )
  (mask_head): Conv2d(32, 1, kernel_size=(1, 1), stride=(1, 1))
  (distance_head): Sequential(
    (0): Conv2d(32, 32, kernel_size=(3, 3), stride=(1, 1), padding=(1, 1), bias=False)
    (1): BatchNorm2d(32, eps=1e-05, momentum=0.1, affine=True, track_running_stats=True)
    (2): ReLU(inplace=True)
    (3): Conv2d(32, 1, kernel_size=(1, 1), stride=(1, 1))
  )
)
Trainable parameters by tensor:
  inc.block.0.weight: 2,304
  inc.block.1.weight: 32
  inc.block.1.bias: 32
  inc.block.3.weight: 9,216
  inc.block.4.weight: 32
  inc.block.4.bias: 32
  down1.block.1.block.0.weight: 18,432
  down1.block.1.block.1.weight: 64
  down1.block.1.block.1.bias: 64
  down1.block.1.block.3.weight: 36,864
  down1.block.1.block.4.weight: 64
  down1.block.1.block.4.bias: 64
  down2.block.1.block.0.weight: 73,728
  down2.block.1.block.1.weight: 128
  down2.block.1.block.1.bias: 128
  down2.block.1.block.3.weight: 147,456
  down2.block.1.block.4.weight: 128
  down2.block.1.block.4.bias: 128
  down3.block.1.block.0.weight: 294,912
  down3.block.1.block.1.weight: 256
  down3.block.1.block.1.bias: 256
  down3.block.1.block.3.weight: 589,824
  down3.block.1.block.4.weight: 256
  down3.block.1.block.4.bias: 256
  down4.block.1.block.0.weight: 1,179,648
  down4.block.1.block.1.weight: 512
  down4.block.1.block.1.bias: 512
  down4.block.1.block.3.weight: 2,359,296
  down4.block.1.block.4.weight: 512
  down4.block.1.block.4.bias: 512
  up1.up.weight: 524,288
  up1.up.bias: 256
  up1.conv.block.0.weight: 1,179,648
  up1.conv.block.1.weight: 256
  up1.conv.block.1.bias: 256
  up1.conv.block.3.weight: 589,824
  up1.conv.block.4.weight: 256
  up1.conv.block.4.bias: 256
  up2.up.weight: 131,072
  up2.up.bias: 128
  up2.conv.block.0.weight: 294,912
  up2.conv.block.1.weight: 128
  up2.conv.block.1.bias: 128
  up2.conv.block.3.weight: 147,456
  up2.conv.block.4.weight: 128
  up2.conv.block.4.bias: 128
  up3.up.weight: 32,768
  up3.up.bias: 64
  up3.conv.block.0.weight: 73,728
  up3.conv.block.1.weight: 64
  up3.conv.block.1.bias: 64
  up3.conv.block.3.weight: 36,864
  up3.conv.block.4.weight: 64
  up3.conv.block.4.bias: 64
  up4.up.weight: 8,192
  up4.up.bias: 32
  up4.conv.block.0.weight: 18,432
  up4.conv.block.1.weight: 32
  up4.conv.block.1.bias: 32
  up4.conv.block.3.weight: 9,216
  up4.conv.block.4.weight: 32
  up4.conv.block.4.bias: 32
  mask_head.weight: 32
  mask_head.bias: 1
  distance_head.0.weight: 9,216
  distance_head.1.weight: 32
  distance_head.1.bias: 32
  distance_head.3.weight: 32
  distance_head.3.bias: 1
Total trainable parameters: 7,773,794
2026-07-11 16:15:41,437:INFO:------------ New Training Session ------------
2026-07-11 16:17:09,732:INFO:epoch: 1 | loss: 0.7458 | bce: 0.3250 | raw_bce: 0.4421 | dice_loss: 0.4126 | distance_loss: 0.0824 | tv_loss: 2002.3129 | boundary_weight_mean: 4.5162
2026-07-11 16:17:56,913:INFO:epoch: 2 | loss: 0.6350 | bce: 0.2801 | raw_bce: 0.3507 | dice_loss: 0.3482 | distance_loss: 0.0669 | tv_loss: 1924.5831 | boundary_weight_mean: 4.5128 | eval_loss: 0.8357 | eval_bce: 0.4527 | eval_raw_bce: 0.3312 | eval_dice_loss: 0.3760 | eval_distance_loss: 0.0713 | eval_tv_loss: 1838.6136 | eval_boundary_weight_mean: 2.4366 | eval_pixel_iou: 0.7325 | eval_miou: 0.6942 | eval_boundary_iou: 0.2166
2026-07-11 16:18:32,771:INFO:epoch: 3 | loss: 0.5926 | bce: 0.2668 | raw_bce: 0.3228 | dice_loss: 0.3194 | distance_loss: 0.0630 | tv_loss: 1983.4841 | boundary_weight_mean: 4.5231
2026-07-11 16:19:11,760:INFO:epoch: 4 | loss: 0.5673 | bce: 0.2614 | raw_bce: 0.3090 | dice_loss: 0.3000 | distance_loss: 0.0597 | tv_loss: 1997.7546 | boundary_weight_mean: 4.5039 | eval_loss: 0.7962 | eval_bce: 0.4664 | eval_raw_bce: 0.3280 | eval_dice_loss: 0.3234 | eval_distance_loss: 0.0636 | eval_tv_loss: 1757.2027 | eval_boundary_weight_mean: 2.4366 | eval_pixel_iou: 0.7609 | eval_miou: 0.7095 | eval_boundary_iou: 0.2264
2026-07-11 16:19:47,987:INFO:epoch: 5 | loss: 0.5515 | bce: 0.2584 | raw_bce: 0.2989 | dice_loss: 0.2875 | distance_loss: 0.0565 | tv_loss: 1993.0743 | boundary_weight_mean: 4.4636
2026-07-11 16:20:26,740:INFO:epoch: 6 | loss: 0.5421 | bce: 0.2579 | raw_bce: 0.2940 | dice_loss: 0.2788 | distance_loss: 0.0537 | tv_loss: 2003.3924 | boundary_weight_mean: 4.4544 | eval_loss: 0.7460 | eval_bce: 0.4228 | eval_raw_bce: 0.2887 | eval_dice_loss: 0.3174 | eval_distance_loss: 0.0581 | eval_tv_loss: 1848.1071 | eval_boundary_weight_mean: 2.4366 | eval_pixel_iou: 0.7677 | eval_miou: 0.7316 | eval_boundary_iou: 0.2811
2026-07-11 16:21:03,047:INFO:epoch: 7 | loss: 0.5288 | bce: 0.2503 | raw_bce: 0.2902 | dice_loss: 0.2733 | distance_loss: 0.0520 | tv_loss: 2008.0445 | boundary_weight_mean: 4.5291
2026-07-11 16:21:42,800:INFO:epoch: 8 | loss: 0.5257 | bce: 0.2514 | raw_bce: 0.2884 | dice_loss: 0.2692 | distance_loss: 0.0511 | tv_loss: 2024.6258 | boundary_weight_mean: 4.4880 | eval_loss: 0.7498 | eval_bce: 0.4279 | eval_raw_bce: 0.3008 | eval_dice_loss: 0.3163 | eval_distance_loss: 0.0560 | eval_tv_loss: 1928.8942 | eval_boundary_weight_mean: 2.4366 | eval_pixel_iou: 0.7650 | eval_miou: 0.7276 | eval_boundary_iou: 0.2878
2026-07-11 16:22:19,598:INFO:epoch: 9 | loss: 0.5171 | bce: 0.2468 | raw_bce: 0.2854 | dice_loss: 0.2654 | distance_loss: 0.0497 | tv_loss: 2024.0675 | boundary_weight_mean: 4.5327
2026-07-11 16:22:58,992:INFO:epoch: 10 | loss: 0.5178 | bce: 0.2490 | raw_bce: 0.2839 | dice_loss: 0.2639 | distance_loss: 0.0491 | tv_loss: 2026.4993 | boundary_weight_mean: 4.4788 | eval_loss: 0.7739 | eval_bce: 0.4558 | eval_raw_bce: 0.2848 | eval_dice_loss: 0.3126 | eval_distance_loss: 0.0547 | eval_tv_loss: 1849.9793 | eval_boundary_weight_mean: 2.4366 | eval_pixel_iou: 0.7679 | eval_miou: 0.7307 | eval_boundary_iou: 0.3341
2026-07-11 16:23:36,253:INFO:epoch: 11 | loss: 0.5177 | bce: 0.2501 | raw_bce: 0.2837 | dice_loss: 0.2626 | distance_loss: 0.0493 | tv_loss: 2032.0069 | boundary_weight_mean: 4.4498
2026-07-11 16:24:15,635:INFO:epoch: 12 | loss: 0.5133 | bce: 0.2482 | raw_bce: 0.2818 | dice_loss: 0.2602 | distance_loss: 0.0484 | tv_loss: 2048.1679 | boundary_weight_mean: 4.4602 | eval_loss: 0.7195 | eval_bce: 0.4082 | eval_raw_bce: 0.2685 | eval_dice_loss: 0.3059 | eval_distance_loss: 0.0537 | eval_tv_loss: 1867.0146 | eval_boundary_weight_mean: 2.4366 | eval_pixel_iou: 0.7810 | eval_miou: 0.7514 | eval_boundary_iou: 0.3330
2026-07-11 16:24:52,787:INFO:epoch: 13 | loss: 0.5098 | bce: 0.2462 | raw_bce: 0.2801 | dice_loss: 0.2588 | distance_loss: 0.0477 | tv_loss: 2042.6639 | boundary_weight_mean: 4.4761
2026-07-11 16:25:31,973:INFO:epoch: 14 | loss: 0.5017 | bce: 0.2397 | raw_bce: 0.2777 | dice_loss: 0.2573 | distance_loss: 0.0469 | tv_loss: 2040.9004 | boundary_weight_mean: 4.5769 | eval_loss: 0.7283 | eval_bce: 0.4201 | eval_raw_bce: 0.2701 | eval_dice_loss: 0.3032 | eval_distance_loss: 0.0501 | eval_tv_loss: 1895.9104 | eval_boundary_weight_mean: 2.4366 | eval_pixel_iou: 0.7807 | eval_miou: 0.7421 | eval_boundary_iou: 0.3348
2026-07-11 16:26:08,450:INFO:epoch: 15 | loss: 0.5015 | bce: 0.2441 | raw_bce: 0.2765 | dice_loss: 0.2528 | distance_loss: 0.0462 | tv_loss: 2050.1404 | boundary_weight_mean: 4.4796
2026-07-11 16:26:47,340:INFO:epoch: 16 | loss: 0.4970 | bce: 0.2413 | raw_bce: 0.2739 | dice_loss: 0.2512 | distance_loss: 0.0448 | tv_loss: 2037.2470 | boundary_weight_mean: 4.5102 | eval_loss: 0.7294 | eval_bce: 0.4292 | eval_raw_bce: 0.2897 | eval_dice_loss: 0.2951 | eval_distance_loss: 0.0503 | eval_tv_loss: 1859.6598 | eval_boundary_weight_mean: 2.4366 | eval_pixel_iou: 0.7776 | eval_miou: 0.7445 | eval_boundary_iou: 0.3271
2026-07-11 16:27:23,968:INFO:epoch: 17 | loss: 0.4990 | bce: 0.2419 | raw_bce: 0.2752 | dice_loss: 0.2525 | distance_loss: 0.0459 | tv_loss: 2049.8913 | boundary_weight_mean: 4.5056
2026-07-11 16:28:02,812:INFO:epoch: 18 | loss: 0.4970 | bce: 0.2406 | raw_bce: 0.2751 | dice_loss: 0.2519 | distance_loss: 0.0451 | tv_loss: 2045.6642 | boundary_weight_mean: 4.5198 | eval_loss: 0.7160 | eval_bce: 0.4217 | eval_raw_bce: 0.2948 | eval_dice_loss: 0.2895 | eval_distance_loss: 0.0488 | eval_tv_loss: 1865.1675 | eval_boundary_weight_mean: 2.4366 | eval_pixel_iou: 0.7801 | eval_miou: 0.7424 | eval_boundary_iou: 0.3215
2026-07-11 16:28:39,645:INFO:epoch: 19 | loss: 0.4930 | bce: 0.2396 | raw_bce: 0.2720 | dice_loss: 0.2489 | distance_loss: 0.0443 | tv_loss: 2047.5509 | boundary_weight_mean: 4.5203
2026-07-11 16:29:19,308:INFO:epoch: 20 | loss: 0.4937 | bce: 0.2384 | raw_bce: 0.2715 | dice_loss: 0.2508 | distance_loss: 0.0444 | tv_loss: 2054.2260 | boundary_weight_mean: 4.5318 | eval_loss: 0.7218 | eval_bce: 0.4176 | eval_raw_bce: 0.2731 | eval_dice_loss: 0.2992 | eval_distance_loss: 0.0487 | eval_tv_loss: 1947.4527 | eval_boundary_weight_mean: 2.4366 | eval_pixel_iou: 0.7806 | eval_miou: 0.7424 | eval_boundary_iou: 0.3417
2026-07-11 16:29:56,023:INFO:epoch: 21 | loss: 0.4917 | bce: 0.2386 | raw_bce: 0.2700 | dice_loss: 0.2487 | distance_loss: 0.0442 | tv_loss: 2057.4050 | boundary_weight_mean: 4.5134
2026-07-11 16:30:35,412:INFO:epoch: 22 | loss: 0.4911 | bce: 0.2410 | raw_bce: 0.2701 | dice_loss: 0.2458 | distance_loss: 0.0435 | tv_loss: 2068.0018 | boundary_weight_mean: 4.4893 | eval_loss: 0.7165 | eval_bce: 0.4212 | eval_raw_bce: 0.2763 | eval_dice_loss: 0.2906 | eval_distance_loss: 0.0479 | eval_tv_loss: 1838.1268 | eval_boundary_weight_mean: 2.4366 | eval_pixel_iou: 0.7852 | eval_miou: 0.7499 | eval_boundary_iou: 0.3370
2026-07-11 16:31:12,146:INFO:epoch: 23 | loss: 0.4859 | bce: 0.2360 | raw_bce: 0.2681 | dice_loss: 0.2457 | distance_loss: 0.0429 | tv_loss: 2050.6214 | boundary_weight_mean: 4.5336
2026-07-11 16:31:51,143:INFO:epoch: 24 | loss: 0.4846 | bce: 0.2366 | raw_bce: 0.2663 | dice_loss: 0.2437 | distance_loss: 0.0427 | tv_loss: 2050.2362 | boundary_weight_mean: 4.5002 | eval_loss: 0.7133 | eval_bce: 0.4223 | eval_raw_bce: 0.2790 | eval_dice_loss: 0.2864 | eval_distance_loss: 0.0461 | eval_tv_loss: 1862.0778 | eval_boundary_weight_mean: 2.4366 | eval_pixel_iou: 0.7853 | eval_miou: 0.7501 | eval_boundary_iou: 0.3459
2026-07-11 16:32:27,583:INFO:epoch: 25 | loss: 0.4876 | bce: 0.2396 | raw_bce: 0.2677 | dice_loss: 0.2437 | distance_loss: 0.0428 | tv_loss: 2057.1442 | boundary_weight_mean: 4.4818
2026-07-11 16:33:06,545:INFO:epoch: 26 | loss: 0.4821 | bce: 0.2342 | raw_bce: 0.2668 | dice_loss: 0.2437 | distance_loss: 0.0424 | tv_loss: 2060.5635 | boundary_weight_mean: 4.5493 | eval_loss: 0.7172 | eval_bce: 0.4225 | eval_raw_bce: 0.2786 | eval_dice_loss: 0.2898 | eval_distance_loss: 0.0481 | eval_tv_loss: 1942.8734 | eval_boundary_weight_mean: 2.4366 | eval_pixel_iou: 0.7827 | eval_miou: 0.7480 | eval_boundary_iou: 0.3465
2026-07-11 16:33:43,077:INFO:epoch: 27 | loss: 0.4845 | bce: 0.2379 | raw_bce: 0.2652 | dice_loss: 0.2424 | distance_loss: 0.0420 | tv_loss: 2057.1499 | boundary_weight_mean: 4.4777
2026-07-11 16:34:21,750:INFO:epoch: 28 | loss: 0.4833 | bce: 0.2361 | raw_bce: 0.2646 | dice_loss: 0.2430 | distance_loss: 0.0423 | tv_loss: 2062.6989 | boundary_weight_mean: 4.4939 | eval_loss: 0.7118 | eval_bce: 0.4190 | eval_raw_bce: 0.2776 | eval_dice_loss: 0.2881 | eval_distance_loss: 0.0463 | eval_tv_loss: 1904.6421 | eval_boundary_weight_mean: 2.4366 | eval_pixel_iou: 0.7855 | eval_miou: 0.7514 | eval_boundary_iou: 0.3392
2026-07-11 16:34:58,754:INFO:epoch: 29 | loss: 0.4785 | bce: 0.2336 | raw_bce: 0.2628 | dice_loss: 0.2408 | distance_loss: 0.0411 | tv_loss: 2059.2784 | boundary_weight_mean: 4.5261
2026-07-11 16:35:38,246:INFO:epoch: 30 | loss: 0.4789 | bce: 0.2342 | raw_bce: 0.2633 | dice_loss: 0.2406 | distance_loss: 0.0416 | tv_loss: 2067.1373 | boundary_weight_mean: 4.5041 | eval_loss: 0.7112 | eval_bce: 0.4231 | eval_raw_bce: 0.2775 | eval_dice_loss: 0.2836 | eval_distance_loss: 0.0458 | eval_tv_loss: 1844.6467 | eval_boundary_weight_mean: 2.4366 | eval_pixel_iou: 0.7877 | eval_miou: 0.7564 | eval_boundary_iou: 0.3448
2026-07-11 16:36:15,032:INFO:epoch: 31 | loss: 0.4812 | bce: 0.2357 | raw_bce: 0.2613 | dice_loss: 0.2414 | distance_loss: 0.0413 | tv_loss: 2064.8130 | boundary_weight_mean: 4.4729
2026-07-11 16:37:15,414:INFO:epoch: 32 | loss: 0.4777 | bce: 0.2346 | raw_bce: 0.2617 | dice_loss: 0.2390 | distance_loss: 0.0411 | tv_loss: 2064.8806 | boundary_weight_mean: 4.5065 | eval_loss: 0.7101 | eval_bce: 0.4200 | eval_raw_bce: 0.2715 | eval_dice_loss: 0.2855 | eval_distance_loss: 0.0456 | eval_tv_loss: 1894.4823 | eval_boundary_weight_mean: 2.4366 | eval_pixel_iou: 0.7887 | eval_miou: 0.7507 | eval_boundary_iou: 0.3492
2026-07-11 16:37:52,093:INFO:epoch: 33 | loss: 0.4775 | bce: 0.2341 | raw_bce: 0.2602 | dice_loss: 0.2393 | distance_loss: 0.0407 | tv_loss: 2063.7963 | boundary_weight_mean: 4.4973
2026-07-11 16:38:31,120:INFO:epoch: 34 | loss: 0.4745 | bce: 0.2337 | raw_bce: 0.2607 | dice_loss: 0.2368 | distance_loss: 0.0408 | tv_loss: 2067.0694 | boundary_weight_mean: 4.5116 | eval_loss: 0.7115 | eval_bce: 0.4226 | eval_raw_bce: 0.2678 | eval_dice_loss: 0.2843 | eval_distance_loss: 0.0455 | eval_tv_loss: 1852.7555 | eval_boundary_weight_mean: 2.4366 | eval_pixel_iou: 0.7894 | eval_miou: 0.7587 | eval_boundary_iou: 0.3552
2026-07-11 16:39:08,287:INFO:epoch: 35 | loss: 0.4739 | bce: 0.2327 | raw_bce: 0.2598 | dice_loss: 0.2372 | distance_loss: 0.0405 | tv_loss: 2057.3385 | boundary_weight_mean: 4.5104
2026-07-11 16:39:47,302:INFO:epoch: 36 | loss: 0.4756 | bce: 0.2340 | raw_bce: 0.2584 | dice_loss: 0.2375 | distance_loss: 0.0404 | tv_loss: 2062.7214 | boundary_weight_mean: 4.4912 | eval_loss: 0.7090 | eval_bce: 0.4225 | eval_raw_bce: 0.2748 | eval_dice_loss: 0.2820 | eval_distance_loss: 0.0453 | eval_tv_loss: 1862.0532 | eval_boundary_weight_mean: 2.4366 | eval_pixel_iou: 0.7897 | eval_miou: 0.7585 | eval_boundary_iou: 0.3511
2026-07-11 16:40:24,246:INFO:epoch: 37 | loss: 0.4746 | bce: 0.2324 | raw_bce: 0.2591 | dice_loss: 0.2381 | distance_loss: 0.0404 | tv_loss: 2063.5143 | boundary_weight_mean: 4.5008
2026-07-11 16:41:03,689:INFO:epoch: 38 | loss: 0.4756 | bce: 0.2328 | raw_bce: 0.2594 | dice_loss: 0.2387 | distance_loss: 0.0403 | tv_loss: 2065.3699 | boundary_weight_mean: 4.5123 | eval_loss: 0.7086 | eval_bce: 0.4213 | eval_raw_bce: 0.2754 | eval_dice_loss: 0.2827 | eval_distance_loss: 0.0455 | eval_tv_loss: 1897.8156 | eval_boundary_weight_mean: 2.4366 | eval_pixel_iou: 0.7891 | eval_miou: 0.7549 | eval_boundary_iou: 0.3507
2026-07-11 16:41:40,813:INFO:epoch: 39 | loss: 0.4739 | bce: 0.2346 | raw_bce: 0.2577 | dice_loss: 0.2353 | distance_loss: 0.0400 | tv_loss: 2055.2637 | boundary_weight_mean: 4.4744
2026-07-11 16:42:19,847:INFO:epoch: 40 | loss: 0.4779 | bce: 0.2354 | raw_bce: 0.2595 | dice_loss: 0.2385 | distance_loss: 0.0405 | tv_loss: 2061.9809 | boundary_weight_mean: 4.4708 | eval_loss: 0.7094 | eval_bce: 0.4223 | eval_raw_bce: 0.2773 | eval_dice_loss: 0.2826 | eval_distance_loss: 0.0457 | eval_tv_loss: 1894.3258 | eval_boundary_weight_mean: 2.4366 | eval_pixel_iou: 0.7886 | eval_miou: 0.7544 | eval_boundary_iou: 0.3492
2026-07-11 16:42:56,730:INFO:epoch: 41 | loss: 0.4738 | bce: 0.2333 | raw_bce: 0.2580 | dice_loss: 0.2365 | distance_loss: 0.0402 | tv_loss: 2062.7155 | boundary_weight_mean: 4.5003
2026-07-11 16:43:35,627:INFO:epoch: 42 | loss: 0.4719 | bce: 0.2319 | raw_bce: 0.2585 | dice_loss: 0.2359 | distance_loss: 0.0403 | tv_loss: 2064.9685 | boundary_weight_mean: 4.5131 | eval_loss: 0.7075 | eval_bce: 0.4193 | eval_raw_bce: 0.2727 | eval_dice_loss: 0.2837 | eval_distance_loss: 0.0454 | eval_tv_loss: 1892.5043 | eval_boundary_weight_mean: 2.4366 | eval_pixel_iou: 0.7891 | eval_miou: 0.7577 | eval_boundary_iou: 0.3539
2026-07-11 16:44:12,257:INFO:epoch: 43 | loss: 0.4718 | bce: 0.2302 | raw_bce: 0.2579 | dice_loss: 0.2376 | distance_loss: 0.0401 | tv_loss: 2058.2442 | boundary_weight_mean: 4.5423
2026-07-11 16:44:51,092:INFO:epoch: 44 | loss: 0.4703 | bce: 0.2292 | raw_bce: 0.2579 | dice_loss: 0.2371 | distance_loss: 0.0401 | tv_loss: 2058.3074 | boundary_weight_mean: 4.5552 | eval_loss: 0.7078 | eval_bce: 0.4200 | eval_raw_bce: 0.2715 | eval_dice_loss: 0.2833 | eval_distance_loss: 0.0451 | eval_tv_loss: 1878.6208 | eval_boundary_weight_mean: 2.4366 | eval_pixel_iou: 0.7899 | eval_miou: 0.7587 | eval_boundary_iou: 0.3538
2026-07-11 16:45:27,773:INFO:epoch: 45 | loss: 0.4734 | bce: 0.2341 | raw_bce: 0.2577 | dice_loss: 0.2353 | distance_loss: 0.0402 | tv_loss: 2059.8733 | boundary_weight_mean: 4.4746
2026-07-11 16:46:06,957:INFO:epoch: 46 | loss: 0.4732 | bce: 0.2325 | raw_bce: 0.2587 | dice_loss: 0.2367 | distance_loss: 0.0401 | tv_loss: 2063.6777 | boundary_weight_mean: 4.5070 | eval_loss: 0.7059 | eval_bce: 0.4178 | eval_raw_bce: 0.2707 | eval_dice_loss: 0.2835 | eval_distance_loss: 0.0452 | eval_tv_loss: 1885.4975 | eval_boundary_weight_mean: 2.4366 | eval_pixel_iou: 0.7902 | eval_miou: 0.7586 | eval_boundary_iou: 0.3545
2026-07-11 16:46:43,792:INFO:epoch: 47 | loss: 0.4727 | bce: 0.2304 | raw_bce: 0.2586 | dice_loss: 0.2383 | distance_loss: 0.0402 | tv_loss: 2064.6160 | boundary_weight_mean: 4.5519
2026-07-11 16:47:22,663:INFO:epoch: 48 | loss: 0.4739 | bce: 0.2330 | raw_bce: 0.2575 | dice_loss: 0.2369 | distance_loss: 0.0401 | tv_loss: 2061.1134 | boundary_weight_mean: 4.4972 | eval_loss: 0.7069 | eval_bce: 0.4203 | eval_raw_bce: 0.2711 | eval_dice_loss: 0.2821 | eval_distance_loss: 0.0450 | eval_tv_loss: 1860.5463 | eval_boundary_weight_mean: 2.4366 | eval_pixel_iou: 0.7904 | eval_miou: 0.7567 | eval_boundary_iou: 0.3527
2026-07-11 16:47:59,106:INFO:epoch: 49 | loss: 0.4763 | bce: 0.2346 | raw_bce: 0.2603 | dice_loss: 0.2377 | distance_loss: 0.0405 | tv_loss: 2057.0617 | boundary_weight_mean: 4.4983
2026-07-11 16:48:37,886:INFO:epoch: 50 | loss: 0.4773 | bce: 0.2356 | raw_bce: 0.2591 | dice_loss: 0.2377 | distance_loss: 0.0403 | tv_loss: 2061.4341 | boundary_weight_mean: 4.4683 | eval_loss: 0.7078 | eval_bce: 0.4199 | eval_raw_bce: 0.2772 | eval_dice_loss: 0.2833 | eval_distance_loss: 0.0454 | eval_tv_loss: 1865.5912 | eval_boundary_weight_mean: 2.4366 | eval_pixel_iou: 0.7885 | eval_miou: 0.7539 | eval_boundary_iou: 0.3382
2026-07-11 16:49:14,348:INFO:epoch: 51 | loss: 0.4741 | bce: 0.2327 | raw_bce: 0.2602 | dice_loss: 0.2374 | distance_loss: 0.0402 | tv_loss: 2054.5633 | boundary_weight_mean: 4.5189
2026-07-11 16:49:53,258:INFO:epoch: 52 | loss: 0.4751 | bce: 0.2339 | raw_bce: 0.2604 | dice_loss: 0.2371 | distance_loss: 0.0406 | tv_loss: 2061.5352 | boundary_weight_mean: 4.4954 | eval_loss: 0.7085 | eval_bce: 0.4181 | eval_raw_bce: 0.2680 | eval_dice_loss: 0.2859 | eval_distance_loss: 0.0454 | eval_tv_loss: 1896.0929 | eval_boundary_weight_mean: 2.4366 | eval_pixel_iou: 0.7891 | eval_miou: 0.7574 | eval_boundary_iou: 0.3589
2026-07-11 16:50:29,537:INFO:epoch: 53 | loss: 0.4731 | bce: 0.2323 | raw_bce: 0.2596 | dice_loss: 0.2367 | distance_loss: 0.0402 | tv_loss: 2065.7771 | boundary_weight_mean: 4.5372
2026-07-11 16:51:08,184:INFO:epoch: 54 | loss: 0.4753 | bce: 0.2342 | raw_bce: 0.2617 | dice_loss: 0.2370 | distance_loss: 0.0407 | tv_loss: 2058.1018 | boundary_weight_mean: 4.5083 | eval_loss: 0.7138 | eval_bce: 0.4258 | eval_raw_bce: 0.2729 | eval_dice_loss: 0.2835 | eval_distance_loss: 0.0454 | eval_tv_loss: 1902.3892 | eval_boundary_weight_mean: 2.4366 | eval_pixel_iou: 0.7888 | eval_miou: 0.7566 | eval_boundary_iou: 0.3577
2026-07-11 16:51:44,834:INFO:epoch: 55 | loss: 0.4762 | bce: 0.2353 | raw_bce: 0.2606 | dice_loss: 0.2368 | distance_loss: 0.0407 | tv_loss: 2061.2278 | boundary_weight_mean: 4.4808
2026-07-11 16:52:23,756:INFO:epoch: 56 | loss: 0.4790 | bce: 0.2362 | raw_bce: 0.2620 | dice_loss: 0.2387 | distance_loss: 0.0411 | tv_loss: 2066.3308 | boundary_weight_mean: 4.4702 | eval_loss: 0.7026 | eval_bce: 0.4141 | eval_raw_bce: 0.2736 | eval_dice_loss: 0.2839 | eval_distance_loss: 0.0460 | eval_tv_loss: 1847.4188 | eval_boundary_weight_mean: 2.4366 | eval_pixel_iou: 0.7883 | eval_miou: 0.7525 | eval_boundary_iou: 0.3437
2026-07-11 16:53:00,424:INFO:epoch: 57 | loss: 0.4757 | bce: 0.2330 | raw_bce: 0.2609 | dice_loss: 0.2386 | distance_loss: 0.0407 | tv_loss: 2062.3994 | boundary_weight_mean: 4.5166
2026-07-11 16:53:39,590:INFO:epoch: 58 | loss: 0.4739 | bce: 0.2323 | raw_bce: 0.2617 | dice_loss: 0.2375 | distance_loss: 0.0411 | tv_loss: 2069.3548 | boundary_weight_mean: 4.5397 | eval_loss: 0.7205 | eval_bce: 0.4280 | eval_raw_bce: 0.2761 | eval_dice_loss: 0.2879 | eval_distance_loss: 0.0467 | eval_tv_loss: 1920.1001 | eval_boundary_weight_mean: 2.4366 | eval_pixel_iou: 0.7853 | eval_miou: 0.7524 | eval_boundary_iou: 0.3607
2026-07-11 16:54:16,346:INFO:epoch: 59 | loss: 0.4765 | bce: 0.2316 | raw_bce: 0.2635 | dice_loss: 0.2407 | distance_loss: 0.0416 | tv_loss: 2074.5585 | boundary_weight_mean: 4.5489
2026-07-11 16:54:55,158:INFO:epoch: 60 | loss: 0.4827 | bce: 0.2372 | raw_bce: 0.2645 | dice_loss: 0.2413 | distance_loss: 0.0420 | tv_loss: 2068.1698 | boundary_weight_mean: 4.4760 | eval_loss: 0.7233 | eval_bce: 0.4295 | eval_raw_bce: 0.2743 | eval_dice_loss: 0.2891 | eval_distance_loss: 0.0460 | eval_tv_loss: 1885.0233 | eval_boundary_weight_mean: 2.4366 | eval_pixel_iou: 0.7851 | eval_miou: 0.7494 | eval_boundary_iou: 0.3404
2026-07-11 16:55:31,670:INFO:epoch: 61 | loss: 0.4751 | bce: 0.2334 | raw_bce: 0.2625 | dice_loss: 0.2376 | distance_loss: 0.0411 | tv_loss: 2065.3050 | boundary_weight_mean: 4.5248
2026-07-11 16:56:11,091:INFO:epoch: 62 | loss: 0.4822 | bce: 0.2378 | raw_bce: 0.2651 | dice_loss: 0.2402 | distance_loss: 0.0418 | tv_loss: 2071.3557 | boundary_weight_mean: 4.4735 | eval_loss: 0.7127 | eval_bce: 0.4208 | eval_raw_bce: 0.2777 | eval_dice_loss: 0.2871 | eval_distance_loss: 0.0471 | eval_tv_loss: 1873.1605 | eval_boundary_weight_mean: 2.4366 | eval_pixel_iou: 0.7867 | eval_miou: 0.7581 | eval_boundary_iou: 0.3513
2026-07-11 16:56:48,191:INFO:epoch: 63 | loss: 0.4778 | bce: 0.2346 | raw_bce: 0.2639 | dice_loss: 0.2390 | distance_loss: 0.0414 | tv_loss: 2063.4456 | boundary_weight_mean: 4.5179
2026-07-11 16:57:47,685:INFO:epoch: 64 | loss: 0.4770 | bce: 0.2336 | raw_bce: 0.2625 | dice_loss: 0.2392 | distance_loss: 0.0412 | tv_loss: 2066.8581 | boundary_weight_mean: 4.5251 | eval_loss: 0.7140 | eval_bce: 0.4236 | eval_raw_bce: 0.2648 | eval_dice_loss: 0.2858 | eval_distance_loss: 0.0459 | eval_tv_loss: 1904.6855 | eval_boundary_weight_mean: 2.4366 | eval_pixel_iou: 0.7905 | eval_miou: 0.7566 | eval_boundary_iou: 0.3664
2026-07-11 16:58:25,109:INFO:epoch: 65 | loss: 0.4778 | bce: 0.2346 | raw_bce: 0.2641 | dice_loss: 0.2390 | distance_loss: 0.0414 | tv_loss: 2083.5563 | boundary_weight_mean: 4.5181
2026-07-11 16:59:04,462:INFO:epoch: 66 | loss: 0.4827 | bce: 0.2377 | raw_bce: 0.2664 | dice_loss: 0.2408 | distance_loss: 0.0419 | tv_loss: 2077.1464 | boundary_weight_mean: 4.4796 | eval_loss: 0.7072 | eval_bce: 0.4172 | eval_raw_bce: 0.2746 | eval_dice_loss: 0.2854 | eval_distance_loss: 0.0464 | eval_tv_loss: 1975.3748 | eval_boundary_weight_mean: 2.4366 | eval_pixel_iou: 0.7874 | eval_miou: 0.7497 | eval_boundary_iou: 0.3636
2026-07-11 16:59:41,379:INFO:epoch: 67 | loss: 0.4774 | bce: 0.2325 | raw_bce: 0.2647 | dice_loss: 0.2408 | distance_loss: 0.0413 | tv_loss: 2077.7549 | boundary_weight_mean: 4.5565
2026-07-11 17:00:20,727:INFO:epoch: 68 | loss: 0.4802 | bce: 0.2377 | raw_bce: 0.2642 | dice_loss: 0.2383 | distance_loss: 0.0416 | tv_loss: 2063.3036 | boundary_weight_mean: 4.4622 | eval_loss: 0.7248 | eval_bce: 0.4292 | eval_raw_bce: 0.2835 | eval_dice_loss: 0.2907 | eval_distance_loss: 0.0489 | eval_tv_loss: 1930.1514 | eval_boundary_weight_mean: 2.4366 | eval_pixel_iou: 0.7822 | eval_miou: 0.7398 | eval_boundary_iou: 0.3403
2026-07-11 17:00:57,325:INFO:epoch: 69 | loss: 0.4813 | bce: 0.2364 | raw_bce: 0.2669 | dice_loss: 0.2407 | distance_loss: 0.0420 | tv_loss: 2067.2454 | boundary_weight_mean: 4.5003
2026-07-11 17:01:36,388:INFO:epoch: 70 | loss: 0.4832 | bce: 0.2385 | raw_bce: 0.2671 | dice_loss: 0.2404 | distance_loss: 0.0421 | tv_loss: 2076.4901 | boundary_weight_mean: 4.4693 | eval_loss: 0.7158 | eval_bce: 0.4191 | eval_raw_bce: 0.2703 | eval_dice_loss: 0.2920 | eval_distance_loss: 0.0471 | eval_tv_loss: 1861.4579 | eval_boundary_weight_mean: 2.4366 | eval_pixel_iou: 0.7888 | eval_miou: 0.7560 | eval_boundary_iou: 0.3605
