2026-07-08 23:00:49,069:INFO:DualHeadUNet(
  (inc): DoubleConv(
    (block): Sequential(
      (0): Conv2d(8, 32, kernel_size=(3, 3), stride=(1, 1), padding=(1, 1), bias=False)
      (1): BatchNorm2d(32, eps=1e-05, momentum=0.1, affine=True, track_running_stats=True)
      (2): ReLU(inplace=True)
      (3): Conv2d(32, 32, kernel_size=(3, 3), stride=(1, 1), padding=(1, 1), bias=False)
      (4): BatchNorm2d(32, eps=1e-05, momentum=0.1, affine=True, track_running_stats=True)
      (5): ReLU(inplace=True)
    )
  )
  (down1): Down(
    (block): Sequential(
      (0): MaxPool2d(kernel_size=2, stride=2, padding=0, dilation=1, ceil_mode=False)
      (1): DoubleConv(
        (block): Sequential(
          (0): Conv2d(32, 64, kernel_size=(3, 3), stride=(1, 1), padding=(1, 1), bias=False)
          (1): BatchNorm2d(64, eps=1e-05, momentum=0.1, affine=True, track_running_stats=True)
          (2): ReLU(inplace=True)
          (3): Conv2d(64, 64, kernel_size=(3, 3), stride=(1, 1), padding=(1, 1), bias=False)
          (4): BatchNorm2d(64, eps=1e-05, momentum=0.1, affine=True, track_running_stats=True)
          (5): ReLU(inplace=True)
        )
      )
    )
  )
  (down2): Down(
    (block): Sequential(
      (0): MaxPool2d(kernel_size=2, stride=2, padding=0, dilation=1, ceil_mode=False)
      (1): DoubleConv(
        (block): Sequential(
          (0): Conv2d(64, 128, kernel_size=(3, 3), stride=(1, 1), padding=(1, 1), bias=False)
          (1): BatchNorm2d(128, eps=1e-05, momentum=0.1, affine=True, track_running_stats=True)
          (2): ReLU(inplace=True)
          (3): Conv2d(128, 128, kernel_size=(3, 3), stride=(1, 1), padding=(1, 1), bias=False)
          (4): BatchNorm2d(128, eps=1e-05, momentum=0.1, affine=True, track_running_stats=True)
          (5): ReLU(inplace=True)
        )
      )
    )
  )
  (down3): Down(
    (block): Sequential(
      (0): MaxPool2d(kernel_size=2, stride=2, padding=0, dilation=1, ceil_mode=False)
      (1): DoubleConv(
        (block): Sequential(
          (0): Conv2d(128, 256, kernel_size=(3, 3), stride=(1, 1), padding=(1, 1), bias=False)
          (1): BatchNorm2d(256, eps=1e-05, momentum=0.1, affine=True, track_running_stats=True)
          (2): ReLU(inplace=True)
          (3): Conv2d(256, 256, kernel_size=(3, 3), stride=(1, 1), padding=(1, 1), bias=False)
          (4): BatchNorm2d(256, eps=1e-05, momentum=0.1, affine=True, track_running_stats=True)
          (5): ReLU(inplace=True)
        )
      )
    )
  )
  (down4): Down(
    (block): Sequential(
      (0): MaxPool2d(kernel_size=2, stride=2, padding=0, dilation=1, ceil_mode=False)
      (1): DoubleConv(
        (block): Sequential(
          (0): Conv2d(256, 512, kernel_size=(3, 3), stride=(1, 1), padding=(1, 1), bias=False)
          (1): BatchNorm2d(512, eps=1e-05, momentum=0.1, affine=True, track_running_stats=True)
          (2): ReLU(inplace=True)
          (3): Conv2d(512, 512, kernel_size=(3, 3), stride=(1, 1), padding=(1, 1), bias=False)
          (4): BatchNorm2d(512, eps=1e-05, momentum=0.1, affine=True, track_running_stats=True)
          (5): ReLU(inplace=True)
        )
      )
    )
  )
  (up1): Up(
    (up): ConvTranspose2d(512, 256, kernel_size=(2, 2), stride=(2, 2))
    (conv): DoubleConv(
      (block): Sequential(
        (0): Conv2d(512, 256, kernel_size=(3, 3), stride=(1, 1), padding=(1, 1), bias=False)
        (1): BatchNorm2d(256, eps=1e-05, momentum=0.1, affine=True, track_running_stats=True)
        (2): ReLU(inplace=True)
        (3): Conv2d(256, 256, kernel_size=(3, 3), stride=(1, 1), padding=(1, 1), bias=False)
        (4): BatchNorm2d(256, eps=1e-05, momentum=0.1, affine=True, track_running_stats=True)
        (5): ReLU(inplace=True)
      )
    )
  )
  (up2): Up(
    (up): ConvTranspose2d(256, 128, kernel_size=(2, 2), stride=(2, 2))
    (conv): DoubleConv(
      (block): Sequential(
        (0): Conv2d(256, 128, kernel_size=(3, 3), stride=(1, 1), padding=(1, 1), bias=False)
        (1): BatchNorm2d(128, eps=1e-05, momentum=0.1, affine=True, track_running_stats=True)
        (2): ReLU(inplace=True)
        (3): Conv2d(128, 128, kernel_size=(3, 3), stride=(1, 1), padding=(1, 1), bias=False)
        (4): BatchNorm2d(128, eps=1e-05, momentum=0.1, affine=True, track_running_stats=True)
        (5): ReLU(inplace=True)
      )
    )
  )
  (up3): Up(
    (up): ConvTranspose2d(128, 64, kernel_size=(2, 2), stride=(2, 2))
    (conv): DoubleConv(
      (block): Sequential(
        (0): Conv2d(128, 64, kernel_size=(3, 3), stride=(1, 1), padding=(1, 1), bias=False)
        (1): BatchNorm2d(64, eps=1e-05, momentum=0.1, affine=True, track_running_stats=True)
        (2): ReLU(inplace=True)
        (3): Conv2d(64, 64, kernel_size=(3, 3), stride=(1, 1), padding=(1, 1), bias=False)
        (4): BatchNorm2d(64, eps=1e-05, momentum=0.1, affine=True, track_running_stats=True)
        (5): ReLU(inplace=True)
      )
    )
  )
  (up4): Up(
    (up): ConvTranspose2d(64, 32, kernel_size=(2, 2), stride=(2, 2))
    (conv): DoubleConv(
      (block): Sequential(
        (0): Conv2d(64, 32, kernel_size=(3, 3), stride=(1, 1), padding=(1, 1), bias=False)
        (1): BatchNorm2d(32, eps=1e-05, momentum=0.1, affine=True, track_running_stats=True)
        (2): ReLU(inplace=True)
        (3): Conv2d(32, 32, kernel_size=(3, 3), stride=(1, 1), padding=(1, 1), bias=False)
        (4): BatchNorm2d(32, eps=1e-05, momentum=0.1, affine=True, track_running_stats=True)
        (5): ReLU(inplace=True)
      )
    )
  )
  (mask_head): Conv2d(32, 1, kernel_size=(1, 1), stride=(1, 1))
  (distance_head): Sequential(
    (0): Conv2d(32, 32, kernel_size=(3, 3), stride=(1, 1), padding=(1, 1), bias=False)
    (1): BatchNorm2d(32, eps=1e-05, momentum=0.1, affine=True, track_running_stats=True)
    (2): ReLU(inplace=True)
    (3): Conv2d(32, 1, kernel_size=(1, 1), stride=(1, 1))
  )
)
Trainable parameters by tensor:
  inc.block.0.weight: 2,304
  inc.block.1.weight: 32
  inc.block.1.bias: 32
  inc.block.3.weight: 9,216
  inc.block.4.weight: 32
  inc.block.4.bias: 32
  down1.block.1.block.0.weight: 18,432
  down1.block.1.block.1.weight: 64
  down1.block.1.block.1.bias: 64
  down1.block.1.block.3.weight: 36,864
  down1.block.1.block.4.weight: 64
  down1.block.1.block.4.bias: 64
  down2.block.1.block.0.weight: 73,728
  down2.block.1.block.1.weight: 128
  down2.block.1.block.1.bias: 128
  down2.block.1.block.3.weight: 147,456
  down2.block.1.block.4.weight: 128
  down2.block.1.block.4.bias: 128
  down3.block.1.block.0.weight: 294,912
  down3.block.1.block.1.weight: 256
  down3.block.1.block.1.bias: 256
  down3.block.1.block.3.weight: 589,824
  down3.block.1.block.4.weight: 256
  down3.block.1.block.4.bias: 256
  down4.block.1.block.0.weight: 1,179,648
  down4.block.1.block.1.weight: 512
  down4.block.1.block.1.bias: 512
  down4.block.1.block.3.weight: 2,359,296
  down4.block.1.block.4.weight: 512
  down4.block.1.block.4.bias: 512
  up1.up.weight: 524,288
  up1.up.bias: 256
  up1.conv.block.0.weight: 1,179,648
  up1.conv.block.1.weight: 256
  up1.conv.block.1.bias: 256
  up1.conv.block.3.weight: 589,824
  up1.conv.block.4.weight: 256
  up1.conv.block.4.bias: 256
  up2.up.weight: 131,072
  up2.up.bias: 128
  up2.conv.block.0.weight: 294,912
  up2.conv.block.1.weight: 128
  up2.conv.block.1.bias: 128
  up2.conv.block.3.weight: 147,456
  up2.conv.block.4.weight: 128
  up2.conv.block.4.bias: 128
  up3.up.weight: 32,768
  up3.up.bias: 64
  up3.conv.block.0.weight: 73,728
  up3.conv.block.1.weight: 64
  up3.conv.block.1.bias: 64
  up3.conv.block.3.weight: 36,864
  up3.conv.block.4.weight: 64
  up3.conv.block.4.bias: 64
  up4.up.weight: 8,192
  up4.up.bias: 32
  up4.conv.block.0.weight: 18,432
  up4.conv.block.1.weight: 32
  up4.conv.block.1.bias: 32
  up4.conv.block.3.weight: 9,216
  up4.conv.block.4.weight: 32
  up4.conv.block.4.bias: 32
  mask_head.weight: 32
  mask_head.bias: 1
  distance_head.0.weight: 9,216
  distance_head.1.weight: 32
  distance_head.1.bias: 32
  distance_head.3.weight: 32
  distance_head.3.bias: 1
Total trainable parameters: 7,773,794
2026-07-08 23:00:49,073:INFO:------------ New Training Session ------------
2026-07-08 23:01:26,132:INFO:epoch: 1 | loss: 0.8024 | bce: 0.3896 | raw_bce: 0.4196 | dice_loss: 0.4047 | distance_loss: 0.0817 | tv_loss: 2130.1175 | boundary_weight_mean: 3.6259
2026-07-08 23:02:03,276:INFO:epoch: 2 | loss: 0.6856 | bce: 0.3340 | raw_bce: 0.3367 | dice_loss: 0.3450 | distance_loss: 0.0666 | tv_loss: 2026.9778 | boundary_weight_mean: 3.6176
2026-07-08 23:02:40,256:INFO:epoch: 3 | loss: 0.6437 | bce: 0.3181 | raw_bce: 0.3121 | dice_loss: 0.3193 | distance_loss: 0.0631 | tv_loss: 2060.5634 | boundary_weight_mean: 3.6260
2026-07-08 23:03:17,345:INFO:epoch: 4 | loss: 0.6100 | bce: 0.3056 | raw_bce: 0.2940 | dice_loss: 0.2987 | distance_loss: 0.0574 | tv_loss: 2039.4506 | boundary_weight_mean: 3.6355
2026-07-08 23:04:22,149:INFO:epoch: 5 | loss: 0.5962 | bce: 0.3002 | raw_bce: 0.2890 | dice_loss: 0.2905 | distance_loss: 0.0558 | tv_loss: 2057.5700 | boundary_weight_mean: 3.6405 | eval_loss: 0.7312 | eval_bce: 0.3981 | eval_raw_bce: 0.2908 | eval_dice_loss: 0.3273 | eval_distance_loss: 0.0572 | eval_tv_loss: 1869.4404 | eval_boundary_weight_mean: 2.5554 | eval_pixel_iou: 0.7710 | eval_miou: 0.7318 | eval_boundary_iou: 0.3110
2026-07-08 23:04:59,189:INFO:epoch: 6 | loss: 0.5829 | bce: 0.2958 | raw_bce: 0.2821 | dice_loss: 0.2816 | distance_loss: 0.0544 | tv_loss: 2064.4777 | boundary_weight_mean: 3.6386
2026-07-08 23:05:36,340:INFO:epoch: 7 | loss: 0.5779 | bce: 0.2967 | raw_bce: 0.2818 | dice_loss: 0.2758 | distance_loss: 0.0538 | tv_loss: 2069.2475 | boundary_weight_mean: 3.6187
2026-07-08 23:06:13,153:INFO:epoch: 8 | loss: 0.5686 | bce: 0.2915 | raw_bce: 0.2771 | dice_loss: 0.2719 | distance_loss: 0.0520 | tv_loss: 2061.5527 | boundary_weight_mean: 3.6368
2026-07-08 23:06:50,189:INFO:epoch: 9 | loss: 0.5621 | bce: 0.2902 | raw_bce: 0.2736 | dice_loss: 0.2668 | distance_loss: 0.0503 | tv_loss: 2062.2844 | boundary_weight_mean: 3.6171
2026-07-08 23:07:29,964:INFO:epoch: 10 | loss: 0.5598 | bce: 0.2892 | raw_bce: 0.2710 | dice_loss: 0.2656 | distance_loss: 0.0498 | tv_loss: 2069.4728 | boundary_weight_mean: 3.6098 | eval_loss: 0.6919 | eval_bce: 0.3880 | eval_raw_bce: 0.2771 | eval_dice_loss: 0.2988 | eval_distance_loss: 0.0516 | eval_tv_loss: 1838.8360 | eval_boundary_weight_mean: 2.5554 | eval_pixel_iou: 0.7777 | eval_miou: 0.7401 | eval_boundary_iou: 0.3403
2026-07-08 23:08:07,035:INFO:epoch: 11 | loss: 0.5575 | bce: 0.2884 | raw_bce: 0.2692 | dice_loss: 0.2642 | distance_loss: 0.0492 | tv_loss: 2072.7437 | boundary_weight_mean: 3.6013
2026-07-08 23:08:44,039:INFO:epoch: 12 | loss: 0.5514 | bce: 0.2865 | raw_bce: 0.2692 | dice_loss: 0.2600 | distance_loss: 0.0486 | tv_loss: 2072.8716 | boundary_weight_mean: 3.6093
2026-07-08 23:09:20,802:INFO:epoch: 13 | loss: 0.5525 | bce: 0.2865 | raw_bce: 0.2674 | dice_loss: 0.2612 | distance_loss: 0.0480 | tv_loss: 2075.1833 | boundary_weight_mean: 3.5983
2026-07-08 23:09:57,949:INFO:epoch: 14 | loss: 0.5427 | bce: 0.2817 | raw_bce: 0.2652 | dice_loss: 0.2562 | distance_loss: 0.0474 | tv_loss: 2075.9098 | boundary_weight_mean: 3.6358
2026-07-08 23:10:37,743:INFO:epoch: 15 | loss: 0.5447 | bce: 0.2831 | raw_bce: 0.2651 | dice_loss: 0.2568 | distance_loss: 0.0473 | tv_loss: 2078.3305 | boundary_weight_mean: 3.6044 | eval_loss: 0.6853 | eval_bce: 0.3846 | eval_raw_bce: 0.2747 | eval_dice_loss: 0.2957 | eval_distance_loss: 0.0509 | eval_tv_loss: 1897.1450 | eval_boundary_weight_mean: 2.5554 | eval_pixel_iou: 0.7789 | eval_miou: 0.7373 | eval_boundary_iou: 0.3442
2026-07-08 23:11:14,642:INFO:epoch: 16 | loss: 0.5381 | bce: 0.2798 | raw_bce: 0.2614 | dice_loss: 0.2537 | distance_loss: 0.0458 | tv_loss: 2069.4163 | boundary_weight_mean: 3.6258
2026-07-08 23:11:51,705:INFO:epoch: 17 | loss: 0.5371 | bce: 0.2802 | raw_bce: 0.2609 | dice_loss: 0.2524 | distance_loss: 0.0458 | tv_loss: 2079.2481 | boundary_weight_mean: 3.6093
2026-07-08 23:12:28,694:INFO:epoch: 18 | loss: 0.5350 | bce: 0.2784 | raw_bce: 0.2601 | dice_loss: 0.2521 | distance_loss: 0.0454 | tv_loss: 2083.1520 | boundary_weight_mean: 3.6242
2026-07-08 23:13:05,721:INFO:epoch: 19 | loss: 0.5325 | bce: 0.2775 | raw_bce: 0.2593 | dice_loss: 0.2505 | distance_loss: 0.0452 | tv_loss: 2088.5154 | boundary_weight_mean: 3.6242
2026-07-08 23:13:45,562:INFO:epoch: 20 | loss: 0.5352 | bce: 0.2794 | raw_bce: 0.2596 | dice_loss: 0.2512 | distance_loss: 0.0453 | tv_loss: 2078.5645 | boundary_weight_mean: 3.6032 | eval_loss: 0.6697 | eval_bce: 0.3727 | eval_raw_bce: 0.2602 | eval_dice_loss: 0.2921 | eval_distance_loss: 0.0486 | eval_tv_loss: 1848.7781 | eval_boundary_weight_mean: 2.5554 | eval_pixel_iou: 0.7877 | eval_miou: 0.7515 | eval_boundary_iou: 0.3724
2026-07-08 23:14:22,490:INFO:epoch: 21 | loss: 0.5321 | bce: 0.2760 | raw_bce: 0.2560 | dice_loss: 0.2517 | distance_loss: 0.0443 | tv_loss: 2075.2956 | boundary_weight_mean: 3.6038
2026-07-08 23:14:59,544:INFO:epoch: 22 | loss: 0.5274 | bce: 0.2758 | raw_bce: 0.2565 | dice_loss: 0.2472 | distance_loss: 0.0443 | tv_loss: 2070.5614 | boundary_weight_mean: 3.6197
2026-07-08 23:15:36,690:INFO:epoch: 23 | loss: 0.5273 | bce: 0.2748 | raw_bce: 0.2547 | dice_loss: 0.2481 | distance_loss: 0.0436 | tv_loss: 2080.9255 | boundary_weight_mean: 3.6166
2026-07-08 23:16:13,728:INFO:epoch: 24 | loss: 0.5244 | bce: 0.2735 | raw_bce: 0.2540 | dice_loss: 0.2465 | distance_loss: 0.0434 | tv_loss: 2091.4407 | boundary_weight_mean: 3.6213
2026-07-08 23:16:53,281:INFO:epoch: 25 | loss: 0.5225 | bce: 0.2735 | raw_bce: 0.2541 | dice_loss: 0.2447 | distance_loss: 0.0431 | tv_loss: 2088.0571 | boundary_weight_mean: 3.6194 | eval_loss: 0.6747 | eval_bce: 0.3798 | eval_raw_bce: 0.2629 | eval_dice_loss: 0.2902 | eval_distance_loss: 0.0466 | eval_tv_loss: 1890.3359 | eval_boundary_weight_mean: 2.5554 | eval_pixel_iou: 0.7855 | eval_miou: 0.7482 | eval_boundary_iou: 0.3615
2026-07-08 23:17:30,415:INFO:epoch: 26 | loss: 0.5227 | bce: 0.2711 | raw_bce: 0.2512 | dice_loss: 0.2474 | distance_loss: 0.0428 | tv_loss: 2086.5163 | boundary_weight_mean: 3.6314
2026-07-08 23:18:07,510:INFO:epoch: 27 | loss: 0.5170 | bce: 0.2708 | raw_bce: 0.2502 | dice_loss: 0.2420 | distance_loss: 0.0424 | tv_loss: 2088.2011 | boundary_weight_mean: 3.6134
2026-07-08 23:18:44,526:INFO:epoch: 28 | loss: 0.5201 | bce: 0.2732 | raw_bce: 0.2521 | dice_loss: 0.2427 | distance_loss: 0.0424 | tv_loss: 2093.7824 | boundary_weight_mean: 3.6119
2026-07-08 23:19:21,493:INFO:epoch: 29 | loss: 0.5182 | bce: 0.2715 | raw_bce: 0.2512 | dice_loss: 0.2425 | distance_loss: 0.0421 | tv_loss: 2084.3606 | boundary_weight_mean: 3.6197
2026-07-08 23:20:00,987:INFO:epoch: 30 | loss: 0.5148 | bce: 0.2686 | raw_bce: 0.2473 | dice_loss: 0.2421 | distance_loss: 0.0414 | tv_loss: 2083.4617 | boundary_weight_mean: 3.6249 | eval_loss: 0.6616 | eval_bce: 0.3682 | eval_raw_bce: 0.2641 | eval_dice_loss: 0.2887 | eval_distance_loss: 0.0472 | eval_tv_loss: 1937.1390 | eval_boundary_weight_mean: 2.5554 | eval_pixel_iou: 0.7888 | eval_miou: 0.7457 | eval_boundary_iou: 0.3644
2026-07-08 23:20:37,956:INFO:epoch: 31 | loss: 0.5161 | bce: 0.2714 | raw_bce: 0.2493 | dice_loss: 0.2405 | distance_loss: 0.0419 | tv_loss: 2091.9134 | boundary_weight_mean: 3.6044
2026-07-08 23:21:15,012:INFO:epoch: 32 | loss: 0.5156 | bce: 0.2705 | raw_bce: 0.2489 | dice_loss: 0.2409 | distance_loss: 0.0417 | tv_loss: 2095.2050 | boundary_weight_mean: 3.6049
2026-07-08 23:21:51,943:INFO:epoch: 33 | loss: 0.5120 | bce: 0.2678 | raw_bce: 0.2471 | dice_loss: 0.2401 | distance_loss: 0.0410 | tv_loss: 2091.7414 | boundary_weight_mean: 3.6264
2026-07-08 23:22:28,972:INFO:epoch: 34 | loss: 0.5118 | bce: 0.2675 | raw_bce: 0.2470 | dice_loss: 0.2402 | distance_loss: 0.0411 | tv_loss: 2086.4604 | boundary_weight_mean: 3.6203
2026-07-08 23:23:08,687:INFO:epoch: 35 | loss: 0.5099 | bce: 0.2675 | raw_bce: 0.2451 | dice_loss: 0.2384 | distance_loss: 0.0409 | tv_loss: 2089.8728 | boundary_weight_mean: 3.6161 | eval_loss: 0.6602 | eval_bce: 0.3708 | eval_raw_bce: 0.2648 | eval_dice_loss: 0.2848 | eval_distance_loss: 0.0462 | eval_tv_loss: 1889.0967 | eval_boundary_weight_mean: 2.5554 | eval_pixel_iou: 0.7911 | eval_miou: 0.7557 | eval_boundary_iou: 0.3743
2026-07-08 23:23:45,793:INFO:epoch: 36 | loss: 0.5093 | bce: 0.2666 | raw_bce: 0.2461 | dice_loss: 0.2386 | distance_loss: 0.0407 | tv_loss: 2082.6443 | boundary_weight_mean: 3.6380
2026-07-08 23:24:22,757:INFO:epoch: 37 | loss: 0.5120 | bce: 0.2700 | raw_bce: 0.2465 | dice_loss: 0.2379 | distance_loss: 0.0412 | tv_loss: 2088.7951 | boundary_weight_mean: 3.5874
2026-07-08 23:24:59,584:INFO:epoch: 38 | loss: 0.5094 | bce: 0.2679 | raw_bce: 0.2453 | dice_loss: 0.2375 | distance_loss: 0.0406 | tv_loss: 2089.3916 | boundary_weight_mean: 3.6131
2026-07-08 23:25:36,682:INFO:epoch: 39 | loss: 0.5070 | bce: 0.2656 | raw_bce: 0.2438 | dice_loss: 0.2373 | distance_loss: 0.0405 | tv_loss: 2087.7597 | boundary_weight_mean: 3.6344
2026-07-08 23:26:16,247:INFO:epoch: 40 | loss: 0.5084 | bce: 0.2655 | raw_bce: 0.2444 | dice_loss: 0.2388 | distance_loss: 0.0406 | tv_loss: 2081.4564 | boundary_weight_mean: 3.6343 | eval_loss: 0.6586 | eval_bce: 0.3686 | eval_raw_bce: 0.2627 | eval_dice_loss: 0.2854 | eval_distance_loss: 0.0461 | eval_tv_loss: 1915.9892 | eval_boundary_weight_mean: 2.5554 | eval_pixel_iou: 0.7904 | eval_miou: 0.7527 | eval_boundary_iou: 0.3715
2026-07-08 23:26:53,178:INFO:epoch: 41 | loss: 0.5099 | bce: 0.2691 | raw_bce: 0.2464 | dice_loss: 0.2368 | distance_loss: 0.0408 | tv_loss: 2092.1099 | boundary_weight_mean: 3.6147
2026-07-08 23:27:30,179:INFO:epoch: 42 | loss: 0.5078 | bce: 0.2656 | raw_bce: 0.2429 | dice_loss: 0.2382 | distance_loss: 0.0406 | tv_loss: 2083.9794 | boundary_weight_mean: 3.6175
2026-07-08 23:28:07,233:INFO:epoch: 43 | loss: 0.5117 | bce: 0.2682 | raw_bce: 0.2459 | dice_loss: 0.2394 | distance_loss: 0.0408 | tv_loss: 2087.9849 | boundary_weight_mean: 3.6111
2026-07-08 23:28:44,143:INFO:epoch: 44 | loss: 0.5084 | bce: 0.2666 | raw_bce: 0.2449 | dice_loss: 0.2378 | distance_loss: 0.0407 | tv_loss: 2089.3435 | boundary_weight_mean: 3.6257
2026-07-08 23:29:23,642:INFO:epoch: 45 | loss: 0.5089 | bce: 0.2687 | raw_bce: 0.2453 | dice_loss: 0.2361 | distance_loss: 0.0407 | tv_loss: 2085.1601 | boundary_weight_mean: 3.6065 | eval_loss: 0.6605 | eval_bce: 0.3712 | eval_raw_bce: 0.2638 | eval_dice_loss: 0.2846 | eval_distance_loss: 0.0460 | eval_tv_loss: 1906.9828 | eval_boundary_weight_mean: 2.5554 | eval_pixel_iou: 0.7904 | eval_miou: 0.7525 | eval_boundary_iou: 0.3714
2026-07-08 23:30:00,666:INFO:epoch: 46 | loss: 0.5094 | bce: 0.2664 | raw_bce: 0.2456 | dice_loss: 0.2389 | distance_loss: 0.0407 | tv_loss: 2087.3257 | boundary_weight_mean: 3.6279
2026-07-08 23:30:37,606:INFO:epoch: 47 | loss: 0.5054 | bce: 0.2655 | raw_bce: 0.2444 | dice_loss: 0.2359 | distance_loss: 0.0405 | tv_loss: 2079.8891 | boundary_weight_mean: 3.6387
2026-07-08 23:31:14,617:INFO:epoch: 48 | loss: 0.5080 | bce: 0.2673 | raw_bce: 0.2456 | dice_loss: 0.2367 | distance_loss: 0.0409 | tv_loss: 2095.9822 | boundary_weight_mean: 3.6239
2026-07-08 23:31:51,741:INFO:epoch: 49 | loss: 0.5093 | bce: 0.2661 | raw_bce: 0.2462 | dice_loss: 0.2391 | distance_loss: 0.0410 | tv_loss: 2090.6085 | boundary_weight_mean: 3.6317
2026-07-08 23:32:31,088:INFO:epoch: 50 | loss: 0.5084 | bce: 0.2660 | raw_bce: 0.2458 | dice_loss: 0.2383 | distance_loss: 0.0408 | tv_loss: 2081.3055 | boundary_weight_mean: 3.6375 | eval_loss: 0.6577 | eval_bce: 0.3672 | eval_raw_bce: 0.2602 | eval_dice_loss: 0.2859 | eval_distance_loss: 0.0460 | eval_tv_loss: 1916.1534 | eval_boundary_weight_mean: 2.5554 | eval_pixel_iou: 0.7903 | eval_miou: 0.7535 | eval_boundary_iou: 0.3714
