2026-07-11 19:34:16,856:INFO:DualHeadUNet(
  (inc): DoubleConv(
    (block): Sequential(
      (0): Conv2d(8, 32, kernel_size=(3, 3), stride=(1, 1), padding=(1, 1), bias=False)
      (1): BatchNorm2d(32, eps=1e-05, momentum=0.1, affine=True, track_running_stats=True)
      (2): ReLU(inplace=True)
      (3): Conv2d(32, 32, kernel_size=(3, 3), stride=(1, 1), padding=(1, 1), bias=False)
      (4): BatchNorm2d(32, eps=1e-05, momentum=0.1, affine=True, track_running_stats=True)
      (5): ReLU(inplace=True)
    )
  )
  (down1): Down(
    (block): Sequential(
      (0): MaxPool2d(kernel_size=2, stride=2, padding=0, dilation=1, ceil_mode=False)
      (1): DoubleConv(
        (block): Sequential(
          (0): Conv2d(32, 64, kernel_size=(3, 3), stride=(1, 1), padding=(1, 1), bias=False)
          (1): BatchNorm2d(64, eps=1e-05, momentum=0.1, affine=True, track_running_stats=True)
          (2): ReLU(inplace=True)
          (3): Conv2d(64, 64, kernel_size=(3, 3), stride=(1, 1), padding=(1, 1), bias=False)
          (4): BatchNorm2d(64, eps=1e-05, momentum=0.1, affine=True, track_running_stats=True)
          (5): ReLU(inplace=True)
        )
      )
    )
  )
  (down2): Down(
    (block): Sequential(
      (0): MaxPool2d(kernel_size=2, stride=2, padding=0, dilation=1, ceil_mode=False)
      (1): DoubleConv(
        (block): Sequential(
          (0): Conv2d(64, 128, kernel_size=(3, 3), stride=(1, 1), padding=(1, 1), bias=False)
          (1): BatchNorm2d(128, eps=1e-05, momentum=0.1, affine=True, track_running_stats=True)
          (2): ReLU(inplace=True)
          (3): Conv2d(128, 128, kernel_size=(3, 3), stride=(1, 1), padding=(1, 1), bias=False)
          (4): BatchNorm2d(128, eps=1e-05, momentum=0.1, affine=True, track_running_stats=True)
          (5): ReLU(inplace=True)
        )
      )
    )
  )
  (down3): Down(
    (block): Sequential(
      (0): MaxPool2d(kernel_size=2, stride=2, padding=0, dilation=1, ceil_mode=False)
      (1): DoubleConv(
        (block): Sequential(
          (0): Conv2d(128, 256, kernel_size=(3, 3), stride=(1, 1), padding=(1, 1), bias=False)
          (1): BatchNorm2d(256, eps=1e-05, momentum=0.1, affine=True, track_running_stats=True)
          (2): ReLU(inplace=True)
          (3): Conv2d(256, 256, kernel_size=(3, 3), stride=(1, 1), padding=(1, 1), bias=False)
          (4): BatchNorm2d(256, eps=1e-05, momentum=0.1, affine=True, track_running_stats=True)
          (5): ReLU(inplace=True)
        )
      )
    )
  )
  (down4): Down(
    (block): Sequential(
      (0): MaxPool2d(kernel_size=2, stride=2, padding=0, dilation=1, ceil_mode=False)
      (1): DoubleConv(
        (block): Sequential(
          (0): Conv2d(256, 512, kernel_size=(3, 3), stride=(1, 1), padding=(1, 1), bias=False)
          (1): BatchNorm2d(512, eps=1e-05, momentum=0.1, affine=True, track_running_stats=True)
          (2): ReLU(inplace=True)
          (3): Conv2d(512, 512, kernel_size=(3, 3), stride=(1, 1), padding=(1, 1), bias=False)
          (4): BatchNorm2d(512, eps=1e-05, momentum=0.1, affine=True, track_running_stats=True)
          (5): ReLU(inplace=True)
        )
      )
    )
  )
  (up1): Up(
    (up): ConvTranspose2d(512, 256, kernel_size=(2, 2), stride=(2, 2))
    (conv): DoubleConv(
      (block): Sequential(
        (0): Conv2d(512, 256, kernel_size=(3, 3), stride=(1, 1), padding=(1, 1), bias=False)
        (1): BatchNorm2d(256, eps=1e-05, momentum=0.1, affine=True, track_running_stats=True)
        (2): ReLU(inplace=True)
        (3): Conv2d(256, 256, kernel_size=(3, 3), stride=(1, 1), padding=(1, 1), bias=False)
        (4): BatchNorm2d(256, eps=1e-05, momentum=0.1, affine=True, track_running_stats=True)
        (5): ReLU(inplace=True)
      )
    )
  )
  (up2): Up(
    (up): ConvTranspose2d(256, 128, kernel_size=(2, 2), stride=(2, 2))
    (conv): DoubleConv(
      (block): Sequential(
        (0): Conv2d(256, 128, kernel_size=(3, 3), stride=(1, 1), padding=(1, 1), bias=False)
        (1): BatchNorm2d(128, eps=1e-05, momentum=0.1, affine=True, track_running_stats=True)
        (2): ReLU(inplace=True)
        (3): Conv2d(128, 128, kernel_size=(3, 3), stride=(1, 1), padding=(1, 1), bias=False)
        (4): BatchNorm2d(128, eps=1e-05, momentum=0.1, affine=True, track_running_stats=True)
        (5): ReLU(inplace=True)
      )
    )
  )
  (up3): Up(
    (up): ConvTranspose2d(128, 64, kernel_size=(2, 2), stride=(2, 2))
    (conv): DoubleConv(
      (block): Sequential(
        (0): Conv2d(128, 64, kernel_size=(3, 3), stride=(1, 1), padding=(1, 1), bias=False)
        (1): BatchNorm2d(64, eps=1e-05, momentum=0.1, affine=True, track_running_stats=True)
        (2): ReLU(inplace=True)
        (3): Conv2d(64, 64, kernel_size=(3, 3), stride=(1, 1), padding=(1, 1), bias=False)
        (4): BatchNorm2d(64, eps=1e-05, momentum=0.1, affine=True, track_running_stats=True)
        (5): ReLU(inplace=True)
      )
    )
  )
  (up4): Up(
    (up): ConvTranspose2d(64, 32, kernel_size=(2, 2), stride=(2, 2))
    (conv): DoubleConv(
      (block): Sequential(
        (0): Conv2d(64, 32, kernel_size=(3, 3), stride=(1, 1), padding=(1, 1), bias=False)
        (1): BatchNorm2d(32, eps=1e-05, momentum=0.1, affine=True, track_running_stats=True)
        (2): ReLU(inplace=True)
        (3): Conv2d(32, 32, kernel_size=(3, 3), stride=(1, 1), padding=(1, 1), bias=False)
        (4): BatchNorm2d(32, eps=1e-05, momentum=0.1, affine=True, track_running_stats=True)
        (5): ReLU(inplace=True)
      )
    )
  )
  (mask_head): Conv2d(32, 1, kernel_size=(1, 1), stride=(1, 1))
  (distance_head): Sequential(
    (0): Conv2d(32, 32, kernel_size=(3, 3), stride=(1, 1), padding=(1, 1), bias=False)
    (1): BatchNorm2d(32, eps=1e-05, momentum=0.1, affine=True, track_running_stats=True)
    (2): ReLU(inplace=True)
    (3): Conv2d(32, 1, kernel_size=(1, 1), stride=(1, 1))
  )
)
Trainable parameters by tensor:
  inc.block.0.weight: 2,304
  inc.block.1.weight: 32
  inc.block.1.bias: 32
  inc.block.3.weight: 9,216
  inc.block.4.weight: 32
  inc.block.4.bias: 32
  down1.block.1.block.0.weight: 18,432
  down1.block.1.block.1.weight: 64
  down1.block.1.block.1.bias: 64
  down1.block.1.block.3.weight: 36,864
  down1.block.1.block.4.weight: 64
  down1.block.1.block.4.bias: 64
  down2.block.1.block.0.weight: 73,728
  down2.block.1.block.1.weight: 128
  down2.block.1.block.1.bias: 128
  down2.block.1.block.3.weight: 147,456
  down2.block.1.block.4.weight: 128
  down2.block.1.block.4.bias: 128
  down3.block.1.block.0.weight: 294,912
  down3.block.1.block.1.weight: 256
  down3.block.1.block.1.bias: 256
  down3.block.1.block.3.weight: 589,824
  down3.block.1.block.4.weight: 256
  down3.block.1.block.4.bias: 256
  down4.block.1.block.0.weight: 1,179,648
  down4.block.1.block.1.weight: 512
  down4.block.1.block.1.bias: 512
  down4.block.1.block.3.weight: 2,359,296
  down4.block.1.block.4.weight: 512
  down4.block.1.block.4.bias: 512
  up1.up.weight: 524,288
  up1.up.bias: 256
  up1.conv.block.0.weight: 1,179,648
  up1.conv.block.1.weight: 256
  up1.conv.block.1.bias: 256
  up1.conv.block.3.weight: 589,824
  up1.conv.block.4.weight: 256
  up1.conv.block.4.bias: 256
  up2.up.weight: 131,072
  up2.up.bias: 128
  up2.conv.block.0.weight: 294,912
  up2.conv.block.1.weight: 128
  up2.conv.block.1.bias: 128
  up2.conv.block.3.weight: 147,456
  up2.conv.block.4.weight: 128
  up2.conv.block.4.bias: 128
  up3.up.weight: 32,768
  up3.up.bias: 64
  up3.conv.block.0.weight: 73,728
  up3.conv.block.1.weight: 64
  up3.conv.block.1.bias: 64
  up3.conv.block.3.weight: 36,864
  up3.conv.block.4.weight: 64
  up3.conv.block.4.bias: 64
  up4.up.weight: 8,192
  up4.up.bias: 32
  up4.conv.block.0.weight: 18,432
  up4.conv.block.1.weight: 32
  up4.conv.block.1.bias: 32
  up4.conv.block.3.weight: 9,216
  up4.conv.block.4.weight: 32
  up4.conv.block.4.bias: 32
  mask_head.weight: 32
  mask_head.bias: 1
  distance_head.0.weight: 9,216
  distance_head.1.weight: 32
  distance_head.1.bias: 32
  distance_head.3.weight: 32
  distance_head.3.bias: 1
Total trainable parameters: 7,773,794
2026-07-11 19:34:16,860:INFO:------------ New Training Session ------------
2026-07-11 19:34:54,095:INFO:epoch: 1 | loss: 0.8111 | bce: 0.3965 | raw_bce: 0.4259 | dice_loss: 0.4063 | distance_loss: 0.0832 | tv_loss: 2203.5865 | boundary_weight_mean: 7.3073
2026-07-11 19:35:33,695:INFO:epoch: 2 | loss: 0.6929 | bce: 0.3414 | raw_bce: 0.3398 | dice_loss: 0.3448 | distance_loss: 0.0668 | tv_loss: 2104.7751 | boundary_weight_mean: 7.3031 | eval_loss: 0.7964 | eval_bce: 0.4199 | eval_raw_bce: 0.3192 | eval_dice_loss: 0.3693 | eval_distance_loss: 0.0727 | eval_tv_loss: 1943.1488 | eval_boundary_weight_mean: 5.1755 | eval_pixel_iou: 0.7389 | eval_miou: 0.6795 | eval_boundary_iou: 0.2300
2026-07-11 19:36:10,903:INFO:epoch: 3 | loss: 0.6484 | bce: 0.3249 | raw_bce: 0.3115 | dice_loss: 0.3174 | distance_loss: 0.0613 | tv_loss: 2114.9463 | boundary_weight_mean: 7.3165
2026-07-11 19:36:50,695:INFO:epoch: 4 | loss: 0.6229 | bce: 0.3174 | raw_bce: 0.2983 | dice_loss: 0.2997 | distance_loss: 0.0585 | tv_loss: 2102.2548 | boundary_weight_mean: 7.2988 | eval_loss: 0.7537 | eval_bce: 0.4218 | eval_raw_bce: 0.2990 | eval_dice_loss: 0.3257 | eval_distance_loss: 0.0622 | eval_tv_loss: 1862.4826 | eval_boundary_weight_mean: 5.1755 | eval_pixel_iou: 0.7662 | eval_miou: 0.7305 | eval_boundary_iou: 0.2924
2026-07-11 19:37:27,620:INFO:epoch: 5 | loss: 0.6054 | bce: 0.3118 | raw_bce: 0.2870 | dice_loss: 0.2880 | distance_loss: 0.0557 | tv_loss: 2081.0657 | boundary_weight_mean: 7.2558
2026-07-11 19:38:07,392:INFO:epoch: 6 | loss: 0.5967 | bce: 0.3102 | raw_bce: 0.2842 | dice_loss: 0.2810 | distance_loss: 0.0544 | tv_loss: 2086.9418 | boundary_weight_mean: 7.2579 | eval_loss: 0.7111 | eval_bce: 0.3885 | eval_raw_bce: 0.2840 | eval_dice_loss: 0.3170 | eval_distance_loss: 0.0558 | eval_tv_loss: 1941.9783 | eval_boundary_weight_mean: 5.1755 | eval_pixel_iou: 0.7705 | eval_miou: 0.7271 | eval_boundary_iou: 0.3161
2026-07-11 19:38:44,800:INFO:epoch: 7 | loss: 0.5845 | bce: 0.3036 | raw_bce: 0.2795 | dice_loss: 0.2757 | distance_loss: 0.0523 | tv_loss: 2078.5084 | boundary_weight_mean: 7.3171
2026-07-11 19:39:24,654:INFO:epoch: 8 | loss: 0.5785 | bce: 0.3023 | raw_bce: 0.2775 | dice_loss: 0.2710 | distance_loss: 0.0516 | tv_loss: 2093.9495 | boundary_weight_mean: 7.2813 | eval_loss: 0.7191 | eval_bce: 0.3989 | eval_raw_bce: 0.2776 | eval_dice_loss: 0.3146 | eval_distance_loss: 0.0559 | eval_tv_loss: 1835.4696 | eval_boundary_weight_mean: 5.1755 | eval_pixel_iou: 0.7717 | eval_miou: 0.7307 | eval_boundary_iou: 0.3173
2026-07-11 19:40:01,622:INFO:epoch: 9 | loss: 0.5712 | bce: 0.2983 | raw_bce: 0.2747 | dice_loss: 0.2678 | distance_loss: 0.0505 | tv_loss: 2083.9331 | boundary_weight_mean: 7.3219
2026-07-11 19:40:41,070:INFO:epoch: 10 | loss: 0.5696 | bce: 0.2982 | raw_bce: 0.2719 | dice_loss: 0.2664 | distance_loss: 0.0498 | tv_loss: 2083.7617 | boundary_weight_mean: 7.2779 | eval_loss: 0.7050 | eval_bce: 0.3873 | eval_raw_bce: 0.2669 | eval_dice_loss: 0.3124 | eval_distance_loss: 0.0535 | eval_tv_loss: 1962.1273 | eval_boundary_weight_mean: 5.1755 | eval_pixel_iou: 0.7739 | eval_miou: 0.7441 | eval_boundary_iou: 0.3619
2026-07-11 19:41:18,089:INFO:epoch: 11 | loss: 0.5702 | bce: 0.2998 | raw_bce: 0.2724 | dice_loss: 0.2653 | distance_loss: 0.0506 | tv_loss: 2096.1833 | boundary_weight_mean: 7.2452
2026-07-11 19:41:57,589:INFO:epoch: 12 | loss: 0.5642 | bce: 0.2970 | raw_bce: 0.2702 | dice_loss: 0.2623 | distance_loss: 0.0494 | tv_loss: 2100.7197 | boundary_weight_mean: 7.2556 | eval_loss: 0.6847 | eval_bce: 0.3782 | eval_raw_bce: 0.2702 | eval_dice_loss: 0.3013 | eval_distance_loss: 0.0518 | eval_tv_loss: 1872.3595 | eval_boundary_weight_mean: 5.1755 | eval_pixel_iou: 0.7824 | eval_miou: 0.7514 | eval_boundary_iou: 0.3500
2026-07-11 19:42:34,536:INFO:epoch: 13 | loss: 0.5607 | bce: 0.2950 | raw_bce: 0.2690 | dice_loss: 0.2609 | distance_loss: 0.0487 | tv_loss: 2089.3025 | boundary_weight_mean: 7.2704
2026-07-11 19:43:14,170:INFO:epoch: 14 | loss: 0.5534 | bce: 0.2889 | raw_bce: 0.2661 | dice_loss: 0.2598 | distance_loss: 0.0478 | tv_loss: 2093.5769 | boundary_weight_mean: 7.3653 | eval_loss: 0.6849 | eval_bce: 0.3766 | eval_raw_bce: 0.2627 | eval_dice_loss: 0.3033 | eval_distance_loss: 0.0502 | eval_tv_loss: 1911.9031 | eval_boundary_weight_mean: 5.1755 | eval_pixel_iou: 0.7814 | eval_miou: 0.7499 | eval_boundary_iou: 0.3634
2026-07-11 19:43:51,378:INFO:epoch: 15 | loss: 0.5517 | bce: 0.2920 | raw_bce: 0.2655 | dice_loss: 0.2551 | distance_loss: 0.0472 | tv_loss: 2102.5339 | boundary_weight_mean: 7.2749
2026-07-11 19:44:31,050:INFO:epoch: 16 | loss: 0.5461 | bce: 0.2881 | raw_bce: 0.2626 | dice_loss: 0.2534 | distance_loss: 0.0460 | tv_loss: 2090.9097 | boundary_weight_mean: 7.3046 | eval_loss: 0.6868 | eval_bce: 0.3880 | eval_raw_bce: 0.2728 | eval_dice_loss: 0.2939 | eval_distance_loss: 0.0494 | eval_tv_loss: 1908.8051 | eval_boundary_weight_mean: 5.1755 | eval_pixel_iou: 0.7835 | eval_miou: 0.7522 | eval_boundary_iou: 0.3655
2026-07-11 19:45:08,129:INFO:epoch: 17 | loss: 0.5469 | bce: 0.2886 | raw_bce: 0.2633 | dice_loss: 0.2537 | distance_loss: 0.0465 | tv_loss: 2090.6937 | boundary_weight_mean: 7.2980
2026-07-11 19:45:47,492:INFO:epoch: 18 | loss: 0.5469 | bce: 0.2885 | raw_bce: 0.2635 | dice_loss: 0.2538 | distance_loss: 0.0460 | tv_loss: 2091.7002 | boundary_weight_mean: 7.3095 | eval_loss: 0.6768 | eval_bce: 0.3813 | eval_raw_bce: 0.2746 | eval_dice_loss: 0.2905 | eval_distance_loss: 0.0490 | eval_tv_loss: 1953.9692 | eval_boundary_weight_mean: 5.1755 | eval_pixel_iou: 0.7840 | eval_miou: 0.7482 | eval_boundary_iou: 0.3608
2026-07-11 19:46:24,396:INFO:epoch: 19 | loss: 0.5428 | bce: 0.2869 | raw_bce: 0.2601 | dice_loss: 0.2514 | distance_loss: 0.0453 | tv_loss: 2091.5912 | boundary_weight_mean: 7.3121
2026-07-11 19:47:03,591:INFO:epoch: 20 | loss: 0.5419 | bce: 0.2847 | raw_bce: 0.2593 | dice_loss: 0.2526 | distance_loss: 0.0453 | tv_loss: 2097.7352 | boundary_weight_mean: 7.3231 | eval_loss: 0.6790 | eval_bce: 0.3766 | eval_raw_bce: 0.2636 | eval_dice_loss: 0.2975 | eval_distance_loss: 0.0489 | eval_tv_loss: 1975.9407 | eval_boundary_weight_mean: 5.1755 | eval_pixel_iou: 0.7825 | eval_miou: 0.7480 | eval_boundary_iou: 0.3600
2026-07-11 19:47:40,888:INFO:epoch: 21 | loss: 0.5390 | bce: 0.2843 | raw_bce: 0.2584 | dice_loss: 0.2503 | distance_loss: 0.0450 | tv_loss: 2102.2788 | boundary_weight_mean: 7.3065
2026-07-11 19:48:20,698:INFO:epoch: 22 | loss: 0.5397 | bce: 0.2866 | raw_bce: 0.2594 | dice_loss: 0.2487 | distance_loss: 0.0444 | tv_loss: 2113.6315 | boundary_weight_mean: 7.2910 | eval_loss: 0.6740 | eval_bce: 0.3797 | eval_raw_bce: 0.2674 | eval_dice_loss: 0.2895 | eval_distance_loss: 0.0476 | eval_tv_loss: 1907.5685 | eval_boundary_weight_mean: 5.1755 | eval_pixel_iou: 0.7860 | eval_miou: 0.7560 | eval_boundary_iou: 0.3685
2026-07-11 19:48:57,835:INFO:epoch: 23 | loss: 0.5338 | bce: 0.2818 | raw_bce: 0.2560 | dice_loss: 0.2476 | distance_loss: 0.0437 | tv_loss: 2091.4905 | boundary_weight_mean: 7.3206
2026-07-11 19:49:37,377:INFO:epoch: 24 | loss: 0.5309 | bce: 0.2817 | raw_bce: 0.2542 | dice_loss: 0.2449 | distance_loss: 0.0435 | tv_loss: 2086.8512 | boundary_weight_mean: 7.2885 | eval_loss: 0.6726 | eval_bce: 0.3813 | eval_raw_bce: 0.2667 | eval_dice_loss: 0.2865 | eval_distance_loss: 0.0471 | eval_tv_loss: 1877.0134 | eval_boundary_weight_mean: 5.1755 | eval_pixel_iou: 0.7884 | eval_miou: 0.7528 | eval_boundary_iou: 0.3667
2026-07-11 19:50:14,346:INFO:epoch: 25 | loss: 0.5341 | bce: 0.2844 | raw_bce: 0.2564 | dice_loss: 0.2453 | distance_loss: 0.0436 | tv_loss: 2091.6699 | boundary_weight_mean: 7.2821
2026-07-11 19:50:53,779:INFO:epoch: 26 | loss: 0.5296 | bce: 0.2799 | raw_bce: 0.2540 | dice_loss: 0.2454 | distance_loss: 0.0431 | tv_loss: 2091.2219 | boundary_weight_mean: 7.3356 | eval_loss: 0.6729 | eval_bce: 0.3803 | eval_raw_bce: 0.2637 | eval_dice_loss: 0.2879 | eval_distance_loss: 0.0472 | eval_tv_loss: 1886.0817 | eval_boundary_weight_mean: 5.1755 | eval_pixel_iou: 0.7876 | eval_miou: 0.7529 | eval_boundary_iou: 0.3659
2026-07-11 19:51:30,969:INFO:epoch: 27 | loss: 0.5303 | bce: 0.2820 | raw_bce: 0.2531 | dice_loss: 0.2441 | distance_loss: 0.0427 | tv_loss: 2094.1768 | boundary_weight_mean: 7.2725
2026-07-11 19:52:10,133:INFO:epoch: 28 | loss: 0.5291 | bce: 0.2803 | raw_bce: 0.2528 | dice_loss: 0.2445 | distance_loss: 0.0428 | tv_loss: 2090.5637 | boundary_weight_mean: 7.2878 | eval_loss: 0.6710 | eval_bce: 0.3792 | eval_raw_bce: 0.2669 | eval_dice_loss: 0.2872 | eval_distance_loss: 0.0467 | eval_tv_loss: 1895.6324 | eval_boundary_weight_mean: 5.1755 | eval_pixel_iou: 0.7879 | eval_miou: 0.7535 | eval_boundary_iou: 0.3603
2026-07-11 19:52:47,108:INFO:epoch: 29 | loss: 0.5252 | bce: 0.2779 | raw_bce: 0.2503 | dice_loss: 0.2431 | distance_loss: 0.0417 | tv_loss: 2092.6103 | boundary_weight_mean: 7.3141
2026-07-11 19:53:26,934:INFO:epoch: 30 | loss: 0.5248 | bce: 0.2778 | raw_bce: 0.2517 | dice_loss: 0.2428 | distance_loss: 0.0420 | tv_loss: 2100.2929 | boundary_weight_mean: 7.2928 | eval_loss: 0.6673 | eval_bce: 0.3744 | eval_raw_bce: 0.2630 | eval_dice_loss: 0.2882 | eval_distance_loss: 0.0467 | eval_tv_loss: 1883.4128 | eval_boundary_weight_mean: 5.1755 | eval_pixel_iou: 0.7895 | eval_miou: 0.7559 | eval_boundary_iou: 0.3703
2026-07-11 19:54:03,978:INFO:epoch: 31 | loss: 0.5268 | bce: 0.2792 | raw_bce: 0.2499 | dice_loss: 0.2433 | distance_loss: 0.0420 | tv_loss: 2098.4081 | boundary_weight_mean: 7.2676
2026-07-11 19:54:43,908:INFO:epoch: 32 | loss: 0.5220 | bce: 0.2780 | raw_bce: 0.2496 | dice_loss: 0.2398 | distance_loss: 0.0416 | tv_loss: 2098.0054 | boundary_weight_mean: 7.2988 | eval_loss: 0.6639 | eval_bce: 0.3730 | eval_raw_bce: 0.2634 | eval_dice_loss: 0.2862 | eval_distance_loss: 0.0463 | eval_tv_loss: 1963.3410 | eval_boundary_weight_mean: 5.1755 | eval_pixel_iou: 0.7891 | eval_miou: 0.7515 | eval_boundary_iou: 0.3729
2026-07-11 19:55:20,910:INFO:epoch: 33 | loss: 0.5223 | bce: 0.2768 | raw_bce: 0.2480 | dice_loss: 0.2413 | distance_loss: 0.0414 | tv_loss: 2086.7015 | boundary_weight_mean: 7.2870
2026-07-11 19:56:00,374:INFO:epoch: 34 | loss: 0.5194 | bce: 0.2763 | raw_bce: 0.2494 | dice_loss: 0.2389 | distance_loss: 0.0415 | tv_loss: 2107.4823 | boundary_weight_mean: 7.3052 | eval_loss: 0.6670 | eval_bce: 0.3765 | eval_raw_bce: 0.2618 | eval_dice_loss: 0.2859 | eval_distance_loss: 0.0465 | eval_tv_loss: 1902.9094 | eval_boundary_weight_mean: 5.1755 | eval_pixel_iou: 0.7891 | eval_miou: 0.7555 | eval_boundary_iou: 0.3720
2026-07-11 19:56:37,490:INFO:epoch: 35 | loss: 0.5194 | bce: 0.2759 | raw_bce: 0.2483 | dice_loss: 0.2393 | distance_loss: 0.0413 | tv_loss: 2097.1614 | boundary_weight_mean: 7.3016
2026-07-11 19:57:17,223:INFO:epoch: 36 | loss: 0.5196 | bce: 0.2762 | raw_bce: 0.2470 | dice_loss: 0.2393 | distance_loss: 0.0412 | tv_loss: 2105.4761 | boundary_weight_mean: 7.2846 | eval_loss: 0.6634 | eval_bce: 0.3774 | eval_raw_bce: 0.2653 | eval_dice_loss: 0.2814 | eval_distance_loss: 0.0459 | eval_tv_loss: 1916.9257 | eval_boundary_weight_mean: 5.1755 | eval_pixel_iou: 0.7911 | eval_miou: 0.7611 | eval_boundary_iou: 0.3762
2026-07-11 19:57:54,443:INFO:epoch: 37 | loss: 0.5193 | bce: 0.2753 | raw_bce: 0.2471 | dice_loss: 0.2399 | distance_loss: 0.0412 | tv_loss: 2099.1821 | boundary_weight_mean: 7.2902
2026-07-11 19:58:33,515:INFO:epoch: 38 | loss: 0.5201 | bce: 0.2757 | raw_bce: 0.2474 | dice_loss: 0.2403 | distance_loss: 0.0409 | tv_loss: 2100.2498 | boundary_weight_mean: 7.3041 | eval_loss: 0.6645 | eval_bce: 0.3766 | eval_raw_bce: 0.2657 | eval_dice_loss: 0.2832 | eval_distance_loss: 0.0462 | eval_tv_loss: 1945.3881 | eval_boundary_weight_mean: 5.1755 | eval_pixel_iou: 0.7900 | eval_miou: 0.7537 | eval_boundary_iou: 0.3705
2026-07-11 19:59:10,517:INFO:epoch: 39 | loss: 0.5181 | bce: 0.2768 | raw_bce: 0.2463 | dice_loss: 0.2373 | distance_loss: 0.0407 | tv_loss: 2095.6750 | boundary_weight_mean: 7.2731
2026-07-11 19:59:49,824:INFO:epoch: 40 | loss: 0.5222 | bce: 0.2776 | raw_bce: 0.2481 | dice_loss: 0.2404 | distance_loss: 0.0413 | tv_loss: 2100.3640 | boundary_weight_mean: 7.2653 | eval_loss: 0.6649 | eval_bce: 0.3772 | eval_raw_bce: 0.2664 | eval_dice_loss: 0.2830 | eval_distance_loss: 0.0462 | eval_tv_loss: 1940.3345 | eval_boundary_weight_mean: 5.1755 | eval_pixel_iou: 0.7904 | eval_miou: 0.7566 | eval_boundary_iou: 0.3733
2026-07-11 20:00:26,819:INFO:epoch: 41 | loss: 0.5182 | bce: 0.2760 | raw_bce: 0.2466 | dice_loss: 0.2382 | distance_loss: 0.0409 | tv_loss: 2099.0117 | boundary_weight_mean: 7.2939
2026-07-11 20:01:06,362:INFO:epoch: 42 | loss: 0.5172 | bce: 0.2751 | raw_bce: 0.2475 | dice_loss: 0.2380 | distance_loss: 0.0411 | tv_loss: 2104.7609 | boundary_weight_mean: 7.3053 | eval_loss: 0.6630 | eval_bce: 0.3743 | eval_raw_bce: 0.2631 | eval_dice_loss: 0.2840 | eval_distance_loss: 0.0460 | eval_tv_loss: 1939.8021 | eval_boundary_weight_mean: 5.1755 | eval_pixel_iou: 0.7905 | eval_miou: 0.7566 | eval_boundary_iou: 0.3744
2026-07-11 20:01:43,523:INFO:epoch: 43 | loss: 0.5175 | bce: 0.2738 | raw_bce: 0.2462 | dice_loss: 0.2396 | distance_loss: 0.0408 | tv_loss: 2099.3772 | boundary_weight_mean: 7.3300
2026-07-11 20:02:23,026:INFO:epoch: 44 | loss: 0.5159 | bce: 0.2735 | raw_bce: 0.2461 | dice_loss: 0.2383 | distance_loss: 0.0407 | tv_loss: 2090.5843 | boundary_weight_mean: 7.3401 | eval_loss: 0.6651 | eval_bce: 0.3754 | eval_raw_bce: 0.2624 | eval_dice_loss: 0.2850 | eval_distance_loss: 0.0458 | eval_tv_loss: 1923.0794 | eval_boundary_weight_mean: 5.1755 | eval_pixel_iou: 0.7904 | eval_miou: 0.7559 | eval_boundary_iou: 0.3732
2026-07-11 20:03:00,227:INFO:epoch: 45 | loss: 0.5178 | bce: 0.2766 | raw_bce: 0.2456 | dice_loss: 0.2371 | distance_loss: 0.0408 | tv_loss: 2094.8659 | boundary_weight_mean: 7.2681
2026-07-11 20:03:39,715:INFO:epoch: 46 | loss: 0.5179 | bce: 0.2756 | raw_bce: 0.2466 | dice_loss: 0.2382 | distance_loss: 0.0408 | tv_loss: 2098.8442 | boundary_weight_mean: 7.3027 | eval_loss: 0.6614 | eval_bce: 0.3727 | eval_raw_bce: 0.2606 | eval_dice_loss: 0.2841 | eval_distance_loss: 0.0458 | eval_tv_loss: 1925.5497 | eval_boundary_weight_mean: 5.1755 | eval_pixel_iou: 0.7914 | eval_miou: 0.7612 | eval_boundary_iou: 0.3785
2026-07-11 20:04:16,749:INFO:epoch: 47 | loss: 0.5183 | bce: 0.2742 | raw_bce: 0.2466 | dice_loss: 0.2400 | distance_loss: 0.0409 | tv_loss: 2101.5383 | boundary_weight_mean: 7.3363
2026-07-11 20:04:56,066:INFO:epoch: 48 | loss: 0.5176 | bce: 0.2756 | raw_bce: 0.2458 | dice_loss: 0.2379 | distance_loss: 0.0409 | tv_loss: 2095.3975 | boundary_weight_mean: 7.2888 | eval_loss: 0.6619 | eval_bce: 0.3738 | eval_raw_bce: 0.2620 | eval_dice_loss: 0.2835 | eval_distance_loss: 0.0458 | eval_tv_loss: 1910.2080 | eval_boundary_weight_mean: 5.1755 | eval_pixel_iou: 0.7910 | eval_miou: 0.7600 | eval_boundary_iou: 0.3775
2026-07-11 20:05:33,175:INFO:epoch: 49 | loss: 0.5208 | bce: 0.2776 | raw_bce: 0.2489 | dice_loss: 0.2391 | distance_loss: 0.0412 | tv_loss: 2096.5867 | boundary_weight_mean: 7.2952
2026-07-11 20:06:12,368:INFO:epoch: 50 | loss: 0.5215 | bce: 0.2777 | raw_bce: 0.2483 | dice_loss: 0.2397 | distance_loss: 0.0410 | tv_loss: 2096.3919 | boundary_weight_mean: 7.2641 | eval_loss: 0.6636 | eval_bce: 0.3743 | eval_raw_bce: 0.2647 | eval_dice_loss: 0.2847 | eval_distance_loss: 0.0462 | eval_tv_loss: 1921.8532 | eval_boundary_weight_mean: 5.1755 | eval_pixel_iou: 0.7894 | eval_miou: 0.7559 | eval_boundary_iou: 0.3696
2026-07-11 20:06:49,633:INFO:epoch: 51 | loss: 0.5200 | bce: 0.2763 | raw_bce: 0.2491 | dice_loss: 0.2396 | distance_loss: 0.0409 | tv_loss: 2092.5814 | boundary_weight_mean: 7.3070
2026-07-11 20:07:29,133:INFO:epoch: 52 | loss: 0.5204 | bce: 0.2773 | raw_bce: 0.2490 | dice_loss: 0.2390 | distance_loss: 0.0412 | tv_loss: 2102.1215 | boundary_weight_mean: 7.2929 | eval_loss: 0.6643 | eval_bce: 0.3734 | eval_raw_bce: 0.2585 | eval_dice_loss: 0.2863 | eval_distance_loss: 0.0456 | eval_tv_loss: 1904.9340 | eval_boundary_weight_mean: 5.1755 | eval_pixel_iou: 0.7896 | eval_miou: 0.7587 | eval_boundary_iou: 0.3801
2026-07-11 20:08:06,393:INFO:epoch: 53 | loss: 0.5189 | bce: 0.2759 | raw_bce: 0.2487 | dice_loss: 0.2388 | distance_loss: 0.0412 | tv_loss: 2105.7118 | boundary_weight_mean: 7.3320
2026-07-11 20:08:45,860:INFO:epoch: 54 | loss: 0.5207 | bce: 0.2771 | raw_bce: 0.2494 | dice_loss: 0.2394 | distance_loss: 0.0414 | tv_loss: 2091.8129 | boundary_weight_mean: 7.2987 | eval_loss: 0.6691 | eval_bce: 0.3794 | eval_raw_bce: 0.2623 | eval_dice_loss: 0.2851 | eval_distance_loss: 0.0456 | eval_tv_loss: 1925.3566 | eval_boundary_weight_mean: 5.1755 | eval_pixel_iou: 0.7894 | eval_miou: 0.7553 | eval_boundary_iou: 0.3725
2026-07-11 20:09:22,813:INFO:epoch: 55 | loss: 0.5195 | bce: 0.2782 | raw_bce: 0.2487 | dice_loss: 0.2372 | distance_loss: 0.0413 | tv_loss: 2090.6692 | boundary_weight_mean: 7.2711
2026-07-11 20:10:02,585:INFO:epoch: 56 | loss: 0.5247 | bce: 0.2799 | raw_bce: 0.2511 | dice_loss: 0.2406 | distance_loss: 0.0416 | tv_loss: 2095.3166 | boundary_weight_mean: 7.2697 | eval_loss: 0.6586 | eval_bce: 0.3668 | eval_raw_bce: 0.2593 | eval_dice_loss: 0.2871 | eval_distance_loss: 0.0468 | eval_tv_loss: 1950.9708 | eval_boundary_weight_mean: 5.1755 | eval_pixel_iou: 0.7905 | eval_miou: 0.7543 | eval_boundary_iou: 0.3802
2026-07-11 20:10:39,547:INFO:epoch: 57 | loss: 0.5217 | bce: 0.2767 | raw_bce: 0.2491 | dice_loss: 0.2408 | distance_loss: 0.0414 | tv_loss: 2093.9033 | boundary_weight_mean: 7.3061
2026-07-11 20:11:18,907:INFO:epoch: 58 | loss: 0.5213 | bce: 0.2764 | raw_bce: 0.2499 | dice_loss: 0.2407 | distance_loss: 0.0419 | tv_loss: 2104.7688 | boundary_weight_mean: 7.3297 | eval_loss: 0.6747 | eval_bce: 0.3847 | eval_raw_bce: 0.2686 | eval_dice_loss: 0.2854 | eval_distance_loss: 0.0466 | eval_tv_loss: 1940.7397 | eval_boundary_weight_mean: 5.1755 | eval_pixel_iou: 0.7869 | eval_miou: 0.7525 | eval_boundary_iou: 0.3716
2026-07-11 20:11:55,888:INFO:epoch: 59 | loss: 0.5221 | bce: 0.2761 | raw_bce: 0.2515 | dice_loss: 0.2418 | distance_loss: 0.0421 | tv_loss: 2105.6971 | boundary_weight_mean: 7.3323
2026-07-11 20:12:35,296:INFO:epoch: 60 | loss: 0.5278 | bce: 0.2808 | raw_bce: 0.2530 | dice_loss: 0.2427 | distance_loss: 0.0428 | tv_loss: 2103.3463 | boundary_weight_mean: 7.2728 | eval_loss: 0.6751 | eval_bce: 0.3831 | eval_raw_bce: 0.2715 | eval_dice_loss: 0.2874 | eval_distance_loss: 0.0467 | eval_tv_loss: 1948.0473 | eval_boundary_weight_mean: 5.1755 | eval_pixel_iou: 0.7866 | eval_miou: 0.7466 | eval_boundary_iou: 0.3567
2026-07-11 20:13:12,522:INFO:epoch: 61 | loss: 0.5209 | bce: 0.2774 | raw_bce: 0.2511 | dice_loss: 0.2393 | distance_loss: 0.0420 | tv_loss: 2098.7149 | boundary_weight_mean: 7.3185
2026-07-11 20:13:51,811:INFO:epoch: 62 | loss: 0.5254 | bce: 0.2805 | raw_bce: 0.2523 | dice_loss: 0.2408 | distance_loss: 0.0419 | tv_loss: 2096.2579 | boundary_weight_mean: 7.2699 | eval_loss: 0.6675 | eval_bce: 0.3780 | eval_raw_bce: 0.2665 | eval_dice_loss: 0.2849 | eval_distance_loss: 0.0466 | eval_tv_loss: 1881.0558 | eval_boundary_weight_mean: 5.1755 | eval_pixel_iou: 0.7891 | eval_miou: 0.7604 | eval_boundary_iou: 0.3725
2026-07-11 20:14:28,787:INFO:epoch: 63 | loss: 0.5254 | bce: 0.2791 | raw_bce: 0.2527 | dice_loss: 0.2420 | distance_loss: 0.0421 | tv_loss: 2096.9870 | boundary_weight_mean: 7.3083
2026-07-11 20:15:08,194:INFO:epoch: 64 | loss: 0.5235 | bce: 0.2780 | raw_bce: 0.2500 | dice_loss: 0.2414 | distance_loss: 0.0416 | tv_loss: 2096.9458 | boundary_weight_mean: 7.3105 | eval_loss: 0.6681 | eval_bce: 0.3768 | eval_raw_bce: 0.2656 | eval_dice_loss: 0.2866 | eval_distance_loss: 0.0459 | eval_tv_loss: 1958.7219 | eval_boundary_weight_mean: 5.1755 | eval_pixel_iou: 0.7892 | eval_miou: 0.7509 | eval_boundary_iou: 0.3715
2026-07-11 20:15:45,144:INFO:epoch: 65 | loss: 0.5243 | bce: 0.2792 | raw_bce: 0.2528 | dice_loss: 0.2409 | distance_loss: 0.0421 | tv_loss: 2110.7247 | boundary_weight_mean: 7.3097
2026-07-11 20:16:24,649:INFO:epoch: 66 | loss: 0.5268 | bce: 0.2813 | raw_bce: 0.2541 | dice_loss: 0.2413 | distance_loss: 0.0423 | tv_loss: 2107.2102 | boundary_weight_mean: 7.2755 | eval_loss: 0.6725 | eval_bce: 0.3790 | eval_raw_bce: 0.2699 | eval_dice_loss: 0.2888 | eval_distance_loss: 0.0477 | eval_tv_loss: 1984.0736 | eval_boundary_weight_mean: 5.1755 | eval_pixel_iou: 0.7854 | eval_miou: 0.7486 | eval_boundary_iou: 0.3797
2026-07-11 20:17:01,680:INFO:epoch: 67 | loss: 0.5226 | bce: 0.2767 | raw_bce: 0.2511 | dice_loss: 0.2417 | distance_loss: 0.0416 | tv_loss: 2106.9102 | boundary_weight_mean: 7.3455
2026-07-11 20:17:40,906:INFO:epoch: 68 | loss: 0.5258 | bce: 0.2813 | raw_bce: 0.2530 | dice_loss: 0.2402 | distance_loss: 0.0425 | tv_loss: 2095.7148 | boundary_weight_mean: 7.2575 | eval_loss: 0.6794 | eval_bce: 0.3834 | eval_raw_bce: 0.2673 | eval_dice_loss: 0.2912 | eval_distance_loss: 0.0471 | eval_tv_loss: 1920.6263 | eval_boundary_weight_mean: 5.1755 | eval_pixel_iou: 0.7842 | eval_miou: 0.7472 | eval_boundary_iou: 0.3668
2026-07-11 20:18:18,144:INFO:epoch: 69 | loss: 0.5302 | bce: 0.2820 | raw_bce: 0.2557 | dice_loss: 0.2439 | distance_loss: 0.0427 | tv_loss: 2103.1608 | boundary_weight_mean: 7.2917
2026-07-11 20:18:57,578:INFO:epoch: 70 | loss: 0.5276 | bce: 0.2821 | raw_bce: 0.2540 | dice_loss: 0.2413 | distance_loss: 0.0424 | tv_loss: 2100.0220 | boundary_weight_mean: 7.2675 | eval_loss: 0.6651 | eval_bce: 0.3696 | eval_raw_bce: 0.2564 | eval_dice_loss: 0.2909 | eval_distance_loss: 0.0462 | eval_tv_loss: 1860.7429 | eval_boundary_weight_mean: 5.1755 | eval_pixel_iou: 0.7906 | eval_miou: 0.7570 | eval_boundary_iou: 0.3802
