2026-07-09 16:30:26,512:INFO:DualHeadUNet(
  (inc): DoubleConv(
    (block): Sequential(
      (0): Conv2d(8, 32, kernel_size=(3, 3), stride=(1, 1), padding=(1, 1), bias=False)
      (1): BatchNorm2d(32, eps=1e-05, momentum=0.1, affine=True, track_running_stats=True)
      (2): ReLU(inplace=True)
      (3): Conv2d(32, 32, kernel_size=(3, 3), stride=(1, 1), padding=(1, 1), bias=False)
      (4): BatchNorm2d(32, eps=1e-05, momentum=0.1, affine=True, track_running_stats=True)
      (5): ReLU(inplace=True)
    )
  )
  (down1): Down(
    (block): Sequential(
      (0): MaxPool2d(kernel_size=2, stride=2, padding=0, dilation=1, ceil_mode=False)
      (1): DoubleConv(
        (block): Sequential(
          (0): Conv2d(32, 64, kernel_size=(3, 3), stride=(1, 1), padding=(1, 1), bias=False)
          (1): BatchNorm2d(64, eps=1e-05, momentum=0.1, affine=True, track_running_stats=True)
          (2): ReLU(inplace=True)
          (3): Conv2d(64, 64, kernel_size=(3, 3), stride=(1, 1), padding=(1, 1), bias=False)
          (4): BatchNorm2d(64, eps=1e-05, momentum=0.1, affine=True, track_running_stats=True)
          (5): ReLU(inplace=True)
        )
      )
    )
  )
  (down2): Down(
    (block): Sequential(
      (0): MaxPool2d(kernel_size=2, stride=2, padding=0, dilation=1, ceil_mode=False)
      (1): DoubleConv(
        (block): Sequential(
          (0): Conv2d(64, 128, kernel_size=(3, 3), stride=(1, 1), padding=(1, 1), bias=False)
          (1): BatchNorm2d(128, eps=1e-05, momentum=0.1, affine=True, track_running_stats=True)
          (2): ReLU(inplace=True)
          (3): Conv2d(128, 128, kernel_size=(3, 3), stride=(1, 1), padding=(1, 1), bias=False)
          (4): BatchNorm2d(128, eps=1e-05, momentum=0.1, affine=True, track_running_stats=True)
          (5): ReLU(inplace=True)
        )
      )
    )
  )
  (down3): Down(
    (block): Sequential(
      (0): MaxPool2d(kernel_size=2, stride=2, padding=0, dilation=1, ceil_mode=False)
      (1): DoubleConv(
        (block): Sequential(
          (0): Conv2d(128, 256, kernel_size=(3, 3), stride=(1, 1), padding=(1, 1), bias=False)
          (1): BatchNorm2d(256, eps=1e-05, momentum=0.1, affine=True, track_running_stats=True)
          (2): ReLU(inplace=True)
          (3): Conv2d(256, 256, kernel_size=(3, 3), stride=(1, 1), padding=(1, 1), bias=False)
          (4): BatchNorm2d(256, eps=1e-05, momentum=0.1, affine=True, track_running_stats=True)
          (5): ReLU(inplace=True)
        )
      )
    )
  )
  (down4): Down(
    (block): Sequential(
      (0): MaxPool2d(kernel_size=2, stride=2, padding=0, dilation=1, ceil_mode=False)
      (1): DoubleConv(
        (block): Sequential(
          (0): Conv2d(256, 512, kernel_size=(3, 3), stride=(1, 1), padding=(1, 1), bias=False)
          (1): BatchNorm2d(512, eps=1e-05, momentum=0.1, affine=True, track_running_stats=True)
          (2): ReLU(inplace=True)
          (3): Conv2d(512, 512, kernel_size=(3, 3), stride=(1, 1), padding=(1, 1), bias=False)
          (4): BatchNorm2d(512, eps=1e-05, momentum=0.1, affine=True, track_running_stats=True)
          (5): ReLU(inplace=True)
        )
      )
    )
  )
  (up1): Up(
    (up): ConvTranspose2d(512, 256, kernel_size=(2, 2), stride=(2, 2))
    (conv): DoubleConv(
      (block): Sequential(
        (0): Conv2d(512, 256, kernel_size=(3, 3), stride=(1, 1), padding=(1, 1), bias=False)
        (1): BatchNorm2d(256, eps=1e-05, momentum=0.1, affine=True, track_running_stats=True)
        (2): ReLU(inplace=True)
        (3): Conv2d(256, 256, kernel_size=(3, 3), stride=(1, 1), padding=(1, 1), bias=False)
        (4): BatchNorm2d(256, eps=1e-05, momentum=0.1, affine=True, track_running_stats=True)
        (5): ReLU(inplace=True)
      )
    )
  )
  (up2): Up(
    (up): ConvTranspose2d(256, 128, kernel_size=(2, 2), stride=(2, 2))
    (conv): DoubleConv(
      (block): Sequential(
        (0): Conv2d(256, 128, kernel_size=(3, 3), stride=(1, 1), padding=(1, 1), bias=False)
        (1): BatchNorm2d(128, eps=1e-05, momentum=0.1, affine=True, track_running_stats=True)
        (2): ReLU(inplace=True)
        (3): Conv2d(128, 128, kernel_size=(3, 3), stride=(1, 1), padding=(1, 1), bias=False)
        (4): BatchNorm2d(128, eps=1e-05, momentum=0.1, affine=True, track_running_stats=True)
        (5): ReLU(inplace=True)
      )
    )
  )
  (up3): Up(
    (up): ConvTranspose2d(128, 64, kernel_size=(2, 2), stride=(2, 2))
    (conv): DoubleConv(
      (block): Sequential(
        (0): Conv2d(128, 64, kernel_size=(3, 3), stride=(1, 1), padding=(1, 1), bias=False)
        (1): BatchNorm2d(64, eps=1e-05, momentum=0.1, affine=True, track_running_stats=True)
        (2): ReLU(inplace=True)
        (3): Conv2d(64, 64, kernel_size=(3, 3), stride=(1, 1), padding=(1, 1), bias=False)
        (4): BatchNorm2d(64, eps=1e-05, momentum=0.1, affine=True, track_running_stats=True)
        (5): ReLU(inplace=True)
      )
    )
  )
  (up4): Up(
    (up): ConvTranspose2d(64, 32, kernel_size=(2, 2), stride=(2, 2))
    (conv): DoubleConv(
      (block): Sequential(
        (0): Conv2d(64, 32, kernel_size=(3, 3), stride=(1, 1), padding=(1, 1), bias=False)
        (1): BatchNorm2d(32, eps=1e-05, momentum=0.1, affine=True, track_running_stats=True)
        (2): ReLU(inplace=True)
        (3): Conv2d(32, 32, kernel_size=(3, 3), stride=(1, 1), padding=(1, 1), bias=False)
        (4): BatchNorm2d(32, eps=1e-05, momentum=0.1, affine=True, track_running_stats=True)
        (5): ReLU(inplace=True)
      )
    )
  )
  (mask_head): Conv2d(32, 1, kernel_size=(1, 1), stride=(1, 1))
  (distance_head): Sequential(
    (0): Conv2d(32, 32, kernel_size=(3, 3), stride=(1, 1), padding=(1, 1), bias=False)
    (1): BatchNorm2d(32, eps=1e-05, momentum=0.1, affine=True, track_running_stats=True)
    (2): ReLU(inplace=True)
    (3): Conv2d(32, 1, kernel_size=(1, 1), stride=(1, 1))
  )
)
Trainable parameters by tensor:
  inc.block.0.weight: 2,304
  inc.block.1.weight: 32
  inc.block.1.bias: 32
  inc.block.3.weight: 9,216
  inc.block.4.weight: 32
  inc.block.4.bias: 32
  down1.block.1.block.0.weight: 18,432
  down1.block.1.block.1.weight: 64
  down1.block.1.block.1.bias: 64
  down1.block.1.block.3.weight: 36,864
  down1.block.1.block.4.weight: 64
  down1.block.1.block.4.bias: 64
  down2.block.1.block.0.weight: 73,728
  down2.block.1.block.1.weight: 128
  down2.block.1.block.1.bias: 128
  down2.block.1.block.3.weight: 147,456
  down2.block.1.block.4.weight: 128
  down2.block.1.block.4.bias: 128
  down3.block.1.block.0.weight: 294,912
  down3.block.1.block.1.weight: 256
  down3.block.1.block.1.bias: 256
  down3.block.1.block.3.weight: 589,824
  down3.block.1.block.4.weight: 256
  down3.block.1.block.4.bias: 256
  down4.block.1.block.0.weight: 1,179,648
  down4.block.1.block.1.weight: 512
  down4.block.1.block.1.bias: 512
  down4.block.1.block.3.weight: 2,359,296
  down4.block.1.block.4.weight: 512
  down4.block.1.block.4.bias: 512
  up1.up.weight: 524,288
  up1.up.bias: 256
  up1.conv.block.0.weight: 1,179,648
  up1.conv.block.1.weight: 256
  up1.conv.block.1.bias: 256
  up1.conv.block.3.weight: 589,824
  up1.conv.block.4.weight: 256
  up1.conv.block.4.bias: 256
  up2.up.weight: 131,072
  up2.up.bias: 128
  up2.conv.block.0.weight: 294,912
  up2.conv.block.1.weight: 128
  up2.conv.block.1.bias: 128
  up2.conv.block.3.weight: 147,456
  up2.conv.block.4.weight: 128
  up2.conv.block.4.bias: 128
  up3.up.weight: 32,768
  up3.up.bias: 64
  up3.conv.block.0.weight: 73,728
  up3.conv.block.1.weight: 64
  up3.conv.block.1.bias: 64
  up3.conv.block.3.weight: 36,864
  up3.conv.block.4.weight: 64
  up3.conv.block.4.bias: 64
  up4.up.weight: 8,192
  up4.up.bias: 32
  up4.conv.block.0.weight: 18,432
  up4.conv.block.1.weight: 32
  up4.conv.block.1.bias: 32
  up4.conv.block.3.weight: 9,216
  up4.conv.block.4.weight: 32
  up4.conv.block.4.bias: 32
  mask_head.weight: 32
  mask_head.bias: 1
  distance_head.0.weight: 9,216
  distance_head.1.weight: 32
  distance_head.1.bias: 32
  distance_head.3.weight: 32
  distance_head.3.bias: 1
Total trainable parameters: 7,773,794
2026-07-09 16:30:26,516:INFO:------------ New Training Session ------------
2026-07-09 16:31:55,900:INFO:epoch: 1 | loss: 1.1740 | bce: 0.4050 | raw_bce: 0.4621 | dice_loss: 0.4343 | distance_loss: 0.0670 | tv_loss: 2385.8798 | boundary_weight_mean: 7.5643
2026-07-09 16:32:43,148:INFO:epoch: 2 | loss: 0.9710 | bce: 0.3463 | raw_bce: 0.3581 | dice_loss: 0.3660 | distance_loss: 0.0517 | tv_loss: 1983.9292 | boundary_weight_mean: 7.5598 | eval_loss: 1.1150 | eval_bce: 0.4604 | eval_raw_bce: 0.3242 | eval_dice_loss: 0.3878 | eval_distance_loss: 0.0533 | eval_tv_loss: 1917.4440 | eval_boundary_weight_mean: 4.8885 | eval_pixel_iou: 0.7542 | eval_miou: 0.7173 | eval_boundary_iou: 0.2506
2026-07-09 16:33:20,686:INFO:epoch: 3 | loss: 0.9039 | bce: 0.3305 | raw_bce: 0.3247 | dice_loss: 0.3321 | distance_loss: 0.0483 | tv_loss: 1988.3160 | boundary_weight_mean: 7.5753
2026-07-09 16:34:00,678:INFO:epoch: 4 | loss: 0.8692 | bce: 0.3216 | raw_bce: 0.3094 | dice_loss: 0.3107 | distance_loss: 0.0474 | tv_loss: 2007.1924 | boundary_weight_mean: 7.5524 | eval_loss: 1.0745 | eval_bce: 0.4767 | eval_raw_bce: 0.3285 | eval_dice_loss: 0.3302 | eval_distance_loss: 0.0535 | eval_tv_loss: 1704.7468 | eval_boundary_weight_mean: 4.8885 | eval_pixel_iou: 0.7601 | eval_miou: 0.7203 | eval_boundary_iou: 0.2318
2026-07-09 16:34:38,015:INFO:epoch: 5 | loss: 0.8338 | bce: 0.3134 | raw_bce: 0.2938 | dice_loss: 0.2954 | distance_loss: 0.0450 | tv_loss: 1989.4867 | boundary_weight_mean: 7.4999
2026-07-09 16:35:17,769:INFO:epoch: 6 | loss: 0.8234 | bce: 0.3125 | raw_bce: 0.2912 | dice_loss: 0.2868 | distance_loss: 0.0448 | tv_loss: 1994.8124 | boundary_weight_mean: 7.4970 | eval_loss: 0.9825 | eval_bce: 0.4256 | eval_raw_bce: 0.2865 | eval_dice_loss: 0.3211 | eval_distance_loss: 0.0472 | eval_tv_loss: 1867.6770 | eval_boundary_weight_mean: 4.8885 | eval_pixel_iou: 0.7678 | eval_miou: 0.7327 | eval_boundary_iou: 0.2971
2026-07-09 16:35:54,989:INFO:epoch: 7 | loss: 0.7968 | bce: 0.3033 | raw_bce: 0.2856 | dice_loss: 0.2801 | distance_loss: 0.0427 | tv_loss: 1999.9820 | boundary_weight_mean: 7.5785
2026-07-09 16:36:34,767:INFO:epoch: 8 | loss: 0.7889 | bce: 0.3033 | raw_bce: 0.2839 | dice_loss: 0.2742 | distance_loss: 0.0423 | tv_loss: 2011.5144 | boundary_weight_mean: 7.5311 | eval_loss: 0.9855 | eval_bce: 0.4362 | eval_raw_bce: 0.2827 | eval_dice_loss: 0.3137 | eval_distance_loss: 0.0471 | eval_tv_loss: 1743.5984 | eval_boundary_weight_mean: 4.8885 | eval_pixel_iou: 0.7720 | eval_miou: 0.7434 | eval_boundary_iou: 0.3043
2026-07-09 16:37:12,366:INFO:epoch: 9 | loss: 0.7801 | bce: 0.2988 | raw_bce: 0.2815 | dice_loss: 0.2717 | distance_loss: 0.0419 | tv_loss: 2020.0772 | boundary_weight_mean: 7.5839
2026-07-09 16:37:52,234:INFO:epoch: 10 | loss: 0.7727 | bce: 0.2992 | raw_bce: 0.2788 | dice_loss: 0.2699 | distance_loss: 0.0407 | tv_loss: 2021.0333 | boundary_weight_mean: 7.5246 | eval_loss: 0.9525 | eval_bce: 0.4219 | eval_raw_bce: 0.2772 | eval_dice_loss: 0.3090 | eval_distance_loss: 0.0443 | eval_tv_loss: 1816.0250 | eval_boundary_weight_mean: 4.8885 | eval_pixel_iou: 0.7760 | eval_miou: 0.7382 | eval_boundary_iou: 0.3229
2026-07-09 16:38:29,683:INFO:epoch: 11 | loss: 0.7645 | bce: 0.2988 | raw_bce: 0.2759 | dice_loss: 0.2649 | distance_loss: 0.0402 | tv_loss: 2018.2031 | boundary_weight_mean: 7.4847
2026-07-09 16:39:09,764:INFO:epoch: 12 | loss: 0.7643 | bce: 0.2978 | raw_bce: 0.2771 | dice_loss: 0.2648 | distance_loss: 0.0404 | tv_loss: 2037.0390 | boundary_weight_mean: 7.4978 | eval_loss: 0.9315 | eval_bce: 0.4119 | eval_raw_bce: 0.2695 | eval_dice_loss: 0.3026 | eval_distance_loss: 0.0434 | eval_tv_loss: 1793.6006 | eval_boundary_weight_mean: 4.8885 | eval_pixel_iou: 0.7811 | eval_miou: 0.7523 | eval_boundary_iou: 0.3325
2026-07-09 16:39:47,373:INFO:epoch: 13 | loss: 0.7588 | bce: 0.2947 | raw_bce: 0.2748 | dice_loss: 0.2635 | distance_loss: 0.0401 | tv_loss: 2031.4885 | boundary_weight_mean: 7.5168
2026-07-09 16:40:27,199:INFO:epoch: 14 | loss: 0.7467 | bce: 0.2884 | raw_bce: 0.2728 | dice_loss: 0.2618 | distance_loss: 0.0393 | tv_loss: 2034.4183 | boundary_weight_mean: 7.6395 | eval_loss: 0.9344 | eval_bce: 0.4145 | eval_raw_bce: 0.2643 | eval_dice_loss: 0.3052 | eval_distance_loss: 0.0429 | eval_tv_loss: 1832.2475 | eval_boundary_weight_mean: 4.8885 | eval_pixel_iou: 0.7813 | eval_miou: 0.7542 | eval_boundary_iou: 0.3515
2026-07-09 16:41:04,452:INFO:epoch: 15 | loss: 0.7428 | bce: 0.2922 | raw_bce: 0.2720 | dice_loss: 0.2566 | distance_loss: 0.0388 | tv_loss: 2044.3406 | boundary_weight_mean: 7.5219
2026-07-09 16:41:44,158:INFO:epoch: 16 | loss: 0.7360 | bce: 0.2889 | raw_bce: 0.2697 | dice_loss: 0.2552 | distance_loss: 0.0384 | tv_loss: 2033.1686 | boundary_weight_mean: 7.5600 | eval_loss: 0.9306 | eval_bce: 0.4203 | eval_raw_bce: 0.2724 | eval_dice_loss: 0.2989 | eval_distance_loss: 0.0423 | eval_tv_loss: 1825.7583 | eval_boundary_weight_mean: 4.8885 | eval_pixel_iou: 0.7813 | eval_miou: 0.7500 | eval_boundary_iou: 0.3515
2026-07-09 16:42:21,522:INFO:epoch: 17 | loss: 0.7399 | bce: 0.2897 | raw_bce: 0.2705 | dice_loss: 0.2562 | distance_loss: 0.0388 | tv_loss: 2037.0165 | boundary_weight_mean: 7.5523
2026-07-09 16:43:01,509:INFO:epoch: 18 | loss: 0.7372 | bce: 0.2882 | raw_bce: 0.2706 | dice_loss: 0.2558 | distance_loss: 0.0387 | tv_loss: 2040.6755 | boundary_weight_mean: 7.5681 | eval_loss: 0.9268 | eval_bce: 0.4207 | eval_raw_bce: 0.2822 | eval_dice_loss: 0.2946 | eval_distance_loss: 0.0423 | eval_tv_loss: 1830.1895 | eval_boundary_weight_mean: 4.8885 | eval_pixel_iou: 0.7824 | eval_miou: 0.7513 | eval_boundary_iou: 0.3516
2026-07-09 16:43:38,722:INFO:epoch: 19 | loss: 0.7306 | bce: 0.2874 | raw_bce: 0.2675 | dice_loss: 0.2540 | distance_loss: 0.0378 | tv_loss: 2040.6949 | boundary_weight_mean: 7.5708
2026-07-09 16:44:18,325:INFO:epoch: 20 | loss: 0.7271 | bce: 0.2848 | raw_bce: 0.2653 | dice_loss: 0.2547 | distance_loss: 0.0375 | tv_loss: 2049.6049 | boundary_weight_mean: 7.5846 | eval_loss: 0.9230 | eval_bce: 0.4122 | eval_raw_bce: 0.2728 | eval_dice_loss: 0.2992 | eval_distance_loss: 0.0423 | eval_tv_loss: 1978.7755 | eval_boundary_weight_mean: 4.8885 | eval_pixel_iou: 0.7793 | eval_miou: 0.7413 | eval_boundary_iou: 0.3516
2026-07-09 16:44:55,871:INFO:epoch: 21 | loss: 0.7246 | bce: 0.2850 | raw_bce: 0.2651 | dice_loss: 0.2529 | distance_loss: 0.0374 | tv_loss: 2048.0835 | boundary_weight_mean: 7.5633
2026-07-09 16:45:55,912:INFO:epoch: 22 | loss: 0.7205 | bce: 0.2865 | raw_bce: 0.2648 | dice_loss: 0.2491 | distance_loss: 0.0370 | tv_loss: 2058.5616 | boundary_weight_mean: 7.5394 | eval_loss: 0.9248 | eval_bce: 0.4224 | eval_raw_bce: 0.2709 | eval_dice_loss: 0.2942 | eval_distance_loss: 0.0416 | eval_tv_loss: 1910.3897 | eval_boundary_weight_mean: 4.8885 | eval_pixel_iou: 0.7817 | eval_miou: 0.7501 | eval_boundary_iou: 0.3706
2026-07-09 16:46:33,360:INFO:epoch: 23 | loss: 0.7145 | bce: 0.2820 | raw_bce: 0.2621 | dice_loss: 0.2492 | distance_loss: 0.0366 | tv_loss: 2042.5167 | boundary_weight_mean: 7.5834
2026-07-09 16:47:13,097:INFO:epoch: 24 | loss: 0.7125 | bce: 0.2826 | raw_bce: 0.2617 | dice_loss: 0.2475 | distance_loss: 0.0365 | tv_loss: 2037.1374 | boundary_weight_mean: 7.5426 | eval_loss: 0.9060 | eval_bce: 0.4124 | eval_raw_bce: 0.2699 | eval_dice_loss: 0.2901 | eval_distance_loss: 0.0407 | eval_tv_loss: 1888.2756 | eval_boundary_weight_mean: 4.8885 | eval_pixel_iou: 0.7855 | eval_miou: 0.7499 | eval_boundary_iou: 0.3623
2026-07-09 16:47:50,493:INFO:epoch: 25 | loss: 0.7151 | bce: 0.2850 | raw_bce: 0.2617 | dice_loss: 0.2471 | distance_loss: 0.0366 | tv_loss: 2040.6465 | boundary_weight_mean: 7.5289
2026-07-09 16:48:30,191:INFO:epoch: 26 | loss: 0.7064 | bce: 0.2798 | raw_bce: 0.2608 | dice_loss: 0.2469 | distance_loss: 0.0359 | tv_loss: 2047.9201 | boundary_weight_mean: 7.6026 | eval_loss: 0.9052 | eval_bce: 0.4145 | eval_raw_bce: 0.2672 | eval_dice_loss: 0.2893 | eval_distance_loss: 0.0403 | eval_tv_loss: 1822.1275 | eval_boundary_weight_mean: 4.8885 | eval_pixel_iou: 0.7865 | eval_miou: 0.7512 | eval_boundary_iou: 0.3449
2026-07-09 16:49:07,633:INFO:epoch: 27 | loss: 0.7092 | bce: 0.2831 | raw_bce: 0.2592 | dice_loss: 0.2465 | distance_loss: 0.0359 | tv_loss: 2046.3615 | boundary_weight_mean: 7.5193
2026-07-09 16:49:47,496:INFO:epoch: 28 | loss: 0.7049 | bce: 0.2810 | raw_bce: 0.2582 | dice_loss: 0.2457 | distance_loss: 0.0356 | tv_loss: 2046.5223 | boundary_weight_mean: 7.5390 | eval_loss: 0.9052 | eval_bce: 0.4156 | eval_raw_bce: 0.2706 | eval_dice_loss: 0.2891 | eval_distance_loss: 0.0401 | eval_tv_loss: 1854.0273 | eval_boundary_weight_mean: 4.8885 | eval_pixel_iou: 0.7868 | eval_miou: 0.7519 | eval_boundary_iou: 0.3454
2026-07-09 16:50:25,407:INFO:epoch: 29 | loss: 0.6997 | bce: 0.2785 | raw_bce: 0.2569 | dice_loss: 0.2444 | distance_loss: 0.0354 | tv_loss: 2048.8442 | boundary_weight_mean: 7.5750
2026-07-09 16:51:05,577:INFO:epoch: 30 | loss: 0.7008 | bce: 0.2788 | raw_bce: 0.2583 | dice_loss: 0.2448 | distance_loss: 0.0355 | tv_loss: 2051.4605 | boundary_weight_mean: 7.5479 | eval_loss: 0.9008 | eval_bce: 0.4116 | eval_raw_bce: 0.2703 | eval_dice_loss: 0.2887 | eval_distance_loss: 0.0401 | eval_tv_loss: 1831.2758 | eval_boundary_weight_mean: 4.8885 | eval_pixel_iou: 0.7874 | eval_miou: 0.7570 | eval_boundary_iou: 0.3604
2026-07-09 16:51:43,243:INFO:epoch: 31 | loss: 0.7003 | bce: 0.2805 | raw_bce: 0.2556 | dice_loss: 0.2446 | distance_loss: 0.0350 | tv_loss: 2047.4623 | boundary_weight_mean: 7.5131
2026-07-09 16:52:23,935:INFO:epoch: 32 | loss: 0.6966 | bce: 0.2789 | raw_bce: 0.2554 | dice_loss: 0.2427 | distance_loss: 0.0350 | tv_loss: 2045.4316 | boundary_weight_mean: 7.5534 | eval_loss: 0.8939 | eval_bce: 0.4093 | eval_raw_bce: 0.2649 | eval_dice_loss: 0.2865 | eval_distance_loss: 0.0396 | eval_tv_loss: 1855.5510 | eval_boundary_weight_mean: 4.8885 | eval_pixel_iou: 0.7888 | eval_miou: 0.7564 | eval_boundary_iou: 0.3610
2026-07-09 16:53:01,784:INFO:epoch: 33 | loss: 0.6946 | bce: 0.2782 | raw_bce: 0.2539 | dice_loss: 0.2427 | distance_loss: 0.0347 | tv_loss: 2044.9916 | boundary_weight_mean: 7.5399
2026-07-09 16:53:41,789:INFO:epoch: 34 | loss: 0.6924 | bce: 0.2775 | raw_bce: 0.2545 | dice_loss: 0.2409 | distance_loss: 0.0348 | tv_loss: 2054.4872 | boundary_weight_mean: 7.5607 | eval_loss: 0.8975 | eval_bce: 0.4129 | eval_raw_bce: 0.2638 | eval_dice_loss: 0.2863 | eval_distance_loss: 0.0397 | eval_tv_loss: 1826.9445 | eval_boundary_weight_mean: 4.8885 | eval_pixel_iou: 0.7886 | eval_miou: 0.7567 | eval_boundary_iou: 0.3593
2026-07-09 16:54:19,071:INFO:epoch: 35 | loss: 0.6889 | bce: 0.2770 | raw_bce: 0.2534 | dice_loss: 0.2401 | distance_loss: 0.0344 | tv_loss: 2039.5017 | boundary_weight_mean: 7.5573
2026-07-09 16:54:58,723:INFO:epoch: 36 | loss: 0.6914 | bce: 0.2781 | raw_bce: 0.2526 | dice_loss: 0.2411 | distance_loss: 0.0344 | tv_loss: 2044.9267 | boundary_weight_mean: 7.5355 | eval_loss: 0.8957 | eval_bce: 0.4138 | eval_raw_bce: 0.2677 | eval_dice_loss: 0.2845 | eval_distance_loss: 0.0395 | eval_tv_loss: 1840.5953 | eval_boundary_weight_mean: 4.8885 | eval_pixel_iou: 0.7900 | eval_miou: 0.7563 | eval_boundary_iou: 0.3602
2026-07-09 16:55:36,108:INFO:epoch: 37 | loss: 0.6902 | bce: 0.2765 | raw_bce: 0.2527 | dice_loss: 0.2414 | distance_loss: 0.0344 | tv_loss: 2051.1229 | boundary_weight_mean: 7.5440
2026-07-09 16:56:15,952:INFO:epoch: 38 | loss: 0.6884 | bce: 0.2761 | raw_bce: 0.2520 | dice_loss: 0.2420 | distance_loss: 0.0341 | tv_loss: 2048.8652 | boundary_weight_mean: 7.5606 | eval_loss: 0.8943 | eval_bce: 0.4125 | eval_raw_bce: 0.2681 | eval_dice_loss: 0.2848 | eval_distance_loss: 0.0394 | eval_tv_loss: 1875.7691 | eval_boundary_weight_mean: 4.8885 | eval_pixel_iou: 0.7890 | eval_miou: 0.7553 | eval_boundary_iou: 0.3631
2026-07-09 16:56:53,431:INFO:epoch: 39 | loss: 0.6885 | bce: 0.2785 | raw_bce: 0.2523 | dice_loss: 0.2388 | distance_loss: 0.0342 | tv_loss: 2043.0270 | boundary_weight_mean: 7.5183
2026-07-09 16:57:33,113:INFO:epoch: 40 | loss: 0.6941 | bce: 0.2793 | raw_bce: 0.2533 | dice_loss: 0.2422 | distance_loss: 0.0345 | tv_loss: 2048.7396 | boundary_weight_mean: 7.5103 | eval_loss: 0.8953 | eval_bce: 0.4130 | eval_raw_bce: 0.2695 | eval_dice_loss: 0.2848 | eval_distance_loss: 0.0395 | eval_tv_loss: 1869.4376 | eval_boundary_weight_mean: 4.8885 | eval_pixel_iou: 0.7889 | eval_miou: 0.7557 | eval_boundary_iou: 0.3619
2026-07-09 16:58:10,558:INFO:epoch: 41 | loss: 0.6872 | bce: 0.2769 | raw_bce: 0.2515 | dice_loss: 0.2401 | distance_loss: 0.0340 | tv_loss: 2051.0686 | boundary_weight_mean: 7.5467
2026-07-09 16:58:50,048:INFO:epoch: 42 | loss: 0.6877 | bce: 0.2765 | raw_bce: 0.2530 | dice_loss: 0.2398 | distance_loss: 0.0343 | tv_loss: 2050.5370 | boundary_weight_mean: 7.5615 | eval_loss: 0.8931 | eval_bce: 0.4103 | eval_raw_bce: 0.2655 | eval_dice_loss: 0.2859 | eval_distance_loss: 0.0394 | eval_tv_loss: 1868.0312 | eval_boundary_weight_mean: 4.8885 | eval_pixel_iou: 0.7892 | eval_miou: 0.7559 | eval_boundary_iou: 0.3633
2026-07-09 16:59:27,570:INFO:epoch: 43 | loss: 0.6861 | bce: 0.2744 | raw_bce: 0.2514 | dice_loss: 0.2415 | distance_loss: 0.0340 | tv_loss: 2047.6454 | boundary_weight_mean: 7.5947
2026-07-09 17:00:07,205:INFO:epoch: 44 | loss: 0.6857 | bce: 0.2740 | raw_bce: 0.2520 | dice_loss: 0.2411 | distance_loss: 0.0341 | tv_loss: 2044.2134 | boundary_weight_mean: 7.6087 | eval_loss: 0.8943 | eval_bce: 0.4106 | eval_raw_bce: 0.2648 | eval_dice_loss: 0.2864 | eval_distance_loss: 0.0395 | eval_tv_loss: 1862.2696 | eval_boundary_weight_mean: 4.8885 | eval_pixel_iou: 0.7895 | eval_miou: 0.7561 | eval_boundary_iou: 0.3636
2026-07-09 17:00:44,569:INFO:epoch: 45 | loss: 0.6881 | bce: 0.2781 | raw_bce: 0.2518 | dice_loss: 0.2392 | distance_loss: 0.0342 | tv_loss: 2052.8454 | boundary_weight_mean: 7.5143
2026-07-09 17:01:24,177:INFO:epoch: 46 | loss: 0.6877 | bce: 0.2765 | raw_bce: 0.2517 | dice_loss: 0.2401 | distance_loss: 0.0342 | tv_loss: 2054.9064 | boundary_weight_mean: 7.5572 | eval_loss: 0.8912 | eval_bce: 0.4083 | eval_raw_bce: 0.2651 | eval_dice_loss: 0.2861 | eval_distance_loss: 0.0394 | eval_tv_loss: 1859.3060 | eval_boundary_weight_mean: 4.8885 | eval_pixel_iou: 0.7892 | eval_miou: 0.7565 | eval_boundary_iou: 0.3633
2026-07-09 17:02:01,514:INFO:epoch: 47 | loss: 0.6885 | bce: 0.2754 | raw_bce: 0.2524 | dice_loss: 0.2417 | distance_loss: 0.0343 | tv_loss: 2047.7525 | boundary_weight_mean: 7.6045
2026-07-09 17:02:41,053:INFO:epoch: 48 | loss: 0.6881 | bce: 0.2767 | raw_bce: 0.2516 | dice_loss: 0.2400 | distance_loss: 0.0343 | tv_loss: 2048.3202 | boundary_weight_mean: 7.5414 | eval_loss: 0.8914 | eval_bce: 0.4090 | eval_raw_bce: 0.2632 | eval_dice_loss: 0.2852 | eval_distance_loss: 0.0394 | eval_tv_loss: 1839.3829 | eval_boundary_weight_mean: 4.8885 | eval_pixel_iou: 0.7902 | eval_miou: 0.7563 | eval_boundary_iou: 0.3655
2026-07-09 17:03:18,360:INFO:epoch: 49 | loss: 0.6936 | bce: 0.2786 | raw_bce: 0.2537 | dice_loss: 0.2417 | distance_loss: 0.0346 | tv_loss: 2051.6779 | boundary_weight_mean: 7.5469
2026-07-09 17:03:58,174:INFO:epoch: 50 | loss: 0.6936 | bce: 0.2793 | raw_bce: 0.2534 | dice_loss: 0.2413 | distance_loss: 0.0346 | tv_loss: 2049.7979 | boundary_weight_mean: 7.5080 | eval_loss: 0.8959 | eval_bce: 0.4108 | eval_raw_bce: 0.2687 | eval_dice_loss: 0.2870 | eval_distance_loss: 0.0396 | eval_tv_loss: 1872.9735 | eval_boundary_weight_mean: 4.8885 | eval_pixel_iou: 0.7891 | eval_miou: 0.7554 | eval_boundary_iou: 0.3622
