2026-07-04 15:56:39,384:INFO:DualHeadUNet(
  (inc): DoubleConv(
    (block): Sequential(
      (0): Conv2d(8, 32, kernel_size=(3, 3), stride=(1, 1), padding=(1, 1), bias=False)
      (1): BatchNorm2d(32, eps=1e-05, momentum=0.1, affine=True, track_running_stats=True)
      (2): ReLU(inplace=True)
      (3): Conv2d(32, 32, kernel_size=(3, 3), stride=(1, 1), padding=(1, 1), bias=False)
      (4): BatchNorm2d(32, eps=1e-05, momentum=0.1, affine=True, track_running_stats=True)
      (5): ReLU(inplace=True)
    )
  )
  (down1): Down(
    (block): Sequential(
      (0): MaxPool2d(kernel_size=2, stride=2, padding=0, dilation=1, ceil_mode=False)
      (1): DoubleConv(
        (block): Sequential(
          (0): Conv2d(32, 64, kernel_size=(3, 3), stride=(1, 1), padding=(1, 1), bias=False)
          (1): BatchNorm2d(64, eps=1e-05, momentum=0.1, affine=True, track_running_stats=True)
          (2): ReLU(inplace=True)
          (3): Conv2d(64, 64, kernel_size=(3, 3), stride=(1, 1), padding=(1, 1), bias=False)
          (4): BatchNorm2d(64, eps=1e-05, momentum=0.1, affine=True, track_running_stats=True)
          (5): ReLU(inplace=True)
        )
      )
    )
  )
  (down2): Down(
    (block): Sequential(
      (0): MaxPool2d(kernel_size=2, stride=2, padding=0, dilation=1, ceil_mode=False)
      (1): DoubleConv(
        (block): Sequential(
          (0): Conv2d(64, 128, kernel_size=(3, 3), stride=(1, 1), padding=(1, 1), bias=False)
          (1): BatchNorm2d(128, eps=1e-05, momentum=0.1, affine=True, track_running_stats=True)
          (2): ReLU(inplace=True)
          (3): Conv2d(128, 128, kernel_size=(3, 3), stride=(1, 1), padding=(1, 1), bias=False)
          (4): BatchNorm2d(128, eps=1e-05, momentum=0.1, affine=True, track_running_stats=True)
          (5): ReLU(inplace=True)
        )
      )
    )
  )
  (down3): Down(
    (block): Sequential(
      (0): MaxPool2d(kernel_size=2, stride=2, padding=0, dilation=1, ceil_mode=False)
      (1): DoubleConv(
        (block): Sequential(
          (0): Conv2d(128, 256, kernel_size=(3, 3), stride=(1, 1), padding=(1, 1), bias=False)
          (1): BatchNorm2d(256, eps=1e-05, momentum=0.1, affine=True, track_running_stats=True)
          (2): ReLU(inplace=True)
          (3): Conv2d(256, 256, kernel_size=(3, 3), stride=(1, 1), padding=(1, 1), bias=False)
          (4): BatchNorm2d(256, eps=1e-05, momentum=0.1, affine=True, track_running_stats=True)
          (5): ReLU(inplace=True)
        )
      )
    )
  )
  (down4): Down(
    (block): Sequential(
      (0): MaxPool2d(kernel_size=2, stride=2, padding=0, dilation=1, ceil_mode=False)
      (1): DoubleConv(
        (block): Sequential(
          (0): Conv2d(256, 512, kernel_size=(3, 3), stride=(1, 1), padding=(1, 1), bias=False)
          (1): BatchNorm2d(512, eps=1e-05, momentum=0.1, affine=True, track_running_stats=True)
          (2): ReLU(inplace=True)
          (3): Conv2d(512, 512, kernel_size=(3, 3), stride=(1, 1), padding=(1, 1), bias=False)
          (4): BatchNorm2d(512, eps=1e-05, momentum=0.1, affine=True, track_running_stats=True)
          (5): ReLU(inplace=True)
        )
      )
    )
  )
  (up1): Up(
    (up): ConvTranspose2d(512, 256, kernel_size=(2, 2), stride=(2, 2))
    (conv): DoubleConv(
      (block): Sequential(
        (0): Conv2d(512, 256, kernel_size=(3, 3), stride=(1, 1), padding=(1, 1), bias=False)
        (1): BatchNorm2d(256, eps=1e-05, momentum=0.1, affine=True, track_running_stats=True)
        (2): ReLU(inplace=True)
        (3): Conv2d(256, 256, kernel_size=(3, 3), stride=(1, 1), padding=(1, 1), bias=False)
        (4): BatchNorm2d(256, eps=1e-05, momentum=0.1, affine=True, track_running_stats=True)
        (5): ReLU(inplace=True)
      )
    )
  )
  (up2): Up(
    (up): ConvTranspose2d(256, 128, kernel_size=(2, 2), stride=(2, 2))
    (conv): DoubleConv(
      (block): Sequential(
        (0): Conv2d(256, 128, kernel_size=(3, 3), stride=(1, 1), padding=(1, 1), bias=False)
        (1): BatchNorm2d(128, eps=1e-05, momentum=0.1, affine=True, track_running_stats=True)
        (2): ReLU(inplace=True)
        (3): Conv2d(128, 128, kernel_size=(3, 3), stride=(1, 1), padding=(1, 1), bias=False)
        (4): BatchNorm2d(128, eps=1e-05, momentum=0.1, affine=True, track_running_stats=True)
        (5): ReLU(inplace=True)
      )
    )
  )
  (up3): Up(
    (up): ConvTranspose2d(128, 64, kernel_size=(2, 2), stride=(2, 2))
    (conv): DoubleConv(
      (block): Sequential(
        (0): Conv2d(128, 64, kernel_size=(3, 3), stride=(1, 1), padding=(1, 1), bias=False)
        (1): BatchNorm2d(64, eps=1e-05, momentum=0.1, affine=True, track_running_stats=True)
        (2): ReLU(inplace=True)
        (3): Conv2d(64, 64, kernel_size=(3, 3), stride=(1, 1), padding=(1, 1), bias=False)
        (4): BatchNorm2d(64, eps=1e-05, momentum=0.1, affine=True, track_running_stats=True)
        (5): ReLU(inplace=True)
      )
    )
  )
  (up4): Up(
    (up): ConvTranspose2d(64, 32, kernel_size=(2, 2), stride=(2, 2))
    (conv): DoubleConv(
      (block): Sequential(
        (0): Conv2d(64, 32, kernel_size=(3, 3), stride=(1, 1), padding=(1, 1), bias=False)
        (1): BatchNorm2d(32, eps=1e-05, momentum=0.1, affine=True, track_running_stats=True)
        (2): ReLU(inplace=True)
        (3): Conv2d(32, 32, kernel_size=(3, 3), stride=(1, 1), padding=(1, 1), bias=False)
        (4): BatchNorm2d(32, eps=1e-05, momentum=0.1, affine=True, track_running_stats=True)
        (5): ReLU(inplace=True)
      )
    )
  )
  (mask_head): Conv2d(32, 1, kernel_size=(1, 1), stride=(1, 1))
  (distance_head): Sequential(
    (0): Conv2d(32, 32, kernel_size=(3, 3), stride=(1, 1), padding=(1, 1), bias=False)
    (1): BatchNorm2d(32, eps=1e-05, momentum=0.1, affine=True, track_running_stats=True)
    (2): ReLU(inplace=True)
    (3): Conv2d(32, 1, kernel_size=(1, 1), stride=(1, 1))
  )
)
Trainable parameters by tensor:
  inc.block.0.weight: 2,304
  inc.block.1.weight: 32
  inc.block.1.bias: 32
  inc.block.3.weight: 9,216
  inc.block.4.weight: 32
  inc.block.4.bias: 32
  down1.block.1.block.0.weight: 18,432
  down1.block.1.block.1.weight: 64
  down1.block.1.block.1.bias: 64
  down1.block.1.block.3.weight: 36,864
  down1.block.1.block.4.weight: 64
  down1.block.1.block.4.bias: 64
  down2.block.1.block.0.weight: 73,728
  down2.block.1.block.1.weight: 128
  down2.block.1.block.1.bias: 128
  down2.block.1.block.3.weight: 147,456
  down2.block.1.block.4.weight: 128
  down2.block.1.block.4.bias: 128
  down3.block.1.block.0.weight: 294,912
  down3.block.1.block.1.weight: 256
  down3.block.1.block.1.bias: 256
  down3.block.1.block.3.weight: 589,824
  down3.block.1.block.4.weight: 256
  down3.block.1.block.4.bias: 256
  down4.block.1.block.0.weight: 1,179,648
  down4.block.1.block.1.weight: 512
  down4.block.1.block.1.bias: 512
  down4.block.1.block.3.weight: 2,359,296
  down4.block.1.block.4.weight: 512
  down4.block.1.block.4.bias: 512
  up1.up.weight: 524,288
  up1.up.bias: 256
  up1.conv.block.0.weight: 1,179,648
  up1.conv.block.1.weight: 256
  up1.conv.block.1.bias: 256
  up1.conv.block.3.weight: 589,824
  up1.conv.block.4.weight: 256
  up1.conv.block.4.bias: 256
  up2.up.weight: 131,072
  up2.up.bias: 128
  up2.conv.block.0.weight: 294,912
  up2.conv.block.1.weight: 128
  up2.conv.block.1.bias: 128
  up2.conv.block.3.weight: 147,456
  up2.conv.block.4.weight: 128
  up2.conv.block.4.bias: 128
  up3.up.weight: 32,768
  up3.up.bias: 64
  up3.conv.block.0.weight: 73,728
  up3.conv.block.1.weight: 64
  up3.conv.block.1.bias: 64
  up3.conv.block.3.weight: 36,864
  up3.conv.block.4.weight: 64
  up3.conv.block.4.bias: 64
  up4.up.weight: 8,192
  up4.up.bias: 32
  up4.conv.block.0.weight: 18,432
  up4.conv.block.1.weight: 32
  up4.conv.block.1.bias: 32
  up4.conv.block.3.weight: 9,216
  up4.conv.block.4.weight: 32
  up4.conv.block.4.bias: 32
  mask_head.weight: 32
  mask_head.bias: 1
  distance_head.0.weight: 9,216
  distance_head.1.weight: 32
  distance_head.1.bias: 32
  distance_head.3.weight: 32
  distance_head.3.bias: 1
Total trainable parameters: 7,773,794
2026-07-04 15:56:39,388:INFO:------------ New Training Session ------------
2026-07-04 15:57:04,068:INFO:epoch: 1 | loss: 0.8696 | bce: 0.4680 | raw_bce: 0.4219 | dice_loss: 0.3576 | distance_loss: 0.0839 | tv_loss: 2076.0127 | boundary_weight_mean: 1.5622
2026-07-04 15:57:27,151:INFO:epoch: 2 | loss: 0.7795 | bce: 0.4311 | raw_bce: 0.3769 | dice_loss: 0.3092 | distance_loss: 0.0746 | tv_loss: 1920.3323 | boundary_weight_mean: 1.5634
2026-07-04 15:57:50,603:INFO:epoch: 3 | loss: 0.7373 | bce: 0.4120 | raw_bce: 0.3565 | dice_loss: 0.2881 | distance_loss: 0.0703 | tv_loss: 2094.3537 | boundary_weight_mean: 1.5628
2026-07-04 15:58:14,334:INFO:epoch: 4 | loss: 0.7117 | bce: 0.4035 | raw_bce: 0.3477 | dice_loss: 0.2729 | distance_loss: 0.0662 | tv_loss: 2219.4213 | boundary_weight_mean: 1.5622
2026-07-04 15:58:40,996:INFO:epoch: 5 | loss: 0.6895 | bce: 0.3931 | raw_bce: 0.3386 | dice_loss: 0.2626 | distance_loss: 0.0629 | tv_loss: 2362.7129 | boundary_weight_mean: 1.5623 | eval_loss: 0.7129 | eval_bce: 0.3451 | eval_raw_bce: 0.2924 | eval_dice_loss: 0.3378 | eval_distance_loss: 0.0563 | eval_tv_loss: 1943.3015 | eval_boundary_weight_mean: 1.4666 | eval_miou: 0.7243 | eval_boundary_iou: 0.3199
2026-07-04 15:59:04,440:INFO:epoch: 6 | loss: 0.6771 | bce: 0.3887 | raw_bce: 0.3341 | dice_loss: 0.2555 | distance_loss: 0.0612 | tv_loss: 2416.7549 | boundary_weight_mean: 1.5627
2026-07-04 15:59:27,961:INFO:epoch: 7 | loss: 0.6659 | bce: 0.3839 | raw_bce: 0.3304 | dice_loss: 0.2500 | distance_loss: 0.0590 | tv_loss: 2463.4123 | boundary_weight_mean: 1.5626
2026-07-04 15:59:51,581:INFO:epoch: 8 | loss: 0.6576 | bce: 0.3806 | raw_bce: 0.3265 | dice_loss: 0.2456 | distance_loss: 0.0578 | tv_loss: 2476.9607 | boundary_weight_mean: 1.5626
2026-07-04 16:00:15,157:INFO:epoch: 9 | loss: 0.6490 | bce: 0.3773 | raw_bce: 0.3244 | dice_loss: 0.2408 | distance_loss: 0.0568 | tv_loss: 2497.5180 | boundary_weight_mean: 1.5628
2026-07-04 16:00:41,807:INFO:epoch: 10 | loss: 0.6447 | bce: 0.3744 | raw_bce: 0.3211 | dice_loss: 0.2396 | distance_loss: 0.0562 | tv_loss: 2519.3591 | boundary_weight_mean: 1.5627 | eval_loss: 0.6667 | eval_bce: 0.3248 | eval_raw_bce: 0.2709 | eval_dice_loss: 0.3131 | eval_distance_loss: 0.0533 | eval_tv_loss: 2131.7711 | eval_boundary_weight_mean: 1.4666 | eval_miou: 0.7436 | eval_boundary_iou: 0.3891
2026-07-04 16:01:05,562:INFO:epoch: 11 | loss: 0.6358 | bce: 0.3697 | raw_bce: 0.3170 | dice_loss: 0.2359 | distance_loss: 0.0552 | tv_loss: 2535.3738 | boundary_weight_mean: 1.5622
2026-07-04 16:01:29,318:INFO:epoch: 12 | loss: 0.6240 | bce: 0.3640 | raw_bce: 0.3110 | dice_loss: 0.2306 | distance_loss: 0.0536 | tv_loss: 2536.3171 | boundary_weight_mean: 1.5628
2026-07-04 16:01:53,135:INFO:epoch: 13 | loss: 0.6237 | bce: 0.3645 | raw_bce: 0.3122 | dice_loss: 0.2298 | distance_loss: 0.0535 | tv_loss: 2564.4139 | boundary_weight_mean: 1.5629
2026-07-04 16:02:17,329:INFO:epoch: 14 | loss: 0.6183 | bce: 0.3617 | raw_bce: 0.3094 | dice_loss: 0.2275 | distance_loss: 0.0529 | tv_loss: 2572.7754 | boundary_weight_mean: 1.5630
2026-07-04 16:02:44,370:INFO:epoch: 15 | loss: 0.6165 | bce: 0.3605 | raw_bce: 0.3081 | dice_loss: 0.2272 | distance_loss: 0.0523 | tv_loss: 2562.9569 | boundary_weight_mean: 1.5620 | eval_loss: 0.6562 | eval_bce: 0.3211 | eval_raw_bce: 0.2656 | eval_dice_loss: 0.3087 | eval_distance_loss: 0.0485 | eval_tv_loss: 2078.5410 | eval_boundary_weight_mean: 1.4666 | eval_miou: 0.7490 | eval_boundary_iou: 0.4007
2026-07-04 16:03:07,936:INFO:epoch: 16 | loss: 0.6148 | bce: 0.3602 | raw_bce: 0.3084 | dice_loss: 0.2259 | distance_loss: 0.0523 | tv_loss: 2590.2543 | boundary_weight_mean: 1.5622
2026-07-04 16:03:31,531:INFO:epoch: 17 | loss: 0.6062 | bce: 0.3555 | raw_bce: 0.3030 | dice_loss: 0.2227 | distance_loss: 0.0510 | tv_loss: 2589.5582 | boundary_weight_mean: 1.5628
2026-07-04 16:03:55,058:INFO:epoch: 18 | loss: 0.5999 | bce: 0.3526 | raw_bce: 0.2996 | dice_loss: 0.2197 | distance_loss: 0.0500 | tv_loss: 2575.7992 | boundary_weight_mean: 1.5627
2026-07-04 16:04:18,561:INFO:epoch: 19 | loss: 0.5984 | bce: 0.3515 | raw_bce: 0.2997 | dice_loss: 0.2192 | distance_loss: 0.0504 | tv_loss: 2595.9994 | boundary_weight_mean: 1.5623
2026-07-04 16:04:44,583:INFO:epoch: 20 | loss: 0.5912 | bce: 0.3476 | raw_bce: 0.2950 | dice_loss: 0.2163 | distance_loss: 0.0494 | tv_loss: 2595.4775 | boundary_weight_mean: 1.5629 | eval_loss: 0.6580 | eval_bce: 0.3234 | eval_raw_bce: 0.2628 | eval_dice_loss: 0.3083 | eval_distance_loss: 0.0485 | eval_tv_loss: 2077.1766 | eval_boundary_weight_mean: 1.4666 | eval_miou: 0.7446 | eval_boundary_iou: 0.4055
2026-07-04 16:05:08,200:INFO:epoch: 21 | loss: 0.5887 | bce: 0.3473 | raw_bce: 0.2950 | dice_loss: 0.2143 | distance_loss: 0.0488 | tv_loss: 2600.2134 | boundary_weight_mean: 1.5627
2026-07-04 16:05:31,870:INFO:epoch: 22 | loss: 0.5884 | bce: 0.3469 | raw_bce: 0.2941 | dice_loss: 0.2147 | distance_loss: 0.0485 | tv_loss: 2606.6321 | boundary_weight_mean: 1.5629
2026-07-04 16:05:55,547:INFO:epoch: 23 | loss: 0.5806 | bce: 0.3431 | raw_bce: 0.2901 | dice_loss: 0.2111 | distance_loss: 0.0475 | tv_loss: 2604.5544 | boundary_weight_mean: 1.5626
2026-07-04 16:06:19,355:INFO:epoch: 24 | loss: 0.5747 | bce: 0.3404 | raw_bce: 0.2870 | dice_loss: 0.2082 | distance_loss: 0.0470 | tv_loss: 2605.1937 | boundary_weight_mean: 1.5628
2026-07-04 16:06:47,333:INFO:epoch: 25 | loss: 0.5675 | bce: 0.3362 | raw_bce: 0.2820 | dice_loss: 0.2058 | distance_loss: 0.0458 | tv_loss: 2607.6400 | boundary_weight_mean: 1.5625 | eval_loss: 0.6466 | eval_bce: 0.3248 | eval_raw_bce: 0.2751 | eval_dice_loss: 0.2948 | eval_distance_loss: 0.0495 | eval_tv_loss: 2225.3190 | eval_boundary_weight_mean: 1.4666 | eval_miou: 0.7503 | eval_boundary_iou: 0.4135
2026-07-04 16:07:10,921:INFO:epoch: 26 | loss: 0.5657 | bce: 0.3365 | raw_bce: 0.2817 | dice_loss: 0.2037 | distance_loss: 0.0457 | tv_loss: 2608.8661 | boundary_weight_mean: 1.5627
2026-07-04 16:07:34,478:INFO:epoch: 27 | loss: 0.5589 | bce: 0.3325 | raw_bce: 0.2776 | dice_loss: 0.2015 | distance_loss: 0.0446 | tv_loss: 2603.9885 | boundary_weight_mean: 1.5631
2026-07-04 16:07:58,021:INFO:epoch: 28 | loss: 0.5570 | bce: 0.3319 | raw_bce: 0.2770 | dice_loss: 0.2002 | distance_loss: 0.0446 | tv_loss: 2619.0372 | boundary_weight_mean: 1.5634
2026-07-04 16:08:21,533:INFO:epoch: 29 | loss: 0.5489 | bce: 0.3274 | raw_bce: 0.2715 | dice_loss: 0.1972 | distance_loss: 0.0435 | tv_loss: 2607.8330 | boundary_weight_mean: 1.5621
2026-07-04 16:08:47,514:INFO:epoch: 30 | loss: 0.5423 | bce: 0.3242 | raw_bce: 0.2676 | dice_loss: 0.1940 | distance_loss: 0.0429 | tv_loss: 2616.1677 | boundary_weight_mean: 1.5629 | eval_loss: 0.6747 | eval_bce: 0.3399 | eval_raw_bce: 0.2810 | eval_dice_loss: 0.3079 | eval_distance_loss: 0.0497 | eval_tv_loss: 2085.9968 | eval_boundary_weight_mean: 1.4666 | eval_miou: 0.7412 | eval_boundary_iou: 0.4124
2026-07-04 16:09:11,189:INFO:epoch: 31 | loss: 0.5350 | bce: 0.3212 | raw_bce: 0.2642 | dice_loss: 0.1902 | distance_loss: 0.0419 | tv_loss: 2608.2349 | boundary_weight_mean: 1.5628
2026-07-04 16:09:34,875:INFO:epoch: 32 | loss: 0.5330 | bce: 0.3201 | raw_bce: 0.2620 | dice_loss: 0.1897 | distance_loss: 0.0413 | tv_loss: 2604.1904 | boundary_weight_mean: 1.5622
2026-07-04 16:09:58,581:INFO:epoch: 33 | loss: 0.5278 | bce: 0.3168 | raw_bce: 0.2587 | dice_loss: 0.1879 | distance_loss: 0.0409 | tv_loss: 2614.3310 | boundary_weight_mean: 1.5627
2026-07-04 16:10:22,724:INFO:epoch: 34 | loss: 0.5218 | bce: 0.3151 | raw_bce: 0.2561 | dice_loss: 0.1840 | distance_loss: 0.0401 | tv_loss: 2604.9916 | boundary_weight_mean: 1.5629
2026-07-04 16:10:50,467:INFO:epoch: 35 | loss: 0.5190 | bce: 0.3132 | raw_bce: 0.2534 | dice_loss: 0.1834 | distance_loss: 0.0396 | tv_loss: 2602.8360 | boundary_weight_mean: 1.5630 | eval_loss: 0.6643 | eval_bce: 0.3401 | eval_raw_bce: 0.2841 | eval_dice_loss: 0.2979 | eval_distance_loss: 0.0483 | eval_tv_loss: 2136.6831 | eval_boundary_weight_mean: 1.4666 | eval_miou: 0.7475 | eval_boundary_iou: 0.4159
2026-07-04 16:11:14,040:INFO:epoch: 36 | loss: 0.5161 | bce: 0.3115 | raw_bce: 0.2519 | dice_loss: 0.1824 | distance_loss: 0.0394 | tv_loss: 2594.8453 | boundary_weight_mean: 1.5623
2026-07-04 16:11:37,613:INFO:epoch: 37 | loss: 0.5160 | bce: 0.3114 | raw_bce: 0.2515 | dice_loss: 0.1823 | distance_loss: 0.0394 | tv_loss: 2608.3106 | boundary_weight_mean: 1.5624
2026-07-04 16:12:01,128:INFO:epoch: 38 | loss: 0.5115 | bce: 0.3085 | raw_bce: 0.2483 | dice_loss: 0.1810 | distance_loss: 0.0387 | tv_loss: 2602.1089 | boundary_weight_mean: 1.5626
2026-07-04 16:12:24,641:INFO:epoch: 39 | loss: 0.5157 | bce: 0.3108 | raw_bce: 0.2509 | dice_loss: 0.1826 | distance_loss: 0.0394 | tv_loss: 2601.0688 | boundary_weight_mean: 1.5621
2026-07-04 16:12:50,770:INFO:epoch: 40 | loss: 0.5148 | bce: 0.3110 | raw_bce: 0.2506 | dice_loss: 0.1816 | distance_loss: 0.0393 | tv_loss: 2603.3552 | boundary_weight_mean: 1.5630 | eval_loss: 0.6614 | eval_bce: 0.3413 | eval_raw_bce: 0.2857 | eval_dice_loss: 0.2939 | eval_distance_loss: 0.0482 | eval_tv_loss: 2154.1733 | eval_boundary_weight_mean: 1.4666 | eval_miou: 0.7510 | eval_boundary_iou: 0.4170
2026-07-04 16:13:14,344:INFO:epoch: 41 | loss: 0.5139 | bce: 0.3099 | raw_bce: 0.2499 | dice_loss: 0.1818 | distance_loss: 0.0392 | tv_loss: 2604.5271 | boundary_weight_mean: 1.5626
2026-07-04 16:13:37,993:INFO:epoch: 42 | loss: 0.5133 | bce: 0.3101 | raw_bce: 0.2497 | dice_loss: 0.1810 | distance_loss: 0.0391 | tv_loss: 2604.4299 | boundary_weight_mean: 1.5627
2026-07-04 16:14:01,802:INFO:epoch: 43 | loss: 0.5129 | bce: 0.3101 | raw_bce: 0.2495 | dice_loss: 0.1807 | distance_loss: 0.0390 | tv_loss: 2602.2058 | boundary_weight_mean: 1.5630
2026-07-04 16:14:25,777:INFO:epoch: 44 | loss: 0.5137 | bce: 0.3101 | raw_bce: 0.2502 | dice_loss: 0.1814 | distance_loss: 0.0391 | tv_loss: 2599.2721 | boundary_weight_mean: 1.5619
2026-07-04 16:14:53,658:INFO:epoch: 45 | loss: 0.5139 | bce: 0.3098 | raw_bce: 0.2497 | dice_loss: 0.1820 | distance_loss: 0.0390 | tv_loss: 2603.0739 | boundary_weight_mean: 1.5621 | eval_loss: 0.6643 | eval_bce: 0.3399 | eval_raw_bce: 0.2845 | eval_dice_loss: 0.2980 | eval_distance_loss: 0.0486 | eval_tv_loss: 2137.3282 | eval_boundary_weight_mean: 1.4666 | eval_miou: 0.7481 | eval_boundary_iou: 0.4155
2026-07-04 16:15:17,216:INFO:epoch: 46 | loss: 0.5104 | bce: 0.3084 | raw_bce: 0.2478 | dice_loss: 0.1800 | distance_loss: 0.0387 | tv_loss: 2600.8324 | boundary_weight_mean: 1.5629
2026-07-04 16:15:40,848:INFO:epoch: 47 | loss: 0.5158 | bce: 0.3119 | raw_bce: 0.2518 | dice_loss: 0.1816 | distance_loss: 0.0395 | tv_loss: 2617.3592 | boundary_weight_mean: 1.5626
2026-07-04 16:16:04,354:INFO:epoch: 48 | loss: 0.5105 | bce: 0.3092 | raw_bce: 0.2487 | dice_loss: 0.1793 | distance_loss: 0.0388 | tv_loss: 2607.0121 | boundary_weight_mean: 1.5627
2026-07-04 16:16:27,887:INFO:epoch: 49 | loss: 0.5137 | bce: 0.3106 | raw_bce: 0.2499 | dice_loss: 0.1811 | distance_loss: 0.0389 | tv_loss: 2604.6320 | boundary_weight_mean: 1.5623
2026-07-04 16:16:53,867:INFO:epoch: 50 | loss: 0.5127 | bce: 0.3106 | raw_bce: 0.2498 | dice_loss: 0.1801 | distance_loss: 0.0389 | tv_loss: 2604.2265 | boundary_weight_mean: 1.5628 | eval_loss: 0.6662 | eval_bce: 0.3444 | eval_raw_bce: 0.2897 | eval_dice_loss: 0.2955 | eval_distance_loss: 0.0484 | eval_tv_loss: 2129.5083 | eval_boundary_weight_mean: 1.4666 | eval_miou: 0.7528 | eval_boundary_iou: 0.4176
2026-07-08 16:55:30,974:INFO:DualHeadUNet(
  (inc): DoubleConv(
    (block): Sequential(
      (0): Conv2d(8, 32, kernel_size=(3, 3), stride=(1, 1), padding=(1, 1), bias=False)
      (1): BatchNorm2d(32, eps=1e-05, momentum=0.1, affine=True, track_running_stats=True)
      (2): ReLU(inplace=True)
      (3): Conv2d(32, 32, kernel_size=(3, 3), stride=(1, 1), padding=(1, 1), bias=False)
      (4): BatchNorm2d(32, eps=1e-05, momentum=0.1, affine=True, track_running_stats=True)
      (5): ReLU(inplace=True)
    )
  )
  (down1): Down(
    (block): Sequential(
      (0): MaxPool2d(kernel_size=2, stride=2, padding=0, dilation=1, ceil_mode=False)
      (1): DoubleConv(
        (block): Sequential(
          (0): Conv2d(32, 64, kernel_size=(3, 3), stride=(1, 1), padding=(1, 1), bias=False)
          (1): BatchNorm2d(64, eps=1e-05, momentum=0.1, affine=True, track_running_stats=True)
          (2): ReLU(inplace=True)
          (3): Conv2d(64, 64, kernel_size=(3, 3), stride=(1, 1), padding=(1, 1), bias=False)
          (4): BatchNorm2d(64, eps=1e-05, momentum=0.1, affine=True, track_running_stats=True)
          (5): ReLU(inplace=True)
        )
      )
    )
  )
  (down2): Down(
    (block): Sequential(
      (0): MaxPool2d(kernel_size=2, stride=2, padding=0, dilation=1, ceil_mode=False)
      (1): DoubleConv(
        (block): Sequential(
          (0): Conv2d(64, 128, kernel_size=(3, 3), stride=(1, 1), padding=(1, 1), bias=False)
          (1): BatchNorm2d(128, eps=1e-05, momentum=0.1, affine=True, track_running_stats=True)
          (2): ReLU(inplace=True)
          (3): Conv2d(128, 128, kernel_size=(3, 3), stride=(1, 1), padding=(1, 1), bias=False)
          (4): BatchNorm2d(128, eps=1e-05, momentum=0.1, affine=True, track_running_stats=True)
          (5): ReLU(inplace=True)
        )
      )
    )
  )
  (down3): Down(
    (block): Sequential(
      (0): MaxPool2d(kernel_size=2, stride=2, padding=0, dilation=1, ceil_mode=False)
      (1): DoubleConv(
        (block): Sequential(
          (0): Conv2d(128, 256, kernel_size=(3, 3), stride=(1, 1), padding=(1, 1), bias=False)
          (1): BatchNorm2d(256, eps=1e-05, momentum=0.1, affine=True, track_running_stats=True)
          (2): ReLU(inplace=True)
          (3): Conv2d(256, 256, kernel_size=(3, 3), stride=(1, 1), padding=(1, 1), bias=False)
          (4): BatchNorm2d(256, eps=1e-05, momentum=0.1, affine=True, track_running_stats=True)
          (5): ReLU(inplace=True)
        )
      )
    )
  )
  (down4): Down(
    (block): Sequential(
      (0): MaxPool2d(kernel_size=2, stride=2, padding=0, dilation=1, ceil_mode=False)
      (1): DoubleConv(
        (block): Sequential(
          (0): Conv2d(256, 512, kernel_size=(3, 3), stride=(1, 1), padding=(1, 1), bias=False)
          (1): BatchNorm2d(512, eps=1e-05, momentum=0.1, affine=True, track_running_stats=True)
          (2): ReLU(inplace=True)
          (3): Conv2d(512, 512, kernel_size=(3, 3), stride=(1, 1), padding=(1, 1), bias=False)
          (4): BatchNorm2d(512, eps=1e-05, momentum=0.1, affine=True, track_running_stats=True)
          (5): ReLU(inplace=True)
        )
      )
    )
  )
  (up1): Up(
    (up): ConvTranspose2d(512, 256, kernel_size=(2, 2), stride=(2, 2))
    (conv): DoubleConv(
      (block): Sequential(
        (0): Conv2d(512, 256, kernel_size=(3, 3), stride=(1, 1), padding=(1, 1), bias=False)
        (1): BatchNorm2d(256, eps=1e-05, momentum=0.1, affine=True, track_running_stats=True)
        (2): ReLU(inplace=True)
        (3): Conv2d(256, 256, kernel_size=(3, 3), stride=(1, 1), padding=(1, 1), bias=False)
        (4): BatchNorm2d(256, eps=1e-05, momentum=0.1, affine=True, track_running_stats=True)
        (5): ReLU(inplace=True)
      )
    )
  )
  (up2): Up(
    (up): ConvTranspose2d(256, 128, kernel_size=(2, 2), stride=(2, 2))
    (conv): DoubleConv(
      (block): Sequential(
        (0): Conv2d(256, 128, kernel_size=(3, 3), stride=(1, 1), padding=(1, 1), bias=False)
        (1): BatchNorm2d(128, eps=1e-05, momentum=0.1, affine=True, track_running_stats=True)
        (2): ReLU(inplace=True)
        (3): Conv2d(128, 128, kernel_size=(3, 3), stride=(1, 1), padding=(1, 1), bias=False)
        (4): BatchNorm2d(128, eps=1e-05, momentum=0.1, affine=True, track_running_stats=True)
        (5): ReLU(inplace=True)
      )
    )
  )
  (up3): Up(
    (up): ConvTranspose2d(128, 64, kernel_size=(2, 2), stride=(2, 2))
    (conv): DoubleConv(
      (block): Sequential(
        (0): Conv2d(128, 64, kernel_size=(3, 3), stride=(1, 1), padding=(1, 1), bias=False)
        (1): BatchNorm2d(64, eps=1e-05, momentum=0.1, affine=True, track_running_stats=True)
        (2): ReLU(inplace=True)
        (3): Conv2d(64, 64, kernel_size=(3, 3), stride=(1, 1), padding=(1, 1), bias=False)
        (4): BatchNorm2d(64, eps=1e-05, momentum=0.1, affine=True, track_running_stats=True)
        (5): ReLU(inplace=True)
      )
    )
  )
  (up4): Up(
    (up): ConvTranspose2d(64, 32, kernel_size=(2, 2), stride=(2, 2))
    (conv): DoubleConv(
      (block): Sequential(
        (0): Conv2d(64, 32, kernel_size=(3, 3), stride=(1, 1), padding=(1, 1), bias=False)
        (1): BatchNorm2d(32, eps=1e-05, momentum=0.1, affine=True, track_running_stats=True)
        (2): ReLU(inplace=True)
        (3): Conv2d(32, 32, kernel_size=(3, 3), stride=(1, 1), padding=(1, 1), bias=False)
        (4): BatchNorm2d(32, eps=1e-05, momentum=0.1, affine=True, track_running_stats=True)
        (5): ReLU(inplace=True)
      )
    )
  )
  (mask_head): Conv2d(32, 1, kernel_size=(1, 1), stride=(1, 1))
  (distance_head): Sequential(
    (0): Conv2d(32, 32, kernel_size=(3, 3), stride=(1, 1), padding=(1, 1), bias=False)
    (1): BatchNorm2d(32, eps=1e-05, momentum=0.1, affine=True, track_running_stats=True)
    (2): ReLU(inplace=True)
    (3): Conv2d(32, 1, kernel_size=(1, 1), stride=(1, 1))
  )
)
Trainable parameters by tensor:
  inc.block.0.weight: 2,304
  inc.block.1.weight: 32
  inc.block.1.bias: 32
  inc.block.3.weight: 9,216
  inc.block.4.weight: 32
  inc.block.4.bias: 32
  down1.block.1.block.0.weight: 18,432
  down1.block.1.block.1.weight: 64
  down1.block.1.block.1.bias: 64
  down1.block.1.block.3.weight: 36,864
  down1.block.1.block.4.weight: 64
  down1.block.1.block.4.bias: 64
  down2.block.1.block.0.weight: 73,728
  down2.block.1.block.1.weight: 128
  down2.block.1.block.1.bias: 128
  down2.block.1.block.3.weight: 147,456
  down2.block.1.block.4.weight: 128
  down2.block.1.block.4.bias: 128
  down3.block.1.block.0.weight: 294,912
  down3.block.1.block.1.weight: 256
  down3.block.1.block.1.bias: 256
  down3.block.1.block.3.weight: 589,824
  down3.block.1.block.4.weight: 256
  down3.block.1.block.4.bias: 256
  down4.block.1.block.0.weight: 1,179,648
  down4.block.1.block.1.weight: 512
  down4.block.1.block.1.bias: 512
  down4.block.1.block.3.weight: 2,359,296
  down4.block.1.block.4.weight: 512
  down4.block.1.block.4.bias: 512
  up1.up.weight: 524,288
  up1.up.bias: 256
  up1.conv.block.0.weight: 1,179,648
  up1.conv.block.1.weight: 256
  up1.conv.block.1.bias: 256
  up1.conv.block.3.weight: 589,824
  up1.conv.block.4.weight: 256
  up1.conv.block.4.bias: 256
  up2.up.weight: 131,072
  up2.up.bias: 128
  up2.conv.block.0.weight: 294,912
  up2.conv.block.1.weight: 128
  up2.conv.block.1.bias: 128
  up2.conv.block.3.weight: 147,456
  up2.conv.block.4.weight: 128
  up2.conv.block.4.bias: 128
  up3.up.weight: 32,768
  up3.up.bias: 64
  up3.conv.block.0.weight: 73,728
  up3.conv.block.1.weight: 64
  up3.conv.block.1.bias: 64
  up3.conv.block.3.weight: 36,864
  up3.conv.block.4.weight: 64
  up3.conv.block.4.bias: 64
  up4.up.weight: 8,192
  up4.up.bias: 32
  up4.conv.block.0.weight: 18,432
  up4.conv.block.1.weight: 32
  up4.conv.block.1.bias: 32
  up4.conv.block.3.weight: 9,216
  up4.conv.block.4.weight: 32
  up4.conv.block.4.bias: 32
  mask_head.weight: 32
  mask_head.bias: 1
  distance_head.0.weight: 9,216
  distance_head.1.weight: 32
  distance_head.1.bias: 32
  distance_head.3.weight: 32
  distance_head.3.bias: 1
Total trainable parameters: 7,773,794
2026-07-08 16:55:31,881:INFO:------------ New Training Session ------------
2026-07-08 16:57:16,475:INFO:DualHeadUNet(
  (inc): DoubleConv(
    (block): Sequential(
      (0): Conv2d(8, 32, kernel_size=(3, 3), stride=(1, 1), padding=(1, 1), bias=False)
      (1): BatchNorm2d(32, eps=1e-05, momentum=0.1, affine=True, track_running_stats=True)
      (2): ReLU(inplace=True)
      (3): Conv2d(32, 32, kernel_size=(3, 3), stride=(1, 1), padding=(1, 1), bias=False)
      (4): BatchNorm2d(32, eps=1e-05, momentum=0.1, affine=True, track_running_stats=True)
      (5): ReLU(inplace=True)
    )
  )
  (down1): Down(
    (block): Sequential(
      (0): MaxPool2d(kernel_size=2, stride=2, padding=0, dilation=1, ceil_mode=False)
      (1): DoubleConv(
        (block): Sequential(
          (0): Conv2d(32, 64, kernel_size=(3, 3), stride=(1, 1), padding=(1, 1), bias=False)
          (1): BatchNorm2d(64, eps=1e-05, momentum=0.1, affine=True, track_running_stats=True)
          (2): ReLU(inplace=True)
          (3): Conv2d(64, 64, kernel_size=(3, 3), stride=(1, 1), padding=(1, 1), bias=False)
          (4): BatchNorm2d(64, eps=1e-05, momentum=0.1, affine=True, track_running_stats=True)
          (5): ReLU(inplace=True)
        )
      )
    )
  )
  (down2): Down(
    (block): Sequential(
      (0): MaxPool2d(kernel_size=2, stride=2, padding=0, dilation=1, ceil_mode=False)
      (1): DoubleConv(
        (block): Sequential(
          (0): Conv2d(64, 128, kernel_size=(3, 3), stride=(1, 1), padding=(1, 1), bias=False)
          (1): BatchNorm2d(128, eps=1e-05, momentum=0.1, affine=True, track_running_stats=True)
          (2): ReLU(inplace=True)
          (3): Conv2d(128, 128, kernel_size=(3, 3), stride=(1, 1), padding=(1, 1), bias=False)
          (4): BatchNorm2d(128, eps=1e-05, momentum=0.1, affine=True, track_running_stats=True)
          (5): ReLU(inplace=True)
        )
      )
    )
  )
  (down3): Down(
    (block): Sequential(
      (0): MaxPool2d(kernel_size=2, stride=2, padding=0, dilation=1, ceil_mode=False)
      (1): DoubleConv(
        (block): Sequential(
          (0): Conv2d(128, 256, kernel_size=(3, 3), stride=(1, 1), padding=(1, 1), bias=False)
          (1): BatchNorm2d(256, eps=1e-05, momentum=0.1, affine=True, track_running_stats=True)
          (2): ReLU(inplace=True)
          (3): Conv2d(256, 256, kernel_size=(3, 3), stride=(1, 1), padding=(1, 1), bias=False)
          (4): BatchNorm2d(256, eps=1e-05, momentum=0.1, affine=True, track_running_stats=True)
          (5): ReLU(inplace=True)
        )
      )
    )
  )
  (down4): Down(
    (block): Sequential(
      (0): MaxPool2d(kernel_size=2, stride=2, padding=0, dilation=1, ceil_mode=False)
      (1): DoubleConv(
        (block): Sequential(
          (0): Conv2d(256, 512, kernel_size=(3, 3), stride=(1, 1), padding=(1, 1), bias=False)
          (1): BatchNorm2d(512, eps=1e-05, momentum=0.1, affine=True, track_running_stats=True)
          (2): ReLU(inplace=True)
          (3): Conv2d(512, 512, kernel_size=(3, 3), stride=(1, 1), padding=(1, 1), bias=False)
          (4): BatchNorm2d(512, eps=1e-05, momentum=0.1, affine=True, track_running_stats=True)
          (5): ReLU(inplace=True)
        )
      )
    )
  )
  (up1): Up(
    (up): ConvTranspose2d(512, 256, kernel_size=(2, 2), stride=(2, 2))
    (conv): DoubleConv(
      (block): Sequential(
        (0): Conv2d(512, 256, kernel_size=(3, 3), stride=(1, 1), padding=(1, 1), bias=False)
        (1): BatchNorm2d(256, eps=1e-05, momentum=0.1, affine=True, track_running_stats=True)
        (2): ReLU(inplace=True)
        (3): Conv2d(256, 256, kernel_size=(3, 3), stride=(1, 1), padding=(1, 1), bias=False)
        (4): BatchNorm2d(256, eps=1e-05, momentum=0.1, affine=True, track_running_stats=True)
        (5): ReLU(inplace=True)
      )
    )
  )
  (up2): Up(
    (up): ConvTranspose2d(256, 128, kernel_size=(2, 2), stride=(2, 2))
    (conv): DoubleConv(
      (block): Sequential(
        (0): Conv2d(256, 128, kernel_size=(3, 3), stride=(1, 1), padding=(1, 1), bias=False)
        (1): BatchNorm2d(128, eps=1e-05, momentum=0.1, affine=True, track_running_stats=True)
        (2): ReLU(inplace=True)
        (3): Conv2d(128, 128, kernel_size=(3, 3), stride=(1, 1), padding=(1, 1), bias=False)
        (4): BatchNorm2d(128, eps=1e-05, momentum=0.1, affine=True, track_running_stats=True)
        (5): ReLU(inplace=True)
      )
    )
  )
  (up3): Up(
    (up): ConvTranspose2d(128, 64, kernel_size=(2, 2), stride=(2, 2))
    (conv): DoubleConv(
      (block): Sequential(
        (0): Conv2d(128, 64, kernel_size=(3, 3), stride=(1, 1), padding=(1, 1), bias=False)
        (1): BatchNorm2d(64, eps=1e-05, momentum=0.1, affine=True, track_running_stats=True)
        (2): ReLU(inplace=True)
        (3): Conv2d(64, 64, kernel_size=(3, 3), stride=(1, 1), padding=(1, 1), bias=False)
        (4): BatchNorm2d(64, eps=1e-05, momentum=0.1, affine=True, track_running_stats=True)
        (5): ReLU(inplace=True)
      )
    )
  )
  (up4): Up(
    (up): ConvTranspose2d(64, 32, kernel_size=(2, 2), stride=(2, 2))
    (conv): DoubleConv(
      (block): Sequential(
        (0): Conv2d(64, 32, kernel_size=(3, 3), stride=(1, 1), padding=(1, 1), bias=False)
        (1): BatchNorm2d(32, eps=1e-05, momentum=0.1, affine=True, track_running_stats=True)
        (2): ReLU(inplace=True)
        (3): Conv2d(32, 32, kernel_size=(3, 3), stride=(1, 1), padding=(1, 1), bias=False)
        (4): BatchNorm2d(32, eps=1e-05, momentum=0.1, affine=True, track_running_stats=True)
        (5): ReLU(inplace=True)
      )
    )
  )
  (mask_head): Conv2d(32, 1, kernel_size=(1, 1), stride=(1, 1))
  (distance_head): Sequential(
    (0): Conv2d(32, 32, kernel_size=(3, 3), stride=(1, 1), padding=(1, 1), bias=False)
    (1): BatchNorm2d(32, eps=1e-05, momentum=0.1, affine=True, track_running_stats=True)
    (2): ReLU(inplace=True)
    (3): Conv2d(32, 1, kernel_size=(1, 1), stride=(1, 1))
  )
)
Trainable parameters by tensor:
  inc.block.0.weight: 2,304
  inc.block.1.weight: 32
  inc.block.1.bias: 32
  inc.block.3.weight: 9,216
  inc.block.4.weight: 32
  inc.block.4.bias: 32
  down1.block.1.block.0.weight: 18,432
  down1.block.1.block.1.weight: 64
  down1.block.1.block.1.bias: 64
  down1.block.1.block.3.weight: 36,864
  down1.block.1.block.4.weight: 64
  down1.block.1.block.4.bias: 64
  down2.block.1.block.0.weight: 73,728
  down2.block.1.block.1.weight: 128
  down2.block.1.block.1.bias: 128
  down2.block.1.block.3.weight: 147,456
  down2.block.1.block.4.weight: 128
  down2.block.1.block.4.bias: 128
  down3.block.1.block.0.weight: 294,912
  down3.block.1.block.1.weight: 256
  down3.block.1.block.1.bias: 256
  down3.block.1.block.3.weight: 589,824
  down3.block.1.block.4.weight: 256
  down3.block.1.block.4.bias: 256
  down4.block.1.block.0.weight: 1,179,648
  down4.block.1.block.1.weight: 512
  down4.block.1.block.1.bias: 512
  down4.block.1.block.3.weight: 2,359,296
  down4.block.1.block.4.weight: 512
  down4.block.1.block.4.bias: 512
  up1.up.weight: 524,288
  up1.up.bias: 256
  up1.conv.block.0.weight: 1,179,648
  up1.conv.block.1.weight: 256
  up1.conv.block.1.bias: 256
  up1.conv.block.3.weight: 589,824
  up1.conv.block.4.weight: 256
  up1.conv.block.4.bias: 256
  up2.up.weight: 131,072
  up2.up.bias: 128
  up2.conv.block.0.weight: 294,912
  up2.conv.block.1.weight: 128
  up2.conv.block.1.bias: 128
  up2.conv.block.3.weight: 147,456
  up2.conv.block.4.weight: 128
  up2.conv.block.4.bias: 128
  up3.up.weight: 32,768
  up3.up.bias: 64
  up3.conv.block.0.weight: 73,728
  up3.conv.block.1.weight: 64
  up3.conv.block.1.bias: 64
  up3.conv.block.3.weight: 36,864
  up3.conv.block.4.weight: 64
  up3.conv.block.4.bias: 64
  up4.up.weight: 8,192
  up4.up.bias: 32
  up4.conv.block.0.weight: 18,432
  up4.conv.block.1.weight: 32
  up4.conv.block.1.bias: 32
  up4.conv.block.3.weight: 9,216
  up4.conv.block.4.weight: 32
  up4.conv.block.4.bias: 32
  mask_head.weight: 32
  mask_head.bias: 1
  distance_head.0.weight: 9,216
  distance_head.1.weight: 32
  distance_head.1.bias: 32
  distance_head.3.weight: 32
  distance_head.3.bias: 1
Total trainable parameters: 7,773,794
2026-07-08 16:57:16,478:INFO:------------ New Training Session ------------
2026-07-08 16:58:08,267:INFO:DualHeadUNet(
  (inc): DoubleConv(
    (block): Sequential(
      (0): Conv2d(8, 32, kernel_size=(3, 3), stride=(1, 1), padding=(1, 1), bias=False)
      (1): BatchNorm2d(32, eps=1e-05, momentum=0.1, affine=True, track_running_stats=True)
      (2): ReLU(inplace=True)
      (3): Conv2d(32, 32, kernel_size=(3, 3), stride=(1, 1), padding=(1, 1), bias=False)
      (4): BatchNorm2d(32, eps=1e-05, momentum=0.1, affine=True, track_running_stats=True)
      (5): ReLU(inplace=True)
    )
  )
  (down1): Down(
    (block): Sequential(
      (0): MaxPool2d(kernel_size=2, stride=2, padding=0, dilation=1, ceil_mode=False)
      (1): DoubleConv(
        (block): Sequential(
          (0): Conv2d(32, 64, kernel_size=(3, 3), stride=(1, 1), padding=(1, 1), bias=False)
          (1): BatchNorm2d(64, eps=1e-05, momentum=0.1, affine=True, track_running_stats=True)
          (2): ReLU(inplace=True)
          (3): Conv2d(64, 64, kernel_size=(3, 3), stride=(1, 1), padding=(1, 1), bias=False)
          (4): BatchNorm2d(64, eps=1e-05, momentum=0.1, affine=True, track_running_stats=True)
          (5): ReLU(inplace=True)
        )
      )
    )
  )
  (down2): Down(
    (block): Sequential(
      (0): MaxPool2d(kernel_size=2, stride=2, padding=0, dilation=1, ceil_mode=False)
      (1): DoubleConv(
        (block): Sequential(
          (0): Conv2d(64, 128, kernel_size=(3, 3), stride=(1, 1), padding=(1, 1), bias=False)
          (1): BatchNorm2d(128, eps=1e-05, momentum=0.1, affine=True, track_running_stats=True)
          (2): ReLU(inplace=True)
          (3): Conv2d(128, 128, kernel_size=(3, 3), stride=(1, 1), padding=(1, 1), bias=False)
          (4): BatchNorm2d(128, eps=1e-05, momentum=0.1, affine=True, track_running_stats=True)
          (5): ReLU(inplace=True)
        )
      )
    )
  )
  (down3): Down(
    (block): Sequential(
      (0): MaxPool2d(kernel_size=2, stride=2, padding=0, dilation=1, ceil_mode=False)
      (1): DoubleConv(
        (block): Sequential(
          (0): Conv2d(128, 256, kernel_size=(3, 3), stride=(1, 1), padding=(1, 1), bias=False)
          (1): BatchNorm2d(256, eps=1e-05, momentum=0.1, affine=True, track_running_stats=True)
          (2): ReLU(inplace=True)
          (3): Conv2d(256, 256, kernel_size=(3, 3), stride=(1, 1), padding=(1, 1), bias=False)
          (4): BatchNorm2d(256, eps=1e-05, momentum=0.1, affine=True, track_running_stats=True)
          (5): ReLU(inplace=True)
        )
      )
    )
  )
  (down4): Down(
    (block): Sequential(
      (0): MaxPool2d(kernel_size=2, stride=2, padding=0, dilation=1, ceil_mode=False)
      (1): DoubleConv(
        (block): Sequential(
          (0): Conv2d(256, 512, kernel_size=(3, 3), stride=(1, 1), padding=(1, 1), bias=False)
          (1): BatchNorm2d(512, eps=1e-05, momentum=0.1, affine=True, track_running_stats=True)
          (2): ReLU(inplace=True)
          (3): Conv2d(512, 512, kernel_size=(3, 3), stride=(1, 1), padding=(1, 1), bias=False)
          (4): BatchNorm2d(512, eps=1e-05, momentum=0.1, affine=True, track_running_stats=True)
          (5): ReLU(inplace=True)
        )
      )
    )
  )
  (up1): Up(
    (up): ConvTranspose2d(512, 256, kernel_size=(2, 2), stride=(2, 2))
    (conv): DoubleConv(
      (block): Sequential(
        (0): Conv2d(512, 256, kernel_size=(3, 3), stride=(1, 1), padding=(1, 1), bias=False)
        (1): BatchNorm2d(256, eps=1e-05, momentum=0.1, affine=True, track_running_stats=True)
        (2): ReLU(inplace=True)
        (3): Conv2d(256, 256, kernel_size=(3, 3), stride=(1, 1), padding=(1, 1), bias=False)
        (4): BatchNorm2d(256, eps=1e-05, momentum=0.1, affine=True, track_running_stats=True)
        (5): ReLU(inplace=True)
      )
    )
  )
  (up2): Up(
    (up): ConvTranspose2d(256, 128, kernel_size=(2, 2), stride=(2, 2))
    (conv): DoubleConv(
      (block): Sequential(
        (0): Conv2d(256, 128, kernel_size=(3, 3), stride=(1, 1), padding=(1, 1), bias=False)
        (1): BatchNorm2d(128, eps=1e-05, momentum=0.1, affine=True, track_running_stats=True)
        (2): ReLU(inplace=True)
        (3): Conv2d(128, 128, kernel_size=(3, 3), stride=(1, 1), padding=(1, 1), bias=False)
        (4): BatchNorm2d(128, eps=1e-05, momentum=0.1, affine=True, track_running_stats=True)
        (5): ReLU(inplace=True)
      )
    )
  )
  (up3): Up(
    (up): ConvTranspose2d(128, 64, kernel_size=(2, 2), stride=(2, 2))
    (conv): DoubleConv(
      (block): Sequential(
        (0): Conv2d(128, 64, kernel_size=(3, 3), stride=(1, 1), padding=(1, 1), bias=False)
        (1): BatchNorm2d(64, eps=1e-05, momentum=0.1, affine=True, track_running_stats=True)
        (2): ReLU(inplace=True)
        (3): Conv2d(64, 64, kernel_size=(3, 3), stride=(1, 1), padding=(1, 1), bias=False)
        (4): BatchNorm2d(64, eps=1e-05, momentum=0.1, affine=True, track_running_stats=True)
        (5): ReLU(inplace=True)
      )
    )
  )
  (up4): Up(
    (up): ConvTranspose2d(64, 32, kernel_size=(2, 2), stride=(2, 2))
    (conv): DoubleConv(
      (block): Sequential(
        (0): Conv2d(64, 32, kernel_size=(3, 3), stride=(1, 1), padding=(1, 1), bias=False)
        (1): BatchNorm2d(32, eps=1e-05, momentum=0.1, affine=True, track_running_stats=True)
        (2): ReLU(inplace=True)
        (3): Conv2d(32, 32, kernel_size=(3, 3), stride=(1, 1), padding=(1, 1), bias=False)
        (4): BatchNorm2d(32, eps=1e-05, momentum=0.1, affine=True, track_running_stats=True)
        (5): ReLU(inplace=True)
      )
    )
  )
  (mask_head): Conv2d(32, 1, kernel_size=(1, 1), stride=(1, 1))
  (distance_head): Sequential(
    (0): Conv2d(32, 32, kernel_size=(3, 3), stride=(1, 1), padding=(1, 1), bias=False)
    (1): BatchNorm2d(32, eps=1e-05, momentum=0.1, affine=True, track_running_stats=True)
    (2): ReLU(inplace=True)
    (3): Conv2d(32, 1, kernel_size=(1, 1), stride=(1, 1))
  )
)
Trainable parameters by tensor:
  inc.block.0.weight: 2,304
  inc.block.1.weight: 32
  inc.block.1.bias: 32
  inc.block.3.weight: 9,216
  inc.block.4.weight: 32
  inc.block.4.bias: 32
  down1.block.1.block.0.weight: 18,432
  down1.block.1.block.1.weight: 64
  down1.block.1.block.1.bias: 64
  down1.block.1.block.3.weight: 36,864
  down1.block.1.block.4.weight: 64
  down1.block.1.block.4.bias: 64
  down2.block.1.block.0.weight: 73,728
  down2.block.1.block.1.weight: 128
  down2.block.1.block.1.bias: 128
  down2.block.1.block.3.weight: 147,456
  down2.block.1.block.4.weight: 128
  down2.block.1.block.4.bias: 128
  down3.block.1.block.0.weight: 294,912
  down3.block.1.block.1.weight: 256
  down3.block.1.block.1.bias: 256
  down3.block.1.block.3.weight: 589,824
  down3.block.1.block.4.weight: 256
  down3.block.1.block.4.bias: 256
  down4.block.1.block.0.weight: 1,179,648
  down4.block.1.block.1.weight: 512
  down4.block.1.block.1.bias: 512
  down4.block.1.block.3.weight: 2,359,296
  down4.block.1.block.4.weight: 512
  down4.block.1.block.4.bias: 512
  up1.up.weight: 524,288
  up1.up.bias: 256
  up1.conv.block.0.weight: 1,179,648
  up1.conv.block.1.weight: 256
  up1.conv.block.1.bias: 256
  up1.conv.block.3.weight: 589,824
  up1.conv.block.4.weight: 256
  up1.conv.block.4.bias: 256
  up2.up.weight: 131,072
  up2.up.bias: 128
  up2.conv.block.0.weight: 294,912
  up2.conv.block.1.weight: 128
  up2.conv.block.1.bias: 128
  up2.conv.block.3.weight: 147,456
  up2.conv.block.4.weight: 128
  up2.conv.block.4.bias: 128
  up3.up.weight: 32,768
  up3.up.bias: 64
  up3.conv.block.0.weight: 73,728
  up3.conv.block.1.weight: 64
  up3.conv.block.1.bias: 64
  up3.conv.block.3.weight: 36,864
  up3.conv.block.4.weight: 64
  up3.conv.block.4.bias: 64
  up4.up.weight: 8,192
  up4.up.bias: 32
  up4.conv.block.0.weight: 18,432
  up4.conv.block.1.weight: 32
  up4.conv.block.1.bias: 32
  up4.conv.block.3.weight: 9,216
  up4.conv.block.4.weight: 32
  up4.conv.block.4.bias: 32
  mask_head.weight: 32
  mask_head.bias: 1
  distance_head.0.weight: 9,216
  distance_head.1.weight: 32
  distance_head.1.bias: 32
  distance_head.3.weight: 32
  distance_head.3.bias: 1
Total trainable parameters: 7,773,794
2026-07-08 16:58:08,271:INFO:------------ New Training Session ------------
2026-07-08 17:38:36,003:INFO:DualHeadUNet(
  (inc): DoubleConv(
    (block): Sequential(
      (0): Conv2d(8, 32, kernel_size=(3, 3), stride=(1, 1), padding=(1, 1), bias=False)
      (1): BatchNorm2d(32, eps=1e-05, momentum=0.1, affine=True, track_running_stats=True)
      (2): ReLU(inplace=True)
      (3): Conv2d(32, 32, kernel_size=(3, 3), stride=(1, 1), padding=(1, 1), bias=False)
      (4): BatchNorm2d(32, eps=1e-05, momentum=0.1, affine=True, track_running_stats=True)
      (5): ReLU(inplace=True)
    )
  )
  (down1): Down(
    (block): Sequential(
      (0): MaxPool2d(kernel_size=2, stride=2, padding=0, dilation=1, ceil_mode=False)
      (1): DoubleConv(
        (block): Sequential(
          (0): Conv2d(32, 64, kernel_size=(3, 3), stride=(1, 1), padding=(1, 1), bias=False)
          (1): BatchNorm2d(64, eps=1e-05, momentum=0.1, affine=True, track_running_stats=True)
          (2): ReLU(inplace=True)
          (3): Conv2d(64, 64, kernel_size=(3, 3), stride=(1, 1), padding=(1, 1), bias=False)
          (4): BatchNorm2d(64, eps=1e-05, momentum=0.1, affine=True, track_running_stats=True)
          (5): ReLU(inplace=True)
        )
      )
    )
  )
  (down2): Down(
    (block): Sequential(
      (0): MaxPool2d(kernel_size=2, stride=2, padding=0, dilation=1, ceil_mode=False)
      (1): DoubleConv(
        (block): Sequential(
          (0): Conv2d(64, 128, kernel_size=(3, 3), stride=(1, 1), padding=(1, 1), bias=False)
          (1): BatchNorm2d(128, eps=1e-05, momentum=0.1, affine=True, track_running_stats=True)
          (2): ReLU(inplace=True)
          (3): Conv2d(128, 128, kernel_size=(3, 3), stride=(1, 1), padding=(1, 1), bias=False)
          (4): BatchNorm2d(128, eps=1e-05, momentum=0.1, affine=True, track_running_stats=True)
          (5): ReLU(inplace=True)
        )
      )
    )
  )
  (down3): Down(
    (block): Sequential(
      (0): MaxPool2d(kernel_size=2, stride=2, padding=0, dilation=1, ceil_mode=False)
      (1): DoubleConv(
        (block): Sequential(
          (0): Conv2d(128, 256, kernel_size=(3, 3), stride=(1, 1), padding=(1, 1), bias=False)
          (1): BatchNorm2d(256, eps=1e-05, momentum=0.1, affine=True, track_running_stats=True)
          (2): ReLU(inplace=True)
          (3): Conv2d(256, 256, kernel_size=(3, 3), stride=(1, 1), padding=(1, 1), bias=False)
          (4): BatchNorm2d(256, eps=1e-05, momentum=0.1, affine=True, track_running_stats=True)
          (5): ReLU(inplace=True)
        )
      )
    )
  )
  (down4): Down(
    (block): Sequential(
      (0): MaxPool2d(kernel_size=2, stride=2, padding=0, dilation=1, ceil_mode=False)
      (1): DoubleConv(
        (block): Sequential(
          (0): Conv2d(256, 512, kernel_size=(3, 3), stride=(1, 1), padding=(1, 1), bias=False)
          (1): BatchNorm2d(512, eps=1e-05, momentum=0.1, affine=True, track_running_stats=True)
          (2): ReLU(inplace=True)
          (3): Conv2d(512, 512, kernel_size=(3, 3), stride=(1, 1), padding=(1, 1), bias=False)
          (4): BatchNorm2d(512, eps=1e-05, momentum=0.1, affine=True, track_running_stats=True)
          (5): ReLU(inplace=True)
        )
      )
    )
  )
  (up1): Up(
    (up): ConvTranspose2d(512, 256, kernel_size=(2, 2), stride=(2, 2))
    (conv): DoubleConv(
      (block): Sequential(
        (0): Conv2d(512, 256, kernel_size=(3, 3), stride=(1, 1), padding=(1, 1), bias=False)
        (1): BatchNorm2d(256, eps=1e-05, momentum=0.1, affine=True, track_running_stats=True)
        (2): ReLU(inplace=True)
        (3): Conv2d(256, 256, kernel_size=(3, 3), stride=(1, 1), padding=(1, 1), bias=False)
        (4): BatchNorm2d(256, eps=1e-05, momentum=0.1, affine=True, track_running_stats=True)
        (5): ReLU(inplace=True)
      )
    )
  )
  (up2): Up(
    (up): ConvTranspose2d(256, 128, kernel_size=(2, 2), stride=(2, 2))
    (conv): DoubleConv(
      (block): Sequential(
        (0): Conv2d(256, 128, kernel_size=(3, 3), stride=(1, 1), padding=(1, 1), bias=False)
        (1): BatchNorm2d(128, eps=1e-05, momentum=0.1, affine=True, track_running_stats=True)
        (2): ReLU(inplace=True)
        (3): Conv2d(128, 128, kernel_size=(3, 3), stride=(1, 1), padding=(1, 1), bias=False)
        (4): BatchNorm2d(128, eps=1e-05, momentum=0.1, affine=True, track_running_stats=True)
        (5): ReLU(inplace=True)
      )
    )
  )
  (up3): Up(
    (up): ConvTranspose2d(128, 64, kernel_size=(2, 2), stride=(2, 2))
    (conv): DoubleConv(
      (block): Sequential(
        (0): Conv2d(128, 64, kernel_size=(3, 3), stride=(1, 1), padding=(1, 1), bias=False)
        (1): BatchNorm2d(64, eps=1e-05, momentum=0.1, affine=True, track_running_stats=True)
        (2): ReLU(inplace=True)
        (3): Conv2d(64, 64, kernel_size=(3, 3), stride=(1, 1), padding=(1, 1), bias=False)
        (4): BatchNorm2d(64, eps=1e-05, momentum=0.1, affine=True, track_running_stats=True)
        (5): ReLU(inplace=True)
      )
    )
  )
  (up4): Up(
    (up): ConvTranspose2d(64, 32, kernel_size=(2, 2), stride=(2, 2))
    (conv): DoubleConv(
      (block): Sequential(
        (0): Conv2d(64, 32, kernel_size=(3, 3), stride=(1, 1), padding=(1, 1), bias=False)
        (1): BatchNorm2d(32, eps=1e-05, momentum=0.1, affine=True, track_running_stats=True)
        (2): ReLU(inplace=True)
        (3): Conv2d(32, 32, kernel_size=(3, 3), stride=(1, 1), padding=(1, 1), bias=False)
        (4): BatchNorm2d(32, eps=1e-05, momentum=0.1, affine=True, track_running_stats=True)
        (5): ReLU(inplace=True)
      )
    )
  )
  (mask_head): Conv2d(32, 1, kernel_size=(1, 1), stride=(1, 1))
  (distance_head): Sequential(
    (0): Conv2d(32, 32, kernel_size=(3, 3), stride=(1, 1), padding=(1, 1), bias=False)
    (1): BatchNorm2d(32, eps=1e-05, momentum=0.1, affine=True, track_running_stats=True)
    (2): ReLU(inplace=True)
    (3): Conv2d(32, 1, kernel_size=(1, 1), stride=(1, 1))
  )
)
Trainable parameters by tensor:
  inc.block.0.weight: 2,304
  inc.block.1.weight: 32
  inc.block.1.bias: 32
  inc.block.3.weight: 9,216
  inc.block.4.weight: 32
  inc.block.4.bias: 32
  down1.block.1.block.0.weight: 18,432
  down1.block.1.block.1.weight: 64
  down1.block.1.block.1.bias: 64
  down1.block.1.block.3.weight: 36,864
  down1.block.1.block.4.weight: 64
  down1.block.1.block.4.bias: 64
  down2.block.1.block.0.weight: 73,728
  down2.block.1.block.1.weight: 128
  down2.block.1.block.1.bias: 128
  down2.block.1.block.3.weight: 147,456
  down2.block.1.block.4.weight: 128
  down2.block.1.block.4.bias: 128
  down3.block.1.block.0.weight: 294,912
  down3.block.1.block.1.weight: 256
  down3.block.1.block.1.bias: 256
  down3.block.1.block.3.weight: 589,824
  down3.block.1.block.4.weight: 256
  down3.block.1.block.4.bias: 256
  down4.block.1.block.0.weight: 1,179,648
  down4.block.1.block.1.weight: 512
  down4.block.1.block.1.bias: 512
  down4.block.1.block.3.weight: 2,359,296
  down4.block.1.block.4.weight: 512
  down4.block.1.block.4.bias: 512
  up1.up.weight: 524,288
  up1.up.bias: 256
  up1.conv.block.0.weight: 1,179,648
  up1.conv.block.1.weight: 256
  up1.conv.block.1.bias: 256
  up1.conv.block.3.weight: 589,824
  up1.conv.block.4.weight: 256
  up1.conv.block.4.bias: 256
  up2.up.weight: 131,072
  up2.up.bias: 128
  up2.conv.block.0.weight: 294,912
  up2.conv.block.1.weight: 128
  up2.conv.block.1.bias: 128
  up2.conv.block.3.weight: 147,456
  up2.conv.block.4.weight: 128
  up2.conv.block.4.bias: 128
  up3.up.weight: 32,768
  up3.up.bias: 64
  up3.conv.block.0.weight: 73,728
  up3.conv.block.1.weight: 64
  up3.conv.block.1.bias: 64
  up3.conv.block.3.weight: 36,864
  up3.conv.block.4.weight: 64
  up3.conv.block.4.bias: 64
  up4.up.weight: 8,192
  up4.up.bias: 32
  up4.conv.block.0.weight: 18,432
  up4.conv.block.1.weight: 32
  up4.conv.block.1.bias: 32
  up4.conv.block.3.weight: 9,216
  up4.conv.block.4.weight: 32
  up4.conv.block.4.bias: 32
  mask_head.weight: 32
  mask_head.bias: 1
  distance_head.0.weight: 9,216
  distance_head.1.weight: 32
  distance_head.1.bias: 32
  distance_head.3.weight: 32
  distance_head.3.bias: 1
Total trainable parameters: 7,773,794
2026-07-08 17:38:36,007:INFO:------------ New Training Session ------------
2026-07-08 17:39:14,296:INFO:epoch: 1 | loss: 0.7911 | bce: 0.3880 | raw_bce: 0.4005 | dice_loss: 0.3953 | distance_loss: 0.0782 | tv_loss: 2072.2784 | boundary_weight_mean: 2.3030
2026-07-08 17:39:51,527:INFO:epoch: 2 | loss: 0.6835 | bce: 0.3365 | raw_bce: 0.3314 | dice_loss: 0.3404 | distance_loss: 0.0657 | tv_loss: 1875.2477 | boundary_weight_mean: 2.3012
2026-07-08 17:40:28,750:INFO:epoch: 3 | loss: 0.6357 | bce: 0.3144 | raw_bce: 0.3038 | dice_loss: 0.3152 | distance_loss: 0.0614 | tv_loss: 1932.1803 | boundary_weight_mean: 2.3151
2026-07-08 17:41:06,002:INFO:epoch: 4 | loss: 0.6104 | bce: 0.3063 | raw_bce: 0.2926 | dice_loss: 0.2982 | distance_loss: 0.0592 | tv_loss: 1952.8637 | boundary_weight_mean: 2.3105
2026-07-08 17:41:46,156:INFO:epoch: 5 | loss: 0.5938 | bce: 0.2993 | raw_bce: 0.2843 | dice_loss: 0.2889 | distance_loss: 0.0567 | tv_loss: 1952.8316 | boundary_weight_mean: 2.3151 | eval_loss: 0.6836 | eval_bce: 0.3553 | eval_raw_bce: 0.2719 | eval_dice_loss: 0.3224 | eval_distance_loss: 0.0598 | eval_tv_loss: 1698.6649 | eval_boundary_weight_mean: 1.7777 | eval_pixel_iou: 0.7719 | eval_miou: 0.7398 | eval_boundary_iou: 0.3030
2026-07-08 17:42:23,588:INFO:epoch: 6 | loss: 0.5839 | bce: 0.2978 | raw_bce: 0.2800 | dice_loss: 0.2806 | distance_loss: 0.0553 | tv_loss: 1975.3217 | boundary_weight_mean: 2.2994
2026-07-08 17:43:00,659:INFO:epoch: 7 | loss: 0.5766 | bce: 0.2953 | raw_bce: 0.2779 | dice_loss: 0.2758 | distance_loss: 0.0544 | tv_loss: 1991.0464 | boundary_weight_mean: 2.2982
2026-07-08 17:43:37,792:INFO:epoch: 8 | loss: 0.5648 | bce: 0.2872 | raw_bce: 0.2713 | dice_loss: 0.2723 | distance_loss: 0.0523 | tv_loss: 1989.6607 | boundary_weight_mean: 2.3168
2026-07-08 17:44:14,775:INFO:epoch: 9 | loss: 0.5607 | bce: 0.2871 | raw_bce: 0.2696 | dice_loss: 0.2685 | distance_loss: 0.0508 | tv_loss: 1994.0493 | boundary_weight_mean: 2.3121
2026-07-08 17:44:54,763:INFO:epoch: 10 | loss: 0.5550 | bce: 0.2842 | raw_bce: 0.2680 | dice_loss: 0.2658 | distance_loss: 0.0499 | tv_loss: 1997.1029 | boundary_weight_mean: 2.3168 | eval_loss: 0.6594 | eval_bce: 0.3463 | eval_raw_bce: 0.2653 | eval_dice_loss: 0.3078 | eval_distance_loss: 0.0529 | eval_tv_loss: 1712.2177 | eval_boundary_weight_mean: 1.7777 | eval_pixel_iou: 0.7788 | eval_miou: 0.7506 | eval_boundary_iou: 0.3431
2026-07-08 17:45:31,865:INFO:epoch: 11 | loss: 0.5537 | bce: 0.2835 | raw_bce: 0.2658 | dice_loss: 0.2653 | distance_loss: 0.0496 | tv_loss: 2000.0648 | boundary_weight_mean: 2.3032
2026-07-08 17:46:08,880:INFO:epoch: 12 | loss: 0.5495 | bce: 0.2830 | raw_bce: 0.2631 | dice_loss: 0.2616 | distance_loss: 0.0484 | tv_loss: 1996.4773 | boundary_weight_mean: 2.2969
2026-07-08 17:46:46,105:INFO:epoch: 13 | loss: 0.5500 | bce: 0.2831 | raw_bce: 0.2646 | dice_loss: 0.2621 | distance_loss: 0.0486 | tv_loss: 2021.0272 | boundary_weight_mean: 2.2996
2026-07-08 17:47:23,200:INFO:epoch: 14 | loss: 0.5476 | bce: 0.2828 | raw_bce: 0.2651 | dice_loss: 0.2599 | distance_loss: 0.0491 | tv_loss: 2028.6916 | boundary_weight_mean: 2.3000
2026-07-08 17:48:03,326:INFO:epoch: 15 | loss: 0.5425 | bce: 0.2803 | raw_bce: 0.2623 | dice_loss: 0.2575 | distance_loss: 0.0474 | tv_loss: 2023.1105 | boundary_weight_mean: 2.3053 | eval_loss: 0.6616 | eval_bce: 0.3506 | eval_raw_bce: 0.2646 | eval_dice_loss: 0.3058 | eval_distance_loss: 0.0514 | eval_tv_loss: 1844.0353 | eval_boundary_weight_mean: 1.7777 | eval_pixel_iou: 0.7744 | eval_miou: 0.7399 | eval_boundary_iou: 0.3469
2026-07-08 17:48:40,952:INFO:epoch: 16 | loss: 0.5364 | bce: 0.2758 | raw_bce: 0.2581 | dice_loss: 0.2559 | distance_loss: 0.0465 | tv_loss: 2011.2207 | boundary_weight_mean: 2.3100
2026-07-08 17:49:18,317:INFO:epoch: 17 | loss: 0.5358 | bce: 0.2762 | raw_bce: 0.2590 | dice_loss: 0.2550 | distance_loss: 0.0462 | tv_loss: 2034.9425 | boundary_weight_mean: 2.3139
2026-07-08 17:49:55,389:INFO:epoch: 18 | loss: 0.5316 | bce: 0.2727 | raw_bce: 0.2553 | dice_loss: 0.2543 | distance_loss: 0.0453 | tv_loss: 2018.6287 | boundary_weight_mean: 2.3195
2026-07-08 17:50:32,644:INFO:epoch: 19 | loss: 0.5310 | bce: 0.2736 | raw_bce: 0.2554 | dice_loss: 0.2529 | distance_loss: 0.0456 | tv_loss: 2017.2832 | boundary_weight_mean: 2.3105
2026-07-08 17:51:12,251:INFO:epoch: 20 | loss: 0.5302 | bce: 0.2729 | raw_bce: 0.2551 | dice_loss: 0.2529 | distance_loss: 0.0448 | tv_loss: 2020.8905 | boundary_weight_mean: 2.3136 | eval_loss: 0.6351 | eval_bce: 0.3425 | eval_raw_bce: 0.2667 | eval_dice_loss: 0.2877 | eval_distance_loss: 0.0491 | eval_tv_loss: 1849.6470 | eval_boundary_weight_mean: 1.7777 | eval_pixel_iou: 0.7870 | eval_miou: 0.7332 | eval_boundary_iou: 0.3439
2026-07-08 17:51:49,283:INFO:epoch: 21 | loss: 0.5267 | bce: 0.2718 | raw_bce: 0.2530 | dice_loss: 0.2505 | distance_loss: 0.0443 | tv_loss: 2019.0483 | boundary_weight_mean: 2.3142
2026-07-08 17:52:26,842:INFO:epoch: 22 | loss: 0.5263 | bce: 0.2698 | raw_bce: 0.2517 | dice_loss: 0.2520 | distance_loss: 0.0443 | tv_loss: 2029.3128 | boundary_weight_mean: 2.3169
2026-07-08 17:53:04,027:INFO:epoch: 23 | loss: 0.5274 | bce: 0.2731 | raw_bce: 0.2529 | dice_loss: 0.2498 | distance_loss: 0.0446 | tv_loss: 2040.4120 | boundary_weight_mean: 2.2979
2026-07-08 17:53:41,419:INFO:epoch: 24 | loss: 0.5225 | bce: 0.2702 | raw_bce: 0.2509 | dice_loss: 0.2479 | distance_loss: 0.0438 | tv_loss: 2034.8130 | boundary_weight_mean: 2.3064
2026-07-08 17:54:21,999:INFO:epoch: 25 | loss: 0.5180 | bce: 0.2682 | raw_bce: 0.2490 | dice_loss: 0.2455 | distance_loss: 0.0429 | tv_loss: 2026.3989 | boundary_weight_mean: 2.3121 | eval_loss: 0.6323 | eval_bce: 0.3390 | eval_raw_bce: 0.2612 | eval_dice_loss: 0.2885 | eval_distance_loss: 0.0478 | eval_tv_loss: 1878.5485 | eval_boundary_weight_mean: 1.7777 | eval_pixel_iou: 0.7881 | eval_miou: 0.7519 | eval_boundary_iou: 0.3646
2026-07-08 17:54:59,317:INFO:epoch: 26 | loss: 0.5193 | bce: 0.2693 | raw_bce: 0.2508 | dice_loss: 0.2457 | distance_loss: 0.0430 | tv_loss: 2036.9622 | boundary_weight_mean: 2.3144
2026-07-08 17:55:36,942:INFO:epoch: 27 | loss: 0.5184 | bce: 0.2681 | raw_bce: 0.2476 | dice_loss: 0.2460 | distance_loss: 0.0429 | tv_loss: 2027.7320 | boundary_weight_mean: 2.3036
2026-07-08 17:56:14,512:INFO:epoch: 28 | loss: 0.5189 | bce: 0.2695 | raw_bce: 0.2491 | dice_loss: 0.2451 | distance_loss: 0.0432 | tv_loss: 2030.6825 | boundary_weight_mean: 2.3058
2026-07-08 17:56:51,949:INFO:epoch: 29 | loss: 0.5146 | bce: 0.2651 | raw_bce: 0.2471 | dice_loss: 0.2453 | distance_loss: 0.0427 | tv_loss: 2037.7012 | boundary_weight_mean: 2.3205
2026-07-08 17:57:31,796:INFO:epoch: 30 | loss: 0.5110 | bce: 0.2646 | raw_bce: 0.2447 | dice_loss: 0.2422 | distance_loss: 0.0423 | tv_loss: 2033.8192 | boundary_weight_mean: 2.3129 | eval_loss: 0.6319 | eval_bce: 0.3394 | eval_raw_bce: 0.2555 | eval_dice_loss: 0.2879 | eval_distance_loss: 0.0461 | eval_tv_loss: 1817.9478 | eval_boundary_weight_mean: 1.7777 | eval_pixel_iou: 0.7888 | eval_miou: 0.7599 | eval_boundary_iou: 0.3776
2026-07-08 17:58:08,991:INFO:epoch: 31 | loss: 0.5129 | bce: 0.2660 | raw_bce: 0.2457 | dice_loss: 0.2427 | distance_loss: 0.0423 | tv_loss: 2031.1447 | boundary_weight_mean: 2.3078
2026-07-08 17:58:46,115:INFO:epoch: 32 | loss: 0.5152 | bce: 0.2665 | raw_bce: 0.2450 | dice_loss: 0.2445 | distance_loss: 0.0423 | tv_loss: 2029.1983 | boundary_weight_mean: 2.2970
2026-07-08 17:59:23,217:INFO:epoch: 33 | loss: 0.5130 | bce: 0.2663 | raw_bce: 0.2444 | dice_loss: 0.2425 | distance_loss: 0.0418 | tv_loss: 2037.6899 | boundary_weight_mean: 2.2998
2026-07-08 18:00:00,508:INFO:epoch: 34 | loss: 0.5106 | bce: 0.2645 | raw_bce: 0.2434 | dice_loss: 0.2419 | distance_loss: 0.0416 | tv_loss: 2037.6889 | boundary_weight_mean: 2.3042
2026-07-08 18:00:40,135:INFO:epoch: 35 | loss: 0.5113 | bce: 0.2647 | raw_bce: 0.2432 | dice_loss: 0.2425 | distance_loss: 0.0418 | tv_loss: 2039.8591 | boundary_weight_mean: 2.3026 | eval_loss: 0.6292 | eval_bce: 0.3366 | eval_raw_bce: 0.2569 | eval_dice_loss: 0.2879 | eval_distance_loss: 0.0468 | eval_tv_loss: 1863.5986 | eval_boundary_weight_mean: 1.7777 | eval_pixel_iou: 0.7893 | eval_miou: 0.7503 | eval_boundary_iou: 0.3652
2026-07-08 18:01:17,124:INFO:epoch: 36 | loss: 0.5089 | bce: 0.2648 | raw_bce: 0.2437 | dice_loss: 0.2399 | distance_loss: 0.0416 | tv_loss: 2040.9630 | boundary_weight_mean: 2.3063
2026-07-08 18:01:54,430:INFO:epoch: 37 | loss: 0.5080 | bce: 0.2628 | raw_bce: 0.2415 | dice_loss: 0.2411 | distance_loss: 0.0413 | tv_loss: 2031.0317 | boundary_weight_mean: 2.3080
2026-07-08 18:02:31,615:INFO:epoch: 38 | loss: 0.5069 | bce: 0.2630 | raw_bce: 0.2431 | dice_loss: 0.2398 | distance_loss: 0.0416 | tv_loss: 2045.0457 | boundary_weight_mean: 2.3121
2026-07-08 18:03:08,705:INFO:epoch: 39 | loss: 0.5082 | bce: 0.2641 | raw_bce: 0.2427 | dice_loss: 0.2401 | distance_loss: 0.0412 | tv_loss: 2039.0369 | boundary_weight_mean: 2.3068
2026-07-08 18:03:48,489:INFO:epoch: 40 | loss: 0.5056 | bce: 0.2610 | raw_bce: 0.2412 | dice_loss: 0.2405 | distance_loss: 0.0408 | tv_loss: 2039.8026 | boundary_weight_mean: 2.3186 | eval_loss: 0.6272 | eval_bce: 0.3332 | eval_raw_bce: 0.2526 | eval_dice_loss: 0.2893 | eval_distance_loss: 0.0461 | eval_tv_loss: 1839.7499 | eval_boundary_weight_mean: 1.7777 | eval_pixel_iou: 0.7903 | eval_miou: 0.7515 | eval_boundary_iou: 0.3685
2026-07-08 18:04:25,735:INFO:epoch: 41 | loss: 0.5064 | bce: 0.2616 | raw_bce: 0.2413 | dice_loss: 0.2407 | distance_loss: 0.0413 | tv_loss: 2038.5794 | boundary_weight_mean: 2.3128
2026-07-08 18:05:02,852:INFO:epoch: 42 | loss: 0.5073 | bce: 0.2625 | raw_bce: 0.2418 | dice_loss: 0.2407 | distance_loss: 0.0411 | tv_loss: 2043.3722 | boundary_weight_mean: 2.3095
2026-07-08 18:05:40,043:INFO:epoch: 43 | loss: 0.5065 | bce: 0.2620 | raw_bce: 0.2411 | dice_loss: 0.2404 | distance_loss: 0.0412 | tv_loss: 2034.1816 | boundary_weight_mean: 2.3110
2026-07-08 18:06:17,213:INFO:epoch: 44 | loss: 0.5065 | bce: 0.2635 | raw_bce: 0.2421 | dice_loss: 0.2389 | distance_loss: 0.0412 | tv_loss: 2032.5892 | boundary_weight_mean: 2.3037
2026-07-08 18:06:56,407:INFO:epoch: 45 | loss: 0.5104 | bce: 0.2644 | raw_bce: 0.2429 | dice_loss: 0.2419 | distance_loss: 0.0416 | tv_loss: 2040.0965 | boundary_weight_mean: 2.3021 | eval_loss: 0.6281 | eval_bce: 0.3379 | eval_raw_bce: 0.2578 | eval_dice_loss: 0.2856 | eval_distance_loss: 0.0466 | eval_tv_loss: 1864.3553 | eval_boundary_weight_mean: 1.7777 | eval_pixel_iou: 0.7904 | eval_miou: 0.7522 | eval_boundary_iou: 0.3685
2026-07-08 18:07:33,420:INFO:epoch: 46 | loss: 0.5076 | bce: 0.2633 | raw_bce: 0.2420 | dice_loss: 0.2402 | distance_loss: 0.0411 | tv_loss: 2034.5118 | boundary_weight_mean: 2.3093
2026-07-08 18:08:10,791:INFO:epoch: 47 | loss: 0.5060 | bce: 0.2625 | raw_bce: 0.2422 | dice_loss: 0.2393 | distance_loss: 0.0413 | tv_loss: 2039.4890 | boundary_weight_mean: 2.3123
2026-07-08 18:08:47,908:INFO:epoch: 48 | loss: 0.5094 | bce: 0.2644 | raw_bce: 0.2434 | dice_loss: 0.2408 | distance_loss: 0.0417 | tv_loss: 2042.9202 | boundary_weight_mean: 2.3076
2026-07-08 18:09:25,032:INFO:epoch: 49 | loss: 0.5095 | bce: 0.2645 | raw_bce: 0.2429 | dice_loss: 0.2408 | distance_loss: 0.0416 | tv_loss: 2036.6986 | boundary_weight_mean: 2.3027
2026-07-08 18:10:04,600:INFO:epoch: 50 | loss: 0.5093 | bce: 0.2637 | raw_bce: 0.2440 | dice_loss: 0.2414 | distance_loss: 0.0419 | tv_loss: 2039.1295 | boundary_weight_mean: 2.3122 | eval_loss: 0.6297 | eval_bce: 0.3365 | eval_raw_bce: 0.2540 | eval_dice_loss: 0.2885 | eval_distance_loss: 0.0461 | eval_tv_loss: 1835.4078 | eval_boundary_weight_mean: 1.7777 | eval_pixel_iou: 0.7903 | eval_miou: 0.7534 | eval_boundary_iou: 0.3685
2026-07-08 21:09:34,698:INFO:DualHeadUNet(
  (inc): DoubleConv(
    (block): Sequential(
      (0): Conv2d(8, 32, kernel_size=(3, 3), stride=(1, 1), padding=(1, 1), bias=False)
      (1): BatchNorm2d(32, eps=1e-05, momentum=0.1, affine=True, track_running_stats=True)
      (2): ReLU(inplace=True)
      (3): Conv2d(32, 32, kernel_size=(3, 3), stride=(1, 1), padding=(1, 1), bias=False)
      (4): BatchNorm2d(32, eps=1e-05, momentum=0.1, affine=True, track_running_stats=True)
      (5): ReLU(inplace=True)
    )
  )
  (down1): Down(
    (block): Sequential(
      (0): MaxPool2d(kernel_size=2, stride=2, padding=0, dilation=1, ceil_mode=False)
      (1): DoubleConv(
        (block): Sequential(
          (0): Conv2d(32, 64, kernel_size=(3, 3), stride=(1, 1), padding=(1, 1), bias=False)
          (1): BatchNorm2d(64, eps=1e-05, momentum=0.1, affine=True, track_running_stats=True)
          (2): ReLU(inplace=True)
          (3): Conv2d(64, 64, kernel_size=(3, 3), stride=(1, 1), padding=(1, 1), bias=False)
          (4): BatchNorm2d(64, eps=1e-05, momentum=0.1, affine=True, track_running_stats=True)
          (5): ReLU(inplace=True)
        )
      )
    )
  )
  (down2): Down(
    (block): Sequential(
      (0): MaxPool2d(kernel_size=2, stride=2, padding=0, dilation=1, ceil_mode=False)
      (1): DoubleConv(
        (block): Sequential(
          (0): Conv2d(64, 128, kernel_size=(3, 3), stride=(1, 1), padding=(1, 1), bias=False)
          (1): BatchNorm2d(128, eps=1e-05, momentum=0.1, affine=True, track_running_stats=True)
          (2): ReLU(inplace=True)
          (3): Conv2d(128, 128, kernel_size=(3, 3), stride=(1, 1), padding=(1, 1), bias=False)
          (4): BatchNorm2d(128, eps=1e-05, momentum=0.1, affine=True, track_running_stats=True)
          (5): ReLU(inplace=True)
        )
      )
    )
  )
  (down3): Down(
    (block): Sequential(
      (0): MaxPool2d(kernel_size=2, stride=2, padding=0, dilation=1, ceil_mode=False)
      (1): DoubleConv(
        (block): Sequential(
          (0): Conv2d(128, 256, kernel_size=(3, 3), stride=(1, 1), padding=(1, 1), bias=False)
          (1): BatchNorm2d(256, eps=1e-05, momentum=0.1, affine=True, track_running_stats=True)
          (2): ReLU(inplace=True)
          (3): Conv2d(256, 256, kernel_size=(3, 3), stride=(1, 1), padding=(1, 1), bias=False)
          (4): BatchNorm2d(256, eps=1e-05, momentum=0.1, affine=True, track_running_stats=True)
          (5): ReLU(inplace=True)
        )
      )
    )
  )
  (down4): Down(
    (block): Sequential(
      (0): MaxPool2d(kernel_size=2, stride=2, padding=0, dilation=1, ceil_mode=False)
      (1): DoubleConv(
        (block): Sequential(
          (0): Conv2d(256, 512, kernel_size=(3, 3), stride=(1, 1), padding=(1, 1), bias=False)
          (1): BatchNorm2d(512, eps=1e-05, momentum=0.1, affine=True, track_running_stats=True)
          (2): ReLU(inplace=True)
          (3): Conv2d(512, 512, kernel_size=(3, 3), stride=(1, 1), padding=(1, 1), bias=False)
          (4): BatchNorm2d(512, eps=1e-05, momentum=0.1, affine=True, track_running_stats=True)
          (5): ReLU(inplace=True)
        )
      )
    )
  )
  (up1): Up(
    (up): ConvTranspose2d(512, 256, kernel_size=(2, 2), stride=(2, 2))
    (conv): DoubleConv(
      (block): Sequential(
        (0): Conv2d(512, 256, kernel_size=(3, 3), stride=(1, 1), padding=(1, 1), bias=False)
        (1): BatchNorm2d(256, eps=1e-05, momentum=0.1, affine=True, track_running_stats=True)
        (2): ReLU(inplace=True)
        (3): Conv2d(256, 256, kernel_size=(3, 3), stride=(1, 1), padding=(1, 1), bias=False)
        (4): BatchNorm2d(256, eps=1e-05, momentum=0.1, affine=True, track_running_stats=True)
        (5): ReLU(inplace=True)
      )
    )
  )
  (up2): Up(
    (up): ConvTranspose2d(256, 128, kernel_size=(2, 2), stride=(2, 2))
    (conv): DoubleConv(
      (block): Sequential(
        (0): Conv2d(256, 128, kernel_size=(3, 3), stride=(1, 1), padding=(1, 1), bias=False)
        (1): BatchNorm2d(128, eps=1e-05, momentum=0.1, affine=True, track_running_stats=True)
        (2): ReLU(inplace=True)
        (3): Conv2d(128, 128, kernel_size=(3, 3), stride=(1, 1), padding=(1, 1), bias=False)
        (4): BatchNorm2d(128, eps=1e-05, momentum=0.1, affine=True, track_running_stats=True)
        (5): ReLU(inplace=True)
      )
    )
  )
  (up3): Up(
    (up): ConvTranspose2d(128, 64, kernel_size=(2, 2), stride=(2, 2))
    (conv): DoubleConv(
      (block): Sequential(
        (0): Conv2d(128, 64, kernel_size=(3, 3), stride=(1, 1), padding=(1, 1), bias=False)
        (1): BatchNorm2d(64, eps=1e-05, momentum=0.1, affine=True, track_running_stats=True)
        (2): ReLU(inplace=True)
        (3): Conv2d(64, 64, kernel_size=(3, 3), stride=(1, 1), padding=(1, 1), bias=False)
        (4): BatchNorm2d(64, eps=1e-05, momentum=0.1, affine=True, track_running_stats=True)
        (5): ReLU(inplace=True)
      )
    )
  )
  (up4): Up(
    (up): ConvTranspose2d(64, 32, kernel_size=(2, 2), stride=(2, 2))
    (conv): DoubleConv(
      (block): Sequential(
        (0): Conv2d(64, 32, kernel_size=(3, 3), stride=(1, 1), padding=(1, 1), bias=False)
        (1): BatchNorm2d(32, eps=1e-05, momentum=0.1, affine=True, track_running_stats=True)
        (2): ReLU(inplace=True)
        (3): Conv2d(32, 32, kernel_size=(3, 3), stride=(1, 1), padding=(1, 1), bias=False)
        (4): BatchNorm2d(32, eps=1e-05, momentum=0.1, affine=True, track_running_stats=True)
        (5): ReLU(inplace=True)
      )
    )
  )
  (mask_head): Conv2d(32, 1, kernel_size=(1, 1), stride=(1, 1))
  (distance_head): Sequential(
    (0): Conv2d(32, 32, kernel_size=(3, 3), stride=(1, 1), padding=(1, 1), bias=False)
    (1): BatchNorm2d(32, eps=1e-05, momentum=0.1, affine=True, track_running_stats=True)
    (2): ReLU(inplace=True)
    (3): Conv2d(32, 1, kernel_size=(1, 1), stride=(1, 1))
  )
)
Trainable parameters by tensor:
  inc.block.0.weight: 2,304
  inc.block.1.weight: 32
  inc.block.1.bias: 32
  inc.block.3.weight: 9,216
  inc.block.4.weight: 32
  inc.block.4.bias: 32
  down1.block.1.block.0.weight: 18,432
  down1.block.1.block.1.weight: 64
  down1.block.1.block.1.bias: 64
  down1.block.1.block.3.weight: 36,864
  down1.block.1.block.4.weight: 64
  down1.block.1.block.4.bias: 64
  down2.block.1.block.0.weight: 73,728
  down2.block.1.block.1.weight: 128
  down2.block.1.block.1.bias: 128
  down2.block.1.block.3.weight: 147,456
  down2.block.1.block.4.weight: 128
  down2.block.1.block.4.bias: 128
  down3.block.1.block.0.weight: 294,912
  down3.block.1.block.1.weight: 256
  down3.block.1.block.1.bias: 256
  down3.block.1.block.3.weight: 589,824
  down3.block.1.block.4.weight: 256
  down3.block.1.block.4.bias: 256
  down4.block.1.block.0.weight: 1,179,648
  down4.block.1.block.1.weight: 512
  down4.block.1.block.1.bias: 512
  down4.block.1.block.3.weight: 2,359,296
  down4.block.1.block.4.weight: 512
  down4.block.1.block.4.bias: 512
  up1.up.weight: 524,288
  up1.up.bias: 256
  up1.conv.block.0.weight: 1,179,648
  up1.conv.block.1.weight: 256
  up1.conv.block.1.bias: 256
  up1.conv.block.3.weight: 589,824
  up1.conv.block.4.weight: 256
  up1.conv.block.4.bias: 256
  up2.up.weight: 131,072
  up2.up.bias: 128
  up2.conv.block.0.weight: 294,912
  up2.conv.block.1.weight: 128
  up2.conv.block.1.bias: 128
  up2.conv.block.3.weight: 147,456
  up2.conv.block.4.weight: 128
  up2.conv.block.4.bias: 128
  up3.up.weight: 32,768
  up3.up.bias: 64
  up3.conv.block.0.weight: 73,728
  up3.conv.block.1.weight: 64
  up3.conv.block.1.bias: 64
  up3.conv.block.3.weight: 36,864
  up3.conv.block.4.weight: 64
  up3.conv.block.4.bias: 64
  up4.up.weight: 8,192
  up4.up.bias: 32
  up4.conv.block.0.weight: 18,432
  up4.conv.block.1.weight: 32
  up4.conv.block.1.bias: 32
  up4.conv.block.3.weight: 9,216
  up4.conv.block.4.weight: 32
  up4.conv.block.4.bias: 32
  mask_head.weight: 32
  mask_head.bias: 1
  distance_head.0.weight: 9,216
  distance_head.1.weight: 32
  distance_head.1.bias: 32
  distance_head.3.weight: 32
  distance_head.3.bias: 1
Total trainable parameters: 7,773,794
2026-07-08 21:09:35,311:INFO:------------ New Training Session ------------
2026-07-08 21:11:51,397:INFO:DualHeadUNet(
  (inc): DoubleConv(
    (block): Sequential(
      (0): Conv2d(8, 32, kernel_size=(3, 3), stride=(1, 1), padding=(1, 1), bias=False)
      (1): BatchNorm2d(32, eps=1e-05, momentum=0.1, affine=True, track_running_stats=True)
      (2): ReLU(inplace=True)
      (3): Conv2d(32, 32, kernel_size=(3, 3), stride=(1, 1), padding=(1, 1), bias=False)
      (4): BatchNorm2d(32, eps=1e-05, momentum=0.1, affine=True, track_running_stats=True)
      (5): ReLU(inplace=True)
    )
  )
  (down1): Down(
    (block): Sequential(
      (0): MaxPool2d(kernel_size=2, stride=2, padding=0, dilation=1, ceil_mode=False)
      (1): DoubleConv(
        (block): Sequential(
          (0): Conv2d(32, 64, kernel_size=(3, 3), stride=(1, 1), padding=(1, 1), bias=False)
          (1): BatchNorm2d(64, eps=1e-05, momentum=0.1, affine=True, track_running_stats=True)
          (2): ReLU(inplace=True)
          (3): Conv2d(64, 64, kernel_size=(3, 3), stride=(1, 1), padding=(1, 1), bias=False)
          (4): BatchNorm2d(64, eps=1e-05, momentum=0.1, affine=True, track_running_stats=True)
          (5): ReLU(inplace=True)
        )
      )
    )
  )
  (down2): Down(
    (block): Sequential(
      (0): MaxPool2d(kernel_size=2, stride=2, padding=0, dilation=1, ceil_mode=False)
      (1): DoubleConv(
        (block): Sequential(
          (0): Conv2d(64, 128, kernel_size=(3, 3), stride=(1, 1), padding=(1, 1), bias=False)
          (1): BatchNorm2d(128, eps=1e-05, momentum=0.1, affine=True, track_running_stats=True)
          (2): ReLU(inplace=True)
          (3): Conv2d(128, 128, kernel_size=(3, 3), stride=(1, 1), padding=(1, 1), bias=False)
          (4): BatchNorm2d(128, eps=1e-05, momentum=0.1, affine=True, track_running_stats=True)
          (5): ReLU(inplace=True)
        )
      )
    )
  )
  (down3): Down(
    (block): Sequential(
      (0): MaxPool2d(kernel_size=2, stride=2, padding=0, dilation=1, ceil_mode=False)
      (1): DoubleConv(
        (block): Sequential(
          (0): Conv2d(128, 256, kernel_size=(3, 3), stride=(1, 1), padding=(1, 1), bias=False)
          (1): BatchNorm2d(256, eps=1e-05, momentum=0.1, affine=True, track_running_stats=True)
          (2): ReLU(inplace=True)
          (3): Conv2d(256, 256, kernel_size=(3, 3), stride=(1, 1), padding=(1, 1), bias=False)
          (4): BatchNorm2d(256, eps=1e-05, momentum=0.1, affine=True, track_running_stats=True)
          (5): ReLU(inplace=True)
        )
      )
    )
  )
  (down4): Down(
    (block): Sequential(
      (0): MaxPool2d(kernel_size=2, stride=2, padding=0, dilation=1, ceil_mode=False)
      (1): DoubleConv(
        (block): Sequential(
          (0): Conv2d(256, 512, kernel_size=(3, 3), stride=(1, 1), padding=(1, 1), bias=False)
          (1): BatchNorm2d(512, eps=1e-05, momentum=0.1, affine=True, track_running_stats=True)
          (2): ReLU(inplace=True)
          (3): Conv2d(512, 512, kernel_size=(3, 3), stride=(1, 1), padding=(1, 1), bias=False)
          (4): BatchNorm2d(512, eps=1e-05, momentum=0.1, affine=True, track_running_stats=True)
          (5): ReLU(inplace=True)
        )
      )
    )
  )
  (up1): Up(
    (up): ConvTranspose2d(512, 256, kernel_size=(2, 2), stride=(2, 2))
    (conv): DoubleConv(
      (block): Sequential(
        (0): Conv2d(512, 256, kernel_size=(3, 3), stride=(1, 1), padding=(1, 1), bias=False)
        (1): BatchNorm2d(256, eps=1e-05, momentum=0.1, affine=True, track_running_stats=True)
        (2): ReLU(inplace=True)
        (3): Conv2d(256, 256, kernel_size=(3, 3), stride=(1, 1), padding=(1, 1), bias=False)
        (4): BatchNorm2d(256, eps=1e-05, momentum=0.1, affine=True, track_running_stats=True)
        (5): ReLU(inplace=True)
      )
    )
  )
  (up2): Up(
    (up): ConvTranspose2d(256, 128, kernel_size=(2, 2), stride=(2, 2))
    (conv): DoubleConv(
      (block): Sequential(
        (0): Conv2d(256, 128, kernel_size=(3, 3), stride=(1, 1), padding=(1, 1), bias=False)
        (1): BatchNorm2d(128, eps=1e-05, momentum=0.1, affine=True, track_running_stats=True)
        (2): ReLU(inplace=True)
        (3): Conv2d(128, 128, kernel_size=(3, 3), stride=(1, 1), padding=(1, 1), bias=False)
        (4): BatchNorm2d(128, eps=1e-05, momentum=0.1, affine=True, track_running_stats=True)
        (5): ReLU(inplace=True)
      )
    )
  )
  (up3): Up(
    (up): ConvTranspose2d(128, 64, kernel_size=(2, 2), stride=(2, 2))
    (conv): DoubleConv(
      (block): Sequential(
        (0): Conv2d(128, 64, kernel_size=(3, 3), stride=(1, 1), padding=(1, 1), bias=False)
        (1): BatchNorm2d(64, eps=1e-05, momentum=0.1, affine=True, track_running_stats=True)
        (2): ReLU(inplace=True)
        (3): Conv2d(64, 64, kernel_size=(3, 3), stride=(1, 1), padding=(1, 1), bias=False)
        (4): BatchNorm2d(64, eps=1e-05, momentum=0.1, affine=True, track_running_stats=True)
        (5): ReLU(inplace=True)
      )
    )
  )
  (up4): Up(
    (up): ConvTranspose2d(64, 32, kernel_size=(2, 2), stride=(2, 2))
    (conv): DoubleConv(
      (block): Sequential(
        (0): Conv2d(64, 32, kernel_size=(3, 3), stride=(1, 1), padding=(1, 1), bias=False)
        (1): BatchNorm2d(32, eps=1e-05, momentum=0.1, affine=True, track_running_stats=True)
        (2): ReLU(inplace=True)
        (3): Conv2d(32, 32, kernel_size=(3, 3), stride=(1, 1), padding=(1, 1), bias=False)
        (4): BatchNorm2d(32, eps=1e-05, momentum=0.1, affine=True, track_running_stats=True)
        (5): ReLU(inplace=True)
      )
    )
  )
  (mask_head): Conv2d(32, 1, kernel_size=(1, 1), stride=(1, 1))
  (distance_head): Sequential(
    (0): Conv2d(32, 32, kernel_size=(3, 3), stride=(1, 1), padding=(1, 1), bias=False)
    (1): BatchNorm2d(32, eps=1e-05, momentum=0.1, affine=True, track_running_stats=True)
    (2): ReLU(inplace=True)
    (3): Conv2d(32, 1, kernel_size=(1, 1), stride=(1, 1))
  )
)
Trainable parameters by tensor:
  inc.block.0.weight: 2,304
  inc.block.1.weight: 32
  inc.block.1.bias: 32
  inc.block.3.weight: 9,216
  inc.block.4.weight: 32
  inc.block.4.bias: 32
  down1.block.1.block.0.weight: 18,432
  down1.block.1.block.1.weight: 64
  down1.block.1.block.1.bias: 64
  down1.block.1.block.3.weight: 36,864
  down1.block.1.block.4.weight: 64
  down1.block.1.block.4.bias: 64
  down2.block.1.block.0.weight: 73,728
  down2.block.1.block.1.weight: 128
  down2.block.1.block.1.bias: 128
  down2.block.1.block.3.weight: 147,456
  down2.block.1.block.4.weight: 128
  down2.block.1.block.4.bias: 128
  down3.block.1.block.0.weight: 294,912
  down3.block.1.block.1.weight: 256
  down3.block.1.block.1.bias: 256
  down3.block.1.block.3.weight: 589,824
  down3.block.1.block.4.weight: 256
  down3.block.1.block.4.bias: 256
  down4.block.1.block.0.weight: 1,179,648
  down4.block.1.block.1.weight: 512
  down4.block.1.block.1.bias: 512
  down4.block.1.block.3.weight: 2,359,296
  down4.block.1.block.4.weight: 512
  down4.block.1.block.4.bias: 512
  up1.up.weight: 524,288
  up1.up.bias: 256
  up1.conv.block.0.weight: 1,179,648
  up1.conv.block.1.weight: 256
  up1.conv.block.1.bias: 256
  up1.conv.block.3.weight: 589,824
  up1.conv.block.4.weight: 256
  up1.conv.block.4.bias: 256
  up2.up.weight: 131,072
  up2.up.bias: 128
  up2.conv.block.0.weight: 294,912
  up2.conv.block.1.weight: 128
  up2.conv.block.1.bias: 128
  up2.conv.block.3.weight: 147,456
  up2.conv.block.4.weight: 128
  up2.conv.block.4.bias: 128
  up3.up.weight: 32,768
  up3.up.bias: 64
  up3.conv.block.0.weight: 73,728
  up3.conv.block.1.weight: 64
  up3.conv.block.1.bias: 64
  up3.conv.block.3.weight: 36,864
  up3.conv.block.4.weight: 64
  up3.conv.block.4.bias: 64
  up4.up.weight: 8,192
  up4.up.bias: 32
  up4.conv.block.0.weight: 18,432
  up4.conv.block.1.weight: 32
  up4.conv.block.1.bias: 32
  up4.conv.block.3.weight: 9,216
  up4.conv.block.4.weight: 32
  up4.conv.block.4.bias: 32
  mask_head.weight: 32
  mask_head.bias: 1
  distance_head.0.weight: 9,216
  distance_head.1.weight: 32
  distance_head.1.bias: 32
  distance_head.3.weight: 32
  distance_head.3.bias: 1
Total trainable parameters: 7,773,794
2026-07-08 21:11:51,401:INFO:------------ New Training Session ------------
2026-07-08 21:12:36,644:INFO:epoch: 1 | loss: 0.8122 | bce: 0.4028 | raw_bce: 0.4083 | dice_loss: 0.4013 | distance_loss: 0.0807 | tv_loss: 1997.9056 | boundary_weight_mean: 1.7878
2026-07-08 21:13:13,560:INFO:epoch: 2 | loss: 0.6903 | bce: 0.3399 | raw_bce: 0.3323 | dice_loss: 0.3439 | distance_loss: 0.0653 | tv_loss: 1826.9915 | boundary_weight_mean: 1.7853
2026-07-08 21:13:50,874:INFO:epoch: 3 | loss: 0.6447 | bce: 0.3189 | raw_bce: 0.3082 | dice_loss: 0.3195 | distance_loss: 0.0630 | tv_loss: 1884.7331 | boundary_weight_mean: 1.7878
2026-07-08 21:14:27,832:INFO:epoch: 4 | loss: 0.6086 | bce: 0.3032 | raw_bce: 0.2903 | dice_loss: 0.2996 | distance_loss: 0.0583 | tv_loss: 1885.9482 | boundary_weight_mean: 1.7907
2026-07-08 21:15:45,463:INFO:epoch: 5 | loss: 0.5947 | bce: 0.2973 | raw_bce: 0.2848 | dice_loss: 0.2917 | distance_loss: 0.0563 | tv_loss: 1919.7707 | boundary_weight_mean: 1.7922 | eval_loss: 0.6848 | eval_bce: 0.3476 | eval_raw_bce: 0.2867 | eval_dice_loss: 0.3313 | eval_distance_loss: 0.0593 | eval_tv_loss: 1733.3423 | eval_boundary_weight_mean: 1.4666 | eval_pixel_iou: 0.7672 | eval_miou: 0.7338 | eval_boundary_iou: 0.2977
2026-07-08 21:16:22,586:INFO:epoch: 6 | loss: 0.5810 | bce: 0.2920 | raw_bce: 0.2788 | dice_loss: 0.2834 | distance_loss: 0.0550 | tv_loss: 1940.4868 | boundary_weight_mean: 1.7916
2026-07-08 21:17:00,061:INFO:epoch: 7 | loss: 0.5753 | bce: 0.2921 | raw_bce: 0.2782 | dice_loss: 0.2777 | distance_loss: 0.0547 | tv_loss: 1939.3498 | boundary_weight_mean: 1.7856
2026-07-08 21:17:37,358:INFO:epoch: 8 | loss: 0.5660 | bce: 0.2864 | raw_bce: 0.2726 | dice_loss: 0.2744 | distance_loss: 0.0529 | tv_loss: 1955.2471 | boundary_weight_mean: 1.7910
2026-07-08 21:18:14,789:INFO:epoch: 9 | loss: 0.5577 | bce: 0.2840 | raw_bce: 0.2693 | dice_loss: 0.2687 | distance_loss: 0.0509 | tv_loss: 1962.8707 | boundary_weight_mean: 1.7851
2026-07-08 21:19:20,857:INFO:epoch: 10 | loss: 0.5550 | bce: 0.2823 | raw_bce: 0.2667 | dice_loss: 0.2677 | distance_loss: 0.0504 | tv_loss: 1972.3947 | boundary_weight_mean: 1.7829 | eval_loss: 0.6435 | eval_bce: 0.3342 | eval_raw_bce: 0.2689 | eval_dice_loss: 0.3040 | eval_distance_loss: 0.0531 | eval_tv_loss: 1752.8450 | eval_boundary_weight_mean: 1.4666 | eval_pixel_iou: 0.7759 | eval_miou: 0.7374 | eval_boundary_iou: 0.3295
2026-07-08 21:19:57,955:INFO:epoch: 11 | loss: 0.5526 | bce: 0.2814 | raw_bce: 0.2650 | dice_loss: 0.2662 | distance_loss: 0.0495 | tv_loss: 1983.4019 | boundary_weight_mean: 1.7804
2026-07-08 21:20:34,912:INFO:epoch: 12 | loss: 0.5482 | bce: 0.2804 | raw_bce: 0.2654 | dice_loss: 0.2628 | distance_loss: 0.0495 | tv_loss: 1985.5265 | boundary_weight_mean: 1.7828
2026-07-08 21:21:11,663:INFO:epoch: 13 | loss: 0.5486 | bce: 0.2796 | raw_bce: 0.2635 | dice_loss: 0.2641 | distance_loss: 0.0488 | tv_loss: 1987.6376 | boundary_weight_mean: 1.7795
2026-07-08 21:21:48,679:INFO:epoch: 14 | loss: 0.5391 | bce: 0.2755 | raw_bce: 0.2605 | dice_loss: 0.2588 | distance_loss: 0.0475 | tv_loss: 1994.3947 | boundary_weight_mean: 1.7907
2026-07-08 21:22:28,257:INFO:epoch: 15 | loss: 0.5400 | bce: 0.2759 | raw_bce: 0.2600 | dice_loss: 0.2593 | distance_loss: 0.0474 | tv_loss: 1994.3698 | boundary_weight_mean: 1.7813 | eval_loss: 0.6283 | eval_bce: 0.3281 | eval_raw_bce: 0.2645 | eval_dice_loss: 0.2949 | eval_distance_loss: 0.0520 | eval_tv_loss: 1831.9234 | eval_boundary_weight_mean: 1.4666 | eval_pixel_iou: 0.7815 | eval_miou: 0.7463 | eval_boundary_iou: 0.3439
2026-07-08 21:23:05,178:INFO:epoch: 16 | loss: 0.5336 | bce: 0.2727 | raw_bce: 0.2570 | dice_loss: 0.2563 | distance_loss: 0.0459 | tv_loss: 1989.9358 | boundary_weight_mean: 1.7878
2026-07-08 21:23:42,086:INFO:epoch: 17 | loss: 0.5325 | bce: 0.2728 | raw_bce: 0.2564 | dice_loss: 0.2552 | distance_loss: 0.0457 | tv_loss: 1996.2462 | boundary_weight_mean: 1.7828
2026-07-08 21:24:18,992:INFO:epoch: 18 | loss: 0.5295 | bce: 0.2706 | raw_bce: 0.2546 | dice_loss: 0.2543 | distance_loss: 0.0451 | tv_loss: 2000.2967 | boundary_weight_mean: 1.7873
2026-07-08 21:24:55,781:INFO:epoch: 19 | loss: 0.5291 | bce: 0.2708 | raw_bce: 0.2551 | dice_loss: 0.2537 | distance_loss: 0.0451 | tv_loss: 2013.5108 | boundary_weight_mean: 1.7872
2026-07-08 21:25:35,352:INFO:epoch: 20 | loss: 0.5301 | bce: 0.2716 | raw_bce: 0.2549 | dice_loss: 0.2539 | distance_loss: 0.0453 | tv_loss: 2003.3184 | boundary_weight_mean: 1.7809 | eval_loss: 0.6159 | eval_bce: 0.3166 | eval_raw_bce: 0.2542 | eval_dice_loss: 0.2944 | eval_distance_loss: 0.0483 | eval_tv_loss: 1769.5157 | eval_boundary_weight_mean: 1.4666 | eval_pixel_iou: 0.7879 | eval_miou: 0.7510 | eval_boundary_iou: 0.3608
2026-07-08 21:26:12,185:INFO:epoch: 21 | loss: 0.5272 | bce: 0.2684 | raw_bce: 0.2515 | dice_loss: 0.2544 | distance_loss: 0.0443 | tv_loss: 1995.4950 | boundary_weight_mean: 1.7811
2026-07-08 21:26:49,127:INFO:epoch: 22 | loss: 0.5218 | bce: 0.2680 | raw_bce: 0.2516 | dice_loss: 0.2494 | distance_loss: 0.0440 | tv_loss: 1993.1052 | boundary_weight_mean: 1.7859
2026-07-08 21:27:26,127:INFO:epoch: 23 | loss: 0.5228 | bce: 0.2670 | raw_bce: 0.2504 | dice_loss: 0.2515 | distance_loss: 0.0436 | tv_loss: 2005.8054 | boundary_weight_mean: 1.7850
2026-07-08 21:28:03,379:INFO:epoch: 24 | loss: 0.5191 | bce: 0.2658 | raw_bce: 0.2492 | dice_loss: 0.2490 | distance_loss: 0.0431 | tv_loss: 2018.9569 | boundary_weight_mean: 1.7864
2026-07-08 21:28:42,948:INFO:epoch: 25 | loss: 0.5175 | bce: 0.2659 | raw_bce: 0.2491 | dice_loss: 0.2473 | distance_loss: 0.0429 | tv_loss: 2010.9051 | boundary_weight_mean: 1.7858 | eval_loss: 0.6223 | eval_bce: 0.3250 | eval_raw_bce: 0.2605 | eval_dice_loss: 0.2926 | eval_distance_loss: 0.0474 | eval_tv_loss: 1819.4300 | eval_boundary_weight_mean: 1.4666 | eval_pixel_iou: 0.7831 | eval_miou: 0.7454 | eval_boundary_iou: 0.3543
2026-07-08 21:29:19,787:INFO:epoch: 26 | loss: 0.5171 | bce: 0.2630 | raw_bce: 0.2461 | dice_loss: 0.2498 | distance_loss: 0.0425 | tv_loss: 2003.6311 | boundary_weight_mean: 1.7894
2026-07-08 21:29:56,796:INFO:epoch: 27 | loss: 0.5122 | bce: 0.2634 | raw_bce: 0.2463 | dice_loss: 0.2446 | distance_loss: 0.0424 | tv_loss: 2011.1833 | boundary_weight_mean: 1.7840
2026-07-08 21:30:33,678:INFO:epoch: 28 | loss: 0.5148 | bce: 0.2648 | raw_bce: 0.2472 | dice_loss: 0.2458 | distance_loss: 0.0423 | tv_loss: 2016.1839 | boundary_weight_mean: 1.7836
2026-07-08 21:31:10,867:INFO:epoch: 29 | loss: 0.5134 | bce: 0.2636 | raw_bce: 0.2466 | dice_loss: 0.2456 | distance_loss: 0.0421 | tv_loss: 2010.3728 | boundary_weight_mean: 1.7859
2026-07-08 21:31:50,227:INFO:epoch: 30 | loss: 0.5097 | bce: 0.2608 | raw_bce: 0.2434 | dice_loss: 0.2448 | distance_loss: 0.0415 | tv_loss: 2008.6255 | boundary_weight_mean: 1.7875 | eval_loss: 0.6108 | eval_bce: 0.3171 | eval_raw_bce: 0.2567 | eval_dice_loss: 0.2891 | eval_distance_loss: 0.0468 | eval_tv_loss: 1829.8037 | eval_boundary_weight_mean: 1.4666 | eval_pixel_iou: 0.7885 | eval_miou: 0.7512 | eval_boundary_iou: 0.3580
2026-07-08 21:32:27,027:INFO:epoch: 31 | loss: 0.5105 | bce: 0.2628 | raw_bce: 0.2447 | dice_loss: 0.2435 | distance_loss: 0.0418 | tv_loss: 2013.2037 | boundary_weight_mean: 1.7813
2026-07-08 21:33:04,026:INFO:epoch: 32 | loss: 0.5102 | bce: 0.2619 | raw_bce: 0.2442 | dice_loss: 0.2441 | distance_loss: 0.0417 | tv_loss: 2020.6881 | boundary_weight_mean: 1.7815
2026-07-08 21:33:41,120:INFO:epoch: 33 | loss: 0.5071 | bce: 0.2602 | raw_bce: 0.2428 | dice_loss: 0.2429 | distance_loss: 0.0410 | tv_loss: 2012.3830 | boundary_weight_mean: 1.7879
2026-07-08 21:34:18,163:INFO:epoch: 34 | loss: 0.5067 | bce: 0.2596 | raw_bce: 0.2423 | dice_loss: 0.2430 | distance_loss: 0.0411 | tv_loss: 2015.9170 | boundary_weight_mean: 1.7861
2026-07-08 21:34:57,752:INFO:epoch: 35 | loss: 0.5053 | bce: 0.2592 | raw_bce: 0.2409 | dice_loss: 0.2420 | distance_loss: 0.0409 | tv_loss: 2016.3561 | boundary_weight_mean: 1.7848 | eval_loss: 0.6080 | eval_bce: 0.3172 | eval_raw_bce: 0.2562 | eval_dice_loss: 0.2862 | eval_distance_loss: 0.0460 | eval_tv_loss: 1816.4053 | eval_boundary_weight_mean: 1.4666 | eval_pixel_iou: 0.7907 | eval_miou: 0.7530 | eval_boundary_iou: 0.3635
2026-07-08 21:35:34,686:INFO:epoch: 36 | loss: 0.5039 | bce: 0.2584 | raw_bce: 0.2413 | dice_loss: 0.2414 | distance_loss: 0.0406 | tv_loss: 2014.8070 | boundary_weight_mean: 1.7914
2026-07-08 21:36:11,607:INFO:epoch: 37 | loss: 0.5057 | bce: 0.2607 | raw_bce: 0.2417 | dice_loss: 0.2409 | distance_loss: 0.0412 | tv_loss: 2018.4269 | boundary_weight_mean: 1.7762
2026-07-08 21:36:48,654:INFO:epoch: 38 | loss: 0.5038 | bce: 0.2594 | raw_bce: 0.2409 | dice_loss: 0.2404 | distance_loss: 0.0405 | tv_loss: 2011.7555 | boundary_weight_mean: 1.7839
2026-07-08 21:37:25,732:INFO:epoch: 39 | loss: 0.5016 | bce: 0.2573 | raw_bce: 0.2393 | dice_loss: 0.2403 | distance_loss: 0.0404 | tv_loss: 2016.0508 | boundary_weight_mean: 1.7903
2026-07-08 21:38:05,390:INFO:epoch: 40 | loss: 0.5032 | bce: 0.2575 | raw_bce: 0.2400 | dice_loss: 0.2416 | distance_loss: 0.0405 | tv_loss: 2006.4891 | boundary_weight_mean: 1.7903 | eval_loss: 0.6075 | eval_bce: 0.3161 | eval_raw_bce: 0.2550 | eval_dice_loss: 0.2867 | eval_distance_loss: 0.0460 | eval_tv_loss: 1828.6391 | eval_boundary_weight_mean: 1.4666 | eval_pixel_iou: 0.7901 | eval_miou: 0.7552 | eval_boundary_iou: 0.3648
2026-07-08 21:38:42,323:INFO:epoch: 41 | loss: 0.5053 | bce: 0.2608 | raw_bce: 0.2425 | dice_loss: 0.2404 | distance_loss: 0.0408 | tv_loss: 2020.3970 | boundary_weight_mean: 1.7844
2026-07-08 21:39:19,437:INFO:epoch: 42 | loss: 0.5023 | bce: 0.2569 | raw_bce: 0.2385 | dice_loss: 0.2413 | distance_loss: 0.0405 | tv_loss: 2009.9953 | boundary_weight_mean: 1.7852
2026-07-08 21:39:56,728:INFO:epoch: 43 | loss: 0.5058 | bce: 0.2594 | raw_bce: 0.2411 | dice_loss: 0.2423 | distance_loss: 0.0407 | tv_loss: 2015.0955 | boundary_weight_mean: 1.7833
2026-07-08 21:40:33,788:INFO:epoch: 44 | loss: 0.5037 | bce: 0.2587 | raw_bce: 0.2408 | dice_loss: 0.2410 | distance_loss: 0.0406 | tv_loss: 2015.0730 | boundary_weight_mean: 1.7877
2026-07-08 21:41:13,197:INFO:epoch: 45 | loss: 0.5032 | bce: 0.2600 | raw_bce: 0.2413 | dice_loss: 0.2391 | distance_loss: 0.0407 | tv_loss: 2011.3533 | boundary_weight_mean: 1.7819 | eval_loss: 0.6090 | eval_bce: 0.3183 | eval_raw_bce: 0.2562 | eval_dice_loss: 0.2861 | eval_distance_loss: 0.0458 | eval_tv_loss: 1826.5770 | eval_boundary_weight_mean: 1.4666 | eval_pixel_iou: 0.7899 | eval_miou: 0.7549 | eval_boundary_iou: 0.3646
2026-07-08 21:41:50,183:INFO:epoch: 46 | loss: 0.5047 | bce: 0.2585 | raw_bce: 0.2412 | dice_loss: 0.2421 | distance_loss: 0.0406 | tv_loss: 2019.7472 | boundary_weight_mean: 1.7884
2026-07-08 21:42:26,969:INFO:epoch: 47 | loss: 0.5006 | bce: 0.2575 | raw_bce: 0.2399 | dice_loss: 0.2391 | distance_loss: 0.0404 | tv_loss: 2011.8423 | boundary_weight_mean: 1.7916
2026-07-08 21:43:04,258:INFO:epoch: 48 | loss: 0.5032 | bce: 0.2591 | raw_bce: 0.2413 | dice_loss: 0.2400 | distance_loss: 0.0409 | tv_loss: 2021.4390 | boundary_weight_mean: 1.7872
2026-07-08 21:43:41,483:INFO:epoch: 49 | loss: 0.5042 | bce: 0.2582 | raw_bce: 0.2410 | dice_loss: 0.2419 | distance_loss: 0.0409 | tv_loss: 2014.4390 | boundary_weight_mean: 1.7895
2026-07-08 21:44:20,992:INFO:epoch: 50 | loss: 0.5045 | bce: 0.2586 | raw_bce: 0.2417 | dice_loss: 0.2417 | distance_loss: 0.0408 | tv_loss: 2012.0664 | boundary_weight_mean: 1.7912 | eval_loss: 0.6080 | eval_bce: 0.3154 | eval_raw_bce: 0.2547 | eval_dice_loss: 0.2880 | eval_distance_loss: 0.0463 | eval_tv_loss: 1836.4614 | eval_boundary_weight_mean: 1.4666 | eval_pixel_iou: 0.7897 | eval_miou: 0.7546 | eval_boundary_iou: 0.3646
