2026-07-11 17:04:39,540:INFO:DualHeadUNet(
  (inc): DoubleConv(
    (block): Sequential(
      (0): Conv2d(8, 32, kernel_size=(3, 3), stride=(1, 1), padding=(1, 1), bias=False)
      (1): BatchNorm2d(32, eps=1e-05, momentum=0.1, affine=True, track_running_stats=True)
      (2): ReLU(inplace=True)
      (3): Conv2d(32, 32, kernel_size=(3, 3), stride=(1, 1), padding=(1, 1), bias=False)
      (4): BatchNorm2d(32, eps=1e-05, momentum=0.1, affine=True, track_running_stats=True)
      (5): ReLU(inplace=True)
    )
  )
  (down1): Down(
    (block): Sequential(
      (0): MaxPool2d(kernel_size=2, stride=2, padding=0, dilation=1, ceil_mode=False)
      (1): DoubleConv(
        (block): Sequential(
          (0): Conv2d(32, 64, kernel_size=(3, 3), stride=(1, 1), padding=(1, 1), bias=False)
          (1): BatchNorm2d(64, eps=1e-05, momentum=0.1, affine=True, track_running_stats=True)
          (2): ReLU(inplace=True)
          (3): Conv2d(64, 64, kernel_size=(3, 3), stride=(1, 1), padding=(1, 1), bias=False)
          (4): BatchNorm2d(64, eps=1e-05, momentum=0.1, affine=True, track_running_stats=True)
          (5): ReLU(inplace=True)
        )
      )
    )
  )
  (down2): Down(
    (block): Sequential(
      (0): MaxPool2d(kernel_size=2, stride=2, padding=0, dilation=1, ceil_mode=False)
      (1): DoubleConv(
        (block): Sequential(
          (0): Conv2d(64, 128, kernel_size=(3, 3), stride=(1, 1), padding=(1, 1), bias=False)
          (1): BatchNorm2d(128, eps=1e-05, momentum=0.1, affine=True, track_running_stats=True)
          (2): ReLU(inplace=True)
          (3): Conv2d(128, 128, kernel_size=(3, 3), stride=(1, 1), padding=(1, 1), bias=False)
          (4): BatchNorm2d(128, eps=1e-05, momentum=0.1, affine=True, track_running_stats=True)
          (5): ReLU(inplace=True)
        )
      )
    )
  )
  (down3): Down(
    (block): Sequential(
      (0): MaxPool2d(kernel_size=2, stride=2, padding=0, dilation=1, ceil_mode=False)
      (1): DoubleConv(
        (block): Sequential(
          (0): Conv2d(128, 256, kernel_size=(3, 3), stride=(1, 1), padding=(1, 1), bias=False)
          (1): BatchNorm2d(256, eps=1e-05, momentum=0.1, affine=True, track_running_stats=True)
          (2): ReLU(inplace=True)
          (3): Conv2d(256, 256, kernel_size=(3, 3), stride=(1, 1), padding=(1, 1), bias=False)
          (4): BatchNorm2d(256, eps=1e-05, momentum=0.1, affine=True, track_running_stats=True)
          (5): ReLU(inplace=True)
        )
      )
    )
  )
  (down4): Down(
    (block): Sequential(
      (0): MaxPool2d(kernel_size=2, stride=2, padding=0, dilation=1, ceil_mode=False)
      (1): DoubleConv(
        (block): Sequential(
          (0): Conv2d(256, 512, kernel_size=(3, 3), stride=(1, 1), padding=(1, 1), bias=False)
          (1): BatchNorm2d(512, eps=1e-05, momentum=0.1, affine=True, track_running_stats=True)
          (2): ReLU(inplace=True)
          (3): Conv2d(512, 512, kernel_size=(3, 3), stride=(1, 1), padding=(1, 1), bias=False)
          (4): BatchNorm2d(512, eps=1e-05, momentum=0.1, affine=True, track_running_stats=True)
          (5): ReLU(inplace=True)
        )
      )
    )
  )
  (up1): Up(
    (up): ConvTranspose2d(512, 256, kernel_size=(2, 2), stride=(2, 2))
    (conv): DoubleConv(
      (block): Sequential(
        (0): Conv2d(512, 256, kernel_size=(3, 3), stride=(1, 1), padding=(1, 1), bias=False)
        (1): BatchNorm2d(256, eps=1e-05, momentum=0.1, affine=True, track_running_stats=True)
        (2): ReLU(inplace=True)
        (3): Conv2d(256, 256, kernel_size=(3, 3), stride=(1, 1), padding=(1, 1), bias=False)
        (4): BatchNorm2d(256, eps=1e-05, momentum=0.1, affine=True, track_running_stats=True)
        (5): ReLU(inplace=True)
      )
    )
  )
  (up2): Up(
    (up): ConvTranspose2d(256, 128, kernel_size=(2, 2), stride=(2, 2))
    (conv): DoubleConv(
      (block): Sequential(
        (0): Conv2d(256, 128, kernel_size=(3, 3), stride=(1, 1), padding=(1, 1), bias=False)
        (1): BatchNorm2d(128, eps=1e-05, momentum=0.1, affine=True, track_running_stats=True)
        (2): ReLU(inplace=True)
        (3): Conv2d(128, 128, kernel_size=(3, 3), stride=(1, 1), padding=(1, 1), bias=False)
        (4): BatchNorm2d(128, eps=1e-05, momentum=0.1, affine=True, track_running_stats=True)
        (5): ReLU(inplace=True)
      )
    )
  )
  (up3): Up(
    (up): ConvTranspose2d(128, 64, kernel_size=(2, 2), stride=(2, 2))
    (conv): DoubleConv(
      (block): Sequential(
        (0): Conv2d(128, 64, kernel_size=(3, 3), stride=(1, 1), padding=(1, 1), bias=False)
        (1): BatchNorm2d(64, eps=1e-05, momentum=0.1, affine=True, track_running_stats=True)
        (2): ReLU(inplace=True)
        (3): Conv2d(64, 64, kernel_size=(3, 3), stride=(1, 1), padding=(1, 1), bias=False)
        (4): BatchNorm2d(64, eps=1e-05, momentum=0.1, affine=True, track_running_stats=True)
        (5): ReLU(inplace=True)
      )
    )
  )
  (up4): Up(
    (up): ConvTranspose2d(64, 32, kernel_size=(2, 2), stride=(2, 2))
    (conv): DoubleConv(
      (block): Sequential(
        (0): Conv2d(64, 32, kernel_size=(3, 3), stride=(1, 1), padding=(1, 1), bias=False)
        (1): BatchNorm2d(32, eps=1e-05, momentum=0.1, affine=True, track_running_stats=True)
        (2): ReLU(inplace=True)
        (3): Conv2d(32, 32, kernel_size=(3, 3), stride=(1, 1), padding=(1, 1), bias=False)
        (4): BatchNorm2d(32, eps=1e-05, momentum=0.1, affine=True, track_running_stats=True)
        (5): ReLU(inplace=True)
      )
    )
  )
  (mask_head): Conv2d(32, 1, kernel_size=(1, 1), stride=(1, 1))
  (distance_head): Sequential(
    (0): Conv2d(32, 32, kernel_size=(3, 3), stride=(1, 1), padding=(1, 1), bias=False)
    (1): BatchNorm2d(32, eps=1e-05, momentum=0.1, affine=True, track_running_stats=True)
    (2): ReLU(inplace=True)
    (3): Conv2d(32, 1, kernel_size=(1, 1), stride=(1, 1))
  )
)
Trainable parameters by tensor:
  inc.block.0.weight: 2,304
  inc.block.1.weight: 32
  inc.block.1.bias: 32
  inc.block.3.weight: 9,216
  inc.block.4.weight: 32
  inc.block.4.bias: 32
  down1.block.1.block.0.weight: 18,432
  down1.block.1.block.1.weight: 64
  down1.block.1.block.1.bias: 64
  down1.block.1.block.3.weight: 36,864
  down1.block.1.block.4.weight: 64
  down1.block.1.block.4.bias: 64
  down2.block.1.block.0.weight: 73,728
  down2.block.1.block.1.weight: 128
  down2.block.1.block.1.bias: 128
  down2.block.1.block.3.weight: 147,456
  down2.block.1.block.4.weight: 128
  down2.block.1.block.4.bias: 128
  down3.block.1.block.0.weight: 294,912
  down3.block.1.block.1.weight: 256
  down3.block.1.block.1.bias: 256
  down3.block.1.block.3.weight: 589,824
  down3.block.1.block.4.weight: 256
  down3.block.1.block.4.bias: 256
  down4.block.1.block.0.weight: 1,179,648
  down4.block.1.block.1.weight: 512
  down4.block.1.block.1.bias: 512
  down4.block.1.block.3.weight: 2,359,296
  down4.block.1.block.4.weight: 512
  down4.block.1.block.4.bias: 512
  up1.up.weight: 524,288
  up1.up.bias: 256
  up1.conv.block.0.weight: 1,179,648
  up1.conv.block.1.weight: 256
  up1.conv.block.1.bias: 256
  up1.conv.block.3.weight: 589,824
  up1.conv.block.4.weight: 256
  up1.conv.block.4.bias: 256
  up2.up.weight: 131,072
  up2.up.bias: 128
  up2.conv.block.0.weight: 294,912
  up2.conv.block.1.weight: 128
  up2.conv.block.1.bias: 128
  up2.conv.block.3.weight: 147,456
  up2.conv.block.4.weight: 128
  up2.conv.block.4.bias: 128
  up3.up.weight: 32,768
  up3.up.bias: 64
  up3.conv.block.0.weight: 73,728
  up3.conv.block.1.weight: 64
  up3.conv.block.1.bias: 64
  up3.conv.block.3.weight: 36,864
  up3.conv.block.4.weight: 64
  up3.conv.block.4.bias: 64
  up4.up.weight: 8,192
  up4.up.bias: 32
  up4.conv.block.0.weight: 18,432
  up4.conv.block.1.weight: 32
  up4.conv.block.1.bias: 32
  up4.conv.block.3.weight: 9,216
  up4.conv.block.4.weight: 32
  up4.conv.block.4.bias: 32
  mask_head.weight: 32
  mask_head.bias: 1
  distance_head.0.weight: 9,216
  distance_head.1.weight: 32
  distance_head.1.bias: 32
  distance_head.3.weight: 32
  distance_head.3.bias: 1
Total trainable parameters: 7,773,794
2026-07-11 17:04:39,544:INFO:------------ New Training Session ------------
2026-07-11 17:05:15,261:INFO:epoch: 1 | loss: 0.7708 | bce: 0.3507 | raw_bce: 0.4383 | dice_loss: 0.4118 | distance_loss: 0.0828 | tv_loss: 2099.7978 | boundary_weight_mean: 5.0065
2026-07-11 17:05:53,815:INFO:epoch: 2 | loss: 0.6608 | bce: 0.3062 | raw_bce: 0.3500 | dice_loss: 0.3480 | distance_loss: 0.0671 | tv_loss: 2056.2778 | boundary_weight_mean: 5.0032 | eval_loss: 0.8423 | eval_bce: 0.4595 | eval_raw_bce: 0.3408 | eval_dice_loss: 0.3755 | eval_distance_loss: 0.0722 | eval_tv_loss: 1983.8946 | eval_boundary_weight_mean: 2.8940 | eval_pixel_iou: 0.7267 | eval_miou: 0.6489 | eval_boundary_iou: 0.1864
2026-07-11 17:06:29,980:INFO:epoch: 3 | loss: 0.6149 | bce: 0.2896 | raw_bce: 0.3193 | dice_loss: 0.3191 | distance_loss: 0.0623 | tv_loss: 2101.3151 | boundary_weight_mean: 5.0141
2026-07-11 17:07:08,845:INFO:epoch: 4 | loss: 0.5890 | bce: 0.2832 | raw_bce: 0.3057 | dice_loss: 0.2999 | distance_loss: 0.0588 | tv_loss: 2090.1593 | boundary_weight_mean: 4.9953 | eval_loss: 0.7984 | eval_bce: 0.4710 | eval_raw_bce: 0.3115 | eval_dice_loss: 0.3213 | eval_distance_loss: 0.0613 | eval_tv_loss: 1829.4408 | eval_boundary_weight_mean: 2.8940 | eval_pixel_iou: 0.7693 | eval_miou: 0.7218 | eval_boundary_iou: 0.2709
2026-07-11 17:07:45,231:INFO:epoch: 5 | loss: 0.5726 | bce: 0.2795 | raw_bce: 0.2947 | dice_loss: 0.2876 | distance_loss: 0.0562 | tv_loss: 2073.4029 | boundary_weight_mean: 4.9545
2026-07-11 17:08:23,850:INFO:epoch: 6 | loss: 0.5628 | bce: 0.2784 | raw_bce: 0.2900 | dice_loss: 0.2790 | distance_loss: 0.0540 | tv_loss: 2078.2526 | boundary_weight_mean: 4.9470 | eval_loss: 0.7524 | eval_bce: 0.4291 | eval_raw_bce: 0.2960 | eval_dice_loss: 0.3174 | eval_distance_loss: 0.0589 | eval_tv_loss: 1911.5307 | eval_boundary_weight_mean: 2.8940 | eval_pixel_iou: 0.7669 | eval_miou: 0.7333 | eval_boundary_iou: 0.3059
2026-07-11 17:09:00,170:INFO:epoch: 7 | loss: 0.5506 | bce: 0.2713 | raw_bce: 0.2869 | dice_loss: 0.2740 | distance_loss: 0.0522 | tv_loss: 2081.6064 | boundary_weight_mean: 5.0192
2026-07-11 17:09:59,312:INFO:epoch: 8 | loss: 0.5459 | bce: 0.2717 | raw_bce: 0.2841 | dice_loss: 0.2691 | distance_loss: 0.0511 | tv_loss: 2090.7971 | boundary_weight_mean: 4.9790 | eval_loss: 0.7498 | eval_bce: 0.4311 | eval_raw_bce: 0.2872 | eval_dice_loss: 0.3133 | eval_distance_loss: 0.0539 | eval_tv_loss: 1933.1204 | eval_boundary_weight_mean: 2.8940 | eval_pixel_iou: 0.7704 | eval_miou: 0.7301 | eval_boundary_iou: 0.3066
2026-07-11 17:10:35,609:INFO:epoch: 9 | loss: 0.5391 | bce: 0.2675 | raw_bce: 0.2824 | dice_loss: 0.2665 | distance_loss: 0.0503 | tv_loss: 2092.9262 | boundary_weight_mean: 5.0230
2026-07-11 17:11:14,662:INFO:epoch: 10 | loss: 0.5379 | bce: 0.2689 | raw_bce: 0.2795 | dice_loss: 0.2641 | distance_loss: 0.0492 | tv_loss: 2087.9513 | boundary_weight_mean: 4.9711 | eval_loss: 0.7574 | eval_bce: 0.4441 | eval_raw_bce: 0.2811 | eval_dice_loss: 0.3081 | eval_distance_loss: 0.0527 | eval_tv_loss: 1929.6123 | eval_boundary_weight_mean: 2.8940 | eval_pixel_iou: 0.7719 | eval_miou: 0.7375 | eval_boundary_iou: 0.3541
2026-07-11 17:11:50,928:INFO:epoch: 11 | loss: 0.5370 | bce: 0.2698 | raw_bce: 0.2791 | dice_loss: 0.2623 | distance_loss: 0.0493 | tv_loss: 2096.5778 | boundary_weight_mean: 4.9409
2026-07-11 17:12:29,583:INFO:epoch: 12 | loss: 0.5334 | bce: 0.2680 | raw_bce: 0.2786 | dice_loss: 0.2605 | distance_loss: 0.0487 | tv_loss: 2118.2519 | boundary_weight_mean: 4.9514 | eval_loss: 0.7186 | eval_bce: 0.4124 | eval_raw_bce: 0.2698 | eval_dice_loss: 0.3009 | eval_distance_loss: 0.0522 | eval_tv_loss: 1907.1154 | eval_boundary_weight_mean: 2.8940 | eval_pixel_iou: 0.7835 | eval_miou: 0.7502 | eval_boundary_iou: 0.3417
2026-07-11 17:13:05,976:INFO:epoch: 13 | loss: 0.5302 | bce: 0.2661 | raw_bce: 0.2768 | dice_loss: 0.2593 | distance_loss: 0.0480 | tv_loss: 2104.3535 | boundary_weight_mean: 4.9671
2026-07-11 17:13:45,538:INFO:epoch: 14 | loss: 0.5228 | bce: 0.2597 | raw_bce: 0.2748 | dice_loss: 0.2584 | distance_loss: 0.0475 | tv_loss: 2110.4176 | boundary_weight_mean: 5.0677 | eval_loss: 0.7252 | eval_bce: 0.4177 | eval_raw_bce: 0.2664 | eval_dice_loss: 0.3025 | eval_distance_loss: 0.0506 | eval_tv_loss: 1982.2178 | eval_boundary_weight_mean: 2.8940 | eval_pixel_iou: 0.7818 | eval_miou: 0.7475 | eval_boundary_iou: 0.3549
2026-07-11 17:14:23,168:INFO:epoch: 15 | loss: 0.5214 | bce: 0.2637 | raw_bce: 0.2734 | dice_loss: 0.2531 | distance_loss: 0.0464 | tv_loss: 2115.5969 | boundary_weight_mean: 4.9706
2026-07-11 17:15:02,272:INFO:epoch: 16 | loss: 0.5168 | bce: 0.2605 | raw_bce: 0.2708 | dice_loss: 0.2517 | distance_loss: 0.0452 | tv_loss: 2102.8571 | boundary_weight_mean: 5.0015 | eval_loss: 0.7279 | eval_bce: 0.4258 | eval_raw_bce: 0.2749 | eval_dice_loss: 0.2972 | eval_distance_loss: 0.0494 | eval_tv_loss: 1876.4252 | eval_boundary_weight_mean: 2.8940 | eval_pixel_iou: 0.7811 | eval_miou: 0.7442 | eval_boundary_iou: 0.3502
2026-07-11 17:15:39,406:INFO:epoch: 17 | loss: 0.5185 | bce: 0.2611 | raw_bce: 0.2714 | dice_loss: 0.2527 | distance_loss: 0.0459 | tv_loss: 2108.2550 | boundary_weight_mean: 4.9964
2026-07-11 17:16:18,554:INFO:epoch: 18 | loss: 0.5172 | bce: 0.2601 | raw_bce: 0.2721 | dice_loss: 0.2526 | distance_loss: 0.0453 | tv_loss: 2111.7186 | boundary_weight_mean: 5.0101 | eval_loss: 0.7185 | eval_bce: 0.4294 | eval_raw_bce: 0.2903 | eval_dice_loss: 0.2844 | eval_distance_loss: 0.0481 | eval_tv_loss: 1905.3184 | eval_boundary_weight_mean: 2.8940 | eval_pixel_iou: 0.7858 | eval_miou: 0.7520 | eval_boundary_iou: 0.3531
2026-07-11 17:16:54,939:INFO:epoch: 19 | loss: 0.5141 | bce: 0.2595 | raw_bce: 0.2695 | dice_loss: 0.2501 | distance_loss: 0.0448 | tv_loss: 2111.4005 | boundary_weight_mean: 5.0113
2026-07-11 17:17:33,861:INFO:epoch: 20 | loss: 0.5129 | bce: 0.2571 | raw_bce: 0.2680 | dice_loss: 0.2512 | distance_loss: 0.0448 | tv_loss: 2118.2520 | boundary_weight_mean: 5.0225 | eval_loss: 0.7245 | eval_bce: 0.4211 | eval_raw_bce: 0.2802 | eval_dice_loss: 0.2983 | eval_distance_loss: 0.0507 | eval_tv_loss: 2043.1850 | eval_boundary_weight_mean: 2.8940 | eval_pixel_iou: 0.7780 | eval_miou: 0.7403 | eval_boundary_iou: 0.3473
2026-07-11 17:18:10,733:INFO:epoch: 21 | loss: 0.5105 | bce: 0.2574 | raw_bce: 0.2664 | dice_loss: 0.2487 | distance_loss: 0.0443 | tv_loss: 2115.5467 | boundary_weight_mean: 5.0047
2026-07-11 17:18:50,728:INFO:epoch: 22 | loss: 0.5109 | bce: 0.2600 | raw_bce: 0.2673 | dice_loss: 0.2465 | distance_loss: 0.0435 | tv_loss: 2122.5224 | boundary_weight_mean: 4.9817 | eval_loss: 0.7139 | eval_bce: 0.4193 | eval_raw_bce: 0.2712 | eval_dice_loss: 0.2899 | eval_distance_loss: 0.0467 | eval_tv_loss: 1939.8231 | eval_boundary_weight_mean: 2.8940 | eval_pixel_iou: 0.7872 | eval_miou: 0.7491 | eval_boundary_iou: 0.3557
2026-07-11 17:19:27,915:INFO:epoch: 23 | loss: 0.5047 | bce: 0.2549 | raw_bce: 0.2648 | dice_loss: 0.2455 | distance_loss: 0.0429 | tv_loss: 2101.6185 | boundary_weight_mean: 5.0236
2026-07-11 17:20:07,782:INFO:epoch: 24 | loss: 0.5031 | bce: 0.2556 | raw_bce: 0.2633 | dice_loss: 0.2432 | distance_loss: 0.0426 | tv_loss: 2099.7503 | boundary_weight_mean: 4.9905 | eval_loss: 0.7152 | eval_bce: 0.4240 | eval_raw_bce: 0.2760 | eval_dice_loss: 0.2866 | eval_distance_loss: 0.0463 | eval_tv_loss: 1943.0138 | eval_boundary_weight_mean: 2.8940 | eval_pixel_iou: 0.7865 | eval_miou: 0.7454 | eval_boundary_iou: 0.3603
2026-07-11 17:20:44,604:INFO:epoch: 25 | loss: 0.5061 | bce: 0.2584 | raw_bce: 0.2642 | dice_loss: 0.2434 | distance_loss: 0.0429 | tv_loss: 2108.2677 | boundary_weight_mean: 4.9741
2026-07-11 17:21:23,293:INFO:epoch: 26 | loss: 0.5006 | bce: 0.2531 | raw_bce: 0.2635 | dice_loss: 0.2433 | distance_loss: 0.0423 | tv_loss: 2114.0656 | boundary_weight_mean: 5.0392 | eval_loss: 0.7153 | eval_bce: 0.4225 | eval_raw_bce: 0.2779 | eval_dice_loss: 0.2882 | eval_distance_loss: 0.0471 | eval_tv_loss: 1980.1341 | eval_boundary_weight_mean: 2.8940 | eval_pixel_iou: 0.7851 | eval_miou: 0.7465 | eval_boundary_iou: 0.3475
2026-07-11 17:21:59,974:INFO:epoch: 27 | loss: 0.5034 | bce: 0.2566 | raw_bce: 0.2616 | dice_loss: 0.2426 | distance_loss: 0.0421 | tv_loss: 2108.6207 | boundary_weight_mean: 4.9689
2026-07-11 17:22:38,955:INFO:epoch: 28 | loss: 0.5012 | bce: 0.2548 | raw_bce: 0.2617 | dice_loss: 0.2422 | distance_loss: 0.0422 | tv_loss: 2111.5495 | boundary_weight_mean: 4.9850 | eval_loss: 0.7122 | eval_bce: 0.4198 | eval_raw_bce: 0.2740 | eval_dice_loss: 0.2877 | eval_distance_loss: 0.0457 | eval_tv_loss: 1941.5609 | eval_boundary_weight_mean: 2.8940 | eval_pixel_iou: 0.7872 | eval_miou: 0.7492 | eval_boundary_iou: 0.3497
2026-07-11 17:23:15,256:INFO:epoch: 29 | loss: 0.4981 | bce: 0.2524 | raw_bce: 0.2599 | dice_loss: 0.2415 | distance_loss: 0.0414 | tv_loss: 2114.5969 | boundary_weight_mean: 5.0164
2026-07-11 17:23:53,913:INFO:epoch: 30 | loss: 0.4976 | bce: 0.2526 | raw_bce: 0.2598 | dice_loss: 0.2409 | distance_loss: 0.0415 | tv_loss: 2122.0237 | boundary_weight_mean: 4.9945 | eval_loss: 0.7096 | eval_bce: 0.4189 | eval_raw_bce: 0.2737 | eval_dice_loss: 0.2861 | eval_distance_loss: 0.0458 | eval_tv_loss: 1928.9776 | eval_boundary_weight_mean: 2.8940 | eval_pixel_iou: 0.7893 | eval_miou: 0.7526 | eval_boundary_iou: 0.3599
2026-07-11 17:24:30,520:INFO:epoch: 31 | loss: 0.4997 | bce: 0.2543 | raw_bce: 0.2582 | dice_loss: 0.2412 | distance_loss: 0.0415 | tv_loss: 2115.2710 | boundary_weight_mean: 4.9640
2026-07-11 17:25:09,972:INFO:epoch: 32 | loss: 0.4957 | bce: 0.2529 | raw_bce: 0.2585 | dice_loss: 0.2387 | distance_loss: 0.0411 | tv_loss: 2112.7238 | boundary_weight_mean: 4.9972 | eval_loss: 0.7089 | eval_bce: 0.4177 | eval_raw_bce: 0.2685 | eval_dice_loss: 0.2866 | eval_distance_loss: 0.0458 | eval_tv_loss: 1956.9088 | eval_boundary_weight_mean: 2.8940 | eval_pixel_iou: 0.7895 | eval_miou: 0.7506 | eval_boundary_iou: 0.3670
2026-07-11 17:25:46,907:INFO:epoch: 33 | loss: 0.4960 | bce: 0.2525 | raw_bce: 0.2571 | dice_loss: 0.2394 | distance_loss: 0.0408 | tv_loss: 2111.1675 | boundary_weight_mean: 4.9877
2026-07-11 17:26:26,109:INFO:epoch: 34 | loss: 0.4927 | bce: 0.2518 | raw_bce: 0.2577 | dice_loss: 0.2368 | distance_loss: 0.0409 | tv_loss: 2122.4485 | boundary_weight_mean: 5.0025 | eval_loss: 0.7123 | eval_bce: 0.4227 | eval_raw_bce: 0.2670 | eval_dice_loss: 0.2851 | eval_distance_loss: 0.0457 | eval_tv_loss: 1909.9141 | eval_boundary_weight_mean: 2.8940 | eval_pixel_iou: 0.7893 | eval_miou: 0.7605 | eval_boundary_iou: 0.3736
2026-07-11 17:27:02,586:INFO:epoch: 35 | loss: 0.4924 | bce: 0.2512 | raw_bce: 0.2566 | dice_loss: 0.2372 | distance_loss: 0.0406 | tv_loss: 2114.8267 | boundary_weight_mean: 5.0009
2026-07-11 17:27:41,308:INFO:epoch: 36 | loss: 0.4934 | bce: 0.2523 | raw_bce: 0.2552 | dice_loss: 0.2371 | distance_loss: 0.0404 | tv_loss: 2115.8037 | boundary_weight_mean: 4.9824 | eval_loss: 0.7085 | eval_bce: 0.4222 | eval_raw_bce: 0.2721 | eval_dice_loss: 0.2818 | eval_distance_loss: 0.0453 | eval_tv_loss: 1922.7765 | eval_boundary_weight_mean: 2.8940 | eval_pixel_iou: 0.7909 | eval_miou: 0.7592 | eval_boundary_iou: 0.3677
2026-07-11 17:28:17,807:INFO:epoch: 37 | loss: 0.4929 | bce: 0.2507 | raw_bce: 0.2559 | dice_loss: 0.2382 | distance_loss: 0.0405 | tv_loss: 2114.0799 | boundary_weight_mean: 4.9911
2026-07-11 17:28:56,696:INFO:epoch: 38 | loss: 0.4942 | bce: 0.2511 | raw_bce: 0.2563 | dice_loss: 0.2390 | distance_loss: 0.0404 | tv_loss: 2116.5245 | boundary_weight_mean: 5.0032 | eval_loss: 0.7082 | eval_bce: 0.4211 | eval_raw_bce: 0.2723 | eval_dice_loss: 0.2825 | eval_distance_loss: 0.0452 | eval_tv_loss: 1954.8247 | eval_boundary_weight_mean: 2.8940 | eval_pixel_iou: 0.7903 | eval_miou: 0.7528 | eval_boundary_iou: 0.3640
2026-07-11 17:29:33,179:INFO:epoch: 39 | loss: 0.4917 | bce: 0.2526 | raw_bce: 0.2541 | dice_loss: 0.2351 | distance_loss: 0.0400 | tv_loss: 2107.6745 | boundary_weight_mean: 4.9663
2026-07-11 17:30:11,856:INFO:epoch: 40 | loss: 0.4965 | bce: 0.2538 | raw_bce: 0.2563 | dice_loss: 0.2387 | distance_loss: 0.0406 | tv_loss: 2111.5172 | boundary_weight_mean: 4.9618 | eval_loss: 0.7089 | eval_bce: 0.4222 | eval_raw_bce: 0.2737 | eval_dice_loss: 0.2822 | eval_distance_loss: 0.0453 | eval_tv_loss: 1948.2452 | eval_boundary_weight_mean: 2.8940 | eval_pixel_iou: 0.7904 | eval_miou: 0.7557 | eval_boundary_iou: 0.3657
2026-07-11 17:30:48,773:INFO:epoch: 41 | loss: 0.4922 | bce: 0.2517 | raw_bce: 0.2551 | dice_loss: 0.2364 | distance_loss: 0.0403 | tv_loss: 2110.9393 | boundary_weight_mean: 4.9914
2026-07-11 17:31:27,431:INFO:epoch: 42 | loss: 0.4900 | bce: 0.2501 | raw_bce: 0.2552 | dice_loss: 0.2358 | distance_loss: 0.0404 | tv_loss: 2115.3147 | boundary_weight_mean: 5.0038 | eval_loss: 0.7069 | eval_bce: 0.4188 | eval_raw_bce: 0.2699 | eval_dice_loss: 0.2835 | eval_distance_loss: 0.0452 | eval_tv_loss: 1951.9716 | eval_boundary_weight_mean: 2.8940 | eval_pixel_iou: 0.7905 | eval_miou: 0.7556 | eval_boundary_iou: 0.3674
2026-07-11 17:32:03,884:INFO:epoch: 43 | loss: 0.4904 | bce: 0.2486 | raw_bce: 0.2551 | dice_loss: 0.2377 | distance_loss: 0.0402 | tv_loss: 2111.2442 | boundary_weight_mean: 5.0323
2026-07-11 17:32:42,695:INFO:epoch: 44 | loss: 0.4884 | bce: 0.2475 | raw_bce: 0.2545 | dice_loss: 0.2368 | distance_loss: 0.0401 | tv_loss: 2107.9532 | boundary_weight_mean: 5.0448 | eval_loss: 0.7080 | eval_bce: 0.4200 | eval_raw_bce: 0.2686 | eval_dice_loss: 0.2835 | eval_distance_loss: 0.0450 | eval_tv_loss: 1935.5082 | eval_boundary_weight_mean: 2.8940 | eval_pixel_iou: 0.7904 | eval_miou: 0.7587 | eval_boundary_iou: 0.3700
2026-07-11 17:33:19,160:INFO:epoch: 45 | loss: 0.4915 | bce: 0.2524 | raw_bce: 0.2544 | dice_loss: 0.2351 | distance_loss: 0.0403 | tv_loss: 2112.6481 | boundary_weight_mean: 4.9655
2026-07-11 17:33:58,185:INFO:epoch: 46 | loss: 0.4914 | bce: 0.2509 | raw_bce: 0.2557 | dice_loss: 0.2365 | distance_loss: 0.0402 | tv_loss: 2116.5584 | boundary_weight_mean: 4.9987 | eval_loss: 0.7049 | eval_bce: 0.4166 | eval_raw_bce: 0.2688 | eval_dice_loss: 0.2838 | eval_distance_loss: 0.0453 | eval_tv_loss: 1957.8616 | eval_boundary_weight_mean: 2.8940 | eval_pixel_iou: 0.7905 | eval_miou: 0.7557 | eval_boundary_iou: 0.3670
2026-07-11 17:34:34,768:INFO:epoch: 47 | loss: 0.4909 | bce: 0.2487 | raw_bce: 0.2553 | dice_loss: 0.2381 | distance_loss: 0.0403 | tv_loss: 2118.2705 | boundary_weight_mean: 5.0416
2026-07-11 17:35:14,084:INFO:epoch: 48 | loss: 0.4918 | bce: 0.2513 | raw_bce: 0.2542 | dice_loss: 0.2365 | distance_loss: 0.0403 | tv_loss: 2110.6257 | boundary_weight_mean: 4.9879 | eval_loss: 0.7052 | eval_bce: 0.4178 | eval_raw_bce: 0.2678 | eval_dice_loss: 0.2829 | eval_distance_loss: 0.0450 | eval_tv_loss: 1928.6197 | eval_boundary_weight_mean: 2.8940 | eval_pixel_iou: 0.7911 | eval_miou: 0.7597 | eval_boundary_iou: 0.3704
2026-07-11 17:35:51,122:INFO:epoch: 49 | loss: 0.4946 | bce: 0.2529 | raw_bce: 0.2572 | dice_loss: 0.2377 | distance_loss: 0.0406 | tv_loss: 2118.2677 | boundary_weight_mean: 4.9899
2026-07-11 17:36:30,452:INFO:epoch: 50 | loss: 0.4958 | bce: 0.2540 | raw_bce: 0.2566 | dice_loss: 0.2377 | distance_loss: 0.0404 | tv_loss: 2115.9691 | boundary_weight_mean: 4.9594 | eval_loss: 0.7065 | eval_bce: 0.4187 | eval_raw_bce: 0.2723 | eval_dice_loss: 0.2833 | eval_distance_loss: 0.0452 | eval_tv_loss: 1941.2467 | eval_boundary_weight_mean: 2.8940 | eval_pixel_iou: 0.7902 | eval_miou: 0.7559 | eval_boundary_iou: 0.3603
2026-07-11 17:37:07,692:INFO:epoch: 51 | loss: 0.4925 | bce: 0.2511 | raw_bce: 0.2574 | dice_loss: 0.2374 | distance_loss: 0.0404 | tv_loss: 2107.1551 | boundary_weight_mean: 5.0088
2026-07-11 17:37:46,935:INFO:epoch: 52 | loss: 0.4936 | bce: 0.2524 | raw_bce: 0.2573 | dice_loss: 0.2371 | distance_loss: 0.0407 | tv_loss: 2113.9629 | boundary_weight_mean: 4.9872 | eval_loss: 0.7083 | eval_bce: 0.4172 | eval_raw_bce: 0.2672 | eval_dice_loss: 0.2865 | eval_distance_loss: 0.0455 | eval_tv_loss: 1949.6260 | eval_boundary_weight_mean: 2.8940 | eval_pixel_iou: 0.7891 | eval_miou: 0.7567 | eval_boundary_iou: 0.3703
2026-07-11 17:38:23,795:INFO:epoch: 53 | loss: 0.4921 | bce: 0.2510 | raw_bce: 0.2579 | dice_loss: 0.2370 | distance_loss: 0.0405 | tv_loss: 2122.1004 | boundary_weight_mean: 5.0288
2026-07-11 17:39:02,984:INFO:epoch: 54 | loss: 0.4939 | bce: 0.2525 | raw_bce: 0.2583 | dice_loss: 0.2373 | distance_loss: 0.0407 | tv_loss: 2108.5172 | boundary_weight_mean: 4.9990 | eval_loss: 0.7097 | eval_bce: 0.4222 | eval_raw_bce: 0.2728 | eval_dice_loss: 0.2829 | eval_distance_loss: 0.0452 | eval_tv_loss: 1962.5937 | eval_boundary_weight_mean: 2.8940 | eval_pixel_iou: 0.7896 | eval_miou: 0.7575 | eval_boundary_iou: 0.3685
2026-07-11 17:39:39,826:INFO:epoch: 55 | loss: 0.4947 | bce: 0.2537 | raw_bce: 0.2581 | dice_loss: 0.2369 | distance_loss: 0.0409 | tv_loss: 2114.9479 | boundary_weight_mean: 4.9709
2026-07-11 17:40:19,185:INFO:epoch: 56 | loss: 0.4974 | bce: 0.2548 | raw_bce: 0.2590 | dice_loss: 0.2385 | distance_loss: 0.0412 | tv_loss: 2117.4127 | boundary_weight_mean: 4.9622 | eval_loss: 0.7042 | eval_bce: 0.4145 | eval_raw_bce: 0.2681 | eval_dice_loss: 0.2851 | eval_distance_loss: 0.0461 | eval_tv_loss: 1950.5458 | eval_boundary_weight_mean: 2.8940 | eval_pixel_iou: 0.7900 | eval_miou: 0.7525 | eval_boundary_iou: 0.3723
2026-07-11 17:40:56,060:INFO:epoch: 57 | loss: 0.4941 | bce: 0.2514 | raw_bce: 0.2578 | dice_loss: 0.2386 | distance_loss: 0.0407 | tv_loss: 2114.0447 | boundary_weight_mean: 5.0071
2026-07-11 17:41:35,079:INFO:epoch: 58 | loss: 0.4941 | bce: 0.2512 | raw_bce: 0.2594 | dice_loss: 0.2388 | distance_loss: 0.0412 | tv_loss: 2116.7378 | boundary_weight_mean: 5.0303 | eval_loss: 0.7196 | eval_bce: 0.4276 | eval_raw_bce: 0.2712 | eval_dice_loss: 0.2874 | eval_distance_loss: 0.0457 | eval_tv_loss: 1946.5245 | eval_boundary_weight_mean: 2.8940 | eval_pixel_iou: 0.7873 | eval_miou: 0.7506 | eval_boundary_iou: 0.3689
2026-07-11 17:42:11,758:INFO:epoch: 59 | loss: 0.4954 | bce: 0.2504 | raw_bce: 0.2606 | dice_loss: 0.2409 | distance_loss: 0.0415 | tv_loss: 2119.2823 | boundary_weight_mean: 5.0380
2026-07-11 17:42:50,791:INFO:epoch: 60 | loss: 0.4988 | bce: 0.2550 | raw_bce: 0.2599 | dice_loss: 0.2397 | distance_loss: 0.0415 | tv_loss: 2113.3870 | boundary_weight_mean: 4.9675 | eval_loss: 0.7169 | eval_bce: 0.4236 | eval_raw_bce: 0.2700 | eval_dice_loss: 0.2887 | eval_distance_loss: 0.0457 | eval_tv_loss: 1902.7891 | eval_boundary_weight_mean: 2.8940 | eval_pixel_iou: 0.7869 | eval_miou: 0.7521 | eval_boundary_iou: 0.3534
2026-07-11 17:43:27,432:INFO:epoch: 61 | loss: 0.4922 | bce: 0.2513 | raw_bce: 0.2583 | dice_loss: 0.2368 | distance_loss: 0.0407 | tv_loss: 2117.8961 | boundary_weight_mean: 5.0160
2026-07-11 17:44:06,991:INFO:epoch: 62 | loss: 0.5005 | bce: 0.2560 | raw_bce: 0.2616 | dice_loss: 0.2403 | distance_loss: 0.0417 | tv_loss: 2122.6647 | boundary_weight_mean: 4.9650 | eval_loss: 0.7116 | eval_bce: 0.4200 | eval_raw_bce: 0.2735 | eval_dice_loss: 0.2869 | eval_distance_loss: 0.0462 | eval_tv_loss: 1940.4838 | eval_boundary_weight_mean: 2.8940 | eval_pixel_iou: 0.7886 | eval_miou: 0.7574 | eval_boundary_iou: 0.3643
2026-07-11 17:44:43,983:INFO:epoch: 63 | loss: 0.4985 | bce: 0.2535 | raw_bce: 0.2621 | dice_loss: 0.2409 | distance_loss: 0.0419 | tv_loss: 2117.8081 | boundary_weight_mean: 5.0085
2026-07-11 17:45:22,997:INFO:epoch: 64 | loss: 0.4952 | bce: 0.2521 | raw_bce: 0.2587 | dice_loss: 0.2390 | distance_loss: 0.0412 | tv_loss: 2117.9409 | boundary_weight_mean: 5.0147 | eval_loss: 0.7123 | eval_bce: 0.4182 | eval_raw_bce: 0.2666 | eval_dice_loss: 0.2895 | eval_distance_loss: 0.0465 | eval_tv_loss: 1979.5467 | eval_boundary_weight_mean: 2.8940 | eval_pixel_iou: 0.7882 | eval_miou: 0.7471 | eval_boundary_iou: 0.3690
2026-07-11 17:46:00,008:INFO:epoch: 65 | loss: 0.4978 | bce: 0.2539 | raw_bce: 0.2622 | dice_loss: 0.2398 | distance_loss: 0.0416 | tv_loss: 2131.3879 | boundary_weight_mean: 5.0089
2026-07-11 17:46:39,022:INFO:epoch: 66 | loss: 0.5012 | bce: 0.2562 | raw_bce: 0.2631 | dice_loss: 0.2408 | distance_loss: 0.0418 | tv_loss: 2132.0512 | boundary_weight_mean: 4.9711 | eval_loss: 0.7031 | eval_bce: 0.4125 | eval_raw_bce: 0.2785 | eval_dice_loss: 0.2859 | eval_distance_loss: 0.0469 | eval_tv_loss: 2047.4854 | eval_boundary_weight_mean: 2.8940 | eval_pixel_iou: 0.7860 | eval_miou: 0.7494 | eval_boundary_iou: 0.3727
2026-07-11 17:47:15,810:INFO:epoch: 67 | loss: 0.4941 | bce: 0.2504 | raw_bce: 0.2603 | dice_loss: 0.2395 | distance_loss: 0.0410 | tv_loss: 2130.6306 | boundary_weight_mean: 5.0471
2026-07-11 17:47:54,661:INFO:epoch: 68 | loss: 0.4984 | bce: 0.2558 | raw_bce: 0.2611 | dice_loss: 0.2384 | distance_loss: 0.0417 | tv_loss: 2115.0907 | boundary_weight_mean: 4.9534 | eval_loss: 0.7179 | eval_bce: 0.4280 | eval_raw_bce: 0.2791 | eval_dice_loss: 0.2853 | eval_distance_loss: 0.0461 | eval_tv_loss: 1955.0496 | eval_boundary_weight_mean: 2.8940 | eval_pixel_iou: 0.7858 | eval_miou: 0.7512 | eval_boundary_iou: 0.3568
2026-07-11 17:48:31,318:INFO:epoch: 69 | loss: 0.5004 | bce: 0.2551 | raw_bce: 0.2635 | dice_loss: 0.2412 | distance_loss: 0.0419 | tv_loss: 2120.9119 | boundary_weight_mean: 4.9908
2026-07-11 17:49:10,469:INFO:epoch: 70 | loss: 0.5032 | bce: 0.2578 | raw_bce: 0.2658 | dice_loss: 0.2411 | distance_loss: 0.0426 | tv_loss: 2124.8976 | boundary_weight_mean: 4.9610 | eval_loss: 0.7219 | eval_bce: 0.4168 | eval_raw_bce: 0.2629 | eval_dice_loss: 0.3002 | eval_distance_loss: 0.0487 | eval_tv_loss: 1954.0570 | eval_boundary_weight_mean: 2.8940 | eval_pixel_iou: 0.7851 | eval_miou: 0.7530 | eval_boundary_iou: 0.3736
