2026-07-04 12:15:23,255:INFO:DualHeadUNet(
  (inc): DoubleConv(
    (block): Sequential(
      (0): Conv2d(8, 32, kernel_size=(3, 3), stride=(1, 1), padding=(1, 1), bias=False)
      (1): BatchNorm2d(32, eps=1e-05, momentum=0.1, affine=True, track_running_stats=True)
      (2): ReLU(inplace=True)
      (3): Conv2d(32, 32, kernel_size=(3, 3), stride=(1, 1), padding=(1, 1), bias=False)
      (4): BatchNorm2d(32, eps=1e-05, momentum=0.1, affine=True, track_running_stats=True)
      (5): ReLU(inplace=True)
    )
  )
  (down1): Down(
    (block): Sequential(
      (0): MaxPool2d(kernel_size=2, stride=2, padding=0, dilation=1, ceil_mode=False)
      (1): DoubleConv(
        (block): Sequential(
          (0): Conv2d(32, 64, kernel_size=(3, 3), stride=(1, 1), padding=(1, 1), bias=False)
          (1): BatchNorm2d(64, eps=1e-05, momentum=0.1, affine=True, track_running_stats=True)
          (2): ReLU(inplace=True)
          (3): Conv2d(64, 64, kernel_size=(3, 3), stride=(1, 1), padding=(1, 1), bias=False)
          (4): BatchNorm2d(64, eps=1e-05, momentum=0.1, affine=True, track_running_stats=True)
          (5): ReLU(inplace=True)
        )
      )
    )
  )
  (down2): Down(
    (block): Sequential(
      (0): MaxPool2d(kernel_size=2, stride=2, padding=0, dilation=1, ceil_mode=False)
      (1): DoubleConv(
        (block): Sequential(
          (0): Conv2d(64, 128, kernel_size=(3, 3), stride=(1, 1), padding=(1, 1), bias=False)
          (1): BatchNorm2d(128, eps=1e-05, momentum=0.1, affine=True, track_running_stats=True)
          (2): ReLU(inplace=True)
          (3): Conv2d(128, 128, kernel_size=(3, 3), stride=(1, 1), padding=(1, 1), bias=False)
          (4): BatchNorm2d(128, eps=1e-05, momentum=0.1, affine=True, track_running_stats=True)
          (5): ReLU(inplace=True)
        )
      )
    )
  )
  (down3): Down(
    (block): Sequential(
      (0): MaxPool2d(kernel_size=2, stride=2, padding=0, dilation=1, ceil_mode=False)
      (1): DoubleConv(
        (block): Sequential(
          (0): Conv2d(128, 256, kernel_size=(3, 3), stride=(1, 1), padding=(1, 1), bias=False)
          (1): BatchNorm2d(256, eps=1e-05, momentum=0.1, affine=True, track_running_stats=True)
          (2): ReLU(inplace=True)
          (3): Conv2d(256, 256, kernel_size=(3, 3), stride=(1, 1), padding=(1, 1), bias=False)
          (4): BatchNorm2d(256, eps=1e-05, momentum=0.1, affine=True, track_running_stats=True)
          (5): ReLU(inplace=True)
        )
      )
    )
  )
  (down4): Down(
    (block): Sequential(
      (0): MaxPool2d(kernel_size=2, stride=2, padding=0, dilation=1, ceil_mode=False)
      (1): DoubleConv(
        (block): Sequential(
          (0): Conv2d(256, 512, kernel_size=(3, 3), stride=(1, 1), padding=(1, 1), bias=False)
          (1): BatchNorm2d(512, eps=1e-05, momentum=0.1, affine=True, track_running_stats=True)
          (2): ReLU(inplace=True)
          (3): Conv2d(512, 512, kernel_size=(3, 3), stride=(1, 1), padding=(1, 1), bias=False)
          (4): BatchNorm2d(512, eps=1e-05, momentum=0.1, affine=True, track_running_stats=True)
          (5): ReLU(inplace=True)
        )
      )
    )
  )
  (up1): Up(
    (up): ConvTranspose2d(512, 256, kernel_size=(2, 2), stride=(2, 2))
    (conv): DoubleConv(
      (block): Sequential(
        (0): Conv2d(512, 256, kernel_size=(3, 3), stride=(1, 1), padding=(1, 1), bias=False)
        (1): BatchNorm2d(256, eps=1e-05, momentum=0.1, affine=True, track_running_stats=True)
        (2): ReLU(inplace=True)
        (3): Conv2d(256, 256, kernel_size=(3, 3), stride=(1, 1), padding=(1, 1), bias=False)
        (4): BatchNorm2d(256, eps=1e-05, momentum=0.1, affine=True, track_running_stats=True)
        (5): ReLU(inplace=True)
      )
    )
  )
  (up2): Up(
    (up): ConvTranspose2d(256, 128, kernel_size=(2, 2), stride=(2, 2))
    (conv): DoubleConv(
      (block): Sequential(
        (0): Conv2d(256, 128, kernel_size=(3, 3), stride=(1, 1), padding=(1, 1), bias=False)
        (1): BatchNorm2d(128, eps=1e-05, momentum=0.1, affine=True, track_running_stats=True)
        (2): ReLU(inplace=True)
        (3): Conv2d(128, 128, kernel_size=(3, 3), stride=(1, 1), padding=(1, 1), bias=False)
        (4): BatchNorm2d(128, eps=1e-05, momentum=0.1, affine=True, track_running_stats=True)
        (5): ReLU(inplace=True)
      )
    )
  )
  (up3): Up(
    (up): ConvTranspose2d(128, 64, kernel_size=(2, 2), stride=(2, 2))
    (conv): DoubleConv(
      (block): Sequential(
        (0): Conv2d(128, 64, kernel_size=(3, 3), stride=(1, 1), padding=(1, 1), bias=False)
        (1): BatchNorm2d(64, eps=1e-05, momentum=0.1, affine=True, track_running_stats=True)
        (2): ReLU(inplace=True)
        (3): Conv2d(64, 64, kernel_size=(3, 3), stride=(1, 1), padding=(1, 1), bias=False)
        (4): BatchNorm2d(64, eps=1e-05, momentum=0.1, affine=True, track_running_stats=True)
        (5): ReLU(inplace=True)
      )
    )
  )
  (up4): Up(
    (up): ConvTranspose2d(64, 32, kernel_size=(2, 2), stride=(2, 2))
    (conv): DoubleConv(
      (block): Sequential(
        (0): Conv2d(64, 32, kernel_size=(3, 3), stride=(1, 1), padding=(1, 1), bias=False)
        (1): BatchNorm2d(32, eps=1e-05, momentum=0.1, affine=True, track_running_stats=True)
        (2): ReLU(inplace=True)
        (3): Conv2d(32, 32, kernel_size=(3, 3), stride=(1, 1), padding=(1, 1), bias=False)
        (4): BatchNorm2d(32, eps=1e-05, momentum=0.1, affine=True, track_running_stats=True)
        (5): ReLU(inplace=True)
      )
    )
  )
  (mask_head): Conv2d(32, 1, kernel_size=(1, 1), stride=(1, 1))
  (distance_head): Sequential(
    (0): Conv2d(32, 32, kernel_size=(3, 3), stride=(1, 1), padding=(1, 1), bias=False)
    (1): BatchNorm2d(32, eps=1e-05, momentum=0.1, affine=True, track_running_stats=True)
    (2): ReLU(inplace=True)
    (3): Conv2d(32, 1, kernel_size=(1, 1), stride=(1, 1))
  )
)
Trainable parameters by tensor:
  inc.block.0.weight: 2,304
  inc.block.1.weight: 32
  inc.block.1.bias: 32
  inc.block.3.weight: 9,216
  inc.block.4.weight: 32
  inc.block.4.bias: 32
  down1.block.1.block.0.weight: 18,432
  down1.block.1.block.1.weight: 64
  down1.block.1.block.1.bias: 64
  down1.block.1.block.3.weight: 36,864
  down1.block.1.block.4.weight: 64
  down1.block.1.block.4.bias: 64
  down2.block.1.block.0.weight: 73,728
  down2.block.1.block.1.weight: 128
  down2.block.1.block.1.bias: 128
  down2.block.1.block.3.weight: 147,456
  down2.block.1.block.4.weight: 128
  down2.block.1.block.4.bias: 128
  down3.block.1.block.0.weight: 294,912
  down3.block.1.block.1.weight: 256
  down3.block.1.block.1.bias: 256
  down3.block.1.block.3.weight: 589,824
  down3.block.1.block.4.weight: 256
  down3.block.1.block.4.bias: 256
  down4.block.1.block.0.weight: 1,179,648
  down4.block.1.block.1.weight: 512
  down4.block.1.block.1.bias: 512
  down4.block.1.block.3.weight: 2,359,296
  down4.block.1.block.4.weight: 512
  down4.block.1.block.4.bias: 512
  up1.up.weight: 524,288
  up1.up.bias: 256
  up1.conv.block.0.weight: 1,179,648
  up1.conv.block.1.weight: 256
  up1.conv.block.1.bias: 256
  up1.conv.block.3.weight: 589,824
  up1.conv.block.4.weight: 256
  up1.conv.block.4.bias: 256
  up2.up.weight: 131,072
  up2.up.bias: 128
  up2.conv.block.0.weight: 294,912
  up2.conv.block.1.weight: 128
  up2.conv.block.1.bias: 128
  up2.conv.block.3.weight: 147,456
  up2.conv.block.4.weight: 128
  up2.conv.block.4.bias: 128
  up3.up.weight: 32,768
  up3.up.bias: 64
  up3.conv.block.0.weight: 73,728
  up3.conv.block.1.weight: 64
  up3.conv.block.1.bias: 64
  up3.conv.block.3.weight: 36,864
  up3.conv.block.4.weight: 64
  up3.conv.block.4.bias: 64
  up4.up.weight: 8,192
  up4.up.bias: 32
  up4.conv.block.0.weight: 18,432
  up4.conv.block.1.weight: 32
  up4.conv.block.1.bias: 32
  up4.conv.block.3.weight: 9,216
  up4.conv.block.4.weight: 32
  up4.conv.block.4.bias: 32
  mask_head.weight: 32
  mask_head.bias: 1
  distance_head.0.weight: 9,216
  distance_head.1.weight: 32
  distance_head.1.bias: 32
  distance_head.3.weight: 32
  distance_head.3.bias: 1
Total trainable parameters: 7,773,794
2026-07-04 12:15:23,259:INFO:------------ New Training Session ------------
2026-07-04 12:15:53,353:INFO:DualHeadUNet(
  (inc): DoubleConv(
    (block): Sequential(
      (0): Conv2d(8, 32, kernel_size=(3, 3), stride=(1, 1), padding=(1, 1), bias=False)
      (1): BatchNorm2d(32, eps=1e-05, momentum=0.1, affine=True, track_running_stats=True)
      (2): ReLU(inplace=True)
      (3): Conv2d(32, 32, kernel_size=(3, 3), stride=(1, 1), padding=(1, 1), bias=False)
      (4): BatchNorm2d(32, eps=1e-05, momentum=0.1, affine=True, track_running_stats=True)
      (5): ReLU(inplace=True)
    )
  )
  (down1): Down(
    (block): Sequential(
      (0): MaxPool2d(kernel_size=2, stride=2, padding=0, dilation=1, ceil_mode=False)
      (1): DoubleConv(
        (block): Sequential(
          (0): Conv2d(32, 64, kernel_size=(3, 3), stride=(1, 1), padding=(1, 1), bias=False)
          (1): BatchNorm2d(64, eps=1e-05, momentum=0.1, affine=True, track_running_stats=True)
          (2): ReLU(inplace=True)
          (3): Conv2d(64, 64, kernel_size=(3, 3), stride=(1, 1), padding=(1, 1), bias=False)
          (4): BatchNorm2d(64, eps=1e-05, momentum=0.1, affine=True, track_running_stats=True)
          (5): ReLU(inplace=True)
        )
      )
    )
  )
  (down2): Down(
    (block): Sequential(
      (0): MaxPool2d(kernel_size=2, stride=2, padding=0, dilation=1, ceil_mode=False)
      (1): DoubleConv(
        (block): Sequential(
          (0): Conv2d(64, 128, kernel_size=(3, 3), stride=(1, 1), padding=(1, 1), bias=False)
          (1): BatchNorm2d(128, eps=1e-05, momentum=0.1, affine=True, track_running_stats=True)
          (2): ReLU(inplace=True)
          (3): Conv2d(128, 128, kernel_size=(3, 3), stride=(1, 1), padding=(1, 1), bias=False)
          (4): BatchNorm2d(128, eps=1e-05, momentum=0.1, affine=True, track_running_stats=True)
          (5): ReLU(inplace=True)
        )
      )
    )
  )
  (down3): Down(
    (block): Sequential(
      (0): MaxPool2d(kernel_size=2, stride=2, padding=0, dilation=1, ceil_mode=False)
      (1): DoubleConv(
        (block): Sequential(
          (0): Conv2d(128, 256, kernel_size=(3, 3), stride=(1, 1), padding=(1, 1), bias=False)
          (1): BatchNorm2d(256, eps=1e-05, momentum=0.1, affine=True, track_running_stats=True)
          (2): ReLU(inplace=True)
          (3): Conv2d(256, 256, kernel_size=(3, 3), stride=(1, 1), padding=(1, 1), bias=False)
          (4): BatchNorm2d(256, eps=1e-05, momentum=0.1, affine=True, track_running_stats=True)
          (5): ReLU(inplace=True)
        )
      )
    )
  )
  (down4): Down(
    (block): Sequential(
      (0): MaxPool2d(kernel_size=2, stride=2, padding=0, dilation=1, ceil_mode=False)
      (1): DoubleConv(
        (block): Sequential(
          (0): Conv2d(256, 512, kernel_size=(3, 3), stride=(1, 1), padding=(1, 1), bias=False)
          (1): BatchNorm2d(512, eps=1e-05, momentum=0.1, affine=True, track_running_stats=True)
          (2): ReLU(inplace=True)
          (3): Conv2d(512, 512, kernel_size=(3, 3), stride=(1, 1), padding=(1, 1), bias=False)
          (4): BatchNorm2d(512, eps=1e-05, momentum=0.1, affine=True, track_running_stats=True)
          (5): ReLU(inplace=True)
        )
      )
    )
  )
  (up1): Up(
    (up): ConvTranspose2d(512, 256, kernel_size=(2, 2), stride=(2, 2))
    (conv): DoubleConv(
      (block): Sequential(
        (0): Conv2d(512, 256, kernel_size=(3, 3), stride=(1, 1), padding=(1, 1), bias=False)
        (1): BatchNorm2d(256, eps=1e-05, momentum=0.1, affine=True, track_running_stats=True)
        (2): ReLU(inplace=True)
        (3): Conv2d(256, 256, kernel_size=(3, 3), stride=(1, 1), padding=(1, 1), bias=False)
        (4): BatchNorm2d(256, eps=1e-05, momentum=0.1, affine=True, track_running_stats=True)
        (5): ReLU(inplace=True)
      )
    )
  )
  (up2): Up(
    (up): ConvTranspose2d(256, 128, kernel_size=(2, 2), stride=(2, 2))
    (conv): DoubleConv(
      (block): Sequential(
        (0): Conv2d(256, 128, kernel_size=(3, 3), stride=(1, 1), padding=(1, 1), bias=False)
        (1): BatchNorm2d(128, eps=1e-05, momentum=0.1, affine=True, track_running_stats=True)
        (2): ReLU(inplace=True)
        (3): Conv2d(128, 128, kernel_size=(3, 3), stride=(1, 1), padding=(1, 1), bias=False)
        (4): BatchNorm2d(128, eps=1e-05, momentum=0.1, affine=True, track_running_stats=True)
        (5): ReLU(inplace=True)
      )
    )
  )
  (up3): Up(
    (up): ConvTranspose2d(128, 64, kernel_size=(2, 2), stride=(2, 2))
    (conv): DoubleConv(
      (block): Sequential(
        (0): Conv2d(128, 64, kernel_size=(3, 3), stride=(1, 1), padding=(1, 1), bias=False)
        (1): BatchNorm2d(64, eps=1e-05, momentum=0.1, affine=True, track_running_stats=True)
        (2): ReLU(inplace=True)
        (3): Conv2d(64, 64, kernel_size=(3, 3), stride=(1, 1), padding=(1, 1), bias=False)
        (4): BatchNorm2d(64, eps=1e-05, momentum=0.1, affine=True, track_running_stats=True)
        (5): ReLU(inplace=True)
      )
    )
  )
  (up4): Up(
    (up): ConvTranspose2d(64, 32, kernel_size=(2, 2), stride=(2, 2))
    (conv): DoubleConv(
      (block): Sequential(
        (0): Conv2d(64, 32, kernel_size=(3, 3), stride=(1, 1), padding=(1, 1), bias=False)
        (1): BatchNorm2d(32, eps=1e-05, momentum=0.1, affine=True, track_running_stats=True)
        (2): ReLU(inplace=True)
        (3): Conv2d(32, 32, kernel_size=(3, 3), stride=(1, 1), padding=(1, 1), bias=False)
        (4): BatchNorm2d(32, eps=1e-05, momentum=0.1, affine=True, track_running_stats=True)
        (5): ReLU(inplace=True)
      )
    )
  )
  (mask_head): Conv2d(32, 1, kernel_size=(1, 1), stride=(1, 1))
  (distance_head): Sequential(
    (0): Conv2d(32, 32, kernel_size=(3, 3), stride=(1, 1), padding=(1, 1), bias=False)
    (1): BatchNorm2d(32, eps=1e-05, momentum=0.1, affine=True, track_running_stats=True)
    (2): ReLU(inplace=True)
    (3): Conv2d(32, 1, kernel_size=(1, 1), stride=(1, 1))
  )
)
Trainable parameters by tensor:
  inc.block.0.weight: 2,304
  inc.block.1.weight: 32
  inc.block.1.bias: 32
  inc.block.3.weight: 9,216
  inc.block.4.weight: 32
  inc.block.4.bias: 32
  down1.block.1.block.0.weight: 18,432
  down1.block.1.block.1.weight: 64
  down1.block.1.block.1.bias: 64
  down1.block.1.block.3.weight: 36,864
  down1.block.1.block.4.weight: 64
  down1.block.1.block.4.bias: 64
  down2.block.1.block.0.weight: 73,728
  down2.block.1.block.1.weight: 128
  down2.block.1.block.1.bias: 128
  down2.block.1.block.3.weight: 147,456
  down2.block.1.block.4.weight: 128
  down2.block.1.block.4.bias: 128
  down3.block.1.block.0.weight: 294,912
  down3.block.1.block.1.weight: 256
  down3.block.1.block.1.bias: 256
  down3.block.1.block.3.weight: 589,824
  down3.block.1.block.4.weight: 256
  down3.block.1.block.4.bias: 256
  down4.block.1.block.0.weight: 1,179,648
  down4.block.1.block.1.weight: 512
  down4.block.1.block.1.bias: 512
  down4.block.1.block.3.weight: 2,359,296
  down4.block.1.block.4.weight: 512
  down4.block.1.block.4.bias: 512
  up1.up.weight: 524,288
  up1.up.bias: 256
  up1.conv.block.0.weight: 1,179,648
  up1.conv.block.1.weight: 256
  up1.conv.block.1.bias: 256
  up1.conv.block.3.weight: 589,824
  up1.conv.block.4.weight: 256
  up1.conv.block.4.bias: 256
  up2.up.weight: 131,072
  up2.up.bias: 128
  up2.conv.block.0.weight: 294,912
  up2.conv.block.1.weight: 128
  up2.conv.block.1.bias: 128
  up2.conv.block.3.weight: 147,456
  up2.conv.block.4.weight: 128
  up2.conv.block.4.bias: 128
  up3.up.weight: 32,768
  up3.up.bias: 64
  up3.conv.block.0.weight: 73,728
  up3.conv.block.1.weight: 64
  up3.conv.block.1.bias: 64
  up3.conv.block.3.weight: 36,864
  up3.conv.block.4.weight: 64
  up3.conv.block.4.bias: 64
  up4.up.weight: 8,192
  up4.up.bias: 32
  up4.conv.block.0.weight: 18,432
  up4.conv.block.1.weight: 32
  up4.conv.block.1.bias: 32
  up4.conv.block.3.weight: 9,216
  up4.conv.block.4.weight: 32
  up4.conv.block.4.bias: 32
  mask_head.weight: 32
  mask_head.bias: 1
  distance_head.0.weight: 9,216
  distance_head.1.weight: 32
  distance_head.1.bias: 32
  distance_head.3.weight: 32
  distance_head.3.bias: 1
Total trainable parameters: 7,773,794
2026-07-04 12:15:53,357:INFO:------------ New Training Session ------------
2026-07-04 12:20:56,258:INFO:DualHeadUNet(
  (inc): DoubleConv(
    (block): Sequential(
      (0): Conv2d(8, 32, kernel_size=(3, 3), stride=(1, 1), padding=(1, 1), bias=False)
      (1): BatchNorm2d(32, eps=1e-05, momentum=0.1, affine=True, track_running_stats=True)
      (2): ReLU(inplace=True)
      (3): Conv2d(32, 32, kernel_size=(3, 3), stride=(1, 1), padding=(1, 1), bias=False)
      (4): BatchNorm2d(32, eps=1e-05, momentum=0.1, affine=True, track_running_stats=True)
      (5): ReLU(inplace=True)
    )
  )
  (down1): Down(
    (block): Sequential(
      (0): MaxPool2d(kernel_size=2, stride=2, padding=0, dilation=1, ceil_mode=False)
      (1): DoubleConv(
        (block): Sequential(
          (0): Conv2d(32, 64, kernel_size=(3, 3), stride=(1, 1), padding=(1, 1), bias=False)
          (1): BatchNorm2d(64, eps=1e-05, momentum=0.1, affine=True, track_running_stats=True)
          (2): ReLU(inplace=True)
          (3): Conv2d(64, 64, kernel_size=(3, 3), stride=(1, 1), padding=(1, 1), bias=False)
          (4): BatchNorm2d(64, eps=1e-05, momentum=0.1, affine=True, track_running_stats=True)
          (5): ReLU(inplace=True)
        )
      )
    )
  )
  (down2): Down(
    (block): Sequential(
      (0): MaxPool2d(kernel_size=2, stride=2, padding=0, dilation=1, ceil_mode=False)
      (1): DoubleConv(
        (block): Sequential(
          (0): Conv2d(64, 128, kernel_size=(3, 3), stride=(1, 1), padding=(1, 1), bias=False)
          (1): BatchNorm2d(128, eps=1e-05, momentum=0.1, affine=True, track_running_stats=True)
          (2): ReLU(inplace=True)
          (3): Conv2d(128, 128, kernel_size=(3, 3), stride=(1, 1), padding=(1, 1), bias=False)
          (4): BatchNorm2d(128, eps=1e-05, momentum=0.1, affine=True, track_running_stats=True)
          (5): ReLU(inplace=True)
        )
      )
    )
  )
  (down3): Down(
    (block): Sequential(
      (0): MaxPool2d(kernel_size=2, stride=2, padding=0, dilation=1, ceil_mode=False)
      (1): DoubleConv(
        (block): Sequential(
          (0): Conv2d(128, 256, kernel_size=(3, 3), stride=(1, 1), padding=(1, 1), bias=False)
          (1): BatchNorm2d(256, eps=1e-05, momentum=0.1, affine=True, track_running_stats=True)
          (2): ReLU(inplace=True)
          (3): Conv2d(256, 256, kernel_size=(3, 3), stride=(1, 1), padding=(1, 1), bias=False)
          (4): BatchNorm2d(256, eps=1e-05, momentum=0.1, affine=True, track_running_stats=True)
          (5): ReLU(inplace=True)
        )
      )
    )
  )
  (down4): Down(
    (block): Sequential(
      (0): MaxPool2d(kernel_size=2, stride=2, padding=0, dilation=1, ceil_mode=False)
      (1): DoubleConv(
        (block): Sequential(
          (0): Conv2d(256, 512, kernel_size=(3, 3), stride=(1, 1), padding=(1, 1), bias=False)
          (1): BatchNorm2d(512, eps=1e-05, momentum=0.1, affine=True, track_running_stats=True)
          (2): ReLU(inplace=True)
          (3): Conv2d(512, 512, kernel_size=(3, 3), stride=(1, 1), padding=(1, 1), bias=False)
          (4): BatchNorm2d(512, eps=1e-05, momentum=0.1, affine=True, track_running_stats=True)
          (5): ReLU(inplace=True)
        )
      )
    )
  )
  (up1): Up(
    (up): ConvTranspose2d(512, 256, kernel_size=(2, 2), stride=(2, 2))
    (conv): DoubleConv(
      (block): Sequential(
        (0): Conv2d(512, 256, kernel_size=(3, 3), stride=(1, 1), padding=(1, 1), bias=False)
        (1): BatchNorm2d(256, eps=1e-05, momentum=0.1, affine=True, track_running_stats=True)
        (2): ReLU(inplace=True)
        (3): Conv2d(256, 256, kernel_size=(3, 3), stride=(1, 1), padding=(1, 1), bias=False)
        (4): BatchNorm2d(256, eps=1e-05, momentum=0.1, affine=True, track_running_stats=True)
        (5): ReLU(inplace=True)
      )
    )
  )
  (up2): Up(
    (up): ConvTranspose2d(256, 128, kernel_size=(2, 2), stride=(2, 2))
    (conv): DoubleConv(
      (block): Sequential(
        (0): Conv2d(256, 128, kernel_size=(3, 3), stride=(1, 1), padding=(1, 1), bias=False)
        (1): BatchNorm2d(128, eps=1e-05, momentum=0.1, affine=True, track_running_stats=True)
        (2): ReLU(inplace=True)
        (3): Conv2d(128, 128, kernel_size=(3, 3), stride=(1, 1), padding=(1, 1), bias=False)
        (4): BatchNorm2d(128, eps=1e-05, momentum=0.1, affine=True, track_running_stats=True)
        (5): ReLU(inplace=True)
      )
    )
  )
  (up3): Up(
    (up): ConvTranspose2d(128, 64, kernel_size=(2, 2), stride=(2, 2))
    (conv): DoubleConv(
      (block): Sequential(
        (0): Conv2d(128, 64, kernel_size=(3, 3), stride=(1, 1), padding=(1, 1), bias=False)
        (1): BatchNorm2d(64, eps=1e-05, momentum=0.1, affine=True, track_running_stats=True)
        (2): ReLU(inplace=True)
        (3): Conv2d(64, 64, kernel_size=(3, 3), stride=(1, 1), padding=(1, 1), bias=False)
        (4): BatchNorm2d(64, eps=1e-05, momentum=0.1, affine=True, track_running_stats=True)
        (5): ReLU(inplace=True)
      )
    )
  )
  (up4): Up(
    (up): ConvTranspose2d(64, 32, kernel_size=(2, 2), stride=(2, 2))
    (conv): DoubleConv(
      (block): Sequential(
        (0): Conv2d(64, 32, kernel_size=(3, 3), stride=(1, 1), padding=(1, 1), bias=False)
        (1): BatchNorm2d(32, eps=1e-05, momentum=0.1, affine=True, track_running_stats=True)
        (2): ReLU(inplace=True)
        (3): Conv2d(32, 32, kernel_size=(3, 3), stride=(1, 1), padding=(1, 1), bias=False)
        (4): BatchNorm2d(32, eps=1e-05, momentum=0.1, affine=True, track_running_stats=True)
        (5): ReLU(inplace=True)
      )
    )
  )
  (mask_head): Conv2d(32, 1, kernel_size=(1, 1), stride=(1, 1))
  (distance_head): Sequential(
    (0): Conv2d(32, 32, kernel_size=(3, 3), stride=(1, 1), padding=(1, 1), bias=False)
    (1): BatchNorm2d(32, eps=1e-05, momentum=0.1, affine=True, track_running_stats=True)
    (2): ReLU(inplace=True)
    (3): Conv2d(32, 1, kernel_size=(1, 1), stride=(1, 1))
  )
)
Trainable parameters by tensor:
  inc.block.0.weight: 2,304
  inc.block.1.weight: 32
  inc.block.1.bias: 32
  inc.block.3.weight: 9,216
  inc.block.4.weight: 32
  inc.block.4.bias: 32
  down1.block.1.block.0.weight: 18,432
  down1.block.1.block.1.weight: 64
  down1.block.1.block.1.bias: 64
  down1.block.1.block.3.weight: 36,864
  down1.block.1.block.4.weight: 64
  down1.block.1.block.4.bias: 64
  down2.block.1.block.0.weight: 73,728
  down2.block.1.block.1.weight: 128
  down2.block.1.block.1.bias: 128
  down2.block.1.block.3.weight: 147,456
  down2.block.1.block.4.weight: 128
  down2.block.1.block.4.bias: 128
  down3.block.1.block.0.weight: 294,912
  down3.block.1.block.1.weight: 256
  down3.block.1.block.1.bias: 256
  down3.block.1.block.3.weight: 589,824
  down3.block.1.block.4.weight: 256
  down3.block.1.block.4.bias: 256
  down4.block.1.block.0.weight: 1,179,648
  down4.block.1.block.1.weight: 512
  down4.block.1.block.1.bias: 512
  down4.block.1.block.3.weight: 2,359,296
  down4.block.1.block.4.weight: 512
  down4.block.1.block.4.bias: 512
  up1.up.weight: 524,288
  up1.up.bias: 256
  up1.conv.block.0.weight: 1,179,648
  up1.conv.block.1.weight: 256
  up1.conv.block.1.bias: 256
  up1.conv.block.3.weight: 589,824
  up1.conv.block.4.weight: 256
  up1.conv.block.4.bias: 256
  up2.up.weight: 131,072
  up2.up.bias: 128
  up2.conv.block.0.weight: 294,912
  up2.conv.block.1.weight: 128
  up2.conv.block.1.bias: 128
  up2.conv.block.3.weight: 147,456
  up2.conv.block.4.weight: 128
  up2.conv.block.4.bias: 128
  up3.up.weight: 32,768
  up3.up.bias: 64
  up3.conv.block.0.weight: 73,728
  up3.conv.block.1.weight: 64
  up3.conv.block.1.bias: 64
  up3.conv.block.3.weight: 36,864
  up3.conv.block.4.weight: 64
  up3.conv.block.4.bias: 64
  up4.up.weight: 8,192
  up4.up.bias: 32
  up4.conv.block.0.weight: 18,432
  up4.conv.block.1.weight: 32
  up4.conv.block.1.bias: 32
  up4.conv.block.3.weight: 9,216
  up4.conv.block.4.weight: 32
  up4.conv.block.4.bias: 32
  mask_head.weight: 32
  mask_head.bias: 1
  distance_head.0.weight: 9,216
  distance_head.1.weight: 32
  distance_head.1.bias: 32
  distance_head.3.weight: 32
  distance_head.3.bias: 1
Total trainable parameters: 7,773,794
2026-07-04 12:20:56,261:INFO:------------ New Training Session ------------
2026-07-04 12:21:21,418:INFO:epoch: 1 | loss: 0.8224 | bce: 0.4210 | dice_loss: 0.3580 | distance_loss: 0.0831 | tv_loss: 1922.3532
2026-07-04 12:21:45,477:INFO:epoch: 2 | loss: 0.7261 | bce: 0.3770 | dice_loss: 0.3106 | distance_loss: 0.0738 | tv_loss: 1581.8199
2026-07-04 12:22:09,416:INFO:epoch: 3 | loss: 0.6863 | bce: 0.3590 | dice_loss: 0.2911 | distance_loss: 0.0691 | tv_loss: 1667.1443
2026-07-04 12:22:33,588:INFO:epoch: 4 | loss: 0.6614 | bce: 0.3512 | dice_loss: 0.2758 | distance_loss: 0.0653 | tv_loss: 1782.0303
2026-07-04 12:23:00,562:INFO:epoch: 5 | loss: 0.6429 | bce: 0.3438 | dice_loss: 0.2658 | distance_loss: 0.0628 | tv_loss: 1852.3029 | eval_loss: 0.6541 | eval_bce: 0.2866 | eval_dice_loss: 0.3374 | eval_distance_loss: 0.0570 | eval_tv_loss: 1549.3124 | eval_miou: 0.7309 | eval_boundary_iou: 0.2799
2026-07-04 12:23:24,880:INFO:epoch: 6 | loss: 0.6290 | bce: 0.3383 | dice_loss: 0.2583 | distance_loss: 0.0608 | tv_loss: 1943.0609
2026-07-04 12:23:49,092:INFO:epoch: 7 | loss: 0.6259 | bce: 0.3389 | dice_loss: 0.2548 | distance_loss: 0.0603 | tv_loss: 2015.8793
2026-07-04 12:24:42,996:INFO:epoch: 8 | loss: 0.6147 | bce: 0.3320 | dice_loss: 0.2511 | distance_loss: 0.0590 | tv_loss: 2072.8230
2026-07-04 12:25:07,115:INFO:epoch: 9 | loss: 0.6002 | bce: 0.3270 | dice_loss: 0.2428 | distance_loss: 0.0566 | tv_loss: 2117.3128
2026-07-04 12:25:34,768:INFO:epoch: 10 | loss: 0.6026 | bce: 0.3279 | dice_loss: 0.2438 | distance_loss: 0.0574 | tv_loss: 2168.0410 | eval_loss: 0.6421 | eval_bce: 0.2837 | eval_dice_loss: 0.3286 | eval_distance_loss: 0.0557 | eval_tv_loss: 1920.0015 | eval_miou: 0.7320 | eval_boundary_iou: 0.3447
2026-07-04 12:25:59,106:INFO:epoch: 11 | loss: 0.5910 | bce: 0.3206 | dice_loss: 0.2401 | distance_loss: 0.0561 | tv_loss: 2197.0084
2026-07-04 12:26:23,511:INFO:epoch: 12 | loss: 0.5838 | bce: 0.3183 | dice_loss: 0.2358 | distance_loss: 0.0548 | tv_loss: 2238.8644
2026-07-04 12:26:48,736:INFO:epoch: 13 | loss: 0.5828 | bce: 0.3178 | dice_loss: 0.2353 | distance_loss: 0.0547 | tv_loss: 2252.9223
2026-07-04 12:27:13,324:INFO:epoch: 14 | loss: 0.5760 | bce: 0.3139 | dice_loss: 0.2329 | distance_loss: 0.0538 | tv_loss: 2268.5135
2026-07-04 12:27:40,752:INFO:epoch: 15 | loss: 0.5760 | bce: 0.3142 | dice_loss: 0.2326 | distance_loss: 0.0538 | tv_loss: 2283.0469 | eval_loss: 0.6232 | eval_bce: 0.2770 | eval_dice_loss: 0.3182 | eval_distance_loss: 0.0524 | eval_tv_loss: 1776.9841 | eval_miou: 0.7375 | eval_boundary_iou: 0.3599
2026-07-04 12:28:34,963:INFO:epoch: 16 | loss: 0.5727 | bce: 0.3130 | dice_loss: 0.2309 | distance_loss: 0.0531 | tv_loss: 2298.3424
2026-07-04 12:28:59,253:INFO:epoch: 17 | loss: 0.5594 | bce: 0.3063 | dice_loss: 0.2250 | distance_loss: 0.0515 | tv_loss: 2294.9271
2026-07-04 12:29:23,399:INFO:epoch: 18 | loss: 0.5567 | bce: 0.3041 | dice_loss: 0.2247 | distance_loss: 0.0512 | tv_loss: 2322.5879
2026-07-04 12:30:17,395:INFO:epoch: 19 | loss: 0.5564 | bce: 0.3049 | dice_loss: 0.2235 | distance_loss: 0.0512 | tv_loss: 2325.4730
2026-07-04 12:30:43,804:INFO:epoch: 20 | loss: 0.5510 | bce: 0.3006 | dice_loss: 0.2226 | distance_loss: 0.0508 | tv_loss: 2337.7431 | eval_loss: 0.5985 | eval_bce: 0.2637 | eval_dice_loss: 0.3089 | eval_distance_loss: 0.0481 | eval_tv_loss: 1831.9271 | eval_miou: 0.7456 | eval_boundary_iou: 0.3798
2026-07-04 12:31:08,824:INFO:epoch: 21 | loss: 0.5450 | bce: 0.2983 | dice_loss: 0.2195 | distance_loss: 0.0496 | tv_loss: 2344.9339
2026-07-04 12:31:32,985:INFO:epoch: 22 | loss: 0.5456 | bce: 0.2989 | dice_loss: 0.2196 | distance_loss: 0.0495 | tv_loss: 2362.4149
2026-07-04 12:31:57,193:INFO:epoch: 23 | loss: 0.5412 | bce: 0.2958 | dice_loss: 0.2186 | distance_loss: 0.0489 | tv_loss: 2353.7084
2026-07-04 12:32:22,082:INFO:epoch: 24 | loss: 0.5339 | bce: 0.2934 | dice_loss: 0.2140 | distance_loss: 0.0481 | tv_loss: 2357.1204
2026-07-04 12:32:49,100:INFO:epoch: 25 | loss: 0.5299 | bce: 0.2905 | dice_loss: 0.2133 | distance_loss: 0.0476 | tv_loss: 2376.4888 | eval_loss: 0.5984 | eval_bce: 0.2712 | eval_dice_loss: 0.3007 | eval_distance_loss: 0.0491 | eval_tv_loss: 1964.5864 | eval_miou: 0.7579 | eval_boundary_iou: 0.3974
2026-07-04 12:33:13,674:INFO:epoch: 26 | loss: 0.5264 | bce: 0.2886 | dice_loss: 0.2118 | distance_loss: 0.0472 | tv_loss: 2379.0384
2026-07-04 12:34:07,697:INFO:epoch: 27 | loss: 0.5223 | bce: 0.2865 | dice_loss: 0.2100 | distance_loss: 0.0469 | tv_loss: 2364.8000
2026-07-04 12:34:31,792:INFO:epoch: 28 | loss: 0.5180 | bce: 0.2843 | dice_loss: 0.2082 | distance_loss: 0.0463 | tv_loss: 2378.8103
2026-07-04 12:34:56,089:INFO:epoch: 29 | loss: 0.5125 | bce: 0.2816 | dice_loss: 0.2058 | distance_loss: 0.0454 | tv_loss: 2377.8691
2026-07-04 12:35:52,411:INFO:epoch: 30 | loss: 0.5100 | bce: 0.2798 | dice_loss: 0.2052 | distance_loss: 0.0453 | tv_loss: 2378.0145 | eval_loss: 0.6083 | eval_bce: 0.2768 | eval_dice_loss: 0.3052 | eval_distance_loss: 0.0489 | eval_tv_loss: 1887.8494 | eval_miou: 0.7445 | eval_boundary_iou: 0.3918
2026-07-04 14:44:17,640:INFO:DualHeadUNet(
  (inc): DoubleConv(
    (block): Sequential(
      (0): Conv2d(8, 32, kernel_size=(3, 3), stride=(1, 1), padding=(1, 1), bias=False)
      (1): BatchNorm2d(32, eps=1e-05, momentum=0.1, affine=True, track_running_stats=True)
      (2): ReLU(inplace=True)
      (3): Conv2d(32, 32, kernel_size=(3, 3), stride=(1, 1), padding=(1, 1), bias=False)
      (4): BatchNorm2d(32, eps=1e-05, momentum=0.1, affine=True, track_running_stats=True)
      (5): ReLU(inplace=True)
    )
  )
  (down1): Down(
    (block): Sequential(
      (0): MaxPool2d(kernel_size=2, stride=2, padding=0, dilation=1, ceil_mode=False)
      (1): DoubleConv(
        (block): Sequential(
          (0): Conv2d(32, 64, kernel_size=(3, 3), stride=(1, 1), padding=(1, 1), bias=False)
          (1): BatchNorm2d(64, eps=1e-05, momentum=0.1, affine=True, track_running_stats=True)
          (2): ReLU(inplace=True)
          (3): Conv2d(64, 64, kernel_size=(3, 3), stride=(1, 1), padding=(1, 1), bias=False)
          (4): BatchNorm2d(64, eps=1e-05, momentum=0.1, affine=True, track_running_stats=True)
          (5): ReLU(inplace=True)
        )
      )
    )
  )
  (down2): Down(
    (block): Sequential(
      (0): MaxPool2d(kernel_size=2, stride=2, padding=0, dilation=1, ceil_mode=False)
      (1): DoubleConv(
        (block): Sequential(
          (0): Conv2d(64, 128, kernel_size=(3, 3), stride=(1, 1), padding=(1, 1), bias=False)
          (1): BatchNorm2d(128, eps=1e-05, momentum=0.1, affine=True, track_running_stats=True)
          (2): ReLU(inplace=True)
          (3): Conv2d(128, 128, kernel_size=(3, 3), stride=(1, 1), padding=(1, 1), bias=False)
          (4): BatchNorm2d(128, eps=1e-05, momentum=0.1, affine=True, track_running_stats=True)
          (5): ReLU(inplace=True)
        )
      )
    )
  )
  (down3): Down(
    (block): Sequential(
      (0): MaxPool2d(kernel_size=2, stride=2, padding=0, dilation=1, ceil_mode=False)
      (1): DoubleConv(
        (block): Sequential(
          (0): Conv2d(128, 256, kernel_size=(3, 3), stride=(1, 1), padding=(1, 1), bias=False)
          (1): BatchNorm2d(256, eps=1e-05, momentum=0.1, affine=True, track_running_stats=True)
          (2): ReLU(inplace=True)
          (3): Conv2d(256, 256, kernel_size=(3, 3), stride=(1, 1), padding=(1, 1), bias=False)
          (4): BatchNorm2d(256, eps=1e-05, momentum=0.1, affine=True, track_running_stats=True)
          (5): ReLU(inplace=True)
        )
      )
    )
  )
  (down4): Down(
    (block): Sequential(
      (0): MaxPool2d(kernel_size=2, stride=2, padding=0, dilation=1, ceil_mode=False)
      (1): DoubleConv(
        (block): Sequential(
          (0): Conv2d(256, 512, kernel_size=(3, 3), stride=(1, 1), padding=(1, 1), bias=False)
          (1): BatchNorm2d(512, eps=1e-05, momentum=0.1, affine=True, track_running_stats=True)
          (2): ReLU(inplace=True)
          (3): Conv2d(512, 512, kernel_size=(3, 3), stride=(1, 1), padding=(1, 1), bias=False)
          (4): BatchNorm2d(512, eps=1e-05, momentum=0.1, affine=True, track_running_stats=True)
          (5): ReLU(inplace=True)
        )
      )
    )
  )
  (up1): Up(
    (up): ConvTranspose2d(512, 256, kernel_size=(2, 2), stride=(2, 2))
    (conv): DoubleConv(
      (block): Sequential(
        (0): Conv2d(512, 256, kernel_size=(3, 3), stride=(1, 1), padding=(1, 1), bias=False)
        (1): BatchNorm2d(256, eps=1e-05, momentum=0.1, affine=True, track_running_stats=True)
        (2): ReLU(inplace=True)
        (3): Conv2d(256, 256, kernel_size=(3, 3), stride=(1, 1), padding=(1, 1), bias=False)
        (4): BatchNorm2d(256, eps=1e-05, momentum=0.1, affine=True, track_running_stats=True)
        (5): ReLU(inplace=True)
      )
    )
  )
  (up2): Up(
    (up): ConvTranspose2d(256, 128, kernel_size=(2, 2), stride=(2, 2))
    (conv): DoubleConv(
      (block): Sequential(
        (0): Conv2d(256, 128, kernel_size=(3, 3), stride=(1, 1), padding=(1, 1), bias=False)
        (1): BatchNorm2d(128, eps=1e-05, momentum=0.1, affine=True, track_running_stats=True)
        (2): ReLU(inplace=True)
        (3): Conv2d(128, 128, kernel_size=(3, 3), stride=(1, 1), padding=(1, 1), bias=False)
        (4): BatchNorm2d(128, eps=1e-05, momentum=0.1, affine=True, track_running_stats=True)
        (5): ReLU(inplace=True)
      )
    )
  )
  (up3): Up(
    (up): ConvTranspose2d(128, 64, kernel_size=(2, 2), stride=(2, 2))
    (conv): DoubleConv(
      (block): Sequential(
        (0): Conv2d(128, 64, kernel_size=(3, 3), stride=(1, 1), padding=(1, 1), bias=False)
        (1): BatchNorm2d(64, eps=1e-05, momentum=0.1, affine=True, track_running_stats=True)
        (2): ReLU(inplace=True)
        (3): Conv2d(64, 64, kernel_size=(3, 3), stride=(1, 1), padding=(1, 1), bias=False)
        (4): BatchNorm2d(64, eps=1e-05, momentum=0.1, affine=True, track_running_stats=True)
        (5): ReLU(inplace=True)
      )
    )
  )
  (up4): Up(
    (up): ConvTranspose2d(64, 32, kernel_size=(2, 2), stride=(2, 2))
    (conv): DoubleConv(
      (block): Sequential(
        (0): Conv2d(64, 32, kernel_size=(3, 3), stride=(1, 1), padding=(1, 1), bias=False)
        (1): BatchNorm2d(32, eps=1e-05, momentum=0.1, affine=True, track_running_stats=True)
        (2): ReLU(inplace=True)
        (3): Conv2d(32, 32, kernel_size=(3, 3), stride=(1, 1), padding=(1, 1), bias=False)
        (4): BatchNorm2d(32, eps=1e-05, momentum=0.1, affine=True, track_running_stats=True)
        (5): ReLU(inplace=True)
      )
    )
  )
  (mask_head): Conv2d(32, 1, kernel_size=(1, 1), stride=(1, 1))
  (distance_head): Sequential(
    (0): Conv2d(32, 32, kernel_size=(3, 3), stride=(1, 1), padding=(1, 1), bias=False)
    (1): BatchNorm2d(32, eps=1e-05, momentum=0.1, affine=True, track_running_stats=True)
    (2): ReLU(inplace=True)
    (3): Conv2d(32, 1, kernel_size=(1, 1), stride=(1, 1))
  )
)
Trainable parameters by tensor:
  inc.block.0.weight: 2,304
  inc.block.1.weight: 32
  inc.block.1.bias: 32
  inc.block.3.weight: 9,216
  inc.block.4.weight: 32
  inc.block.4.bias: 32
  down1.block.1.block.0.weight: 18,432
  down1.block.1.block.1.weight: 64
  down1.block.1.block.1.bias: 64
  down1.block.1.block.3.weight: 36,864
  down1.block.1.block.4.weight: 64
  down1.block.1.block.4.bias: 64
  down2.block.1.block.0.weight: 73,728
  down2.block.1.block.1.weight: 128
  down2.block.1.block.1.bias: 128
  down2.block.1.block.3.weight: 147,456
  down2.block.1.block.4.weight: 128
  down2.block.1.block.4.bias: 128
  down3.block.1.block.0.weight: 294,912
  down3.block.1.block.1.weight: 256
  down3.block.1.block.1.bias: 256
  down3.block.1.block.3.weight: 589,824
  down3.block.1.block.4.weight: 256
  down3.block.1.block.4.bias: 256
  down4.block.1.block.0.weight: 1,179,648
  down4.block.1.block.1.weight: 512
  down4.block.1.block.1.bias: 512
  down4.block.1.block.3.weight: 2,359,296
  down4.block.1.block.4.weight: 512
  down4.block.1.block.4.bias: 512
  up1.up.weight: 524,288
  up1.up.bias: 256
  up1.conv.block.0.weight: 1,179,648
  up1.conv.block.1.weight: 256
  up1.conv.block.1.bias: 256
  up1.conv.block.3.weight: 589,824
  up1.conv.block.4.weight: 256
  up1.conv.block.4.bias: 256
  up2.up.weight: 131,072
  up2.up.bias: 128
  up2.conv.block.0.weight: 294,912
  up2.conv.block.1.weight: 128
  up2.conv.block.1.bias: 128
  up2.conv.block.3.weight: 147,456
  up2.conv.block.4.weight: 128
  up2.conv.block.4.bias: 128
  up3.up.weight: 32,768
  up3.up.bias: 64
  up3.conv.block.0.weight: 73,728
  up3.conv.block.1.weight: 64
  up3.conv.block.1.bias: 64
  up3.conv.block.3.weight: 36,864
  up3.conv.block.4.weight: 64
  up3.conv.block.4.bias: 64
  up4.up.weight: 8,192
  up4.up.bias: 32
  up4.conv.block.0.weight: 18,432
  up4.conv.block.1.weight: 32
  up4.conv.block.1.bias: 32
  up4.conv.block.3.weight: 9,216
  up4.conv.block.4.weight: 32
  up4.conv.block.4.bias: 32
  mask_head.weight: 32
  mask_head.bias: 1
  distance_head.0.weight: 9,216
  distance_head.1.weight: 32
  distance_head.1.bias: 32
  distance_head.3.weight: 32
  distance_head.3.bias: 1
Total trainable parameters: 7,773,794
2026-07-04 14:44:18,244:INFO:------------ New Training Session ------------
2026-07-04 14:44:41,965:INFO:epoch: 1 | loss: 0.8225 | bce: 0.4210 | dice_loss: 0.3580 | distance_loss: 0.0831 | tv_loss: 1922.4519
2026-07-04 14:45:05,693:INFO:epoch: 2 | loss: 0.7262 | bce: 0.3770 | dice_loss: 0.3106 | distance_loss: 0.0739 | tv_loss: 1581.1797
2026-07-04 14:45:29,571:INFO:epoch: 3 | loss: 0.6860 | bce: 0.3589 | dice_loss: 0.2910 | distance_loss: 0.0691 | tv_loss: 1666.3560
2026-07-04 14:45:53,684:INFO:epoch: 4 | loss: 0.6614 | bce: 0.3509 | dice_loss: 0.2758 | distance_loss: 0.0657 | tv_loss: 1778.8216
2026-07-04 14:46:20,308:INFO:epoch: 5 | loss: 0.6429 | bce: 0.3437 | dice_loss: 0.2659 | distance_loss: 0.0630 | tv_loss: 1855.4632 | eval_loss: 0.6542 | eval_bce: 0.2869 | eval_dice_loss: 0.3374 | eval_distance_loss: 0.0568 | eval_tv_loss: 1542.5544 | eval_miou: 0.7308 | eval_boundary_iou: 0.2802
2026-07-04 14:46:44,245:INFO:epoch: 6 | loss: 0.6287 | bce: 0.3382 | dice_loss: 0.2583 | distance_loss: 0.0607 | tv_loss: 1942.0587
2026-07-04 14:47:08,753:INFO:epoch: 7 | loss: 0.6250 | bce: 0.3383 | dice_loss: 0.2546 | distance_loss: 0.0602 | tv_loss: 2019.0687
2026-07-04 14:47:32,732:INFO:epoch: 8 | loss: 0.6141 | bce: 0.3317 | dice_loss: 0.2509 | distance_loss: 0.0590 | tv_loss: 2071.3982
2026-07-04 14:47:56,715:INFO:epoch: 9 | loss: 0.6000 | bce: 0.3267 | dice_loss: 0.2428 | distance_loss: 0.0566 | tv_loss: 2114.9101
2026-07-04 14:48:23,459:INFO:epoch: 10 | loss: 0.6020 | bce: 0.3275 | dice_loss: 0.2437 | distance_loss: 0.0572 | tv_loss: 2167.2723 | eval_loss: 0.6419 | eval_bce: 0.2838 | eval_dice_loss: 0.3284 | eval_distance_loss: 0.0557 | eval_tv_loss: 1924.9021 | eval_miou: 0.7359 | eval_boundary_iou: 0.3492
2026-07-04 14:48:47,482:INFO:epoch: 11 | loss: 0.5904 | bce: 0.3203 | dice_loss: 0.2399 | distance_loss: 0.0560 | tv_loss: 2199.9404
2026-07-04 14:49:11,562:INFO:epoch: 12 | loss: 0.5833 | bce: 0.3180 | dice_loss: 0.2357 | distance_loss: 0.0547 | tv_loss: 2235.9874
2026-07-04 14:49:35,671:INFO:epoch: 13 | loss: 0.5835 | bce: 0.3183 | dice_loss: 0.2355 | distance_loss: 0.0549 | tv_loss: 2247.3032
2026-07-04 14:49:59,615:INFO:epoch: 14 | loss: 0.5762 | bce: 0.3139 | dice_loss: 0.2331 | distance_loss: 0.0539 | tv_loss: 2265.5801
2026-07-04 14:50:26,066:INFO:epoch: 15 | loss: 0.5762 | bce: 0.3143 | dice_loss: 0.2326 | distance_loss: 0.0538 | tv_loss: 2279.2494 | eval_loss: 0.6210 | eval_bce: 0.2760 | eval_dice_loss: 0.3172 | eval_distance_loss: 0.0520 | eval_tv_loss: 1781.5065 | eval_miou: 0.7353 | eval_boundary_iou: 0.3578
2026-07-04 14:50:50,134:INFO:epoch: 16 | loss: 0.5729 | bce: 0.3130 | dice_loss: 0.2310 | distance_loss: 0.0532 | tv_loss: 2295.5242
2026-07-04 14:51:14,367:INFO:epoch: 17 | loss: 0.5593 | bce: 0.3062 | dice_loss: 0.2250 | distance_loss: 0.0515 | tv_loss: 2291.0413
2026-07-04 14:51:38,275:INFO:epoch: 18 | loss: 0.5571 | bce: 0.3044 | dice_loss: 0.2247 | distance_loss: 0.0513 | tv_loss: 2320.9884
2026-07-04 14:52:02,229:INFO:epoch: 19 | loss: 0.5559 | bce: 0.3046 | dice_loss: 0.2234 | distance_loss: 0.0511 | tv_loss: 2320.4231
2026-07-04 14:52:28,850:INFO:epoch: 20 | loss: 0.5520 | bce: 0.3013 | dice_loss: 0.2229 | distance_loss: 0.0510 | tv_loss: 2338.5277 | eval_loss: 0.5983 | eval_bce: 0.2642 | eval_dice_loss: 0.3081 | eval_distance_loss: 0.0483 | eval_tv_loss: 1833.0456 | eval_miou: 0.7457 | eval_boundary_iou: 0.3787
2026-07-04 14:52:52,955:INFO:epoch: 21 | loss: 0.5462 | bce: 0.2991 | dice_loss: 0.2199 | distance_loss: 0.0499 | tv_loss: 2342.6668
2026-07-04 14:53:17,125:INFO:epoch: 22 | loss: 0.5460 | bce: 0.2988 | dice_loss: 0.2200 | distance_loss: 0.0495 | tv_loss: 2362.9728
2026-07-04 14:53:42,568:INFO:epoch: 23 | loss: 0.5414 | bce: 0.2957 | dice_loss: 0.2189 | distance_loss: 0.0489 | tv_loss: 2354.1120
2026-07-04 14:54:06,574:INFO:epoch: 24 | loss: 0.5347 | bce: 0.2938 | dice_loss: 0.2144 | distance_loss: 0.0482 | tv_loss: 2355.8328
2026-07-04 14:54:32,906:INFO:epoch: 25 | loss: 0.5303 | bce: 0.2904 | dice_loss: 0.2138 | distance_loss: 0.0476 | tv_loss: 2375.4343 | eval_loss: 0.5954 | eval_bce: 0.2673 | eval_dice_loss: 0.3018 | eval_distance_loss: 0.0487 | eval_tv_loss: 1967.7923 | eval_miou: 0.7593 | eval_boundary_iou: 0.3994
2026-07-04 14:54:56,864:INFO:epoch: 26 | loss: 0.5274 | bce: 0.2892 | dice_loss: 0.2122 | distance_loss: 0.0474 | tv_loss: 2376.6893
2026-07-04 14:55:20,887:INFO:epoch: 27 | loss: 0.5236 | bce: 0.2872 | dice_loss: 0.2105 | distance_loss: 0.0471 | tv_loss: 2363.0830
2026-07-04 14:55:44,968:INFO:epoch: 28 | loss: 0.5191 | bce: 0.2846 | dice_loss: 0.2089 | distance_loss: 0.0464 | tv_loss: 2379.4147
2026-07-04 14:56:09,002:INFO:epoch: 29 | loss: 0.5140 | bce: 0.2824 | dice_loss: 0.2064 | distance_loss: 0.0456 | tv_loss: 2375.4571
2026-07-04 14:56:35,494:INFO:epoch: 30 | loss: 0.5118 | bce: 0.2808 | dice_loss: 0.2059 | distance_loss: 0.0455 | tv_loss: 2380.6374 | eval_loss: 0.6081 | eval_bce: 0.2765 | eval_dice_loss: 0.3052 | eval_distance_loss: 0.0492 | eval_tv_loss: 1895.8571 | eval_miou: 0.7443 | eval_boundary_iou: 0.3920
2026-07-04 14:56:59,652:INFO:epoch: 31 | loss: 0.5046 | bce: 0.2776 | dice_loss: 0.2022 | distance_loss: 0.0447 | tv_loss: 2382.3487
2026-07-04 14:57:24,131:INFO:epoch: 32 | loss: 0.5018 | bce: 0.2764 | dice_loss: 0.2010 | distance_loss: 0.0441 | tv_loss: 2377.5147
2026-07-04 14:57:48,089:INFO:epoch: 33 | loss: 0.4972 | bce: 0.2734 | dice_loss: 0.1995 | distance_loss: 0.0439 | tv_loss: 2388.6686
2026-07-04 14:58:12,084:INFO:epoch: 34 | loss: 0.4923 | bce: 0.2711 | dice_loss: 0.1973 | distance_loss: 0.0432 | tv_loss: 2380.9757
2026-07-04 14:58:38,521:INFO:epoch: 35 | loss: 0.4910 | bce: 0.2699 | dice_loss: 0.1972 | distance_loss: 0.0428 | tv_loss: 2385.7732 | eval_loss: 0.5915 | eval_bce: 0.2734 | eval_dice_loss: 0.2925 | eval_distance_loss: 0.0474 | eval_tv_loss: 1943.2456 | eval_miou: 0.7587 | eval_boundary_iou: 0.4021
2026-07-04 14:59:02,470:INFO:epoch: 36 | loss: 0.4888 | bce: 0.2688 | dice_loss: 0.1962 | distance_loss: 0.0428 | tv_loss: 2377.8783
2026-07-04 14:59:27,154:INFO:epoch: 37 | loss: 0.4865 | bce: 0.2672 | dice_loss: 0.1956 | distance_loss: 0.0426 | tv_loss: 2379.3902
2026-07-04 14:59:51,085:INFO:epoch: 38 | loss: 0.4831 | bce: 0.2661 | dice_loss: 0.1936 | distance_loss: 0.0419 | tv_loss: 2378.2909
2026-07-04 15:00:14,994:INFO:epoch: 39 | loss: 0.4885 | bce: 0.2690 | dice_loss: 0.1958 | distance_loss: 0.0426 | tv_loss: 2377.6953
2026-07-04 15:00:41,420:INFO:epoch: 40 | loss: 0.4878 | bce: 0.2688 | dice_loss: 0.1952 | distance_loss: 0.0427 | tv_loss: 2380.4871 | eval_loss: 0.5998 | eval_bce: 0.2778 | eval_dice_loss: 0.2963 | eval_distance_loss: 0.0478 | eval_tv_loss: 1937.3086 | eval_miou: 0.7540 | eval_boundary_iou: 0.3977
2026-07-04 15:01:05,557:INFO:epoch: 41 | loss: 0.4855 | bce: 0.2674 | dice_loss: 0.1946 | distance_loss: 0.0424 | tv_loss: 2381.6637
2026-07-04 15:01:30,704:INFO:epoch: 42 | loss: 0.4844 | bce: 0.2668 | dice_loss: 0.1941 | distance_loss: 0.0423 | tv_loss: 2377.6034
2026-07-04 15:01:54,692:INFO:epoch: 43 | loss: 0.4840 | bce: 0.2666 | dice_loss: 0.1939 | distance_loss: 0.0420 | tv_loss: 2386.6913
2026-07-04 15:02:18,782:INFO:epoch: 44 | loss: 0.4867 | bce: 0.2676 | dice_loss: 0.1954 | distance_loss: 0.0424 | tv_loss: 2379.0676
2026-07-04 15:02:45,201:INFO:epoch: 45 | loss: 0.4890 | bce: 0.2691 | dice_loss: 0.1962 | distance_loss: 0.0426 | tv_loss: 2383.7898 | eval_loss: 0.5997 | eval_bce: 0.2746 | eval_dice_loss: 0.2991 | eval_distance_loss: 0.0480 | eval_tv_loss: 1944.5566 | eval_miou: 0.7537 | eval_boundary_iou: 0.3975
2026-07-04 15:03:09,242:INFO:epoch: 46 | loss: 0.4864 | bce: 0.2678 | dice_loss: 0.1949 | distance_loss: 0.0427 | tv_loss: 2390.9136
2026-07-04 15:03:34,106:INFO:epoch: 47 | loss: 0.4885 | bce: 0.2693 | dice_loss: 0.1954 | distance_loss: 0.0426 | tv_loss: 2397.0056
2026-07-04 15:03:58,120:INFO:epoch: 48 | loss: 0.4839 | bce: 0.2672 | dice_loss: 0.1933 | distance_loss: 0.0422 | tv_loss: 2388.4718
2026-07-04 15:04:22,045:INFO:epoch: 49 | loss: 0.4865 | bce: 0.2676 | dice_loss: 0.1953 | distance_loss: 0.0424 | tv_loss: 2394.4654
2026-07-04 15:04:48,733:INFO:epoch: 50 | loss: 0.4877 | bce: 0.2696 | dice_loss: 0.1944 | distance_loss: 0.0427 | tv_loss: 2396.2039 | eval_loss: 0.5960 | eval_bce: 0.2764 | eval_dice_loss: 0.2942 | eval_distance_loss: 0.0470 | eval_tv_loss: 1927.6956 | eval_miou: 0.7563 | eval_boundary_iou: 0.4001
