2026-07-09 13:33:48,527:INFO:DualHeadUNet(
  (inc): DoubleConv(
    (block): Sequential(
      (0): Conv2d(8, 32, kernel_size=(3, 3), stride=(1, 1), padding=(1, 1), bias=False)
      (1): BatchNorm2d(32, eps=1e-05, momentum=0.1, affine=True, track_running_stats=True)
      (2): ReLU(inplace=True)
      (3): Conv2d(32, 32, kernel_size=(3, 3), stride=(1, 1), padding=(1, 1), bias=False)
      (4): BatchNorm2d(32, eps=1e-05, momentum=0.1, affine=True, track_running_stats=True)
      (5): ReLU(inplace=True)
    )
  )
  (down1): Down(
    (block): Sequential(
      (0): MaxPool2d(kernel_size=2, stride=2, padding=0, dilation=1, ceil_mode=False)
      (1): DoubleConv(
        (block): Sequential(
          (0): Conv2d(32, 64, kernel_size=(3, 3), stride=(1, 1), padding=(1, 1), bias=False)
          (1): BatchNorm2d(64, eps=1e-05, momentum=0.1, affine=True, track_running_stats=True)
          (2): ReLU(inplace=True)
          (3): Conv2d(64, 64, kernel_size=(3, 3), stride=(1, 1), padding=(1, 1), bias=False)
          (4): BatchNorm2d(64, eps=1e-05, momentum=0.1, affine=True, track_running_stats=True)
          (5): ReLU(inplace=True)
        )
      )
    )
  )
  (down2): Down(
    (block): Sequential(
      (0): MaxPool2d(kernel_size=2, stride=2, padding=0, dilation=1, ceil_mode=False)
      (1): DoubleConv(
        (block): Sequential(
          (0): Conv2d(64, 128, kernel_size=(3, 3), stride=(1, 1), padding=(1, 1), bias=False)
          (1): BatchNorm2d(128, eps=1e-05, momentum=0.1, affine=True, track_running_stats=True)
          (2): ReLU(inplace=True)
          (3): Conv2d(128, 128, kernel_size=(3, 3), stride=(1, 1), padding=(1, 1), bias=False)
          (4): BatchNorm2d(128, eps=1e-05, momentum=0.1, affine=True, track_running_stats=True)
          (5): ReLU(inplace=True)
        )
      )
    )
  )
  (down3): Down(
    (block): Sequential(
      (0): MaxPool2d(kernel_size=2, stride=2, padding=0, dilation=1, ceil_mode=False)
      (1): DoubleConv(
        (block): Sequential(
          (0): Conv2d(128, 256, kernel_size=(3, 3), stride=(1, 1), padding=(1, 1), bias=False)
          (1): BatchNorm2d(256, eps=1e-05, momentum=0.1, affine=True, track_running_stats=True)
          (2): ReLU(inplace=True)
          (3): Conv2d(256, 256, kernel_size=(3, 3), stride=(1, 1), padding=(1, 1), bias=False)
          (4): BatchNorm2d(256, eps=1e-05, momentum=0.1, affine=True, track_running_stats=True)
          (5): ReLU(inplace=True)
        )
      )
    )
  )
  (down4): Down(
    (block): Sequential(
      (0): MaxPool2d(kernel_size=2, stride=2, padding=0, dilation=1, ceil_mode=False)
      (1): DoubleConv(
        (block): Sequential(
          (0): Conv2d(256, 512, kernel_size=(3, 3), stride=(1, 1), padding=(1, 1), bias=False)
          (1): BatchNorm2d(512, eps=1e-05, momentum=0.1, affine=True, track_running_stats=True)
          (2): ReLU(inplace=True)
          (3): Conv2d(512, 512, kernel_size=(3, 3), stride=(1, 1), padding=(1, 1), bias=False)
          (4): BatchNorm2d(512, eps=1e-05, momentum=0.1, affine=True, track_running_stats=True)
          (5): ReLU(inplace=True)
        )
      )
    )
  )
  (up1): Up(
    (up): ConvTranspose2d(512, 256, kernel_size=(2, 2), stride=(2, 2))
    (conv): DoubleConv(
      (block): Sequential(
        (0): Conv2d(512, 256, kernel_size=(3, 3), stride=(1, 1), padding=(1, 1), bias=False)
        (1): BatchNorm2d(256, eps=1e-05, momentum=0.1, affine=True, track_running_stats=True)
        (2): ReLU(inplace=True)
        (3): Conv2d(256, 256, kernel_size=(3, 3), stride=(1, 1), padding=(1, 1), bias=False)
        (4): BatchNorm2d(256, eps=1e-05, momentum=0.1, affine=True, track_running_stats=True)
        (5): ReLU(inplace=True)
      )
    )
  )
  (up2): Up(
    (up): ConvTranspose2d(256, 128, kernel_size=(2, 2), stride=(2, 2))
    (conv): DoubleConv(
      (block): Sequential(
        (0): Conv2d(256, 128, kernel_size=(3, 3), stride=(1, 1), padding=(1, 1), bias=False)
        (1): BatchNorm2d(128, eps=1e-05, momentum=0.1, affine=True, track_running_stats=True)
        (2): ReLU(inplace=True)
        (3): Conv2d(128, 128, kernel_size=(3, 3), stride=(1, 1), padding=(1, 1), bias=False)
        (4): BatchNorm2d(128, eps=1e-05, momentum=0.1, affine=True, track_running_stats=True)
        (5): ReLU(inplace=True)
      )
    )
  )
  (up3): Up(
    (up): ConvTranspose2d(128, 64, kernel_size=(2, 2), stride=(2, 2))
    (conv): DoubleConv(
      (block): Sequential(
        (0): Conv2d(128, 64, kernel_size=(3, 3), stride=(1, 1), padding=(1, 1), bias=False)
        (1): BatchNorm2d(64, eps=1e-05, momentum=0.1, affine=True, track_running_stats=True)
        (2): ReLU(inplace=True)
        (3): Conv2d(64, 64, kernel_size=(3, 3), stride=(1, 1), padding=(1, 1), bias=False)
        (4): BatchNorm2d(64, eps=1e-05, momentum=0.1, affine=True, track_running_stats=True)
        (5): ReLU(inplace=True)
      )
    )
  )
  (up4): Up(
    (up): ConvTranspose2d(64, 32, kernel_size=(2, 2), stride=(2, 2))
    (conv): DoubleConv(
      (block): Sequential(
        (0): Conv2d(64, 32, kernel_size=(3, 3), stride=(1, 1), padding=(1, 1), bias=False)
        (1): BatchNorm2d(32, eps=1e-05, momentum=0.1, affine=True, track_running_stats=True)
        (2): ReLU(inplace=True)
        (3): Conv2d(32, 32, kernel_size=(3, 3), stride=(1, 1), padding=(1, 1), bias=False)
        (4): BatchNorm2d(32, eps=1e-05, momentum=0.1, affine=True, track_running_stats=True)
        (5): ReLU(inplace=True)
      )
    )
  )
  (mask_head): Conv2d(32, 1, kernel_size=(1, 1), stride=(1, 1))
  (distance_head): Sequential(
    (0): Conv2d(32, 32, kernel_size=(3, 3), stride=(1, 1), padding=(1, 1), bias=False)
    (1): BatchNorm2d(32, eps=1e-05, momentum=0.1, affine=True, track_running_stats=True)
    (2): ReLU(inplace=True)
    (3): Conv2d(32, 1, kernel_size=(1, 1), stride=(1, 1))
  )
)
Trainable parameters by tensor:
  inc.block.0.weight: 2,304
  inc.block.1.weight: 32
  inc.block.1.bias: 32
  inc.block.3.weight: 9,216
  inc.block.4.weight: 32
  inc.block.4.bias: 32
  down1.block.1.block.0.weight: 18,432
  down1.block.1.block.1.weight: 64
  down1.block.1.block.1.bias: 64
  down1.block.1.block.3.weight: 36,864
  down1.block.1.block.4.weight: 64
  down1.block.1.block.4.bias: 64
  down2.block.1.block.0.weight: 73,728
  down2.block.1.block.1.weight: 128
  down2.block.1.block.1.bias: 128
  down2.block.1.block.3.weight: 147,456
  down2.block.1.block.4.weight: 128
  down2.block.1.block.4.bias: 128
  down3.block.1.block.0.weight: 294,912
  down3.block.1.block.1.weight: 256
  down3.block.1.block.1.bias: 256
  down3.block.1.block.3.weight: 589,824
  down3.block.1.block.4.weight: 256
  down3.block.1.block.4.bias: 256
  down4.block.1.block.0.weight: 1,179,648
  down4.block.1.block.1.weight: 512
  down4.block.1.block.1.bias: 512
  down4.block.1.block.3.weight: 2,359,296
  down4.block.1.block.4.weight: 512
  down4.block.1.block.4.bias: 512
  up1.up.weight: 524,288
  up1.up.bias: 256
  up1.conv.block.0.weight: 1,179,648
  up1.conv.block.1.weight: 256
  up1.conv.block.1.bias: 256
  up1.conv.block.3.weight: 589,824
  up1.conv.block.4.weight: 256
  up1.conv.block.4.bias: 256
  up2.up.weight: 131,072
  up2.up.bias: 128
  up2.conv.block.0.weight: 294,912
  up2.conv.block.1.weight: 128
  up2.conv.block.1.bias: 128
  up2.conv.block.3.weight: 147,456
  up2.conv.block.4.weight: 128
  up2.conv.block.4.bias: 128
  up3.up.weight: 32,768
  up3.up.bias: 64
  up3.conv.block.0.weight: 73,728
  up3.conv.block.1.weight: 64
  up3.conv.block.1.bias: 64
  up3.conv.block.3.weight: 36,864
  up3.conv.block.4.weight: 64
  up3.conv.block.4.bias: 64
  up4.up.weight: 8,192
  up4.up.bias: 32
  up4.conv.block.0.weight: 18,432
  up4.conv.block.1.weight: 32
  up4.conv.block.1.bias: 32
  up4.conv.block.3.weight: 9,216
  up4.conv.block.4.weight: 32
  up4.conv.block.4.bias: 32
  mask_head.weight: 32
  mask_head.bias: 1
  distance_head.0.weight: 9,216
  distance_head.1.weight: 32
  distance_head.1.bias: 32
  distance_head.3.weight: 32
  distance_head.3.bias: 1
Total trainable parameters: 7,773,794
2026-07-09 13:33:48,530:INFO:------------ New Training Session ------------
2026-07-09 13:34:26,562:INFO:epoch: 1 | loss: 0.7978 | bce: 0.3797 | raw_bce: 0.4355 | dice_loss: 0.4098 | distance_loss: 0.0836 | tv_loss: 2222.6827 | boundary_weight_mean: 8.8772
2026-07-09 13:35:06,490:INFO:epoch: 2 | loss: 0.6834 | bce: 0.3298 | raw_bce: 0.3467 | dice_loss: 0.3468 | distance_loss: 0.0682 | tv_loss: 2181.2187 | boundary_weight_mean: 8.8718 | eval_loss: 0.8406 | eval_bce: 0.4569 | eval_raw_bce: 0.3473 | eval_dice_loss: 0.3760 | eval_distance_loss: 0.0764 | eval_tv_loss: 2132.4314 | eval_boundary_weight_mean: 5.6662 | eval_pixel_iou: 0.7228 | eval_miou: 0.6449 | eval_boundary_iou: 0.2071
2026-07-09 13:35:44,326:INFO:epoch: 3 | loss: 0.6400 | bce: 0.3152 | raw_bce: 0.3170 | dice_loss: 0.3185 | distance_loss: 0.0630 | tv_loss: 2184.9428 | boundary_weight_mean: 8.8904
2026-07-09 13:36:24,435:INFO:epoch: 4 | loss: 0.6140 | bce: 0.3085 | raw_bce: 0.3030 | dice_loss: 0.2996 | distance_loss: 0.0595 | tv_loss: 2158.8207 | boundary_weight_mean: 8.8628 | eval_loss: 0.7878 | eval_bce: 0.4580 | eval_raw_bce: 0.3046 | eval_dice_loss: 0.3236 | eval_distance_loss: 0.0615 | eval_tv_loss: 1953.9914 | eval_boundary_weight_mean: 5.6662 | eval_pixel_iou: 0.7683 | eval_miou: 0.6998 | eval_boundary_iou: 0.2726
2026-07-09 13:37:02,026:INFO:epoch: 5 | loss: 0.5981 | bce: 0.3047 | raw_bce: 0.2923 | dice_loss: 0.2877 | distance_loss: 0.0569 | tv_loss: 2128.8831 | boundary_weight_mean: 8.7998
2026-07-09 13:37:42,349:INFO:epoch: 6 | loss: 0.5889 | bce: 0.3035 | raw_bce: 0.2887 | dice_loss: 0.2800 | distance_loss: 0.0546 | tv_loss: 2129.9448 | boundary_weight_mean: 8.7964 | eval_loss: 0.7454 | eval_bce: 0.4179 | eval_raw_bce: 0.2937 | eval_dice_loss: 0.3216 | eval_distance_loss: 0.0592 | eval_tv_loss: 1973.2748 | eval_boundary_weight_mean: 5.6662 | eval_pixel_iou: 0.7656 | eval_miou: 0.7257 | eval_boundary_iou: 0.3121
2026-07-09 13:38:20,174:INFO:epoch: 7 | loss: 0.5763 | bce: 0.2966 | raw_bce: 0.2848 | dice_loss: 0.2745 | distance_loss: 0.0530 | tv_loss: 2122.8647 | boundary_weight_mean: 8.8943
2026-07-09 13:39:00,067:INFO:epoch: 8 | loss: 0.5707 | bce: 0.2957 | raw_bce: 0.2820 | dice_loss: 0.2698 | distance_loss: 0.0517 | tv_loss: 2127.8032 | boundary_weight_mean: 8.8373 | eval_loss: 0.7497 | eval_bce: 0.4332 | eval_raw_bce: 0.2898 | eval_dice_loss: 0.3108 | eval_distance_loss: 0.0565 | eval_tv_loss: 1883.7170 | eval_boundary_weight_mean: 5.6662 | eval_pixel_iou: 0.7708 | eval_miou: 0.7307 | eval_boundary_iou: 0.3102
2026-07-09 13:39:37,651:INFO:epoch: 9 | loss: 0.5636 | bce: 0.2916 | raw_bce: 0.2794 | dice_loss: 0.2669 | distance_loss: 0.0508 | tv_loss: 2125.4783 | boundary_weight_mean: 8.9007
2026-07-09 13:40:17,924:INFO:epoch: 10 | loss: 0.5624 | bce: 0.2922 | raw_bce: 0.2768 | dice_loss: 0.2652 | distance_loss: 0.0498 | tv_loss: 2126.0197 | boundary_weight_mean: 8.8296 | eval_loss: 0.7436 | eval_bce: 0.4268 | eval_raw_bce: 0.2716 | eval_dice_loss: 0.3115 | eval_distance_loss: 0.0534 | eval_tv_loss: 2042.4039 | eval_boundary_weight_mean: 5.6662 | eval_pixel_iou: 0.7725 | eval_miou: 0.7323 | eval_boundary_iou: 0.3563
2026-07-09 13:40:55,453:INFO:epoch: 11 | loss: 0.5601 | bce: 0.2922 | raw_bce: 0.2753 | dice_loss: 0.2629 | distance_loss: 0.0496 | tv_loss: 2126.6579 | boundary_weight_mean: 8.7816
2026-07-09 13:41:35,090:INFO:epoch: 12 | loss: 0.5566 | bce: 0.2912 | raw_bce: 0.2751 | dice_loss: 0.2605 | distance_loss: 0.0488 | tv_loss: 2140.2667 | boundary_weight_mean: 8.7974 | eval_loss: 0.7107 | eval_bce: 0.4051 | eval_raw_bce: 0.2704 | eval_dice_loss: 0.3004 | eval_distance_loss: 0.0520 | eval_tv_loss: 1918.4752 | eval_boundary_weight_mean: 5.6662 | eval_pixel_iou: 0.7847 | eval_miou: 0.7506 | eval_boundary_iou: 0.3480
2026-07-09 13:42:12,623:INFO:epoch: 13 | loss: 0.5539 | bce: 0.2891 | raw_bce: 0.2740 | dice_loss: 0.2599 | distance_loss: 0.0484 | tv_loss: 2132.8105 | boundary_weight_mean: 8.8201
2026-07-09 13:42:52,992:INFO:epoch: 14 | loss: 0.5462 | bce: 0.2827 | raw_bce: 0.2719 | dice_loss: 0.2587 | distance_loss: 0.0478 | tv_loss: 2135.5815 | boundary_weight_mean: 8.9674 | eval_loss: 0.7161 | eval_bce: 0.4102 | eval_raw_bce: 0.2664 | eval_dice_loss: 0.3008 | eval_distance_loss: 0.0503 | eval_tv_loss: 1967.3399 | eval_boundary_weight_mean: 5.6662 | eval_pixel_iou: 0.7829 | eval_miou: 0.7499 | eval_boundary_iou: 0.3654
2026-07-09 13:43:30,656:INFO:epoch: 15 | loss: 0.5451 | bce: 0.2864 | raw_bce: 0.2708 | dice_loss: 0.2540 | distance_loss: 0.0470 | tv_loss: 2146.8829 | boundary_weight_mean: 8.8262
2026-07-09 13:44:10,645:INFO:epoch: 16 | loss: 0.5394 | bce: 0.2828 | raw_bce: 0.2674 | dice_loss: 0.2520 | distance_loss: 0.0457 | tv_loss: 2124.9984 | boundary_weight_mean: 8.8720 | eval_loss: 0.7131 | eval_bce: 0.4134 | eval_raw_bce: 0.2710 | eval_dice_loss: 0.2947 | eval_distance_loss: 0.0493 | eval_tv_loss: 1900.5335 | eval_boundary_weight_mean: 5.6662 | eval_pixel_iou: 0.7855 | eval_miou: 0.7518 | eval_boundary_iou: 0.3630
2026-07-09 13:44:48,339:INFO:epoch: 17 | loss: 0.5409 | bce: 0.2833 | raw_bce: 0.2690 | dice_loss: 0.2529 | distance_loss: 0.0463 | tv_loss: 2130.0338 | boundary_weight_mean: 8.8628
2026-07-09 13:45:28,362:INFO:epoch: 18 | loss: 0.5392 | bce: 0.2821 | raw_bce: 0.2687 | dice_loss: 0.2526 | distance_loss: 0.0456 | tv_loss: 2134.7167 | boundary_weight_mean: 8.8817 | eval_loss: 0.7133 | eval_bce: 0.4212 | eval_raw_bce: 0.2883 | eval_dice_loss: 0.2872 | eval_distance_loss: 0.0493 | eval_tv_loss: 1952.4373 | eval_boundary_weight_mean: 5.6662 | eval_pixel_iou: 0.7847 | eval_miou: 0.7463 | eval_boundary_iou: 0.3542
2026-07-09 13:46:06,019:INFO:epoch: 19 | loss: 0.5364 | bce: 0.2814 | raw_bce: 0.2661 | dice_loss: 0.2505 | distance_loss: 0.0452 | tv_loss: 2136.1690 | boundary_weight_mean: 8.8850
2026-07-09 13:46:46,176:INFO:epoch: 20 | loss: 0.5346 | bce: 0.2789 | raw_bce: 0.2647 | dice_loss: 0.2513 | distance_loss: 0.0447 | tv_loss: 2136.9251 | boundary_weight_mean: 8.9016 | eval_loss: 0.7116 | eval_bce: 0.4096 | eval_raw_bce: 0.2688 | eval_dice_loss: 0.2971 | eval_distance_loss: 0.0488 | eval_tv_loss: 2044.5176 | eval_boundary_weight_mean: 5.6662 | eval_pixel_iou: 0.7829 | eval_miou: 0.7469 | eval_boundary_iou: 0.3660
2026-07-09 13:47:23,783:INFO:epoch: 21 | loss: 0.5332 | bce: 0.2791 | raw_bce: 0.2637 | dice_loss: 0.2496 | distance_loss: 0.0448 | tv_loss: 2142.7743 | boundary_weight_mean: 8.8759
2026-07-09 13:48:24,224:INFO:epoch: 22 | loss: 0.5324 | bce: 0.2812 | raw_bce: 0.2643 | dice_loss: 0.2467 | distance_loss: 0.0441 | tv_loss: 2147.8602 | boundary_weight_mean: 8.8472 | eval_loss: 0.7019 | eval_bce: 0.4086 | eval_raw_bce: 0.2684 | eval_dice_loss: 0.2886 | eval_distance_loss: 0.0472 | eval_tv_loss: 1974.5684 | eval_boundary_weight_mean: 5.6662 | eval_pixel_iou: 0.7875 | eval_miou: 0.7496 | eval_boundary_iou: 0.3701
2026-07-09 13:49:02,333:INFO:epoch: 23 | loss: 0.5269 | bce: 0.2764 | raw_bce: 0.2615 | dice_loss: 0.2461 | distance_loss: 0.0434 | tv_loss: 2129.7971 | boundary_weight_mean: 8.9001
2026-07-09 13:49:42,354:INFO:epoch: 24 | loss: 0.5256 | bce: 0.2773 | raw_bce: 0.2608 | dice_loss: 0.2440 | distance_loss: 0.0436 | tv_loss: 2123.9865 | boundary_weight_mean: 8.8512 | eval_loss: 0.7034 | eval_bce: 0.4134 | eval_raw_bce: 0.2722 | eval_dice_loss: 0.2854 | eval_distance_loss: 0.0463 | eval_tv_loss: 1921.1800 | eval_boundary_weight_mean: 5.6662 | eval_pixel_iou: 0.7890 | eval_miou: 0.7499 | eval_boundary_iou: 0.3670
2026-07-09 13:50:19,670:INFO:epoch: 25 | loss: 0.5280 | bce: 0.2795 | raw_bce: 0.2612 | dice_loss: 0.2442 | distance_loss: 0.0433 | tv_loss: 2132.0801 | boundary_weight_mean: 8.8347
2026-07-09 13:50:59,790:INFO:epoch: 26 | loss: 0.5222 | bce: 0.2747 | raw_bce: 0.2601 | dice_loss: 0.2432 | distance_loss: 0.0429 | tv_loss: 2133.1020 | boundary_weight_mean: 8.9231 | eval_loss: 0.7051 | eval_bce: 0.4119 | eval_raw_bce: 0.2743 | eval_dice_loss: 0.2884 | eval_distance_loss: 0.0479 | eval_tv_loss: 1957.9182 | eval_boundary_weight_mean: 5.6662 | eval_pixel_iou: 0.7857 | eval_miou: 0.7431 | eval_boundary_iou: 0.3543
2026-07-09 13:51:37,463:INFO:epoch: 27 | loss: 0.5254 | bce: 0.2779 | raw_bce: 0.2595 | dice_loss: 0.2431 | distance_loss: 0.0429 | tv_loss: 2134.7598 | boundary_weight_mean: 8.8232
2026-07-09 13:52:17,220:INFO:epoch: 28 | loss: 0.5226 | bce: 0.2757 | raw_bce: 0.2586 | dice_loss: 0.2426 | distance_loss: 0.0427 | tv_loss: 2133.1822 | boundary_weight_mean: 8.8468 | eval_loss: 0.7020 | eval_bce: 0.4097 | eval_raw_bce: 0.2724 | eval_dice_loss: 0.2876 | eval_distance_loss: 0.0464 | eval_tv_loss: 1945.7549 | eval_boundary_weight_mean: 5.6662 | eval_pixel_iou: 0.7871 | eval_miou: 0.7549 | eval_boundary_iou: 0.3641
2026-07-09 13:52:54,883:INFO:epoch: 29 | loss: 0.5191 | bce: 0.2733 | raw_bce: 0.2561 | dice_loss: 0.2416 | distance_loss: 0.0416 | tv_loss: 2134.3993 | boundary_weight_mean: 8.8899
2026-07-09 13:53:35,086:INFO:epoch: 30 | loss: 0.5191 | bce: 0.2735 | raw_bce: 0.2576 | dice_loss: 0.2414 | distance_loss: 0.0421 | tv_loss: 2140.6390 | boundary_weight_mean: 8.8574 | eval_loss: 0.6984 | eval_bce: 0.4079 | eval_raw_bce: 0.2714 | eval_dice_loss: 0.2860 | eval_distance_loss: 0.0462 | eval_tv_loss: 1937.6990 | eval_boundary_weight_mean: 5.6662 | eval_pixel_iou: 0.7900 | eval_miou: 0.7591 | eval_boundary_iou: 0.3777
2026-07-09 13:54:12,795:INFO:epoch: 31 | loss: 0.5204 | bce: 0.2749 | raw_bce: 0.2554 | dice_loss: 0.2413 | distance_loss: 0.0420 | tv_loss: 2141.9721 | boundary_weight_mean: 8.8157
2026-07-09 13:54:52,839:INFO:epoch: 32 | loss: 0.5169 | bce: 0.2735 | raw_bce: 0.2553 | dice_loss: 0.2391 | distance_loss: 0.0416 | tv_loss: 2138.1897 | boundary_weight_mean: 8.8641 | eval_loss: 0.6975 | eval_bce: 0.4068 | eval_raw_bce: 0.2691 | eval_dice_loss: 0.2861 | eval_distance_loss: 0.0461 | eval_tv_loss: 1972.2335 | eval_boundary_weight_mean: 5.6662 | eval_pixel_iou: 0.7894 | eval_miou: 0.7448 | eval_boundary_iou: 0.3682
2026-07-09 13:55:30,412:INFO:epoch: 33 | loss: 0.5171 | bce: 0.2730 | raw_bce: 0.2538 | dice_loss: 0.2399 | distance_loss: 0.0413 | tv_loss: 2131.1308 | boundary_weight_mean: 8.8479
2026-07-09 13:56:10,656:INFO:epoch: 34 | loss: 0.5134 | bce: 0.2720 | raw_bce: 0.2545 | dice_loss: 0.2373 | distance_loss: 0.0414 | tv_loss: 2142.7293 | boundary_weight_mean: 8.8728 | eval_loss: 0.6997 | eval_bce: 0.4098 | eval_raw_bce: 0.2666 | eval_dice_loss: 0.2853 | eval_distance_loss: 0.0462 | eval_tv_loss: 1950.7009 | eval_boundary_weight_mean: 5.6662 | eval_pixel_iou: 0.7893 | eval_miou: 0.7572 | eval_boundary_iou: 0.3793
2026-07-09 13:56:48,188:INFO:epoch: 35 | loss: 0.5133 | bce: 0.2716 | raw_bce: 0.2536 | dice_loss: 0.2376 | distance_loss: 0.0412 | tv_loss: 2134.7124 | boundary_weight_mean: 8.8688
2026-07-09 13:57:28,098:INFO:epoch: 36 | loss: 0.5144 | bce: 0.2726 | raw_bce: 0.2524 | dice_loss: 0.2377 | distance_loss: 0.0410 | tv_loss: 2138.6169 | boundary_weight_mean: 8.8426 | eval_loss: 0.6963 | eval_bce: 0.4100 | eval_raw_bce: 0.2704 | eval_dice_loss: 0.2817 | eval_distance_loss: 0.0458 | eval_tv_loss: 1946.0456 | eval_boundary_weight_mean: 5.6662 | eval_pixel_iou: 0.7911 | eval_miou: 0.7596 | eval_boundary_iou: 0.3779
2026-07-09 13:58:05,557:INFO:epoch: 37 | loss: 0.5137 | bce: 0.2711 | raw_bce: 0.2524 | dice_loss: 0.2384 | distance_loss: 0.0410 | tv_loss: 2135.0450 | boundary_weight_mean: 8.8528
2026-07-09 13:58:45,263:INFO:epoch: 38 | loss: 0.5148 | bce: 0.2714 | raw_bce: 0.2530 | dice_loss: 0.2393 | distance_loss: 0.0408 | tv_loss: 2137.3075 | boundary_weight_mean: 8.8728 | eval_loss: 0.6969 | eval_bce: 0.4088 | eval_raw_bce: 0.2718 | eval_dice_loss: 0.2835 | eval_distance_loss: 0.0460 | eval_tv_loss: 1983.3805 | eval_boundary_weight_mean: 5.6662 | eval_pixel_iou: 0.7897 | eval_miou: 0.7545 | eval_boundary_iou: 0.3761
2026-07-09 13:59:22,710:INFO:epoch: 39 | loss: 0.5131 | bce: 0.2730 | raw_bce: 0.2519 | dice_loss: 0.2360 | distance_loss: 0.0406 | tv_loss: 2132.8475 | boundary_weight_mean: 8.8220
2026-07-09 14:00:02,465:INFO:epoch: 40 | loss: 0.5167 | bce: 0.2736 | raw_bce: 0.2531 | dice_loss: 0.2389 | distance_loss: 0.0411 | tv_loss: 2134.9069 | boundary_weight_mean: 8.8123 | eval_loss: 0.6982 | eval_bce: 0.4096 | eval_raw_bce: 0.2721 | eval_dice_loss: 0.2840 | eval_distance_loss: 0.0461 | eval_tv_loss: 1974.6632 | eval_boundary_weight_mean: 5.6662 | eval_pixel_iou: 0.7899 | eval_miou: 0.7570 | eval_boundary_iou: 0.3782
2026-07-09 14:00:40,057:INFO:epoch: 41 | loss: 0.5125 | bce: 0.2719 | raw_bce: 0.2519 | dice_loss: 0.2365 | distance_loss: 0.0407 | tv_loss: 2135.0073 | boundary_weight_mean: 8.8560
2026-07-09 14:01:20,106:INFO:epoch: 42 | loss: 0.5115 | bce: 0.2707 | raw_bce: 0.2524 | dice_loss: 0.2367 | distance_loss: 0.0409 | tv_loss: 2139.9440 | boundary_weight_mean: 8.8738 | eval_loss: 0.6962 | eval_bce: 0.4068 | eval_raw_bce: 0.2687 | eval_dice_loss: 0.2848 | eval_distance_loss: 0.0459 | eval_tv_loss: 1976.3072 | eval_boundary_weight_mean: 5.6662 | eval_pixel_iou: 0.7900 | eval_miou: 0.7573 | eval_boundary_iou: 0.3802
2026-07-09 14:01:57,784:INFO:epoch: 43 | loss: 0.5120 | bce: 0.2693 | raw_bce: 0.2521 | dice_loss: 0.2386 | distance_loss: 0.0408 | tv_loss: 2134.6470 | boundary_weight_mean: 8.9136
2026-07-09 14:02:37,932:INFO:epoch: 44 | loss: 0.5100 | bce: 0.2685 | raw_bce: 0.2516 | dice_loss: 0.2374 | distance_loss: 0.0406 | tv_loss: 2129.5866 | boundary_weight_mean: 8.9305 | eval_loss: 0.6971 | eval_bce: 0.4078 | eval_raw_bce: 0.2674 | eval_dice_loss: 0.2847 | eval_distance_loss: 0.0455 | eval_tv_loss: 1958.6775 | eval_boundary_weight_mean: 5.6662 | eval_pixel_iou: 0.7904 | eval_miou: 0.7578 | eval_boundary_iou: 0.3785
2026-07-09 14:03:15,718:INFO:epoch: 45 | loss: 0.5124 | bce: 0.2727 | raw_bce: 0.2514 | dice_loss: 0.2356 | distance_loss: 0.0408 | tv_loss: 2135.8472 | boundary_weight_mean: 8.8172
2026-07-09 14:03:55,955:INFO:epoch: 46 | loss: 0.5122 | bce: 0.2714 | raw_bce: 0.2526 | dice_loss: 0.2368 | distance_loss: 0.0407 | tv_loss: 2137.4669 | boundary_weight_mean: 8.8687 | eval_loss: 0.6943 | eval_bce: 0.4047 | eval_raw_bce: 0.2679 | eval_dice_loss: 0.2849 | eval_distance_loss: 0.0460 | eval_tv_loss: 1981.3382 | eval_boundary_weight_mean: 5.6662 | eval_pixel_iou: 0.7903 | eval_miou: 0.7580 | eval_boundary_iou: 0.3811
2026-07-09 14:04:33,682:INFO:epoch: 47 | loss: 0.5121 | bce: 0.2698 | raw_bce: 0.2525 | dice_loss: 0.2383 | distance_loss: 0.0408 | tv_loss: 2137.5167 | boundary_weight_mean: 8.9254
2026-07-09 14:05:13,713:INFO:epoch: 48 | loss: 0.5128 | bce: 0.2718 | raw_bce: 0.2517 | dice_loss: 0.2369 | distance_loss: 0.0409 | tv_loss: 2137.1469 | boundary_weight_mean: 8.8497 | eval_loss: 0.6951 | eval_bce: 0.4064 | eval_raw_bce: 0.2677 | eval_dice_loss: 0.2841 | eval_distance_loss: 0.0458 | eval_tv_loss: 1955.6106 | eval_boundary_weight_mean: 5.6662 | eval_pixel_iou: 0.7907 | eval_miou: 0.7585 | eval_boundary_iou: 0.3787
2026-07-09 14:05:51,382:INFO:epoch: 49 | loss: 0.5158 | bce: 0.2735 | raw_bce: 0.2549 | dice_loss: 0.2382 | distance_loss: 0.0413 | tv_loss: 2140.1111 | boundary_weight_mean: 8.8563
2026-07-09 14:06:31,203:INFO:epoch: 50 | loss: 0.5166 | bce: 0.2741 | raw_bce: 0.2534 | dice_loss: 0.2384 | distance_loss: 0.0409 | tv_loss: 2133.1968 | boundary_weight_mean: 8.8096 | eval_loss: 0.6966 | eval_bce: 0.4075 | eval_raw_bce: 0.2717 | eval_dice_loss: 0.2845 | eval_distance_loss: 0.0464 | eval_tv_loss: 1968.7951 | eval_boundary_weight_mean: 5.6662 | eval_pixel_iou: 0.7896 | eval_miou: 0.7579 | eval_boundary_iou: 0.3744
