2026-07-18 07:46:22,932:INFO:DualHeadUNet(
  (inc): DoubleConv(
    (block): Sequential(
      (0): Conv2d(8, 32, kernel_size=(3, 3), stride=(1, 1), padding=(1, 1), bias=False)
      (1): BatchNorm2d(32, eps=1e-05, momentum=0.1, affine=True, track_running_stats=True)
      (2): ReLU(inplace=True)
      (3): Conv2d(32, 32, kernel_size=(3, 3), stride=(1, 1), padding=(1, 1), bias=False)
      (4): BatchNorm2d(32, eps=1e-05, momentum=0.1, affine=True, track_running_stats=True)
      (5): ReLU(inplace=True)
    )
  )
  (down1): Down(
    (block): Sequential(
      (0): MaxPool2d(kernel_size=2, stride=2, padding=0, dilation=1, ceil_mode=False)
      (1): DoubleConv(
        (block): Sequential(
          (0): Conv2d(32, 64, kernel_size=(3, 3), stride=(1, 1), padding=(1, 1), bias=False)
          (1): BatchNorm2d(64, eps=1e-05, momentum=0.1, affine=True, track_running_stats=True)
          (2): ReLU(inplace=True)
          (3): Conv2d(64, 64, kernel_size=(3, 3), stride=(1, 1), padding=(1, 1), bias=False)
          (4): BatchNorm2d(64, eps=1e-05, momentum=0.1, affine=True, track_running_stats=True)
          (5): ReLU(inplace=True)
        )
      )
    )
  )
  (down2): Down(
    (block): Sequential(
      (0): MaxPool2d(kernel_size=2, stride=2, padding=0, dilation=1, ceil_mode=False)
      (1): DoubleConv(
        (block): Sequential(
          (0): Conv2d(64, 128, kernel_size=(3, 3), stride=(1, 1), padding=(1, 1), bias=False)
          (1): BatchNorm2d(128, eps=1e-05, momentum=0.1, affine=True, track_running_stats=True)
          (2): ReLU(inplace=True)
          (3): Conv2d(128, 128, kernel_size=(3, 3), stride=(1, 1), padding=(1, 1), bias=False)
          (4): BatchNorm2d(128, eps=1e-05, momentum=0.1, affine=True, track_running_stats=True)
          (5): ReLU(inplace=True)
        )
      )
    )
  )
  (down3): Down(
    (block): Sequential(
      (0): MaxPool2d(kernel_size=2, stride=2, padding=0, dilation=1, ceil_mode=False)
      (1): DoubleConv(
        (block): Sequential(
          (0): Conv2d(128, 256, kernel_size=(3, 3), stride=(1, 1), padding=(1, 1), bias=False)
          (1): BatchNorm2d(256, eps=1e-05, momentum=0.1, affine=True, track_running_stats=True)
          (2): ReLU(inplace=True)
          (3): Conv2d(256, 256, kernel_size=(3, 3), stride=(1, 1), padding=(1, 1), bias=False)
          (4): BatchNorm2d(256, eps=1e-05, momentum=0.1, affine=True, track_running_stats=True)
          (5): ReLU(inplace=True)
        )
      )
    )
  )
  (down4): Down(
    (block): Sequential(
      (0): MaxPool2d(kernel_size=2, stride=2, padding=0, dilation=1, ceil_mode=False)
      (1): DoubleConv(
        (block): Sequential(
          (0): Conv2d(256, 512, kernel_size=(3, 3), stride=(1, 1), padding=(1, 1), bias=False)
          (1): BatchNorm2d(512, eps=1e-05, momentum=0.1, affine=True, track_running_stats=True)
          (2): ReLU(inplace=True)
          (3): Conv2d(512, 512, kernel_size=(3, 3), stride=(1, 1), padding=(1, 1), bias=False)
          (4): BatchNorm2d(512, eps=1e-05, momentum=0.1, affine=True, track_running_stats=True)
          (5): ReLU(inplace=True)
        )
      )
    )
  )
  (up1): Up(
    (up): ConvTranspose2d(512, 256, kernel_size=(2, 2), stride=(2, 2))
    (conv): DoubleConv(
      (block): Sequential(
        (0): Conv2d(512, 256, kernel_size=(3, 3), stride=(1, 1), padding=(1, 1), bias=False)
        (1): BatchNorm2d(256, eps=1e-05, momentum=0.1, affine=True, track_running_stats=True)
        (2): ReLU(inplace=True)
        (3): Conv2d(256, 256, kernel_size=(3, 3), stride=(1, 1), padding=(1, 1), bias=False)
        (4): BatchNorm2d(256, eps=1e-05, momentum=0.1, affine=True, track_running_stats=True)
        (5): ReLU(inplace=True)
      )
    )
  )
  (up2): Up(
    (up): ConvTranspose2d(256, 128, kernel_size=(2, 2), stride=(2, 2))
    (conv): DoubleConv(
      (block): Sequential(
        (0): Conv2d(256, 128, kernel_size=(3, 3), stride=(1, 1), padding=(1, 1), bias=False)
        (1): BatchNorm2d(128, eps=1e-05, momentum=0.1, affine=True, track_running_stats=True)
        (2): ReLU(inplace=True)
        (3): Conv2d(128, 128, kernel_size=(3, 3), stride=(1, 1), padding=(1, 1), bias=False)
        (4): BatchNorm2d(128, eps=1e-05, momentum=0.1, affine=True, track_running_stats=True)
        (5): ReLU(inplace=True)
      )
    )
  )
  (up3): Up(
    (up): ConvTranspose2d(128, 64, kernel_size=(2, 2), stride=(2, 2))
    (conv): DoubleConv(
      (block): Sequential(
        (0): Conv2d(128, 64, kernel_size=(3, 3), stride=(1, 1), padding=(1, 1), bias=False)
        (1): BatchNorm2d(64, eps=1e-05, momentum=0.1, affine=True, track_running_stats=True)
        (2): ReLU(inplace=True)
        (3): Conv2d(64, 64, kernel_size=(3, 3), stride=(1, 1), padding=(1, 1), bias=False)
        (4): BatchNorm2d(64, eps=1e-05, momentum=0.1, affine=True, track_running_stats=True)
        (5): ReLU(inplace=True)
      )
    )
  )
  (up4): Up(
    (up): ConvTranspose2d(64, 32, kernel_size=(2, 2), stride=(2, 2))
    (conv): DoubleConv(
      (block): Sequential(
        (0): Conv2d(64, 32, kernel_size=(3, 3), stride=(1, 1), padding=(1, 1), bias=False)
        (1): BatchNorm2d(32, eps=1e-05, momentum=0.1, affine=True, track_running_stats=True)
        (2): ReLU(inplace=True)
        (3): Conv2d(32, 32, kernel_size=(3, 3), stride=(1, 1), padding=(1, 1), bias=False)
        (4): BatchNorm2d(32, eps=1e-05, momentum=0.1, affine=True, track_running_stats=True)
        (5): ReLU(inplace=True)
      )
    )
  )
  (mask_head): Conv2d(32, 1, kernel_size=(1, 1), stride=(1, 1))
  (distance_head): Sequential(
    (0): Conv2d(32, 32, kernel_size=(3, 3), stride=(1, 1), padding=(1, 1), bias=False)
    (1): BatchNorm2d(32, eps=1e-05, momentum=0.1, affine=True, track_running_stats=True)
    (2): ReLU(inplace=True)
    (3): Conv2d(32, 1, kernel_size=(1, 1), stride=(1, 1))
  )
)
Trainable parameters by tensor:
  inc.block.0.weight: 2,304
  inc.block.1.weight: 32
  inc.block.1.bias: 32
  inc.block.3.weight: 9,216
  inc.block.4.weight: 32
  inc.block.4.bias: 32
  down1.block.1.block.0.weight: 18,432
  down1.block.1.block.1.weight: 64
  down1.block.1.block.1.bias: 64
  down1.block.1.block.3.weight: 36,864
  down1.block.1.block.4.weight: 64
  down1.block.1.block.4.bias: 64
  down2.block.1.block.0.weight: 73,728
  down2.block.1.block.1.weight: 128
  down2.block.1.block.1.bias: 128
  down2.block.1.block.3.weight: 147,456
  down2.block.1.block.4.weight: 128
  down2.block.1.block.4.bias: 128
  down3.block.1.block.0.weight: 294,912
  down3.block.1.block.1.weight: 256
  down3.block.1.block.1.bias: 256
  down3.block.1.block.3.weight: 589,824
  down3.block.1.block.4.weight: 256
  down3.block.1.block.4.bias: 256
  down4.block.1.block.0.weight: 1,179,648
  down4.block.1.block.1.weight: 512
  down4.block.1.block.1.bias: 512
  down4.block.1.block.3.weight: 2,359,296
  down4.block.1.block.4.weight: 512
  down4.block.1.block.4.bias: 512
  up1.up.weight: 524,288
  up1.up.bias: 256
  up1.conv.block.0.weight: 1,179,648
  up1.conv.block.1.weight: 256
  up1.conv.block.1.bias: 256
  up1.conv.block.3.weight: 589,824
  up1.conv.block.4.weight: 256
  up1.conv.block.4.bias: 256
  up2.up.weight: 131,072
  up2.up.bias: 128
  up2.conv.block.0.weight: 294,912
  up2.conv.block.1.weight: 128
  up2.conv.block.1.bias: 128
  up2.conv.block.3.weight: 147,456
  up2.conv.block.4.weight: 128
  up2.conv.block.4.bias: 128
  up3.up.weight: 32,768
  up3.up.bias: 64
  up3.conv.block.0.weight: 73,728
  up3.conv.block.1.weight: 64
  up3.conv.block.1.bias: 64
  up3.conv.block.3.weight: 36,864
  up3.conv.block.4.weight: 64
  up3.conv.block.4.bias: 64
  up4.up.weight: 8,192
  up4.up.bias: 32
  up4.conv.block.0.weight: 18,432
  up4.conv.block.1.weight: 32
  up4.conv.block.1.bias: 32
  up4.conv.block.3.weight: 9,216
  up4.conv.block.4.weight: 32
  up4.conv.block.4.bias: 32
  mask_head.weight: 32
  mask_head.bias: 1
  distance_head.0.weight: 9,216
  distance_head.1.weight: 32
  distance_head.1.bias: 32
  distance_head.3.weight: 32
  distance_head.3.bias: 1
Total trainable parameters: 7,773,794
2026-07-18 07:46:22,936:INFO:------------ New Training Session ------------
2026-07-18 07:54:52,757:INFO:epoch: 1 | loss: 0.9745 | bce: 0.3961 | raw_bce: 0.4401 | dice_loss: 0.5134 | distance_loss: 0.0217 | raw_distance_loss: 0.0960 | weighted_distance_loss: 0.0650 | distance_loss_fraction: 0.0651 | tv_loss: 2174.6654 | boundary_weight_mean: 6.4153 | distance_boundary_weight_mean: 6.4153
2026-07-18 07:58:10,656:INFO:epoch: 2 | loss: 0.8403 | bce: 0.3496 | raw_bce: 0.3330 | dice_loss: 0.4398 | distance_loss: 0.0170 | raw_distance_loss: 0.0774 | weighted_distance_loss: 0.0509 | distance_loss_fraction: 0.0600 | tv_loss: 2088.1169 | boundary_weight_mean: 6.4069 | distance_boundary_weight_mean: 6.4069 | eval_loss: 0.9546 | eval_bce: 0.4873 | eval_raw_bce: 0.3274 | eval_dice_loss: 0.3841 | eval_distance_loss: 0.0277 | eval_raw_distance_loss: 0.0766 | eval_weighted_distance_loss: 0.0832 | eval_distance_loss_fraction: 0.0795 | eval_tv_loss: 2122.6384 | eval_boundary_weight_mean: 4.6877 | eval_distance_boundary_weight_mean: 4.6877 | eval_pixel_iou: 0.6457 | eval_miou: 0.5961 | eval_boundary_iou: 0.2434
2026-07-18 08:00:34,291:INFO:epoch: 3 | loss: 0.7976 | bce: 0.3389 | raw_bce: 0.3163 | dice_loss: 0.4120 | distance_loss: 0.0156 | raw_distance_loss: 0.0713 | weighted_distance_loss: 0.0467 | distance_loss_fraction: 0.0580 | tv_loss: 2143.2422 | boundary_weight_mean: 6.4006 | distance_boundary_weight_mean: 6.4006
2026-07-18 08:03:05,127:INFO:epoch: 4 | loss: 0.7724 | bce: 0.3298 | raw_bce: 0.3035 | dice_loss: 0.3987 | distance_loss: 0.0146 | raw_distance_loss: 0.0669 | weighted_distance_loss: 0.0439 | distance_loss_fraction: 0.0563 | tv_loss: 2173.5186 | boundary_weight_mean: 6.4121 | distance_boundary_weight_mean: 6.4121 | eval_loss: 0.9206 | eval_bce: 0.4653 | eval_raw_bce: 0.3186 | eval_dice_loss: 0.3722 | eval_distance_loss: 0.0277 | eval_raw_distance_loss: 0.0815 | eval_weighted_distance_loss: 0.0831 | eval_distance_loss_fraction: 0.0811 | eval_tv_loss: 2124.5876 | eval_boundary_weight_mean: 4.6877 | eval_distance_boundary_weight_mean: 4.6877 | eval_pixel_iou: 0.6616 | eval_miou: 0.6169 | eval_boundary_iou: 0.2631
2026-07-18 08:05:28,805:INFO:epoch: 5 | loss: 0.7533 | bce: 0.3236 | raw_bce: 0.2932 | dice_loss: 0.3880 | distance_loss: 0.0139 | raw_distance_loss: 0.0630 | weighted_distance_loss: 0.0417 | distance_loss_fraction: 0.0550 | tv_loss: 2203.1821 | boundary_weight_mean: 6.3911 | distance_boundary_weight_mean: 6.3911
2026-07-18 08:07:59,523:INFO:epoch: 6 | loss: 0.7425 | bce: 0.3199 | raw_bce: 0.2884 | dice_loss: 0.3820 | distance_loss: 0.0135 | raw_distance_loss: 0.0610 | weighted_distance_loss: 0.0406 | distance_loss_fraction: 0.0541 | tv_loss: 2217.3988 | boundary_weight_mean: 6.4002 | distance_boundary_weight_mean: 6.4002 | eval_loss: 0.8764 | eval_bce: 0.4435 | eval_raw_bce: 0.2984 | eval_dice_loss: 0.3569 | eval_distance_loss: 0.0253 | eval_raw_distance_loss: 0.0751 | eval_weighted_distance_loss: 0.0760 | eval_distance_loss_fraction: 0.0787 | eval_tv_loss: 2237.9732 | eval_boundary_weight_mean: 4.6877 | eval_distance_boundary_weight_mean: 4.6877 | eval_pixel_iou: 0.6747 | eval_miou: 0.6276 | eval_boundary_iou: 0.2843
2026-07-18 08:10:23,329:INFO:epoch: 7 | loss: 0.7323 | bce: 0.3144 | raw_bce: 0.2831 | dice_loss: 0.3784 | distance_loss: 0.0132 | raw_distance_loss: 0.0599 | weighted_distance_loss: 0.0395 | distance_loss_fraction: 0.0535 | tv_loss: 2238.3729 | boundary_weight_mean: 6.4117 | distance_boundary_weight_mean: 6.4117
2026-07-18 08:12:53,609:INFO:epoch: 8 | loss: 0.7275 | bce: 0.3142 | raw_bce: 0.2833 | dice_loss: 0.3738 | distance_loss: 0.0131 | raw_distance_loss: 0.0596 | weighted_distance_loss: 0.0394 | distance_loss_fraction: 0.0536 | tv_loss: 2244.2180 | boundary_weight_mean: 6.4001 | distance_boundary_weight_mean: 6.4001 | eval_loss: 0.8698 | eval_bce: 0.4674 | eval_raw_bce: 0.3219 | eval_dice_loss: 0.3331 | eval_distance_loss: 0.0231 | eval_raw_distance_loss: 0.0640 | eval_weighted_distance_loss: 0.0694 | eval_distance_loss_fraction: 0.0725 | eval_tv_loss: 2313.8197 | eval_boundary_weight_mean: 4.6877 | eval_distance_boundary_weight_mean: 4.6877 | eval_pixel_iou: 0.6793 | eval_miou: 0.6372 | eval_boundary_iou: 0.3031
2026-07-18 08:15:16,953:INFO:epoch: 9 | loss: 0.7213 | bce: 0.3112 | raw_bce: 0.2781 | dice_loss: 0.3718 | distance_loss: 0.0128 | raw_distance_loss: 0.0575 | weighted_distance_loss: 0.0383 | distance_loss_fraction: 0.0525 | tv_loss: 2251.1095 | boundary_weight_mean: 6.3853 | distance_boundary_weight_mean: 6.3853
2026-07-18 08:17:47,024:INFO:epoch: 10 | loss: 0.7151 | bce: 0.3087 | raw_bce: 0.2740 | dice_loss: 0.3687 | distance_loss: 0.0126 | raw_distance_loss: 0.0566 | weighted_distance_loss: 0.0378 | distance_loss_fraction: 0.0523 | tv_loss: 2264.4552 | boundary_weight_mean: 6.3904 | distance_boundary_weight_mean: 6.3904 | eval_loss: 0.8493 | eval_bce: 0.4462 | eval_raw_bce: 0.2997 | eval_dice_loss: 0.3367 | eval_distance_loss: 0.0221 | eval_raw_distance_loss: 0.0602 | eval_weighted_distance_loss: 0.0663 | eval_distance_loss_fraction: 0.0716 | eval_tv_loss: 2442.3437 | eval_boundary_weight_mean: 4.6877 | eval_distance_boundary_weight_mean: 4.6877 | eval_pixel_iou: 0.6852 | eval_miou: 0.6343 | eval_boundary_iou: 0.3003
2026-07-18 08:20:10,576:INFO:epoch: 11 | loss: 0.7130 | bce: 0.3084 | raw_bce: 0.2723 | dice_loss: 0.3672 | distance_loss: 0.0125 | raw_distance_loss: 0.0560 | weighted_distance_loss: 0.0374 | distance_loss_fraction: 0.0520 | tv_loss: 2279.6772 | boundary_weight_mean: 6.3760 | distance_boundary_weight_mean: 6.3760
2026-07-18 08:22:40,934:INFO:epoch: 12 | loss: 0.7099 | bce: 0.3074 | raw_bce: 0.2726 | dice_loss: 0.3653 | distance_loss: 0.0124 | raw_distance_loss: 0.0556 | weighted_distance_loss: 0.0372 | distance_loss_fraction: 0.0519 | tv_loss: 2282.0788 | boundary_weight_mean: 6.3704 | distance_boundary_weight_mean: 6.3704 | eval_loss: 0.8277 | eval_bce: 0.4330 | eval_raw_bce: 0.2931 | eval_dice_loss: 0.3321 | eval_distance_loss: 0.0209 | eval_raw_distance_loss: 0.0590 | eval_weighted_distance_loss: 0.0627 | eval_distance_loss_fraction: 0.0696 | eval_tv_loss: 2442.9994 | eval_boundary_weight_mean: 4.6877 | eval_distance_boundary_weight_mean: 4.6877 | eval_pixel_iou: 0.6928 | eval_miou: 0.6465 | eval_boundary_iou: 0.3135
2026-07-18 08:25:04,219:INFO:epoch: 13 | loss: 0.7021 | bce: 0.3036 | raw_bce: 0.2679 | dice_loss: 0.3622 | distance_loss: 0.0121 | raw_distance_loss: 0.0542 | weighted_distance_loss: 0.0362 | distance_loss_fraction: 0.0511 | tv_loss: 2282.8976 | boundary_weight_mean: 6.3972 | distance_boundary_weight_mean: 6.3972
2026-07-18 08:27:34,631:INFO:epoch: 14 | loss: 0.6966 | bce: 0.2996 | raw_bce: 0.2644 | dice_loss: 0.3615 | distance_loss: 0.0118 | raw_distance_loss: 0.0534 | weighted_distance_loss: 0.0355 | distance_loss_fraction: 0.0505 | tv_loss: 2291.8635 | boundary_weight_mean: 6.4288 | distance_boundary_weight_mean: 6.4288 | eval_loss: 0.8239 | eval_bce: 0.4279 | eval_raw_bce: 0.2723 | eval_dice_loss: 0.3322 | eval_distance_loss: 0.0213 | eval_raw_distance_loss: 0.0569 | eval_weighted_distance_loss: 0.0638 | eval_distance_loss_fraction: 0.0717 | eval_tv_loss: 2315.1117 | eval_boundary_weight_mean: 4.6877 | eval_distance_boundary_weight_mean: 4.6877 | eval_pixel_iou: 0.6968 | eval_miou: 0.6536 | eval_boundary_iou: 0.3253
2026-07-18 08:29:58,023:INFO:epoch: 15 | loss: 0.6962 | bce: 0.3009 | raw_bce: 0.2651 | dice_loss: 0.3596 | distance_loss: 0.0119 | raw_distance_loss: 0.0535 | weighted_distance_loss: 0.0357 | distance_loss_fraction: 0.0509 | tv_loss: 2294.1804 | boundary_weight_mean: 6.4079 | distance_boundary_weight_mean: 6.4079
2026-07-18 08:32:28,295:INFO:epoch: 16 | loss: 0.6888 | bce: 0.2981 | raw_bce: 0.2609 | dice_loss: 0.3559 | distance_loss: 0.0116 | raw_distance_loss: 0.0520 | weighted_distance_loss: 0.0348 | distance_loss_fraction: 0.0501 | tv_loss: 2301.3459 | boundary_weight_mean: 6.4075 | distance_boundary_weight_mean: 6.4075 | eval_loss: 0.8059 | eval_bce: 0.4246 | eval_raw_bce: 0.2788 | eval_dice_loss: 0.3214 | eval_distance_loss: 0.0200 | eval_raw_distance_loss: 0.0557 | eval_weighted_distance_loss: 0.0599 | eval_distance_loss_fraction: 0.0690 | eval_tv_loss: 2364.9029 | eval_boundary_weight_mean: 4.6877 | eval_distance_boundary_weight_mean: 4.6877 | eval_pixel_iou: 0.7015 | eval_miou: 0.6463 | eval_boundary_iou: 0.3135
2026-07-18 08:34:51,669:INFO:epoch: 17 | loss: 0.6894 | bce: 0.2973 | raw_bce: 0.2609 | dice_loss: 0.3572 | distance_loss: 0.0116 | raw_distance_loss: 0.0523 | weighted_distance_loss: 0.0349 | distance_loss_fraction: 0.0501 | tv_loss: 2300.8735 | boundary_weight_mean: 6.4132 | distance_boundary_weight_mean: 6.4132
2026-07-18 08:37:21,861:INFO:epoch: 18 | loss: 0.6845 | bce: 0.2960 | raw_bce: 0.2556 | dice_loss: 0.3543 | distance_loss: 0.0114 | raw_distance_loss: 0.0507 | weighted_distance_loss: 0.0342 | distance_loss_fraction: 0.0496 | tv_loss: 2310.5370 | boundary_weight_mean: 6.4117 | distance_boundary_weight_mean: 6.4117 | eval_loss: 0.8146 | eval_bce: 0.4381 | eval_raw_bce: 0.2816 | eval_dice_loss: 0.3166 | eval_distance_loss: 0.0200 | eval_raw_distance_loss: 0.0551 | eval_weighted_distance_loss: 0.0599 | eval_distance_loss_fraction: 0.0678 | eval_tv_loss: 2369.7376 | eval_boundary_weight_mean: 4.6877 | eval_distance_boundary_weight_mean: 4.6877 | eval_pixel_iou: 0.7013 | eval_miou: 0.6560 | eval_boundary_iou: 0.3233
2026-07-18 08:39:45,590:INFO:epoch: 19 | loss: 0.6808 | bce: 0.2941 | raw_bce: 0.2545 | dice_loss: 0.3530 | distance_loss: 0.0112 | raw_distance_loss: 0.0504 | weighted_distance_loss: 0.0337 | distance_loss_fraction: 0.0492 | tv_loss: 2316.7843 | boundary_weight_mean: 6.4190 | distance_boundary_weight_mean: 6.4190
2026-07-18 08:42:16,115:INFO:epoch: 20 | loss: 0.6788 | bce: 0.2948 | raw_bce: 0.2527 | dice_loss: 0.3505 | distance_loss: 0.0112 | raw_distance_loss: 0.0496 | weighted_distance_loss: 0.0335 | distance_loss_fraction: 0.0489 | tv_loss: 2321.0453 | boundary_weight_mean: 6.3964 | distance_boundary_weight_mean: 6.3964 | eval_loss: 0.8002 | eval_bce: 0.4247 | eval_raw_bce: 0.2616 | eval_dice_loss: 0.3181 | eval_distance_loss: 0.0191 | eval_raw_distance_loss: 0.0501 | eval_weighted_distance_loss: 0.0574 | eval_distance_loss_fraction: 0.0672 | eval_tv_loss: 2341.0032 | eval_boundary_weight_mean: 4.6877 | eval_distance_boundary_weight_mean: 4.6877 | eval_pixel_iou: 0.7106 | eval_miou: 0.6708 | eval_boundary_iou: 0.3440
2026-07-18 08:44:39,816:INFO:epoch: 21 | loss: 0.6766 | bce: 0.2931 | raw_bce: 0.2495 | dice_loss: 0.3502 | distance_loss: 0.0111 | raw_distance_loss: 0.0488 | weighted_distance_loss: 0.0332 | distance_loss_fraction: 0.0486 | tv_loss: 2319.9364 | boundary_weight_mean: 6.3958 | distance_boundary_weight_mean: 6.3958
2026-07-18 08:47:09,753:INFO:epoch: 22 | loss: 0.6742 | bce: 0.2925 | raw_bce: 0.2488 | dice_loss: 0.3487 | distance_loss: 0.0110 | raw_distance_loss: 0.0487 | weighted_distance_loss: 0.0330 | distance_loss_fraction: 0.0486 | tv_loss: 2325.9998 | boundary_weight_mean: 6.3899 | distance_boundary_weight_mean: 6.3899 | eval_loss: 0.7952 | eval_bce: 0.4234 | eval_raw_bce: 0.2751 | eval_dice_loss: 0.3148 | eval_distance_loss: 0.0190 | eval_raw_distance_loss: 0.0508 | eval_weighted_distance_loss: 0.0569 | eval_distance_loss_fraction: 0.0670 | eval_tv_loss: 2411.9205 | eval_boundary_weight_mean: 4.6877 | eval_distance_boundary_weight_mean: 4.6877 | eval_pixel_iou: 0.7090 | eval_miou: 0.6566 | eval_boundary_iou: 0.3292
2026-07-18 08:49:33,211:INFO:epoch: 23 | loss: 0.6705 | bce: 0.2904 | raw_bce: 0.2477 | dice_loss: 0.3475 | distance_loss: 0.0109 | raw_distance_loss: 0.0481 | weighted_distance_loss: 0.0326 | distance_loss_fraction: 0.0484 | tv_loss: 2324.0338 | boundary_weight_mean: 6.4196 | distance_boundary_weight_mean: 6.4196
2026-07-18 08:52:03,820:INFO:epoch: 24 | loss: 0.6695 | bce: 0.2907 | raw_bce: 0.2463 | dice_loss: 0.3463 | distance_loss: 0.0108 | raw_distance_loss: 0.0478 | weighted_distance_loss: 0.0325 | distance_loss_fraction: 0.0482 | tv_loss: 2328.0465 | boundary_weight_mean: 6.4019 | distance_boundary_weight_mean: 6.4019 | eval_loss: 0.7738 | eval_bce: 0.4057 | eval_raw_bce: 0.2467 | eval_dice_loss: 0.3145 | eval_distance_loss: 0.0179 | eval_raw_distance_loss: 0.0501 | eval_weighted_distance_loss: 0.0536 | eval_distance_loss_fraction: 0.0662 | eval_tv_loss: 2443.6733 | eval_boundary_weight_mean: 4.6877 | eval_distance_boundary_weight_mean: 4.6877 | eval_pixel_iou: 0.7186 | eval_miou: 0.6754 | eval_boundary_iou: 0.3523
2026-07-18 08:54:27,436:INFO:epoch: 25 | loss: 0.6667 | bce: 0.2889 | raw_bce: 0.2409 | dice_loss: 0.3461 | distance_loss: 0.0106 | raw_distance_loss: 0.0463 | weighted_distance_loss: 0.0317 | distance_loss_fraction: 0.0472 | tv_loss: 2330.2025 | boundary_weight_mean: 6.3944 | distance_boundary_weight_mean: 6.3944
2026-07-18 08:56:57,766:INFO:epoch: 26 | loss: 0.6612 | bce: 0.2862 | raw_bce: 0.2406 | dice_loss: 0.3437 | distance_loss: 0.0104 | raw_distance_loss: 0.0460 | weighted_distance_loss: 0.0313 | distance_loss_fraction: 0.0471 | tv_loss: 2320.7000 | boundary_weight_mean: 6.4304 | distance_boundary_weight_mean: 6.4304 | eval_loss: 0.7675 | eval_bce: 0.4028 | eval_raw_bce: 0.2454 | eval_dice_loss: 0.3131 | eval_distance_loss: 0.0172 | eval_raw_distance_loss: 0.0482 | eval_weighted_distance_loss: 0.0516 | eval_distance_loss_fraction: 0.0646 | eval_tv_loss: 2450.9584 | eval_boundary_weight_mean: 4.6877 | eval_distance_boundary_weight_mean: 4.6877 | eval_pixel_iou: 0.7226 | eval_miou: 0.6699 | eval_boundary_iou: 0.3446
2026-07-18 08:59:21,263:INFO:epoch: 27 | loss: 0.6633 | bce: 0.2884 | raw_bce: 0.2399 | dice_loss: 0.3433 | distance_loss: 0.0105 | raw_distance_loss: 0.0459 | weighted_distance_loss: 0.0316 | distance_loss_fraction: 0.0472 | tv_loss: 2334.2819 | boundary_weight_mean: 6.3895 | distance_boundary_weight_mean: 6.3895
2026-07-18 09:01:51,930:INFO:epoch: 28 | loss: 0.6597 | bce: 0.2869 | raw_bce: 0.2375 | dice_loss: 0.3418 | distance_loss: 0.0103 | raw_distance_loss: 0.0451 | weighted_distance_loss: 0.0310 | distance_loss_fraction: 0.0468 | tv_loss: 2335.2699 | boundary_weight_mean: 6.4019 | distance_boundary_weight_mean: 6.4019 | eval_loss: 0.7693 | eval_bce: 0.4068 | eval_raw_bce: 0.2437 | eval_dice_loss: 0.3108 | eval_distance_loss: 0.0172 | eval_raw_distance_loss: 0.0471 | eval_weighted_distance_loss: 0.0517 | eval_distance_loss_fraction: 0.0643 | eval_tv_loss: 2426.3050 | eval_boundary_weight_mean: 4.6877 | eval_distance_boundary_weight_mean: 4.6877 | eval_pixel_iou: 0.7226 | eval_miou: 0.6788 | eval_boundary_iou: 0.3554
2026-07-18 09:04:15,904:INFO:epoch: 29 | loss: 0.6570 | bce: 0.2857 | raw_bce: 0.2363 | dice_loss: 0.3405 | distance_loss: 0.0102 | raw_distance_loss: 0.0448 | weighted_distance_loss: 0.0307 | distance_loss_fraction: 0.0465 | tv_loss: 2335.6568 | boundary_weight_mean: 6.4004 | distance_boundary_weight_mean: 6.4004
2026-07-18 09:06:46,416:INFO:epoch: 30 | loss: 0.6574 | bce: 0.2857 | raw_bce: 0.2349 | dice_loss: 0.3411 | distance_loss: 0.0102 | raw_distance_loss: 0.0444 | weighted_distance_loss: 0.0306 | distance_loss_fraction: 0.0463 | tv_loss: 2337.3181 | boundary_weight_mean: 6.3954 | distance_boundary_weight_mean: 6.3954 | eval_loss: 0.7712 | eval_bce: 0.4082 | eval_raw_bce: 0.2420 | eval_dice_loss: 0.3109 | eval_distance_loss: 0.0174 | eval_raw_distance_loss: 0.0468 | eval_weighted_distance_loss: 0.0521 | eval_distance_loss_fraction: 0.0653 | eval_tv_loss: 2380.6454 | eval_boundary_weight_mean: 4.6877 | eval_distance_boundary_weight_mean: 4.6877 | eval_pixel_iou: 0.7241 | eval_miou: 0.6783 | eval_boundary_iou: 0.3541
2026-07-18 09:09:10,265:INFO:epoch: 31 | loss: 0.6544 | bce: 0.2846 | raw_bce: 0.2323 | dice_loss: 0.3397 | distance_loss: 0.0101 | raw_distance_loss: 0.0437 | weighted_distance_loss: 0.0302 | distance_loss_fraction: 0.0459 | tv_loss: 2334.7708 | boundary_weight_mean: 6.3919 | distance_boundary_weight_mean: 6.3919
2026-07-18 09:11:41,157:INFO:epoch: 32 | loss: 0.6545 | bce: 0.2845 | raw_bce: 0.2332 | dice_loss: 0.3397 | distance_loss: 0.0101 | raw_distance_loss: 0.0440 | weighted_distance_loss: 0.0304 | distance_loss_fraction: 0.0461 | tv_loss: 2336.5831 | boundary_weight_mean: 6.3927 | distance_boundary_weight_mean: 6.3927 | eval_loss: 0.7629 | eval_bce: 0.4022 | eval_raw_bce: 0.2430 | eval_dice_loss: 0.3099 | eval_distance_loss: 0.0170 | eval_raw_distance_loss: 0.0468 | eval_weighted_distance_loss: 0.0509 | eval_distance_loss_fraction: 0.0644 | eval_tv_loss: 2414.3266 | eval_boundary_weight_mean: 4.6877 | eval_distance_boundary_weight_mean: 4.6877 | eval_pixel_iou: 0.7248 | eval_miou: 0.6768 | eval_boundary_iou: 0.3499
2026-07-18 09:14:05,173:INFO:epoch: 33 | loss: 0.6522 | bce: 0.2833 | raw_bce: 0.2304 | dice_loss: 0.3388 | distance_loss: 0.0100 | raw_distance_loss: 0.0433 | weighted_distance_loss: 0.0301 | distance_loss_fraction: 0.0459 | tv_loss: 2339.2968 | boundary_weight_mean: 6.4026 | distance_boundary_weight_mean: 6.4026
2026-07-18 09:16:36,010:INFO:epoch: 34 | loss: 0.6497 | bce: 0.2824 | raw_bce: 0.2282 | dice_loss: 0.3378 | distance_loss: 0.0098 | raw_distance_loss: 0.0424 | weighted_distance_loss: 0.0295 | distance_loss_fraction: 0.0452 | tv_loss: 2331.8083 | boundary_weight_mean: 6.4079 | distance_boundary_weight_mean: 6.4079 | eval_loss: 0.7596 | eval_bce: 0.4023 | eval_raw_bce: 0.2439 | eval_dice_loss: 0.3067 | eval_distance_loss: 0.0168 | eval_raw_distance_loss: 0.0457 | eval_weighted_distance_loss: 0.0505 | eval_distance_loss_fraction: 0.0639 | eval_tv_loss: 2421.3390 | eval_boundary_weight_mean: 4.6877 | eval_distance_boundary_weight_mean: 4.6877 | eval_pixel_iou: 0.7265 | eval_miou: 0.6780 | eval_boundary_iou: 0.3491
2026-07-18 09:18:59,817:INFO:epoch: 35 | loss: 0.6493 | bce: 0.2824 | raw_bce: 0.2283 | dice_loss: 0.3374 | distance_loss: 0.0098 | raw_distance_loss: 0.0425 | weighted_distance_loss: 0.0295 | distance_loss_fraction: 0.0452 | tv_loss: 2333.0352 | boundary_weight_mean: 6.4050 | distance_boundary_weight_mean: 6.4050
2026-07-18 09:21:30,065:INFO:epoch: 36 | loss: 0.6476 | bce: 0.2823 | raw_bce: 0.2283 | dice_loss: 0.3358 | distance_loss: 0.0098 | raw_distance_loss: 0.0424 | weighted_distance_loss: 0.0295 | distance_loss_fraction: 0.0453 | tv_loss: 2331.7825 | boundary_weight_mean: 6.4066 | distance_boundary_weight_mean: 6.4066 | eval_loss: 0.7566 | eval_bce: 0.3996 | eval_raw_bce: 0.2372 | eval_dice_loss: 0.3069 | eval_distance_loss: 0.0167 | eval_raw_distance_loss: 0.0463 | eval_weighted_distance_loss: 0.0500 | eval_distance_loss_fraction: 0.0639 | eval_tv_loss: 2439.1265 | eval_boundary_weight_mean: 4.6877 | eval_distance_boundary_weight_mean: 4.6877 | eval_pixel_iou: 0.7295 | eval_miou: 0.6805 | eval_boundary_iou: 0.3529
2026-07-18 09:23:53,669:INFO:epoch: 37 | loss: 0.6484 | bce: 0.2825 | raw_bce: 0.2267 | dice_loss: 0.3366 | distance_loss: 0.0098 | raw_distance_loss: 0.0421 | weighted_distance_loss: 0.0293 | distance_loss_fraction: 0.0450 | tv_loss: 2336.8241 | boundary_weight_mean: 6.4012 | distance_boundary_weight_mean: 6.4012
2026-07-18 09:26:23,704:INFO:epoch: 38 | loss: 0.6475 | bce: 0.2818 | raw_bce: 0.2275 | dice_loss: 0.3363 | distance_loss: 0.0098 | raw_distance_loss: 0.0422 | weighted_distance_loss: 0.0293 | distance_loss_fraction: 0.0451 | tv_loss: 2330.0498 | boundary_weight_mean: 6.4075 | distance_boundary_weight_mean: 6.4075 | eval_loss: 0.7596 | eval_bce: 0.4021 | eval_raw_bce: 0.2378 | eval_dice_loss: 0.3075 | eval_distance_loss: 0.0167 | eval_raw_distance_loss: 0.0453 | eval_weighted_distance_loss: 0.0500 | eval_distance_loss_fraction: 0.0638 | eval_tv_loss: 2415.0300 | eval_boundary_weight_mean: 4.6877 | eval_distance_boundary_weight_mean: 4.6877 | eval_pixel_iou: 0.7282 | eval_miou: 0.6780 | eval_boundary_iou: 0.3546
2026-07-18 09:28:47,292:INFO:epoch: 39 | loss: 0.6496 | bce: 0.2835 | raw_bce: 0.2281 | dice_loss: 0.3366 | distance_loss: 0.0099 | raw_distance_loss: 0.0425 | weighted_distance_loss: 0.0296 | distance_loss_fraction: 0.0453 | tv_loss: 2340.4897 | boundary_weight_mean: 6.3876 | distance_boundary_weight_mean: 6.3876
2026-07-18 09:31:17,357:INFO:epoch: 40 | loss: 0.6478 | bce: 0.2824 | raw_bce: 0.2264 | dice_loss: 0.3361 | distance_loss: 0.0098 | raw_distance_loss: 0.0419 | weighted_distance_loss: 0.0293 | distance_loss_fraction: 0.0451 | tv_loss: 2329.3852 | boundary_weight_mean: 6.3979 | distance_boundary_weight_mean: 6.3979 | eval_loss: 0.7584 | eval_bce: 0.3994 | eval_raw_bce: 0.2350 | eval_dice_loss: 0.3089 | eval_distance_loss: 0.0167 | eval_raw_distance_loss: 0.0462 | eval_weighted_distance_loss: 0.0501 | eval_distance_loss_fraction: 0.0641 | eval_tv_loss: 2413.9193 | eval_boundary_weight_mean: 4.6877 | eval_distance_boundary_weight_mean: 4.6877 | eval_pixel_iou: 0.7293 | eval_miou: 0.6796 | eval_boundary_iou: 0.3543
2026-07-18 09:33:40,812:INFO:epoch: 41 | loss: 0.6464 | bce: 0.2817 | raw_bce: 0.2261 | dice_loss: 0.3357 | distance_loss: 0.0097 | raw_distance_loss: 0.0418 | weighted_distance_loss: 0.0290 | distance_loss_fraction: 0.0447 | tv_loss: 2334.0017 | boundary_weight_mean: 6.4100 | distance_boundary_weight_mean: 6.4100
2026-07-18 09:36:11,089:INFO:epoch: 42 | loss: 0.6452 | bce: 0.2804 | raw_bce: 0.2258 | dice_loss: 0.3358 | distance_loss: 0.0097 | raw_distance_loss: 0.0418 | weighted_distance_loss: 0.0290 | distance_loss_fraction: 0.0449 | tv_loss: 2328.0517 | boundary_weight_mean: 6.4168 | distance_boundary_weight_mean: 6.4168 | eval_loss: 0.7565 | eval_bce: 0.3983 | eval_raw_bce: 0.2348 | eval_dice_loss: 0.3083 | eval_distance_loss: 0.0166 | eval_raw_distance_loss: 0.0457 | eval_weighted_distance_loss: 0.0498 | eval_distance_loss_fraction: 0.0638 | eval_tv_loss: 2435.0540 | eval_boundary_weight_mean: 4.6877 | eval_distance_boundary_weight_mean: 4.6877 | eval_pixel_iou: 0.7295 | eval_miou: 0.6789 | eval_boundary_iou: 0.3550
2026-07-18 09:38:34,558:INFO:epoch: 43 | loss: 0.6471 | bce: 0.2818 | raw_bce: 0.2261 | dice_loss: 0.3362 | distance_loss: 0.0097 | raw_distance_loss: 0.0417 | weighted_distance_loss: 0.0291 | distance_loss_fraction: 0.0448 | tv_loss: 2329.3981 | boundary_weight_mean: 6.4103 | distance_boundary_weight_mean: 6.4103
2026-07-18 09:41:04,652:INFO:epoch: 44 | loss: 0.6467 | bce: 0.2815 | raw_bce: 0.2265 | dice_loss: 0.3361 | distance_loss: 0.0097 | raw_distance_loss: 0.0419 | weighted_distance_loss: 0.0291 | distance_loss_fraction: 0.0448 | tv_loss: 2333.7851 | boundary_weight_mean: 6.4173 | distance_boundary_weight_mean: 6.4173 | eval_loss: 0.7586 | eval_bce: 0.4014 | eval_raw_bce: 0.2388 | eval_dice_loss: 0.3074 | eval_distance_loss: 0.0166 | eval_raw_distance_loss: 0.0460 | eval_weighted_distance_loss: 0.0499 | eval_distance_loss_fraction: 0.0635 | eval_tv_loss: 2434.1249 | eval_boundary_weight_mean: 4.6877 | eval_distance_boundary_weight_mean: 4.6877 | eval_pixel_iou: 0.7282 | eval_miou: 0.6754 | eval_boundary_iou: 0.3510
2026-07-18 09:43:28,119:INFO:epoch: 45 | loss: 0.6468 | bce: 0.2824 | raw_bce: 0.2268 | dice_loss: 0.3353 | distance_loss: 0.0097 | raw_distance_loss: 0.0418 | weighted_distance_loss: 0.0291 | distance_loss_fraction: 0.0449 | tv_loss: 2334.0768 | boundary_weight_mean: 6.4031 | distance_boundary_weight_mean: 6.4031
2026-07-18 09:45:58,103:INFO:epoch: 46 | loss: 0.6490 | bce: 0.2825 | raw_bce: 0.2281 | dice_loss: 0.3369 | distance_loss: 0.0098 | raw_distance_loss: 0.0424 | weighted_distance_loss: 0.0295 | distance_loss_fraction: 0.0453 | tv_loss: 2333.0177 | boundary_weight_mean: 6.3947 | distance_boundary_weight_mean: 6.3947 | eval_loss: 0.7568 | eval_bce: 0.4001 | eval_raw_bce: 0.2369 | eval_dice_loss: 0.3069 | eval_distance_loss: 0.0166 | eval_raw_distance_loss: 0.0465 | eval_weighted_distance_loss: 0.0497 | eval_distance_loss_fraction: 0.0635 | eval_tv_loss: 2432.1528 | eval_boundary_weight_mean: 4.6877 | eval_distance_boundary_weight_mean: 4.6877 | eval_pixel_iou: 0.7290 | eval_miou: 0.6784 | eval_boundary_iou: 0.3523
2026-07-18 09:48:21,854:INFO:epoch: 47 | loss: 0.6486 | bce: 0.2820 | raw_bce: 0.2277 | dice_loss: 0.3371 | distance_loss: 0.0098 | raw_distance_loss: 0.0424 | weighted_distance_loss: 0.0294 | distance_loss_fraction: 0.0452 | tv_loss: 2335.3102 | boundary_weight_mean: 6.4024 | distance_boundary_weight_mean: 6.4024
2026-07-18 09:50:52,065:INFO:epoch: 48 | loss: 0.6479 | bce: 0.2817 | raw_bce: 0.2275 | dice_loss: 0.3368 | distance_loss: 0.0098 | raw_distance_loss: 0.0421 | weighted_distance_loss: 0.0293 | distance_loss_fraction: 0.0450 | tv_loss: 2336.3737 | boundary_weight_mean: 6.4114 | distance_boundary_weight_mean: 6.4114 | eval_loss: 0.7561 | eval_bce: 0.3988 | eval_raw_bce: 0.2379 | eval_dice_loss: 0.3076 | eval_distance_loss: 0.0166 | eval_raw_distance_loss: 0.0456 | eval_weighted_distance_loss: 0.0497 | eval_distance_loss_fraction: 0.0638 | eval_tv_loss: 2446.1002 | eval_boundary_weight_mean: 4.6877 | eval_distance_boundary_weight_mean: 4.6877 | eval_pixel_iou: 0.7291 | eval_miou: 0.6787 | eval_boundary_iou: 0.3527
2026-07-18 09:53:15,832:INFO:epoch: 49 | loss: 0.6506 | bce: 0.2829 | raw_bce: 0.2283 | dice_loss: 0.3381 | distance_loss: 0.0098 | raw_distance_loss: 0.0423 | weighted_distance_loss: 0.0295 | distance_loss_fraction: 0.0452 | tv_loss: 2339.8868 | boundary_weight_mean: 6.3967 | distance_boundary_weight_mean: 6.3967
2026-07-18 09:55:46,123:INFO:epoch: 50 | loss: 0.6516 | bce: 0.2839 | raw_bce: 0.2300 | dice_loss: 0.3379 | distance_loss: 0.0099 | raw_distance_loss: 0.0429 | weighted_distance_loss: 0.0298 | distance_loss_fraction: 0.0455 | tv_loss: 2341.2143 | boundary_weight_mean: 6.3930 | distance_boundary_weight_mean: 6.3930 | eval_loss: 0.7583 | eval_bce: 0.4007 | eval_raw_bce: 0.2372 | eval_dice_loss: 0.3072 | eval_distance_loss: 0.0168 | eval_raw_distance_loss: 0.0462 | eval_weighted_distance_loss: 0.0504 | eval_distance_loss_fraction: 0.0643 | eval_tv_loss: 2417.3660 | eval_boundary_weight_mean: 4.6877 | eval_distance_boundary_weight_mean: 4.6877 | eval_pixel_iou: 0.7294 | eval_miou: 0.6747 | eval_boundary_iou: 0.3476
2026-07-18 09:58:09,577:INFO:epoch: 51 | loss: 0.6505 | bce: 0.2828 | raw_bce: 0.2287 | dice_loss: 0.3381 | distance_loss: 0.0099 | raw_distance_loss: 0.0425 | weighted_distance_loss: 0.0296 | distance_loss_fraction: 0.0452 | tv_loss: 2333.8626 | boundary_weight_mean: 6.4017 | distance_boundary_weight_mean: 6.4017
2026-07-18 10:00:39,572:INFO:epoch: 52 | loss: 0.6517 | bce: 0.2833 | raw_bce: 0.2295 | dice_loss: 0.3387 | distance_loss: 0.0099 | raw_distance_loss: 0.0427 | weighted_distance_loss: 0.0297 | distance_loss_fraction: 0.0454 | tv_loss: 2332.6923 | boundary_weight_mean: 6.4089 | distance_boundary_weight_mean: 6.4089 | eval_loss: 0.7586 | eval_bce: 0.3973 | eval_raw_bce: 0.2392 | eval_dice_loss: 0.3101 | eval_distance_loss: 0.0171 | eval_raw_distance_loss: 0.0472 | eval_weighted_distance_loss: 0.0512 | eval_distance_loss_fraction: 0.0656 | eval_tv_loss: 2446.0922 | eval_boundary_weight_mean: 4.6877 | eval_distance_boundary_weight_mean: 4.6877 | eval_pixel_iou: 0.7279 | eval_miou: 0.6725 | eval_boundary_iou: 0.3493
2026-07-18 10:03:02,888:INFO:epoch: 53 | loss: 0.6525 | bce: 0.2836 | raw_bce: 0.2328 | dice_loss: 0.3388 | distance_loss: 0.0100 | raw_distance_loss: 0.0436 | weighted_distance_loss: 0.0301 | distance_loss_fraction: 0.0459 | tv_loss: 2343.3848 | boundary_weight_mean: 6.4186 | distance_boundary_weight_mean: 6.4186
2026-07-18 10:05:33,259:INFO:epoch: 54 | loss: 0.6520 | bce: 0.2836 | raw_bce: 0.2310 | dice_loss: 0.3385 | distance_loss: 0.0100 | raw_distance_loss: 0.0432 | weighted_distance_loss: 0.0299 | distance_loss_fraction: 0.0457 | tv_loss: 2340.5027 | boundary_weight_mean: 6.4034 | distance_boundary_weight_mean: 6.4034 | eval_loss: 0.7656 | eval_bce: 0.4011 | eval_raw_bce: 0.2383 | eval_dice_loss: 0.3129 | eval_distance_loss: 0.0172 | eval_raw_distance_loss: 0.0471 | eval_weighted_distance_loss: 0.0516 | eval_distance_loss_fraction: 0.0654 | eval_tv_loss: 2419.3500 | eval_boundary_weight_mean: 4.6877 | eval_distance_boundary_weight_mean: 4.6877 | eval_pixel_iou: 0.7244 | eval_miou: 0.6714 | eval_boundary_iou: 0.3479
2026-07-18 10:07:56,534:INFO:epoch: 55 | loss: 0.6539 | bce: 0.2849 | raw_bce: 0.2338 | dice_loss: 0.3387 | distance_loss: 0.0101 | raw_distance_loss: 0.0437 | weighted_distance_loss: 0.0303 | distance_loss_fraction: 0.0461 | tv_loss: 2338.8888 | boundary_weight_mean: 6.3931 | distance_boundary_weight_mean: 6.3931
2026-07-18 10:10:26,833:INFO:epoch: 56 | loss: 0.6559 | bce: 0.2853 | raw_bce: 0.2324 | dice_loss: 0.3402 | distance_loss: 0.0101 | raw_distance_loss: 0.0438 | weighted_distance_loss: 0.0304 | distance_loss_fraction: 0.0460 | tv_loss: 2348.3437 | boundary_weight_mean: 6.3968 | distance_boundary_weight_mean: 6.3968 | eval_loss: 0.7597 | eval_bce: 0.3985 | eval_raw_bce: 0.2406 | eval_dice_loss: 0.3101 | eval_distance_loss: 0.0170 | eval_raw_distance_loss: 0.0475 | eval_weighted_distance_loss: 0.0511 | eval_distance_loss_fraction: 0.0652 | eval_tv_loss: 2433.8056 | eval_boundary_weight_mean: 4.6877 | eval_distance_boundary_weight_mean: 4.6877 | eval_pixel_iou: 0.7257 | eval_miou: 0.6743 | eval_boundary_iou: 0.3489
2026-07-18 10:12:50,362:INFO:epoch: 57 | loss: 0.6547 | bce: 0.2849 | raw_bce: 0.2335 | dice_loss: 0.3395 | distance_loss: 0.0101 | raw_distance_loss: 0.0436 | weighted_distance_loss: 0.0303 | distance_loss_fraction: 0.0462 | tv_loss: 2337.2207 | boundary_weight_mean: 6.3994 | distance_boundary_weight_mean: 6.3994
2026-07-18 10:15:20,572:INFO:epoch: 58 | loss: 0.6570 | bce: 0.2849 | raw_bce: 0.2349 | dice_loss: 0.3415 | distance_loss: 0.0102 | raw_distance_loss: 0.0442 | weighted_distance_loss: 0.0306 | distance_loss_fraction: 0.0463 | tv_loss: 2346.1292 | boundary_weight_mean: 6.4010 | distance_boundary_weight_mean: 6.4010 | eval_loss: 0.7698 | eval_bce: 0.4045 | eval_raw_bce: 0.2557 | eval_dice_loss: 0.3109 | eval_distance_loss: 0.0181 | eval_raw_distance_loss: 0.0527 | eval_weighted_distance_loss: 0.0544 | eval_distance_loss_fraction: 0.0662 | eval_tv_loss: 2471.4803 | eval_boundary_weight_mean: 4.6877 | eval_distance_boundary_weight_mean: 4.6877 | eval_pixel_iou: 0.7189 | eval_miou: 0.6730 | eval_boundary_iou: 0.3506
2026-07-18 10:17:43,939:INFO:epoch: 59 | loss: 0.6558 | bce: 0.2856 | raw_bce: 0.2358 | dice_loss: 0.3398 | distance_loss: 0.0101 | raw_distance_loss: 0.0439 | weighted_distance_loss: 0.0304 | distance_loss_fraction: 0.0462 | tv_loss: 2341.2009 | boundary_weight_mean: 6.4017 | distance_boundary_weight_mean: 6.4017
2026-07-18 10:20:13,963:INFO:epoch: 60 | loss: 0.6575 | bce: 0.2852 | raw_bce: 0.2373 | dice_loss: 0.3413 | distance_loss: 0.0103 | raw_distance_loss: 0.0452 | weighted_distance_loss: 0.0310 | distance_loss_fraction: 0.0469 | tv_loss: 2352.5063 | boundary_weight_mean: 6.4126 | distance_boundary_weight_mean: 6.4126 | eval_loss: 0.7721 | eval_bce: 0.4103 | eval_raw_bce: 0.2539 | eval_dice_loss: 0.3090 | eval_distance_loss: 0.0176 | eval_raw_distance_loss: 0.0483 | eval_weighted_distance_loss: 0.0528 | eval_distance_loss_fraction: 0.0648 | eval_tv_loss: 2422.9800 | eval_boundary_weight_mean: 4.6877 | eval_distance_boundary_weight_mean: 4.6877 | eval_pixel_iou: 0.7212 | eval_miou: 0.6752 | eval_boundary_iou: 0.3489
