2026-07-04 16:48:56,807:INFO:DualHeadUNet(
  (inc): DoubleConv(
    (block): Sequential(
      (0): Conv2d(8, 32, kernel_size=(3, 3), stride=(1, 1), padding=(1, 1), bias=False)
      (1): BatchNorm2d(32, eps=1e-05, momentum=0.1, affine=True, track_running_stats=True)
      (2): ReLU(inplace=True)
      (3): Conv2d(32, 32, kernel_size=(3, 3), stride=(1, 1), padding=(1, 1), bias=False)
      (4): BatchNorm2d(32, eps=1e-05, momentum=0.1, affine=True, track_running_stats=True)
      (5): ReLU(inplace=True)
    )
  )
  (down1): Down(
    (block): Sequential(
      (0): MaxPool2d(kernel_size=2, stride=2, padding=0, dilation=1, ceil_mode=False)
      (1): DoubleConv(
        (block): Sequential(
          (0): Conv2d(32, 64, kernel_size=(3, 3), stride=(1, 1), padding=(1, 1), bias=False)
          (1): BatchNorm2d(64, eps=1e-05, momentum=0.1, affine=True, track_running_stats=True)
          (2): ReLU(inplace=True)
          (3): Conv2d(64, 64, kernel_size=(3, 3), stride=(1, 1), padding=(1, 1), bias=False)
          (4): BatchNorm2d(64, eps=1e-05, momentum=0.1, affine=True, track_running_stats=True)
          (5): ReLU(inplace=True)
        )
      )
    )
  )
  (down2): Down(
    (block): Sequential(
      (0): MaxPool2d(kernel_size=2, stride=2, padding=0, dilation=1, ceil_mode=False)
      (1): DoubleConv(
        (block): Sequential(
          (0): Conv2d(64, 128, kernel_size=(3, 3), stride=(1, 1), padding=(1, 1), bias=False)
          (1): BatchNorm2d(128, eps=1e-05, momentum=0.1, affine=True, track_running_stats=True)
          (2): ReLU(inplace=True)
          (3): Conv2d(128, 128, kernel_size=(3, 3), stride=(1, 1), padding=(1, 1), bias=False)
          (4): BatchNorm2d(128, eps=1e-05, momentum=0.1, affine=True, track_running_stats=True)
          (5): ReLU(inplace=True)
        )
      )
    )
  )
  (down3): Down(
    (block): Sequential(
      (0): MaxPool2d(kernel_size=2, stride=2, padding=0, dilation=1, ceil_mode=False)
      (1): DoubleConv(
        (block): Sequential(
          (0): Conv2d(128, 256, kernel_size=(3, 3), stride=(1, 1), padding=(1, 1), bias=False)
          (1): BatchNorm2d(256, eps=1e-05, momentum=0.1, affine=True, track_running_stats=True)
          (2): ReLU(inplace=True)
          (3): Conv2d(256, 256, kernel_size=(3, 3), stride=(1, 1), padding=(1, 1), bias=False)
          (4): BatchNorm2d(256, eps=1e-05, momentum=0.1, affine=True, track_running_stats=True)
          (5): ReLU(inplace=True)
        )
      )
    )
  )
  (down4): Down(
    (block): Sequential(
      (0): MaxPool2d(kernel_size=2, stride=2, padding=0, dilation=1, ceil_mode=False)
      (1): DoubleConv(
        (block): Sequential(
          (0): Conv2d(256, 512, kernel_size=(3, 3), stride=(1, 1), padding=(1, 1), bias=False)
          (1): BatchNorm2d(512, eps=1e-05, momentum=0.1, affine=True, track_running_stats=True)
          (2): ReLU(inplace=True)
          (3): Conv2d(512, 512, kernel_size=(3, 3), stride=(1, 1), padding=(1, 1), bias=False)
          (4): BatchNorm2d(512, eps=1e-05, momentum=0.1, affine=True, track_running_stats=True)
          (5): ReLU(inplace=True)
        )
      )
    )
  )
  (up1): Up(
    (up): ConvTranspose2d(512, 256, kernel_size=(2, 2), stride=(2, 2))
    (conv): DoubleConv(
      (block): Sequential(
        (0): Conv2d(512, 256, kernel_size=(3, 3), stride=(1, 1), padding=(1, 1), bias=False)
        (1): BatchNorm2d(256, eps=1e-05, momentum=0.1, affine=True, track_running_stats=True)
        (2): ReLU(inplace=True)
        (3): Conv2d(256, 256, kernel_size=(3, 3), stride=(1, 1), padding=(1, 1), bias=False)
        (4): BatchNorm2d(256, eps=1e-05, momentum=0.1, affine=True, track_running_stats=True)
        (5): ReLU(inplace=True)
      )
    )
  )
  (up2): Up(
    (up): ConvTranspose2d(256, 128, kernel_size=(2, 2), stride=(2, 2))
    (conv): DoubleConv(
      (block): Sequential(
        (0): Conv2d(256, 128, kernel_size=(3, 3), stride=(1, 1), padding=(1, 1), bias=False)
        (1): BatchNorm2d(128, eps=1e-05, momentum=0.1, affine=True, track_running_stats=True)
        (2): ReLU(inplace=True)
        (3): Conv2d(128, 128, kernel_size=(3, 3), stride=(1, 1), padding=(1, 1), bias=False)
        (4): BatchNorm2d(128, eps=1e-05, momentum=0.1, affine=True, track_running_stats=True)
        (5): ReLU(inplace=True)
      )
    )
  )
  (up3): Up(
    (up): ConvTranspose2d(128, 64, kernel_size=(2, 2), stride=(2, 2))
    (conv): DoubleConv(
      (block): Sequential(
        (0): Conv2d(128, 64, kernel_size=(3, 3), stride=(1, 1), padding=(1, 1), bias=False)
        (1): BatchNorm2d(64, eps=1e-05, momentum=0.1, affine=True, track_running_stats=True)
        (2): ReLU(inplace=True)
        (3): Conv2d(64, 64, kernel_size=(3, 3), stride=(1, 1), padding=(1, 1), bias=False)
        (4): BatchNorm2d(64, eps=1e-05, momentum=0.1, affine=True, track_running_stats=True)
        (5): ReLU(inplace=True)
      )
    )
  )
  (up4): Up(
    (up): ConvTranspose2d(64, 32, kernel_size=(2, 2), stride=(2, 2))
    (conv): DoubleConv(
      (block): Sequential(
        (0): Conv2d(64, 32, kernel_size=(3, 3), stride=(1, 1), padding=(1, 1), bias=False)
        (1): BatchNorm2d(32, eps=1e-05, momentum=0.1, affine=True, track_running_stats=True)
        (2): ReLU(inplace=True)
        (3): Conv2d(32, 32, kernel_size=(3, 3), stride=(1, 1), padding=(1, 1), bias=False)
        (4): BatchNorm2d(32, eps=1e-05, momentum=0.1, affine=True, track_running_stats=True)
        (5): ReLU(inplace=True)
      )
    )
  )
  (mask_head): Conv2d(32, 1, kernel_size=(1, 1), stride=(1, 1))
  (distance_head): Sequential(
    (0): Conv2d(32, 32, kernel_size=(3, 3), stride=(1, 1), padding=(1, 1), bias=False)
    (1): BatchNorm2d(32, eps=1e-05, momentum=0.1, affine=True, track_running_stats=True)
    (2): ReLU(inplace=True)
    (3): Conv2d(32, 1, kernel_size=(1, 1), stride=(1, 1))
  )
)
Trainable parameters by tensor:
  inc.block.0.weight: 2,304
  inc.block.1.weight: 32
  inc.block.1.bias: 32
  inc.block.3.weight: 9,216
  inc.block.4.weight: 32
  inc.block.4.bias: 32
  down1.block.1.block.0.weight: 18,432
  down1.block.1.block.1.weight: 64
  down1.block.1.block.1.bias: 64
  down1.block.1.block.3.weight: 36,864
  down1.block.1.block.4.weight: 64
  down1.block.1.block.4.bias: 64
  down2.block.1.block.0.weight: 73,728
  down2.block.1.block.1.weight: 128
  down2.block.1.block.1.bias: 128
  down2.block.1.block.3.weight: 147,456
  down2.block.1.block.4.weight: 128
  down2.block.1.block.4.bias: 128
  down3.block.1.block.0.weight: 294,912
  down3.block.1.block.1.weight: 256
  down3.block.1.block.1.bias: 256
  down3.block.1.block.3.weight: 589,824
  down3.block.1.block.4.weight: 256
  down3.block.1.block.4.bias: 256
  down4.block.1.block.0.weight: 1,179,648
  down4.block.1.block.1.weight: 512
  down4.block.1.block.1.bias: 512
  down4.block.1.block.3.weight: 2,359,296
  down4.block.1.block.4.weight: 512
  down4.block.1.block.4.bias: 512
  up1.up.weight: 524,288
  up1.up.bias: 256
  up1.conv.block.0.weight: 1,179,648
  up1.conv.block.1.weight: 256
  up1.conv.block.1.bias: 256
  up1.conv.block.3.weight: 589,824
  up1.conv.block.4.weight: 256
  up1.conv.block.4.bias: 256
  up2.up.weight: 131,072
  up2.up.bias: 128
  up2.conv.block.0.weight: 294,912
  up2.conv.block.1.weight: 128
  up2.conv.block.1.bias: 128
  up2.conv.block.3.weight: 147,456
  up2.conv.block.4.weight: 128
  up2.conv.block.4.bias: 128
  up3.up.weight: 32,768
  up3.up.bias: 64
  up3.conv.block.0.weight: 73,728
  up3.conv.block.1.weight: 64
  up3.conv.block.1.bias: 64
  up3.conv.block.3.weight: 36,864
  up3.conv.block.4.weight: 64
  up3.conv.block.4.bias: 64
  up4.up.weight: 8,192
  up4.up.bias: 32
  up4.conv.block.0.weight: 18,432
  up4.conv.block.1.weight: 32
  up4.conv.block.1.bias: 32
  up4.conv.block.3.weight: 9,216
  up4.conv.block.4.weight: 32
  up4.conv.block.4.bias: 32
  mask_head.weight: 32
  mask_head.bias: 1
  distance_head.0.weight: 9,216
  distance_head.1.weight: 32
  distance_head.1.bias: 32
  distance_head.3.weight: 32
  distance_head.3.bias: 1
Total trainable parameters: 7,773,794
2026-07-04 16:48:56,811:INFO:------------ New Training Session ------------
2026-07-04 16:49:42,121:INFO:epoch: 1 | loss: 0.7892 | bce: 0.4223 | dice_loss: 0.3585 | distance_loss: 0.0131 | tv_loss: 1914.7524 | boundary_weight_mean: 0.1877
2026-07-04 16:50:21,602:INFO:DualHeadUNet(
  (inc): DoubleConv(
    (block): Sequential(
      (0): Conv2d(8, 32, kernel_size=(3, 3), stride=(1, 1), padding=(1, 1), bias=False)
      (1): BatchNorm2d(32, eps=1e-05, momentum=0.1, affine=True, track_running_stats=True)
      (2): ReLU(inplace=True)
      (3): Conv2d(32, 32, kernel_size=(3, 3), stride=(1, 1), padding=(1, 1), bias=False)
      (4): BatchNorm2d(32, eps=1e-05, momentum=0.1, affine=True, track_running_stats=True)
      (5): ReLU(inplace=True)
    )
  )
  (down1): Down(
    (block): Sequential(
      (0): MaxPool2d(kernel_size=2, stride=2, padding=0, dilation=1, ceil_mode=False)
      (1): DoubleConv(
        (block): Sequential(
          (0): Conv2d(32, 64, kernel_size=(3, 3), stride=(1, 1), padding=(1, 1), bias=False)
          (1): BatchNorm2d(64, eps=1e-05, momentum=0.1, affine=True, track_running_stats=True)
          (2): ReLU(inplace=True)
          (3): Conv2d(64, 64, kernel_size=(3, 3), stride=(1, 1), padding=(1, 1), bias=False)
          (4): BatchNorm2d(64, eps=1e-05, momentum=0.1, affine=True, track_running_stats=True)
          (5): ReLU(inplace=True)
        )
      )
    )
  )
  (down2): Down(
    (block): Sequential(
      (0): MaxPool2d(kernel_size=2, stride=2, padding=0, dilation=1, ceil_mode=False)
      (1): DoubleConv(
        (block): Sequential(
          (0): Conv2d(64, 128, kernel_size=(3, 3), stride=(1, 1), padding=(1, 1), bias=False)
          (1): BatchNorm2d(128, eps=1e-05, momentum=0.1, affine=True, track_running_stats=True)
          (2): ReLU(inplace=True)
          (3): Conv2d(128, 128, kernel_size=(3, 3), stride=(1, 1), padding=(1, 1), bias=False)
          (4): BatchNorm2d(128, eps=1e-05, momentum=0.1, affine=True, track_running_stats=True)
          (5): ReLU(inplace=True)
        )
      )
    )
  )
  (down3): Down(
    (block): Sequential(
      (0): MaxPool2d(kernel_size=2, stride=2, padding=0, dilation=1, ceil_mode=False)
      (1): DoubleConv(
        (block): Sequential(
          (0): Conv2d(128, 256, kernel_size=(3, 3), stride=(1, 1), padding=(1, 1), bias=False)
          (1): BatchNorm2d(256, eps=1e-05, momentum=0.1, affine=True, track_running_stats=True)
          (2): ReLU(inplace=True)
          (3): Conv2d(256, 256, kernel_size=(3, 3), stride=(1, 1), padding=(1, 1), bias=False)
          (4): BatchNorm2d(256, eps=1e-05, momentum=0.1, affine=True, track_running_stats=True)
          (5): ReLU(inplace=True)
        )
      )
    )
  )
  (down4): Down(
    (block): Sequential(
      (0): MaxPool2d(kernel_size=2, stride=2, padding=0, dilation=1, ceil_mode=False)
      (1): DoubleConv(
        (block): Sequential(
          (0): Conv2d(256, 512, kernel_size=(3, 3), stride=(1, 1), padding=(1, 1), bias=False)
          (1): BatchNorm2d(512, eps=1e-05, momentum=0.1, affine=True, track_running_stats=True)
          (2): ReLU(inplace=True)
          (3): Conv2d(512, 512, kernel_size=(3, 3), stride=(1, 1), padding=(1, 1), bias=False)
          (4): BatchNorm2d(512, eps=1e-05, momentum=0.1, affine=True, track_running_stats=True)
          (5): ReLU(inplace=True)
        )
      )
    )
  )
  (up1): Up(
    (up): ConvTranspose2d(512, 256, kernel_size=(2, 2), stride=(2, 2))
    (conv): DoubleConv(
      (block): Sequential(
        (0): Conv2d(512, 256, kernel_size=(3, 3), stride=(1, 1), padding=(1, 1), bias=False)
        (1): BatchNorm2d(256, eps=1e-05, momentum=0.1, affine=True, track_running_stats=True)
        (2): ReLU(inplace=True)
        (3): Conv2d(256, 256, kernel_size=(3, 3), stride=(1, 1), padding=(1, 1), bias=False)
        (4): BatchNorm2d(256, eps=1e-05, momentum=0.1, affine=True, track_running_stats=True)
        (5): ReLU(inplace=True)
      )
    )
  )
  (up2): Up(
    (up): ConvTranspose2d(256, 128, kernel_size=(2, 2), stride=(2, 2))
    (conv): DoubleConv(
      (block): Sequential(
        (0): Conv2d(256, 128, kernel_size=(3, 3), stride=(1, 1), padding=(1, 1), bias=False)
        (1): BatchNorm2d(128, eps=1e-05, momentum=0.1, affine=True, track_running_stats=True)
        (2): ReLU(inplace=True)
        (3): Conv2d(128, 128, kernel_size=(3, 3), stride=(1, 1), padding=(1, 1), bias=False)
        (4): BatchNorm2d(128, eps=1e-05, momentum=0.1, affine=True, track_running_stats=True)
        (5): ReLU(inplace=True)
      )
    )
  )
  (up3): Up(
    (up): ConvTranspose2d(128, 64, kernel_size=(2, 2), stride=(2, 2))
    (conv): DoubleConv(
      (block): Sequential(
        (0): Conv2d(128, 64, kernel_size=(3, 3), stride=(1, 1), padding=(1, 1), bias=False)
        (1): BatchNorm2d(64, eps=1e-05, momentum=0.1, affine=True, track_running_stats=True)
        (2): ReLU(inplace=True)
        (3): Conv2d(64, 64, kernel_size=(3, 3), stride=(1, 1), padding=(1, 1), bias=False)
        (4): BatchNorm2d(64, eps=1e-05, momentum=0.1, affine=True, track_running_stats=True)
        (5): ReLU(inplace=True)
      )
    )
  )
  (up4): Up(
    (up): ConvTranspose2d(64, 32, kernel_size=(2, 2), stride=(2, 2))
    (conv): DoubleConv(
      (block): Sequential(
        (0): Conv2d(64, 32, kernel_size=(3, 3), stride=(1, 1), padding=(1, 1), bias=False)
        (1): BatchNorm2d(32, eps=1e-05, momentum=0.1, affine=True, track_running_stats=True)
        (2): ReLU(inplace=True)
        (3): Conv2d(32, 32, kernel_size=(3, 3), stride=(1, 1), padding=(1, 1), bias=False)
        (4): BatchNorm2d(32, eps=1e-05, momentum=0.1, affine=True, track_running_stats=True)
        (5): ReLU(inplace=True)
      )
    )
  )
  (mask_head): Conv2d(32, 1, kernel_size=(1, 1), stride=(1, 1))
  (distance_head): Sequential(
    (0): Conv2d(32, 32, kernel_size=(3, 3), stride=(1, 1), padding=(1, 1), bias=False)
    (1): BatchNorm2d(32, eps=1e-05, momentum=0.1, affine=True, track_running_stats=True)
    (2): ReLU(inplace=True)
    (3): Conv2d(32, 1, kernel_size=(1, 1), stride=(1, 1))
  )
)
Trainable parameters by tensor:
  inc.block.0.weight: 2,304
  inc.block.1.weight: 32
  inc.block.1.bias: 32
  inc.block.3.weight: 9,216
  inc.block.4.weight: 32
  inc.block.4.bias: 32
  down1.block.1.block.0.weight: 18,432
  down1.block.1.block.1.weight: 64
  down1.block.1.block.1.bias: 64
  down1.block.1.block.3.weight: 36,864
  down1.block.1.block.4.weight: 64
  down1.block.1.block.4.bias: 64
  down2.block.1.block.0.weight: 73,728
  down2.block.1.block.1.weight: 128
  down2.block.1.block.1.bias: 128
  down2.block.1.block.3.weight: 147,456
  down2.block.1.block.4.weight: 128
  down2.block.1.block.4.bias: 128
  down3.block.1.block.0.weight: 294,912
  down3.block.1.block.1.weight: 256
  down3.block.1.block.1.bias: 256
  down3.block.1.block.3.weight: 589,824
  down3.block.1.block.4.weight: 256
  down3.block.1.block.4.bias: 256
  down4.block.1.block.0.weight: 1,179,648
  down4.block.1.block.1.weight: 512
  down4.block.1.block.1.bias: 512
  down4.block.1.block.3.weight: 2,359,296
  down4.block.1.block.4.weight: 512
  down4.block.1.block.4.bias: 512
  up1.up.weight: 524,288
  up1.up.bias: 256
  up1.conv.block.0.weight: 1,179,648
  up1.conv.block.1.weight: 256
  up1.conv.block.1.bias: 256
  up1.conv.block.3.weight: 589,824
  up1.conv.block.4.weight: 256
  up1.conv.block.4.bias: 256
  up2.up.weight: 131,072
  up2.up.bias: 128
  up2.conv.block.0.weight: 294,912
  up2.conv.block.1.weight: 128
  up2.conv.block.1.bias: 128
  up2.conv.block.3.weight: 147,456
  up2.conv.block.4.weight: 128
  up2.conv.block.4.bias: 128
  up3.up.weight: 32,768
  up3.up.bias: 64
  up3.conv.block.0.weight: 73,728
  up3.conv.block.1.weight: 64
  up3.conv.block.1.bias: 64
  up3.conv.block.3.weight: 36,864
  up3.conv.block.4.weight: 64
  up3.conv.block.4.bias: 64
  up4.up.weight: 8,192
  up4.up.bias: 32
  up4.conv.block.0.weight: 18,432
  up4.conv.block.1.weight: 32
  up4.conv.block.1.bias: 32
  up4.conv.block.3.weight: 9,216
  up4.conv.block.4.weight: 32
  up4.conv.block.4.bias: 32
  mask_head.weight: 32
  mask_head.bias: 1
  distance_head.0.weight: 9,216
  distance_head.1.weight: 32
  distance_head.1.bias: 32
  distance_head.3.weight: 32
  distance_head.3.bias: 1
Total trainable parameters: 7,773,794
2026-07-04 16:50:21,605:INFO:------------ New Training Session ------------
2026-07-04 16:50:45,674:INFO:epoch: 1 | loss: 0.7860 | bce: 0.4200 | dice_loss: 0.3577 | distance_loss: 0.0129 | tv_loss: 1894.9857 | boundary_weight_mean: 0.1874
2026-07-04 16:51:09,768:INFO:epoch: 2 | loss: 0.6926 | bce: 0.3774 | dice_loss: 0.3102 | distance_loss: 0.0068 | tv_loss: 1626.3322 | boundary_weight_mean: 0.1878
2026-07-04 16:51:33,744:INFO:epoch: 3 | loss: 0.6547 | bce: 0.3596 | dice_loss: 0.2902 | distance_loss: 0.0065 | tv_loss: 1712.9958 | boundary_weight_mean: 0.1876
2026-07-04 16:51:57,807:INFO:epoch: 4 | loss: 0.6296 | bce: 0.3494 | dice_loss: 0.2752 | distance_loss: 0.0063 | tv_loss: 1822.2556 | boundary_weight_mean: 0.1874
2026-07-04 16:52:24,011:INFO:epoch: 5 | loss: 0.6161 | bce: 0.3450 | dice_loss: 0.2661 | distance_loss: 0.0062 | tv_loss: 1900.7522 | boundary_weight_mean: 0.1874 | eval_loss: 0.6378 | eval_bce: 0.2997 | eval_dice_loss: 0.3333 | eval_distance_loss: 0.0065 | eval_tv_loss: 1592.6447 | eval_boundary_weight_mean: 0.1555 | eval_miou: 0.7150 | eval_boundary_iou: 0.2608
2026-07-04 16:52:47,942:INFO:epoch: 6 | loss: 0.5998 | bce: 0.3371 | dice_loss: 0.2577 | distance_loss: 0.0061 | tv_loss: 1955.4006 | boundary_weight_mean: 0.1876
2026-07-04 16:53:11,827:INFO:epoch: 7 | loss: 0.5919 | bce: 0.3337 | dice_loss: 0.2532 | distance_loss: 0.0060 | tv_loss: 2028.2894 | boundary_weight_mean: 0.1875
2026-07-04 16:53:35,673:INFO:epoch: 8 | loss: 0.5871 | bce: 0.3324 | dice_loss: 0.2496 | distance_loss: 0.0059 | tv_loss: 2101.7547 | boundary_weight_mean: 0.1875
2026-07-04 16:54:00,396:INFO:epoch: 9 | loss: 0.5756 | bce: 0.3268 | dice_loss: 0.2437 | distance_loss: 0.0058 | tv_loss: 2146.7390 | boundary_weight_mean: 0.1876
2026-07-04 16:54:26,750:INFO:epoch: 10 | loss: 0.5702 | bce: 0.3231 | dice_loss: 0.2420 | distance_loss: 0.0058 | tv_loss: 2184.8648 | boundary_weight_mean: 0.1876 | eval_loss: 0.6126 | eval_bce: 0.2860 | eval_dice_loss: 0.3217 | eval_distance_loss: 0.0062 | eval_tv_loss: 1878.4921 | eval_boundary_weight_mean: 0.1555 | eval_miou: 0.7377 | eval_boundary_iou: 0.3448
2026-07-04 16:54:50,548:INFO:epoch: 11 | loss: 0.5676 | bce: 0.3219 | dice_loss: 0.2407 | distance_loss: 0.0057 | tv_loss: 2234.7809 | boundary_weight_mean: 0.1874
2026-07-04 16:55:14,405:INFO:epoch: 12 | loss: 0.5562 | bce: 0.3159 | dice_loss: 0.2352 | distance_loss: 0.0057 | tv_loss: 2253.6238 | boundary_weight_mean: 0.1876
2026-07-04 16:55:38,247:INFO:epoch: 13 | loss: 0.5583 | bce: 0.3182 | dice_loss: 0.2350 | distance_loss: 0.0056 | tv_loss: 2303.1821 | boundary_weight_mean: 0.1876
2026-07-04 16:56:02,259:INFO:epoch: 14 | loss: 0.5515 | bce: 0.3143 | dice_loss: 0.2321 | distance_loss: 0.0056 | tv_loss: 2292.6768 | boundary_weight_mean: 0.1877
2026-07-04 16:56:29,686:INFO:epoch: 15 | loss: 0.5522 | bce: 0.3134 | dice_loss: 0.2337 | distance_loss: 0.0056 | tv_loss: 2310.5836 | boundary_weight_mean: 0.1873 | eval_loss: 0.6226 | eval_bce: 0.2788 | eval_dice_loss: 0.3390 | eval_distance_loss: 0.0063 | eval_tv_loss: 1707.7762 | eval_boundary_weight_mean: 0.1555 | eval_miou: 0.7183 | eval_boundary_iou: 0.3466
2026-07-04 16:56:53,642:INFO:epoch: 16 | loss: 0.5495 | bce: 0.3134 | dice_loss: 0.2310 | distance_loss: 0.0055 | tv_loss: 2338.6791 | boundary_weight_mean: 0.1874
2026-07-04 16:57:17,590:INFO:epoch: 17 | loss: 0.5374 | bce: 0.3064 | dice_loss: 0.2259 | distance_loss: 0.0055 | tv_loss: 2329.5921 | boundary_weight_mean: 0.1876
2026-07-04 16:57:41,451:INFO:epoch: 18 | loss: 0.5315 | bce: 0.3034 | dice_loss: 0.2231 | distance_loss: 0.0054 | tv_loss: 2339.7315 | boundary_weight_mean: 0.1876
2026-07-04 16:58:05,279:INFO:epoch: 19 | loss: 0.5296 | bce: 0.3023 | dice_loss: 0.2222 | distance_loss: 0.0054 | tv_loss: 2354.3412 | boundary_weight_mean: 0.1874
2026-07-04 16:58:32,865:INFO:epoch: 20 | loss: 0.5230 | bce: 0.2979 | dice_loss: 0.2200 | distance_loss: 0.0054 | tv_loss: 2358.9351 | boundary_weight_mean: 0.1876 | eval_loss: 0.5792 | eval_bce: 0.2689 | eval_dice_loss: 0.3054 | eval_distance_loss: 0.0059 | eval_tv_loss: 1841.4102 | eval_boundary_weight_mean: 0.1555 | eval_miou: 0.7474 | eval_boundary_iou: 0.3827
2026-07-04 16:58:56,735:INFO:epoch: 21 | loss: 0.5220 | bce: 0.2983 | dice_loss: 0.2187 | distance_loss: 0.0053 | tv_loss: 2370.7800 | boundary_weight_mean: 0.1876
2026-07-04 16:59:20,591:INFO:epoch: 22 | loss: 0.5209 | bce: 0.2973 | dice_loss: 0.2186 | distance_loss: 0.0053 | tv_loss: 2372.0246 | boundary_weight_mean: 0.1876
2026-07-04 16:59:44,423:INFO:epoch: 23 | loss: 0.5159 | bce: 0.2947 | dice_loss: 0.2163 | distance_loss: 0.0053 | tv_loss: 2375.3598 | boundary_weight_mean: 0.1875
2026-07-04 17:00:08,243:INFO:epoch: 24 | loss: 0.5123 | bce: 0.2927 | dice_loss: 0.2146 | distance_loss: 0.0053 | tv_loss: 2386.1485 | boundary_weight_mean: 0.1876
2026-07-04 17:00:35,213:INFO:epoch: 25 | loss: 0.5061 | bce: 0.2885 | dice_loss: 0.2126 | distance_loss: 0.0052 | tv_loss: 2403.5563 | boundary_weight_mean: 0.1875 | eval_loss: 0.5763 | eval_bce: 0.2749 | eval_dice_loss: 0.2965 | eval_distance_loss: 0.0056 | eval_tv_loss: 2064.4208 | eval_boundary_weight_mean: 0.1555 | eval_miou: 0.7412 | eval_boundary_iou: 0.3849
2026-07-04 17:00:59,104:INFO:epoch: 26 | loss: 0.5029 | bce: 0.2869 | dice_loss: 0.2110 | distance_loss: 0.0052 | tv_loss: 2395.8092 | boundary_weight_mean: 0.1876
2026-07-04 17:01:23,089:INFO:epoch: 27 | loss: 0.5003 | bce: 0.2858 | dice_loss: 0.2095 | distance_loss: 0.0052 | tv_loss: 2395.4005 | boundary_weight_mean: 0.1877
2026-07-04 17:01:46,911:INFO:epoch: 28 | loss: 0.4963 | bce: 0.2843 | dice_loss: 0.2070 | distance_loss: 0.0052 | tv_loss: 2401.9471 | boundary_weight_mean: 0.1878
2026-07-04 17:02:10,792:INFO:epoch: 29 | loss: 0.4882 | bce: 0.2787 | dice_loss: 0.2045 | distance_loss: 0.0052 | tv_loss: 2404.7494 | boundary_weight_mean: 0.1874
2026-07-04 17:02:37,747:INFO:epoch: 30 | loss: 0.4872 | bce: 0.2785 | dice_loss: 0.2037 | distance_loss: 0.0051 | tv_loss: 2410.6109 | boundary_weight_mean: 0.1876 | eval_loss: 0.5762 | eval_bce: 0.2741 | eval_dice_loss: 0.2973 | eval_distance_loss: 0.0057 | eval_tv_loss: 1950.5159 | eval_boundary_weight_mean: 0.1555 | eval_miou: 0.7470 | eval_boundary_iou: 0.3902
2026-07-04 17:03:01,645:INFO:epoch: 31 | loss: 0.4787 | bce: 0.2739 | dice_loss: 0.1998 | distance_loss: 0.0051 | tv_loss: 2398.5386 | boundary_weight_mean: 0.1876
2026-07-04 17:03:25,526:INFO:epoch: 32 | loss: 0.4755 | bce: 0.2718 | dice_loss: 0.1987 | distance_loss: 0.0051 | tv_loss: 2400.4663 | boundary_weight_mean: 0.1874
2026-07-04 17:03:49,404:INFO:epoch: 33 | loss: 0.4720 | bce: 0.2696 | dice_loss: 0.1974 | distance_loss: 0.0051 | tv_loss: 2415.3005 | boundary_weight_mean: 0.1876
2026-07-04 17:04:13,391:INFO:epoch: 34 | loss: 0.4676 | bce: 0.2678 | dice_loss: 0.1948 | distance_loss: 0.0050 | tv_loss: 2403.3540 | boundary_weight_mean: 0.1876
2026-07-04 17:05:00,643:INFO:epoch: 35 | loss: 0.4656 | bce: 0.2670 | dice_loss: 0.1936 | distance_loss: 0.0051 | tv_loss: 2405.7174 | boundary_weight_mean: 0.1877 | eval_loss: 0.5803 | eval_bce: 0.2785 | eval_dice_loss: 0.2969 | eval_distance_loss: 0.0057 | eval_tv_loss: 1988.7801 | eval_boundary_weight_mean: 0.1555 | eval_miou: 0.7492 | eval_boundary_iou: 0.3979
2026-07-04 17:05:24,578:INFO:epoch: 36 | loss: 0.4643 | bce: 0.2659 | dice_loss: 0.1935 | distance_loss: 0.0051 | tv_loss: 2397.2751 | boundary_weight_mean: 0.1874
2026-07-04 17:05:48,611:INFO:epoch: 37 | loss: 0.4640 | bce: 0.2649 | dice_loss: 0.1942 | distance_loss: 0.0050 | tv_loss: 2407.6642 | boundary_weight_mean: 0.1875
2026-07-04 17:06:12,535:INFO:epoch: 38 | loss: 0.4589 | bce: 0.2620 | dice_loss: 0.1920 | distance_loss: 0.0050 | tv_loss: 2406.2097 | boundary_weight_mean: 0.1875
2026-07-04 17:06:36,486:INFO:epoch: 39 | loss: 0.4634 | bce: 0.2647 | dice_loss: 0.1938 | distance_loss: 0.0051 | tv_loss: 2394.1484 | boundary_weight_mean: 0.1874
2026-07-04 17:07:03,383:INFO:epoch: 40 | loss: 0.4623 | bce: 0.2641 | dice_loss: 0.1932 | distance_loss: 0.0051 | tv_loss: 2405.1137 | boundary_weight_mean: 0.1877 | eval_loss: 0.5812 | eval_bce: 0.2798 | eval_dice_loss: 0.2965 | eval_distance_loss: 0.0057 | eval_tv_loss: 2006.2688 | eval_boundary_weight_mean: 0.1555 | eval_miou: 0.7488 | eval_boundary_iou: 0.3980
2026-07-04 17:07:28,240:INFO:epoch: 41 | loss: 0.4618 | bce: 0.2641 | dice_loss: 0.1927 | distance_loss: 0.0051 | tv_loss: 2404.1999 | boundary_weight_mean: 0.1875
2026-07-04 17:07:53,325:INFO:epoch: 42 | loss: 0.4592 | bce: 0.2629 | dice_loss: 0.1913 | distance_loss: 0.0050 | tv_loss: 2400.5837 | boundary_weight_mean: 0.1876
2026-07-04 17:08:17,294:INFO:epoch: 43 | loss: 0.4604 | bce: 0.2632 | dice_loss: 0.1923 | distance_loss: 0.0050 | tv_loss: 2405.1842 | boundary_weight_mean: 0.1877
2026-07-04 17:08:41,200:INFO:epoch: 44 | loss: 0.4605 | bce: 0.2625 | dice_loss: 0.1931 | distance_loss: 0.0050 | tv_loss: 2407.0404 | boundary_weight_mean: 0.1873
2026-07-04 17:09:07,196:INFO:epoch: 45 | loss: 0.4637 | bce: 0.2654 | dice_loss: 0.1935 | distance_loss: 0.0050 | tv_loss: 2404.2442 | boundary_weight_mean: 0.1874 | eval_loss: 0.5827 | eval_bce: 0.2773 | eval_dice_loss: 0.3005 | eval_distance_loss: 0.0057 | eval_tv_loss: 1997.1525 | eval_boundary_weight_mean: 0.1555 | eval_miou: 0.7464 | eval_boundary_iou: 0.3958
2026-07-04 17:09:30,955:INFO:epoch: 46 | loss: 0.4596 | bce: 0.2631 | dice_loss: 0.1916 | distance_loss: 0.0050 | tv_loss: 2411.6057 | boundary_weight_mean: 0.1876
2026-07-04 17:09:54,872:INFO:epoch: 47 | loss: 0.4661 | bce: 0.2675 | dice_loss: 0.1937 | distance_loss: 0.0051 | tv_loss: 2417.1386 | boundary_weight_mean: 0.1875
2026-07-04 17:10:18,696:INFO:epoch: 48 | loss: 0.4601 | bce: 0.2641 | dice_loss: 0.1910 | distance_loss: 0.0050 | tv_loss: 2414.0150 | boundary_weight_mean: 0.1876
2026-07-04 17:10:42,578:INFO:epoch: 49 | loss: 0.4623 | bce: 0.2640 | dice_loss: 0.1933 | distance_loss: 0.0050 | tv_loss: 2416.0890 | boundary_weight_mean: 0.1874
2026-07-04 17:11:08,947:INFO:epoch: 50 | loss: 0.4626 | bce: 0.2656 | dice_loss: 0.1920 | distance_loss: 0.0051 | tv_loss: 2416.7476 | boundary_weight_mean: 0.1876 | eval_loss: 0.5794 | eval_bce: 0.2788 | eval_dice_loss: 0.2958 | eval_distance_loss: 0.0057 | eval_tv_loss: 2017.1608 | eval_boundary_weight_mean: 0.1555 | eval_miou: 0.7499 | eval_boundary_iou: 0.4001
