2026-07-09 14:22:57,806:INFO:MaskOnlyUNet(
  (inc): DoubleConv(
    (block): Sequential(
      (0): Conv2d(8, 32, kernel_size=(3, 3), stride=(1, 1), padding=(1, 1), bias=False)
      (1): BatchNorm2d(32, eps=1e-05, momentum=0.1, affine=True, track_running_stats=True)
      (2): ReLU(inplace=True)
      (3): Conv2d(32, 32, kernel_size=(3, 3), stride=(1, 1), padding=(1, 1), bias=False)
      (4): BatchNorm2d(32, eps=1e-05, momentum=0.1, affine=True, track_running_stats=True)
      (5): ReLU(inplace=True)
    )
  )
  (down1): Down(
    (block): Sequential(
      (0): MaxPool2d(kernel_size=2, stride=2, padding=0, dilation=1, ceil_mode=False)
      (1): DoubleConv(
        (block): Sequential(
          (0): Conv2d(32, 64, kernel_size=(3, 3), stride=(1, 1), padding=(1, 1), bias=False)
          (1): BatchNorm2d(64, eps=1e-05, momentum=0.1, affine=True, track_running_stats=True)
          (2): ReLU(inplace=True)
          (3): Conv2d(64, 64, kernel_size=(3, 3), stride=(1, 1), padding=(1, 1), bias=False)
          (4): BatchNorm2d(64, eps=1e-05, momentum=0.1, affine=True, track_running_stats=True)
          (5): ReLU(inplace=True)
        )
      )
    )
  )
  (down2): Down(
    (block): Sequential(
      (0): MaxPool2d(kernel_size=2, stride=2, padding=0, dilation=1, ceil_mode=False)
      (1): DoubleConv(
        (block): Sequential(
          (0): Conv2d(64, 128, kernel_size=(3, 3), stride=(1, 1), padding=(1, 1), bias=False)
          (1): BatchNorm2d(128, eps=1e-05, momentum=0.1, affine=True, track_running_stats=True)
          (2): ReLU(inplace=True)
          (3): Conv2d(128, 128, kernel_size=(3, 3), stride=(1, 1), padding=(1, 1), bias=False)
          (4): BatchNorm2d(128, eps=1e-05, momentum=0.1, affine=True, track_running_stats=True)
          (5): ReLU(inplace=True)
        )
      )
    )
  )
  (down3): Down(
    (block): Sequential(
      (0): MaxPool2d(kernel_size=2, stride=2, padding=0, dilation=1, ceil_mode=False)
      (1): DoubleConv(
        (block): Sequential(
          (0): Conv2d(128, 256, kernel_size=(3, 3), stride=(1, 1), padding=(1, 1), bias=False)
          (1): BatchNorm2d(256, eps=1e-05, momentum=0.1, affine=True, track_running_stats=True)
          (2): ReLU(inplace=True)
          (3): Conv2d(256, 256, kernel_size=(3, 3), stride=(1, 1), padding=(1, 1), bias=False)
          (4): BatchNorm2d(256, eps=1e-05, momentum=0.1, affine=True, track_running_stats=True)
          (5): ReLU(inplace=True)
        )
      )
    )
  )
  (down4): Down(
    (block): Sequential(
      (0): MaxPool2d(kernel_size=2, stride=2, padding=0, dilation=1, ceil_mode=False)
      (1): DoubleConv(
        (block): Sequential(
          (0): Conv2d(256, 512, kernel_size=(3, 3), stride=(1, 1), padding=(1, 1), bias=False)
          (1): BatchNorm2d(512, eps=1e-05, momentum=0.1, affine=True, track_running_stats=True)
          (2): ReLU(inplace=True)
          (3): Conv2d(512, 512, kernel_size=(3, 3), stride=(1, 1), padding=(1, 1), bias=False)
          (4): BatchNorm2d(512, eps=1e-05, momentum=0.1, affine=True, track_running_stats=True)
          (5): ReLU(inplace=True)
        )
      )
    )
  )
  (up1): Up(
    (up): ConvTranspose2d(512, 256, kernel_size=(2, 2), stride=(2, 2))
    (conv): DoubleConv(
      (block): Sequential(
        (0): Conv2d(512, 256, kernel_size=(3, 3), stride=(1, 1), padding=(1, 1), bias=False)
        (1): BatchNorm2d(256, eps=1e-05, momentum=0.1, affine=True, track_running_stats=True)
        (2): ReLU(inplace=True)
        (3): Conv2d(256, 256, kernel_size=(3, 3), stride=(1, 1), padding=(1, 1), bias=False)
        (4): BatchNorm2d(256, eps=1e-05, momentum=0.1, affine=True, track_running_stats=True)
        (5): ReLU(inplace=True)
      )
    )
  )
  (up2): Up(
    (up): ConvTranspose2d(256, 128, kernel_size=(2, 2), stride=(2, 2))
    (conv): DoubleConv(
      (block): Sequential(
        (0): Conv2d(256, 128, kernel_size=(3, 3), stride=(1, 1), padding=(1, 1), bias=False)
        (1): BatchNorm2d(128, eps=1e-05, momentum=0.1, affine=True, track_running_stats=True)
        (2): ReLU(inplace=True)
        (3): Conv2d(128, 128, kernel_size=(3, 3), stride=(1, 1), padding=(1, 1), bias=False)
        (4): BatchNorm2d(128, eps=1e-05, momentum=0.1, affine=True, track_running_stats=True)
        (5): ReLU(inplace=True)
      )
    )
  )
  (up3): Up(
    (up): ConvTranspose2d(128, 64, kernel_size=(2, 2), stride=(2, 2))
    (conv): DoubleConv(
      (block): Sequential(
        (0): Conv2d(128, 64, kernel_size=(3, 3), stride=(1, 1), padding=(1, 1), bias=False)
        (1): BatchNorm2d(64, eps=1e-05, momentum=0.1, affine=True, track_running_stats=True)
        (2): ReLU(inplace=True)
        (3): Conv2d(64, 64, kernel_size=(3, 3), stride=(1, 1), padding=(1, 1), bias=False)
        (4): BatchNorm2d(64, eps=1e-05, momentum=0.1, affine=True, track_running_stats=True)
        (5): ReLU(inplace=True)
      )
    )
  )
  (up4): Up(
    (up): ConvTranspose2d(64, 32, kernel_size=(2, 2), stride=(2, 2))
    (conv): DoubleConv(
      (block): Sequential(
        (0): Conv2d(64, 32, kernel_size=(3, 3), stride=(1, 1), padding=(1, 1), bias=False)
        (1): BatchNorm2d(32, eps=1e-05, momentum=0.1, affine=True, track_running_stats=True)
        (2): ReLU(inplace=True)
        (3): Conv2d(32, 32, kernel_size=(3, 3), stride=(1, 1), padding=(1, 1), bias=False)
        (4): BatchNorm2d(32, eps=1e-05, momentum=0.1, affine=True, track_running_stats=True)
        (5): ReLU(inplace=True)
      )
    )
  )
  (mask_head): Conv2d(32, 1, kernel_size=(1, 1), stride=(1, 1))
)
Trainable parameters by tensor:
  inc.block.0.weight: 2,304
  inc.block.1.weight: 32
  inc.block.1.bias: 32
  inc.block.3.weight: 9,216
  inc.block.4.weight: 32
  inc.block.4.bias: 32
  down1.block.1.block.0.weight: 18,432
  down1.block.1.block.1.weight: 64
  down1.block.1.block.1.bias: 64
  down1.block.1.block.3.weight: 36,864
  down1.block.1.block.4.weight: 64
  down1.block.1.block.4.bias: 64
  down2.block.1.block.0.weight: 73,728
  down2.block.1.block.1.weight: 128
  down2.block.1.block.1.bias: 128
  down2.block.1.block.3.weight: 147,456
  down2.block.1.block.4.weight: 128
  down2.block.1.block.4.bias: 128
  down3.block.1.block.0.weight: 294,912
  down3.block.1.block.1.weight: 256
  down3.block.1.block.1.bias: 256
  down3.block.1.block.3.weight: 589,824
  down3.block.1.block.4.weight: 256
  down3.block.1.block.4.bias: 256
  down4.block.1.block.0.weight: 1,179,648
  down4.block.1.block.1.weight: 512
  down4.block.1.block.1.bias: 512
  down4.block.1.block.3.weight: 2,359,296
  down4.block.1.block.4.weight: 512
  down4.block.1.block.4.bias: 512
  up1.up.weight: 524,288
  up1.up.bias: 256
  up1.conv.block.0.weight: 1,179,648
  up1.conv.block.1.weight: 256
  up1.conv.block.1.bias: 256
  up1.conv.block.3.weight: 589,824
  up1.conv.block.4.weight: 256
  up1.conv.block.4.bias: 256
  up2.up.weight: 131,072
  up2.up.bias: 128
  up2.conv.block.0.weight: 294,912
  up2.conv.block.1.weight: 128
  up2.conv.block.1.bias: 128
  up2.conv.block.3.weight: 147,456
  up2.conv.block.4.weight: 128
  up2.conv.block.4.bias: 128
  up3.up.weight: 32,768
  up3.up.bias: 64
  up3.conv.block.0.weight: 73,728
  up3.conv.block.1.weight: 64
  up3.conv.block.1.bias: 64
  up3.conv.block.3.weight: 36,864
  up3.conv.block.4.weight: 64
  up3.conv.block.4.bias: 64
  up4.up.weight: 8,192
  up4.up.bias: 32
  up4.conv.block.0.weight: 18,432
  up4.conv.block.1.weight: 32
  up4.conv.block.1.bias: 32
  up4.conv.block.3.weight: 9,216
  up4.conv.block.4.weight: 32
  up4.conv.block.4.bias: 32
  mask_head.weight: 32
  mask_head.bias: 1
Total trainable parameters: 7,764,481
2026-07-09 14:22:57,809:INFO:------------ New Training Session ------------
2026-07-09 14:25:00,122:INFO:epoch: 1 | loss: 0.8268 | bce: 0.4321 | dice_loss: 0.3947 | distance_loss: 0.0000 | tv_loss: 2078.0049 | seam_weight_mean: 2.1875
2026-07-09 14:25:58,294:INFO:epoch: 2 | loss: 0.7244 | bce: 0.3849 | dice_loss: 0.3395 | distance_loss: 0.0000 | tv_loss: 2065.1331 | seam_weight_mean: 2.1938
2026-07-09 14:26:56,276:INFO:epoch: 3 | loss: 0.6800 | bce: 0.3671 | dice_loss: 0.3129 | distance_loss: 0.0000 | tv_loss: 2111.4134 | seam_weight_mean: 2.1943
2026-07-09 14:27:54,920:INFO:epoch: 4 | loss: 0.6531 | bce: 0.3568 | dice_loss: 0.2963 | distance_loss: 0.0000 | tv_loss: 2099.6085 | seam_weight_mean: 2.1953
2026-07-09 14:29:08,665:INFO:epoch: 5 | loss: 0.6373 | bce: 0.3502 | dice_loss: 0.2871 | distance_loss: 0.0000 | tv_loss: 2137.1039 | seam_weight_mean: 2.1923 | eval_loss: 0.6514 | eval_bce: 0.3363 | eval_dice_loss: 0.3151 | eval_distance_loss: 0.0000 | eval_tv_loss: 1985.7230 | eval_seam_weight_mean: 2.1462 | eval_pixel_iou: 0.7727 | eval_miou: 0.7358 | eval_boundary_iou: 0.3078
2026-07-09 14:30:06,393:INFO:epoch: 6 | loss: 0.6194 | bce: 0.3439 | dice_loss: 0.2755 | distance_loss: 0.0000 | tv_loss: 2120.1931 | seam_weight_mean: 2.1960
2026-07-09 14:31:04,376:INFO:epoch: 7 | loss: 0.6110 | bce: 0.3405 | dice_loss: 0.2705 | distance_loss: 0.0000 | tv_loss: 2131.2287 | seam_weight_mean: 2.1927
2026-07-09 14:32:02,778:INFO:epoch: 8 | loss: 0.6061 | bce: 0.3383 | dice_loss: 0.2678 | distance_loss: 0.0000 | tv_loss: 2135.6971 | seam_weight_mean: 2.1926
2026-07-09 14:33:00,237:INFO:epoch: 9 | loss: 0.5990 | bce: 0.3353 | dice_loss: 0.2637 | distance_loss: 0.0000 | tv_loss: 2124.5042 | seam_weight_mean: 2.1938
2026-07-09 14:34:05,447:INFO:epoch: 10 | loss: 0.5985 | bce: 0.3347 | dice_loss: 0.2638 | distance_loss: 0.0000 | tv_loss: 2145.7924 | seam_weight_mean: 2.1932 | eval_loss: 0.6280 | eval_bce: 0.3230 | eval_dice_loss: 0.3050 | eval_distance_loss: 0.0000 | eval_tv_loss: 2029.2721 | eval_seam_weight_mean: 2.1462 | eval_pixel_iou: 0.7768 | eval_miou: 0.7422 | eval_boundary_iou: 0.3501
2026-07-09 14:35:04,267:INFO:epoch: 11 | loss: 0.5962 | bce: 0.3337 | dice_loss: 0.2625 | distance_loss: 0.0000 | tv_loss: 2143.1163 | seam_weight_mean: 2.1958
2026-07-09 14:36:02,091:INFO:epoch: 12 | loss: 0.5891 | bce: 0.3306 | dice_loss: 0.2584 | distance_loss: 0.0000 | tv_loss: 2144.3094 | seam_weight_mean: 2.1897
2026-07-09 14:36:59,917:INFO:epoch: 13 | loss: 0.5869 | bce: 0.3288 | dice_loss: 0.2581 | distance_loss: 0.0000 | tv_loss: 2139.7942 | seam_weight_mean: 2.1908
2026-07-09 14:37:57,920:INFO:epoch: 14 | loss: 0.5831 | bce: 0.3286 | dice_loss: 0.2545 | distance_loss: 0.0000 | tv_loss: 2149.8950 | seam_weight_mean: 2.1949
2026-07-09 14:39:02,329:INFO:epoch: 15 | loss: 0.5827 | bce: 0.3276 | dice_loss: 0.2551 | distance_loss: 0.0000 | tv_loss: 2156.0386 | seam_weight_mean: 2.2017 | eval_loss: 0.6146 | eval_bce: 0.3213 | eval_dice_loss: 0.2933 | eval_distance_loss: 0.0000 | eval_tv_loss: 1981.8715 | eval_seam_weight_mean: 2.1462 | eval_pixel_iou: 0.7789 | eval_miou: 0.7454 | eval_boundary_iou: 0.3509
2026-07-09 14:40:00,457:INFO:epoch: 16 | loss: 0.5768 | bce: 0.3237 | dice_loss: 0.2530 | distance_loss: 0.0000 | tv_loss: 2148.7480 | seam_weight_mean: 2.1967
2026-07-09 14:40:57,970:INFO:epoch: 17 | loss: 0.5761 | bce: 0.3239 | dice_loss: 0.2522 | distance_loss: 0.0000 | tv_loss: 2147.7995 | seam_weight_mean: 2.1957
2026-07-09 14:41:56,344:INFO:epoch: 18 | loss: 0.5722 | bce: 0.3214 | dice_loss: 0.2508 | distance_loss: 0.0000 | tv_loss: 2143.1153 | seam_weight_mean: 2.1913
2026-07-09 14:42:53,686:INFO:epoch: 19 | loss: 0.5708 | bce: 0.3208 | dice_loss: 0.2499 | distance_loss: 0.0000 | tv_loss: 2150.5314 | seam_weight_mean: 2.1933
2026-07-09 14:43:58,618:INFO:epoch: 20 | loss: 0.5689 | bce: 0.3207 | dice_loss: 0.2482 | distance_loss: 0.0000 | tv_loss: 2144.8122 | seam_weight_mean: 2.1907 | eval_loss: 0.6129 | eval_bce: 0.3138 | eval_dice_loss: 0.2990 | eval_distance_loss: 0.0000 | eval_tv_loss: 1948.4784 | eval_seam_weight_mean: 2.1462 | eval_pixel_iou: 0.7830 | eval_miou: 0.7515 | eval_boundary_iou: 0.3481
2026-07-09 14:44:56,570:INFO:epoch: 21 | loss: 0.5653 | bce: 0.3179 | dice_loss: 0.2474 | distance_loss: 0.0000 | tv_loss: 2145.5211 | seam_weight_mean: 2.1905
2026-07-09 14:45:54,994:INFO:epoch: 22 | loss: 0.5644 | bce: 0.3182 | dice_loss: 0.2463 | distance_loss: 0.0000 | tv_loss: 2146.2946 | seam_weight_mean: 2.1965
2026-07-09 14:46:53,190:INFO:epoch: 23 | loss: 0.5633 | bce: 0.3169 | dice_loss: 0.2464 | distance_loss: 0.0000 | tv_loss: 2146.5627 | seam_weight_mean: 2.1918
2026-07-09 14:47:52,526:INFO:epoch: 24 | loss: 0.5593 | bce: 0.3150 | dice_loss: 0.2443 | distance_loss: 0.0000 | tv_loss: 2141.0133 | seam_weight_mean: 2.1914
2026-07-09 14:48:56,468:INFO:epoch: 25 | loss: 0.5578 | bce: 0.3150 | dice_loss: 0.2428 | distance_loss: 0.0000 | tv_loss: 2147.4362 | seam_weight_mean: 2.1920 | eval_loss: 0.5986 | eval_bce: 0.3105 | eval_dice_loss: 0.2881 | eval_distance_loss: 0.0000 | eval_tv_loss: 1913.2734 | eval_seam_weight_mean: 2.1462 | eval_pixel_iou: 0.7884 | eval_miou: 0.7555 | eval_boundary_iou: 0.3642
2026-07-09 14:49:54,734:INFO:epoch: 26 | loss: 0.5590 | bce: 0.3143 | dice_loss: 0.2447 | distance_loss: 0.0000 | tv_loss: 2133.8071 | seam_weight_mean: 2.1866
2026-07-09 14:50:52,696:INFO:epoch: 27 | loss: 0.5548 | bce: 0.3128 | dice_loss: 0.2420 | distance_loss: 0.0000 | tv_loss: 2156.0351 | seam_weight_mean: 2.1958
2026-07-09 14:51:50,549:INFO:epoch: 28 | loss: 0.5547 | bce: 0.3133 | dice_loss: 0.2414 | distance_loss: 0.0000 | tv_loss: 2148.9181 | seam_weight_mean: 2.1924
2026-07-09 14:52:48,158:INFO:epoch: 29 | loss: 0.5516 | bce: 0.3109 | dice_loss: 0.2407 | distance_loss: 0.0000 | tv_loss: 2147.0512 | seam_weight_mean: 2.1926
2026-07-09 14:53:53,210:INFO:epoch: 30 | loss: 0.5498 | bce: 0.3116 | dice_loss: 0.2382 | distance_loss: 0.0000 | tv_loss: 2148.9911 | seam_weight_mean: 2.1923 | eval_loss: 0.6015 | eval_bce: 0.3172 | eval_dice_loss: 0.2842 | eval_distance_loss: 0.0000 | eval_tv_loss: 1927.3220 | eval_seam_weight_mean: 2.1462 | eval_pixel_iou: 0.7881 | eval_miou: 0.7622 | eval_boundary_iou: 0.3786
2026-07-09 14:54:51,670:INFO:epoch: 31 | loss: 0.5482 | bce: 0.3104 | dice_loss: 0.2378 | distance_loss: 0.0000 | tv_loss: 2144.4260 | seam_weight_mean: 2.1910
2026-07-09 14:55:50,408:INFO:epoch: 32 | loss: 0.5485 | bce: 0.3103 | dice_loss: 0.2382 | distance_loss: 0.0000 | tv_loss: 2155.8708 | seam_weight_mean: 2.1921
2026-07-09 14:56:48,571:INFO:epoch: 33 | loss: 0.5466 | bce: 0.3093 | dice_loss: 0.2374 | distance_loss: 0.0000 | tv_loss: 2150.4895 | seam_weight_mean: 2.1955
2026-07-09 14:57:47,717:INFO:epoch: 34 | loss: 0.5491 | bce: 0.3095 | dice_loss: 0.2396 | distance_loss: 0.0000 | tv_loss: 2154.0131 | seam_weight_mean: 2.1887
2026-07-09 14:58:53,909:INFO:epoch: 35 | loss: 0.5475 | bce: 0.3093 | dice_loss: 0.2381 | distance_loss: 0.0000 | tv_loss: 2155.7513 | seam_weight_mean: 2.1973 | eval_loss: 0.5949 | eval_bce: 0.3123 | eval_dice_loss: 0.2826 | eval_distance_loss: 0.0000 | eval_tv_loss: 1952.7173 | eval_seam_weight_mean: 2.1462 | eval_pixel_iou: 0.7900 | eval_miou: 0.7607 | eval_boundary_iou: 0.3725
2026-07-09 14:59:52,597:INFO:epoch: 36 | loss: 0.5472 | bce: 0.3086 | dice_loss: 0.2386 | distance_loss: 0.0000 | tv_loss: 2152.4386 | seam_weight_mean: 2.1926
2026-07-09 15:00:51,509:INFO:epoch: 37 | loss: 0.5463 | bce: 0.3079 | dice_loss: 0.2384 | distance_loss: 0.0000 | tv_loss: 2153.1840 | seam_weight_mean: 2.1927
2026-07-09 15:01:50,024:INFO:epoch: 38 | loss: 0.5443 | bce: 0.3061 | dice_loss: 0.2382 | distance_loss: 0.0000 | tv_loss: 2151.1145 | seam_weight_mean: 2.1899
2026-07-09 15:02:48,989:INFO:epoch: 39 | loss: 0.5469 | bce: 0.3091 | dice_loss: 0.2378 | distance_loss: 0.0000 | tv_loss: 2158.7477 | seam_weight_mean: 2.1958
2026-07-09 15:03:55,723:INFO:epoch: 40 | loss: 0.5450 | bce: 0.3081 | dice_loss: 0.2369 | distance_loss: 0.0000 | tv_loss: 2163.2203 | seam_weight_mean: 2.1950 | eval_loss: 0.5943 | eval_bce: 0.3096 | eval_dice_loss: 0.2848 | eval_distance_loss: 0.0000 | eval_tv_loss: 1976.1324 | eval_seam_weight_mean: 2.1462 | eval_pixel_iou: 0.7894 | eval_miou: 0.7630 | eval_boundary_iou: 0.3792
2026-07-09 15:04:53,786:INFO:epoch: 41 | loss: 0.5458 | bce: 0.3080 | dice_loss: 0.2378 | distance_loss: 0.0000 | tv_loss: 2152.6664 | seam_weight_mean: 2.1918
2026-07-09 15:05:52,378:INFO:epoch: 42 | loss: 0.5456 | bce: 0.3081 | dice_loss: 0.2375 | distance_loss: 0.0000 | tv_loss: 2159.5983 | seam_weight_mean: 2.1919
2026-07-09 15:06:49,847:INFO:epoch: 43 | loss: 0.5448 | bce: 0.3082 | dice_loss: 0.2366 | distance_loss: 0.0000 | tv_loss: 2159.7467 | seam_weight_mean: 2.1977
2026-07-09 15:07:48,020:INFO:epoch: 44 | loss: 0.5436 | bce: 0.3080 | dice_loss: 0.2356 | distance_loss: 0.0000 | tv_loss: 2160.2529 | seam_weight_mean: 2.1936
2026-07-09 15:08:53,255:INFO:epoch: 45 | loss: 0.5449 | bce: 0.3083 | dice_loss: 0.2366 | distance_loss: 0.0000 | tv_loss: 2156.4759 | seam_weight_mean: 2.1943 | eval_loss: 0.5946 | eval_bce: 0.3123 | eval_dice_loss: 0.2823 | eval_distance_loss: 0.0000 | eval_tv_loss: 1972.9113 | eval_seam_weight_mean: 2.1462 | eval_pixel_iou: 0.7900 | eval_miou: 0.7608 | eval_boundary_iou: 0.3753
2026-07-09 15:09:50,627:INFO:epoch: 46 | loss: 0.5444 | bce: 0.3083 | dice_loss: 0.2360 | distance_loss: 0.0000 | tv_loss: 2149.3944 | seam_weight_mean: 2.1894
2026-07-09 15:10:49,015:INFO:epoch: 47 | loss: 0.5465 | bce: 0.3091 | dice_loss: 0.2375 | distance_loss: 0.0000 | tv_loss: 2154.8809 | seam_weight_mean: 2.1915
2026-07-09 15:11:47,372:INFO:epoch: 48 | loss: 0.5444 | bce: 0.3084 | dice_loss: 0.2360 | distance_loss: 0.0000 | tv_loss: 2150.7993 | seam_weight_mean: 2.1879
2026-07-09 15:12:44,821:INFO:epoch: 49 | loss: 0.5477 | bce: 0.3090 | dice_loss: 0.2387 | distance_loss: 0.0000 | tv_loss: 2154.2161 | seam_weight_mean: 2.1943
2026-07-09 15:13:49,965:INFO:epoch: 50 | loss: 0.5466 | bce: 0.3090 | dice_loss: 0.2377 | distance_loss: 0.0000 | tv_loss: 2145.9465 | seam_weight_mean: 2.1912 | eval_loss: 0.5952 | eval_bce: 0.3103 | eval_dice_loss: 0.2849 | eval_distance_loss: 0.0000 | eval_tv_loss: 2016.5505 | eval_seam_weight_mean: 2.1462 | eval_pixel_iou: 0.7874 | eval_miou: 0.7578 | eval_boundary_iou: 0.3764
