2026-07-18 03:42:51,139:INFO:DualHeadUNet(
  (inc): DoubleConv(
    (block): Sequential(
      (0): Conv2d(8, 32, kernel_size=(3, 3), stride=(1, 1), padding=(1, 1), bias=False)
      (1): BatchNorm2d(32, eps=1e-05, momentum=0.1, affine=True, track_running_stats=True)
      (2): ReLU(inplace=True)
      (3): Conv2d(32, 32, kernel_size=(3, 3), stride=(1, 1), padding=(1, 1), bias=False)
      (4): BatchNorm2d(32, eps=1e-05, momentum=0.1, affine=True, track_running_stats=True)
      (5): ReLU(inplace=True)
    )
  )
  (down1): Down(
    (block): Sequential(
      (0): MaxPool2d(kernel_size=2, stride=2, padding=0, dilation=1, ceil_mode=False)
      (1): DoubleConv(
        (block): Sequential(
          (0): Conv2d(32, 64, kernel_size=(3, 3), stride=(1, 1), padding=(1, 1), bias=False)
          (1): BatchNorm2d(64, eps=1e-05, momentum=0.1, affine=True, track_running_stats=True)
          (2): ReLU(inplace=True)
          (3): Conv2d(64, 64, kernel_size=(3, 3), stride=(1, 1), padding=(1, 1), bias=False)
          (4): BatchNorm2d(64, eps=1e-05, momentum=0.1, affine=True, track_running_stats=True)
          (5): ReLU(inplace=True)
        )
      )
    )
  )
  (down2): Down(
    (block): Sequential(
      (0): MaxPool2d(kernel_size=2, stride=2, padding=0, dilation=1, ceil_mode=False)
      (1): DoubleConv(
        (block): Sequential(
          (0): Conv2d(64, 128, kernel_size=(3, 3), stride=(1, 1), padding=(1, 1), bias=False)
          (1): BatchNorm2d(128, eps=1e-05, momentum=0.1, affine=True, track_running_stats=True)
          (2): ReLU(inplace=True)
          (3): Conv2d(128, 128, kernel_size=(3, 3), stride=(1, 1), padding=(1, 1), bias=False)
          (4): BatchNorm2d(128, eps=1e-05, momentum=0.1, affine=True, track_running_stats=True)
          (5): ReLU(inplace=True)
        )
      )
    )
  )
  (down3): Down(
    (block): Sequential(
      (0): MaxPool2d(kernel_size=2, stride=2, padding=0, dilation=1, ceil_mode=False)
      (1): DoubleConv(
        (block): Sequential(
          (0): Conv2d(128, 256, kernel_size=(3, 3), stride=(1, 1), padding=(1, 1), bias=False)
          (1): BatchNorm2d(256, eps=1e-05, momentum=0.1, affine=True, track_running_stats=True)
          (2): ReLU(inplace=True)
          (3): Conv2d(256, 256, kernel_size=(3, 3), stride=(1, 1), padding=(1, 1), bias=False)
          (4): BatchNorm2d(256, eps=1e-05, momentum=0.1, affine=True, track_running_stats=True)
          (5): ReLU(inplace=True)
        )
      )
    )
  )
  (down4): Down(
    (block): Sequential(
      (0): MaxPool2d(kernel_size=2, stride=2, padding=0, dilation=1, ceil_mode=False)
      (1): DoubleConv(
        (block): Sequential(
          (0): Conv2d(256, 512, kernel_size=(3, 3), stride=(1, 1), padding=(1, 1), bias=False)
          (1): BatchNorm2d(512, eps=1e-05, momentum=0.1, affine=True, track_running_stats=True)
          (2): ReLU(inplace=True)
          (3): Conv2d(512, 512, kernel_size=(3, 3), stride=(1, 1), padding=(1, 1), bias=False)
          (4): BatchNorm2d(512, eps=1e-05, momentum=0.1, affine=True, track_running_stats=True)
          (5): ReLU(inplace=True)
        )
      )
    )
  )
  (up1): Up(
    (up): ConvTranspose2d(512, 256, kernel_size=(2, 2), stride=(2, 2))
    (conv): DoubleConv(
      (block): Sequential(
        (0): Conv2d(512, 256, kernel_size=(3, 3), stride=(1, 1), padding=(1, 1), bias=False)
        (1): BatchNorm2d(256, eps=1e-05, momentum=0.1, affine=True, track_running_stats=True)
        (2): ReLU(inplace=True)
        (3): Conv2d(256, 256, kernel_size=(3, 3), stride=(1, 1), padding=(1, 1), bias=False)
        (4): BatchNorm2d(256, eps=1e-05, momentum=0.1, affine=True, track_running_stats=True)
        (5): ReLU(inplace=True)
      )
    )
  )
  (up2): Up(
    (up): ConvTranspose2d(256, 128, kernel_size=(2, 2), stride=(2, 2))
    (conv): DoubleConv(
      (block): Sequential(
        (0): Conv2d(256, 128, kernel_size=(3, 3), stride=(1, 1), padding=(1, 1), bias=False)
        (1): BatchNorm2d(128, eps=1e-05, momentum=0.1, affine=True, track_running_stats=True)
        (2): ReLU(inplace=True)
        (3): Conv2d(128, 128, kernel_size=(3, 3), stride=(1, 1), padding=(1, 1), bias=False)
        (4): BatchNorm2d(128, eps=1e-05, momentum=0.1, affine=True, track_running_stats=True)
        (5): ReLU(inplace=True)
      )
    )
  )
  (up3): Up(
    (up): ConvTranspose2d(128, 64, kernel_size=(2, 2), stride=(2, 2))
    (conv): DoubleConv(
      (block): Sequential(
        (0): Conv2d(128, 64, kernel_size=(3, 3), stride=(1, 1), padding=(1, 1), bias=False)
        (1): BatchNorm2d(64, eps=1e-05, momentum=0.1, affine=True, track_running_stats=True)
        (2): ReLU(inplace=True)
        (3): Conv2d(64, 64, kernel_size=(3, 3), stride=(1, 1), padding=(1, 1), bias=False)
        (4): BatchNorm2d(64, eps=1e-05, momentum=0.1, affine=True, track_running_stats=True)
        (5): ReLU(inplace=True)
      )
    )
  )
  (up4): Up(
    (up): ConvTranspose2d(64, 32, kernel_size=(2, 2), stride=(2, 2))
    (conv): DoubleConv(
      (block): Sequential(
        (0): Conv2d(64, 32, kernel_size=(3, 3), stride=(1, 1), padding=(1, 1), bias=False)
        (1): BatchNorm2d(32, eps=1e-05, momentum=0.1, affine=True, track_running_stats=True)
        (2): ReLU(inplace=True)
        (3): Conv2d(32, 32, kernel_size=(3, 3), stride=(1, 1), padding=(1, 1), bias=False)
        (4): BatchNorm2d(32, eps=1e-05, momentum=0.1, affine=True, track_running_stats=True)
        (5): ReLU(inplace=True)
      )
    )
  )
  (mask_head): Conv2d(32, 1, kernel_size=(1, 1), stride=(1, 1))
  (distance_head): Sequential(
    (0): Conv2d(32, 32, kernel_size=(3, 3), stride=(1, 1), padding=(1, 1), bias=False)
    (1): BatchNorm2d(32, eps=1e-05, momentum=0.1, affine=True, track_running_stats=True)
    (2): ReLU(inplace=True)
    (3): Conv2d(32, 1, kernel_size=(1, 1), stride=(1, 1))
  )
)
Trainable parameters by tensor:
  inc.block.0.weight: 2,304
  inc.block.1.weight: 32
  inc.block.1.bias: 32
  inc.block.3.weight: 9,216
  inc.block.4.weight: 32
  inc.block.4.bias: 32
  down1.block.1.block.0.weight: 18,432
  down1.block.1.block.1.weight: 64
  down1.block.1.block.1.bias: 64
  down1.block.1.block.3.weight: 36,864
  down1.block.1.block.4.weight: 64
  down1.block.1.block.4.bias: 64
  down2.block.1.block.0.weight: 73,728
  down2.block.1.block.1.weight: 128
  down2.block.1.block.1.bias: 128
  down2.block.1.block.3.weight: 147,456
  down2.block.1.block.4.weight: 128
  down2.block.1.block.4.bias: 128
  down3.block.1.block.0.weight: 294,912
  down3.block.1.block.1.weight: 256
  down3.block.1.block.1.bias: 256
  down3.block.1.block.3.weight: 589,824
  down3.block.1.block.4.weight: 256
  down3.block.1.block.4.bias: 256
  down4.block.1.block.0.weight: 1,179,648
  down4.block.1.block.1.weight: 512
  down4.block.1.block.1.bias: 512
  down4.block.1.block.3.weight: 2,359,296
  down4.block.1.block.4.weight: 512
  down4.block.1.block.4.bias: 512
  up1.up.weight: 524,288
  up1.up.bias: 256
  up1.conv.block.0.weight: 1,179,648
  up1.conv.block.1.weight: 256
  up1.conv.block.1.bias: 256
  up1.conv.block.3.weight: 589,824
  up1.conv.block.4.weight: 256
  up1.conv.block.4.bias: 256
  up2.up.weight: 131,072
  up2.up.bias: 128
  up2.conv.block.0.weight: 294,912
  up2.conv.block.1.weight: 128
  up2.conv.block.1.bias: 128
  up2.conv.block.3.weight: 147,456
  up2.conv.block.4.weight: 128
  up2.conv.block.4.bias: 128
  up3.up.weight: 32,768
  up3.up.bias: 64
  up3.conv.block.0.weight: 73,728
  up3.conv.block.1.weight: 64
  up3.conv.block.1.bias: 64
  up3.conv.block.3.weight: 36,864
  up3.conv.block.4.weight: 64
  up3.conv.block.4.bias: 64
  up4.up.weight: 8,192
  up4.up.bias: 32
  up4.conv.block.0.weight: 18,432
  up4.conv.block.1.weight: 32
  up4.conv.block.1.bias: 32
  up4.conv.block.3.weight: 9,216
  up4.conv.block.4.weight: 32
  up4.conv.block.4.bias: 32
  mask_head.weight: 32
  mask_head.bias: 1
  distance_head.0.weight: 9,216
  distance_head.1.weight: 32
  distance_head.1.bias: 32
  distance_head.3.weight: 32
  distance_head.3.bias: 1
Total trainable parameters: 7,773,794
2026-07-18 03:42:51,142:INFO:------------ New Training Session ------------
2026-07-18 03:45:13,899:INFO:epoch: 1 | loss: 0.9242 | bce: 0.3917 | raw_bce: 0.4335 | dice_loss: 0.5089 | distance_loss: 0.0236 | raw_distance_loss: 0.1048 | weighted_distance_loss: 0.0236 | distance_loss_fraction: 0.0250 | tv_loss: 2127.3255 | boundary_weight_mean: 6.4153 | distance_boundary_weight_mean: 6.4153
2026-07-18 03:48:03,371:INFO:epoch: 2 | loss: 0.7969 | bce: 0.3451 | raw_bce: 0.3282 | dice_loss: 0.4343 | distance_loss: 0.0175 | raw_distance_loss: 0.0803 | weighted_distance_loss: 0.0175 | distance_loss_fraction: 0.0218 | tv_loss: 2125.3364 | boundary_weight_mean: 6.4069 | distance_boundary_weight_mean: 6.4069 | eval_loss: 0.9125 | eval_bce: 0.4954 | eval_raw_bce: 0.3353 | eval_dice_loss: 0.3881 | eval_distance_loss: 0.0291 | eval_raw_distance_loss: 0.0733 | eval_weighted_distance_loss: 0.0291 | eval_distance_loss_fraction: 0.0295 | eval_tv_loss: 2046.6559 | eval_boundary_weight_mean: 4.6877 | eval_distance_boundary_weight_mean: 4.6877 | eval_pixel_iou: 0.6356 | eval_miou: 0.5945 | eval_boundary_iou: 0.2527
2026-07-18 03:50:25,960:INFO:epoch: 3 | loss: 0.7587 | bce: 0.3347 | raw_bce: 0.3129 | dice_loss: 0.4079 | distance_loss: 0.0161 | raw_distance_loss: 0.0742 | weighted_distance_loss: 0.0161 | distance_loss_fraction: 0.0211 | tv_loss: 2182.1235 | boundary_weight_mean: 6.4006 | distance_boundary_weight_mean: 6.4006
2026-07-18 03:52:55,190:INFO:epoch: 4 | loss: 0.7355 | bce: 0.3257 | raw_bce: 0.3010 | dice_loss: 0.3946 | distance_loss: 0.0151 | raw_distance_loss: 0.0694 | weighted_distance_loss: 0.0151 | distance_loss_fraction: 0.0204 | tv_loss: 2217.4172 | boundary_weight_mean: 6.4121 | distance_boundary_weight_mean: 6.4121 | eval_loss: 0.8539 | eval_bce: 0.4676 | eval_raw_bce: 0.3203 | eval_dice_loss: 0.3577 | eval_distance_loss: 0.0286 | eval_raw_distance_loss: 0.0781 | eval_weighted_distance_loss: 0.0286 | eval_distance_loss_fraction: 0.0303 | eval_tv_loss: 2194.2494 | eval_boundary_weight_mean: 4.6877 | eval_distance_boundary_weight_mean: 4.6877 | eval_pixel_iou: 0.6678 | eval_miou: 0.6215 | eval_boundary_iou: 0.2694
2026-07-18 03:55:17,498:INFO:epoch: 5 | loss: 0.7190 | bce: 0.3201 | raw_bce: 0.2918 | dice_loss: 0.3844 | distance_loss: 0.0145 | raw_distance_loss: 0.0665 | weighted_distance_loss: 0.0145 | distance_loss_fraction: 0.0201 | tv_loss: 2237.2377 | boundary_weight_mean: 6.3911 | distance_boundary_weight_mean: 6.3911
2026-07-18 03:57:47,070:INFO:epoch: 6 | loss: 0.7119 | bce: 0.3175 | raw_bce: 0.2866 | dice_loss: 0.3803 | distance_loss: 0.0141 | raw_distance_loss: 0.0640 | weighted_distance_loss: 0.0141 | distance_loss_fraction: 0.0196 | tv_loss: 2247.5361 | boundary_weight_mean: 6.4002 | distance_boundary_weight_mean: 6.4002 | eval_loss: 0.8316 | eval_bce: 0.4490 | eval_raw_bce: 0.3131 | eval_dice_loss: 0.3574 | eval_distance_loss: 0.0252 | eval_raw_distance_loss: 0.0735 | eval_weighted_distance_loss: 0.0252 | eval_distance_loss_fraction: 0.0280 | eval_tv_loss: 2388.5020 | eval_boundary_weight_mean: 4.6877 | eval_distance_boundary_weight_mean: 4.6877 | eval_pixel_iou: 0.6689 | eval_miou: 0.6235 | eval_boundary_iou: 0.2919
2026-07-18 04:00:09,621:INFO:epoch: 7 | loss: 0.7014 | bce: 0.3116 | raw_bce: 0.2810 | dice_loss: 0.3761 | distance_loss: 0.0137 | raw_distance_loss: 0.0624 | weighted_distance_loss: 0.0137 | distance_loss_fraction: 0.0193 | tv_loss: 2251.7885 | boundary_weight_mean: 6.4117 | distance_boundary_weight_mean: 6.4117
2026-07-18 04:02:38,743:INFO:epoch: 8 | loss: 0.6946 | bce: 0.3106 | raw_bce: 0.2796 | dice_loss: 0.3706 | distance_loss: 0.0135 | raw_distance_loss: 0.0616 | weighted_distance_loss: 0.0135 | distance_loss_fraction: 0.0192 | tv_loss: 2259.2044 | boundary_weight_mean: 6.4001 | distance_boundary_weight_mean: 6.4001 | eval_loss: 0.8062 | eval_bce: 0.4495 | eval_raw_bce: 0.3023 | eval_dice_loss: 0.3331 | eval_distance_loss: 0.0235 | eval_raw_distance_loss: 0.0662 | eval_weighted_distance_loss: 0.0235 | eval_distance_loss_fraction: 0.0268 | eval_tv_loss: 2233.7469 | eval_boundary_weight_mean: 4.6877 | eval_distance_boundary_weight_mean: 4.6877 | eval_pixel_iou: 0.6857 | eval_miou: 0.6455 | eval_boundary_iou: 0.3113
2026-07-18 04:05:01,222:INFO:epoch: 9 | loss: 0.6918 | bce: 0.3089 | raw_bce: 0.2767 | dice_loss: 0.3696 | distance_loss: 0.0133 | raw_distance_loss: 0.0603 | weighted_distance_loss: 0.0133 | distance_loss_fraction: 0.0190 | tv_loss: 2272.1084 | boundary_weight_mean: 6.3853 | distance_boundary_weight_mean: 6.3853
2026-07-18 04:07:30,308:INFO:epoch: 10 | loss: 0.6842 | bce: 0.3057 | raw_bce: 0.2715 | dice_loss: 0.3655 | distance_loss: 0.0130 | raw_distance_loss: 0.0589 | weighted_distance_loss: 0.0130 | distance_loss_fraction: 0.0188 | tv_loss: 2272.8751 | boundary_weight_mean: 6.3904 | distance_boundary_weight_mean: 6.3904 | eval_loss: 0.8107 | eval_bce: 0.4460 | eval_raw_bce: 0.2918 | eval_dice_loss: 0.3413 | eval_distance_loss: 0.0234 | eval_raw_distance_loss: 0.0642 | eval_weighted_distance_loss: 0.0234 | eval_distance_loss_fraction: 0.0266 | eval_tv_loss: 2357.0931 | eval_boundary_weight_mean: 4.6877 | eval_distance_boundary_weight_mean: 4.6877 | eval_pixel_iou: 0.6856 | eval_miou: 0.6322 | eval_boundary_iou: 0.3030
2026-07-18 04:09:52,507:INFO:epoch: 11 | loss: 0.6846 | bce: 0.3062 | raw_bce: 0.2718 | dice_loss: 0.3655 | distance_loss: 0.0130 | raw_distance_loss: 0.0591 | weighted_distance_loss: 0.0130 | distance_loss_fraction: 0.0188 | tv_loss: 2291.7512 | boundary_weight_mean: 6.3760 | distance_boundary_weight_mean: 6.3760
2026-07-18 04:12:21,562:INFO:epoch: 12 | loss: 0.6796 | bce: 0.3043 | raw_bce: 0.2698 | dice_loss: 0.3626 | distance_loss: 0.0128 | raw_distance_loss: 0.0579 | weighted_distance_loss: 0.0128 | distance_loss_fraction: 0.0186 | tv_loss: 2293.0391 | boundary_weight_mean: 6.3704 | distance_boundary_weight_mean: 6.3704 | eval_loss: 0.7872 | eval_bce: 0.4323 | eval_raw_bce: 0.2962 | eval_dice_loss: 0.3327 | eval_distance_loss: 0.0221 | eval_raw_distance_loss: 0.0615 | eval_weighted_distance_loss: 0.0221 | eval_distance_loss_fraction: 0.0261 | eval_tv_loss: 2469.2793 | eval_boundary_weight_mean: 4.6877 | eval_distance_boundary_weight_mean: 4.6877 | eval_pixel_iou: 0.6892 | eval_miou: 0.6343 | eval_boundary_iou: 0.3050
2026-07-18 04:14:43,819:INFO:epoch: 13 | loss: 0.6729 | bce: 0.3011 | raw_bce: 0.2655 | dice_loss: 0.3593 | distance_loss: 0.0125 | raw_distance_loss: 0.0568 | weighted_distance_loss: 0.0125 | distance_loss_fraction: 0.0184 | tv_loss: 2291.8184 | boundary_weight_mean: 6.3972 | distance_boundary_weight_mean: 6.3972
2026-07-18 04:17:13,368:INFO:epoch: 14 | loss: 0.6719 | bce: 0.2987 | raw_bce: 0.2647 | dice_loss: 0.3608 | distance_loss: 0.0125 | raw_distance_loss: 0.0569 | weighted_distance_loss: 0.0125 | distance_loss_fraction: 0.0184 | tv_loss: 2303.2587 | boundary_weight_mean: 6.4288 | distance_boundary_weight_mean: 6.4288 | eval_loss: 0.7883 | eval_bce: 0.4352 | eval_raw_bce: 0.2806 | eval_dice_loss: 0.3297 | eval_distance_loss: 0.0234 | eval_raw_distance_loss: 0.0602 | eval_weighted_distance_loss: 0.0234 | eval_distance_loss_fraction: 0.0274 | eval_tv_loss: 2326.9237 | eval_boundary_weight_mean: 4.6877 | eval_distance_boundary_weight_mean: 4.6877 | eval_pixel_iou: 0.6934 | eval_miou: 0.6485 | eval_boundary_iou: 0.3207
2026-07-18 04:19:35,947:INFO:epoch: 15 | loss: 0.6706 | bce: 0.2996 | raw_bce: 0.2649 | dice_loss: 0.3585 | distance_loss: 0.0124 | raw_distance_loss: 0.0567 | weighted_distance_loss: 0.0124 | distance_loss_fraction: 0.0184 | tv_loss: 2300.7390 | boundary_weight_mean: 6.4079 | distance_boundary_weight_mean: 6.4079
2026-07-18 04:22:05,328:INFO:epoch: 16 | loss: 0.6618 | bce: 0.2961 | raw_bce: 0.2601 | dice_loss: 0.3536 | distance_loss: 0.0121 | raw_distance_loss: 0.0550 | weighted_distance_loss: 0.0121 | distance_loss_fraction: 0.0181 | tv_loss: 2309.6835 | boundary_weight_mean: 6.4075 | distance_boundary_weight_mean: 6.4075 | eval_loss: 0.7696 | eval_bce: 0.4290 | eval_raw_bce: 0.2772 | eval_dice_loss: 0.3194 | eval_distance_loss: 0.0212 | eval_raw_distance_loss: 0.0570 | eval_weighted_distance_loss: 0.0212 | eval_distance_loss_fraction: 0.0256 | eval_tv_loss: 2316.6164 | eval_boundary_weight_mean: 4.6877 | eval_distance_boundary_weight_mean: 4.6877 | eval_pixel_iou: 0.7029 | eval_miou: 0.6616 | eval_boundary_iou: 0.3297
2026-07-18 04:24:27,809:INFO:epoch: 17 | loss: 0.6611 | bce: 0.2945 | raw_bce: 0.2592 | dice_loss: 0.3546 | distance_loss: 0.0120 | raw_distance_loss: 0.0548 | weighted_distance_loss: 0.0120 | distance_loss_fraction: 0.0180 | tv_loss: 2309.5874 | boundary_weight_mean: 6.4132 | distance_boundary_weight_mean: 6.4132
2026-07-18 04:26:57,070:INFO:epoch: 18 | loss: 0.6582 | bce: 0.2942 | raw_bce: 0.2551 | dice_loss: 0.3521 | distance_loss: 0.0118 | raw_distance_loss: 0.0537 | weighted_distance_loss: 0.0118 | distance_loss_fraction: 0.0179 | tv_loss: 2316.5826 | boundary_weight_mean: 6.4117 | distance_boundary_weight_mean: 6.4117 | eval_loss: 0.7755 | eval_bce: 0.4390 | eval_raw_bce: 0.2781 | eval_dice_loss: 0.3157 | eval_distance_loss: 0.0208 | eval_raw_distance_loss: 0.0560 | eval_weighted_distance_loss: 0.0208 | eval_distance_loss_fraction: 0.0249 | eval_tv_loss: 2355.0050 | eval_boundary_weight_mean: 4.6877 | eval_distance_boundary_weight_mean: 4.6877 | eval_pixel_iou: 0.7015 | eval_miou: 0.6592 | eval_boundary_iou: 0.3312
2026-07-18 04:29:19,417:INFO:epoch: 19 | loss: 0.6572 | bce: 0.2933 | raw_bce: 0.2566 | dice_loss: 0.3520 | distance_loss: 0.0119 | raw_distance_loss: 0.0541 | weighted_distance_loss: 0.0119 | distance_loss_fraction: 0.0180 | tv_loss: 2324.0779 | boundary_weight_mean: 6.4190 | distance_boundary_weight_mean: 6.4190
2026-07-18 04:31:48,759:INFO:epoch: 20 | loss: 0.6530 | bce: 0.2930 | raw_bce: 0.2527 | dice_loss: 0.3484 | distance_loss: 0.0116 | raw_distance_loss: 0.0526 | weighted_distance_loss: 0.0116 | distance_loss_fraction: 0.0177 | tv_loss: 2327.2859 | boundary_weight_mean: 6.3964 | distance_boundary_weight_mean: 6.3964 | eval_loss: 0.7594 | eval_bce: 0.4211 | eval_raw_bce: 0.2609 | eval_dice_loss: 0.3176 | eval_distance_loss: 0.0207 | eval_raw_distance_loss: 0.0539 | eval_weighted_distance_loss: 0.0207 | eval_distance_loss_fraction: 0.0254 | eval_tv_loss: 2395.5269 | eval_boundary_weight_mean: 4.6877 | eval_distance_boundary_weight_mean: 4.6877 | eval_pixel_iou: 0.7098 | eval_miou: 0.6667 | eval_boundary_iou: 0.3432
2026-07-18 04:34:10,874:INFO:epoch: 21 | loss: 0.6519 | bce: 0.2916 | raw_bce: 0.2515 | dice_loss: 0.3486 | distance_loss: 0.0116 | raw_distance_loss: 0.0526 | weighted_distance_loss: 0.0116 | distance_loss_fraction: 0.0177 | tv_loss: 2332.8502 | boundary_weight_mean: 6.3958 | distance_boundary_weight_mean: 6.3958
2026-07-18 04:36:39,722:INFO:epoch: 22 | loss: 0.6482 | bce: 0.2905 | raw_bce: 0.2496 | dice_loss: 0.3463 | distance_loss: 0.0114 | raw_distance_loss: 0.0518 | weighted_distance_loss: 0.0114 | distance_loss_fraction: 0.0175 | tv_loss: 2328.5252 | boundary_weight_mean: 6.3899 | distance_boundary_weight_mean: 6.3899 | eval_loss: 0.7470 | eval_bce: 0.4118 | eval_raw_bce: 0.2664 | eval_dice_loss: 0.3150 | eval_distance_loss: 0.0202 | eval_raw_distance_loss: 0.0569 | eval_weighted_distance_loss: 0.0202 | eval_distance_loss_fraction: 0.0248 | eval_tv_loss: 2441.2528 | eval_boundary_weight_mean: 4.6877 | eval_distance_boundary_weight_mean: 4.6877 | eval_pixel_iou: 0.7114 | eval_miou: 0.6670 | eval_boundary_iou: 0.3403
2026-07-18 04:39:02,040:INFO:epoch: 23 | loss: 0.6448 | bce: 0.2883 | raw_bce: 0.2484 | dice_loss: 0.3451 | distance_loss: 0.0114 | raw_distance_loss: 0.0519 | weighted_distance_loss: 0.0114 | distance_loss_fraction: 0.0176 | tv_loss: 2334.5856 | boundary_weight_mean: 6.4196 | distance_boundary_weight_mean: 6.4196
2026-07-18 04:41:31,488:INFO:epoch: 24 | loss: 0.6429 | bce: 0.2885 | raw_bce: 0.2466 | dice_loss: 0.3432 | distance_loss: 0.0113 | raw_distance_loss: 0.0512 | weighted_distance_loss: 0.0113 | distance_loss_fraction: 0.0175 | tv_loss: 2334.1492 | boundary_weight_mean: 6.4019 | distance_boundary_weight_mean: 6.4019 | eval_loss: 0.7399 | eval_bce: 0.4081 | eval_raw_bce: 0.2623 | eval_dice_loss: 0.3120 | eval_distance_loss: 0.0198 | eval_raw_distance_loss: 0.0564 | eval_weighted_distance_loss: 0.0198 | eval_distance_loss_fraction: 0.0249 | eval_tv_loss: 2490.8645 | eval_boundary_weight_mean: 4.6877 | eval_distance_boundary_weight_mean: 4.6877 | eval_pixel_iou: 0.7136 | eval_miou: 0.6732 | eval_boundary_iou: 0.3492
2026-07-18 04:43:53,684:INFO:epoch: 25 | loss: 0.6422 | bce: 0.2875 | raw_bce: 0.2437 | dice_loss: 0.3435 | distance_loss: 0.0112 | raw_distance_loss: 0.0505 | weighted_distance_loss: 0.0112 | distance_loss_fraction: 0.0173 | tv_loss: 2342.3306 | boundary_weight_mean: 6.3944 | distance_boundary_weight_mean: 6.3944
2026-07-18 04:46:22,424:INFO:epoch: 26 | loss: 0.6372 | bce: 0.2844 | raw_bce: 0.2421 | dice_loss: 0.3417 | distance_loss: 0.0110 | raw_distance_loss: 0.0500 | weighted_distance_loss: 0.0110 | distance_loss_fraction: 0.0172 | tv_loss: 2333.8938 | boundary_weight_mean: 6.4304 | distance_boundary_weight_mean: 6.4304 | eval_loss: 0.7328 | eval_bce: 0.4016 | eval_raw_bce: 0.2526 | eval_dice_loss: 0.3121 | eval_distance_loss: 0.0191 | eval_raw_distance_loss: 0.0546 | eval_weighted_distance_loss: 0.0191 | eval_distance_loss_fraction: 0.0245 | eval_tv_loss: 2471.1196 | eval_boundary_weight_mean: 4.6877 | eval_distance_boundary_weight_mean: 4.6877 | eval_pixel_iou: 0.7178 | eval_miou: 0.6679 | eval_boundary_iou: 0.3441
2026-07-18 04:48:44,660:INFO:epoch: 27 | loss: 0.6386 | bce: 0.2866 | raw_bce: 0.2406 | dice_loss: 0.3410 | distance_loss: 0.0110 | raw_distance_loss: 0.0495 | weighted_distance_loss: 0.0110 | distance_loss_fraction: 0.0172 | tv_loss: 2345.3158 | boundary_weight_mean: 6.3895 | distance_boundary_weight_mean: 6.3895
2026-07-18 04:51:13,905:INFO:epoch: 28 | loss: 0.6361 | bce: 0.2852 | raw_bce: 0.2397 | dice_loss: 0.3400 | distance_loss: 0.0109 | raw_distance_loss: 0.0489 | weighted_distance_loss: 0.0109 | distance_loss_fraction: 0.0171 | tv_loss: 2343.9807 | boundary_weight_mean: 6.4019 | distance_boundary_weight_mean: 6.4019 | eval_loss: 0.7337 | eval_bce: 0.4077 | eval_raw_bce: 0.2530 | eval_dice_loss: 0.3073 | eval_distance_loss: 0.0188 | eval_raw_distance_loss: 0.0523 | eval_weighted_distance_loss: 0.0188 | eval_distance_loss_fraction: 0.0240 | eval_tv_loss: 2452.6629 | eval_boundary_weight_mean: 4.6877 | eval_distance_boundary_weight_mean: 4.6877 | eval_pixel_iou: 0.7211 | eval_miou: 0.6766 | eval_boundary_iou: 0.3517
2026-07-18 04:53:36,383:INFO:epoch: 29 | loss: 0.6334 | bce: 0.2838 | raw_bce: 0.2380 | dice_loss: 0.3388 | distance_loss: 0.0108 | raw_distance_loss: 0.0485 | weighted_distance_loss: 0.0108 | distance_loss_fraction: 0.0170 | tv_loss: 2351.1370 | boundary_weight_mean: 6.4004 | distance_boundary_weight_mean: 6.4004
2026-07-18 04:56:05,414:INFO:epoch: 30 | loss: 0.6339 | bce: 0.2840 | raw_bce: 0.2374 | dice_loss: 0.3391 | distance_loss: 0.0108 | raw_distance_loss: 0.0483 | weighted_distance_loss: 0.0108 | distance_loss_fraction: 0.0169 | tv_loss: 2347.1929 | boundary_weight_mean: 6.3954 | distance_boundary_weight_mean: 6.3954 | eval_loss: 0.7297 | eval_bce: 0.4043 | eval_raw_bce: 0.2451 | eval_dice_loss: 0.3071 | eval_distance_loss: 0.0184 | eval_raw_distance_loss: 0.0513 | eval_weighted_distance_loss: 0.0184 | eval_distance_loss_fraction: 0.0239 | eval_tv_loss: 2415.4635 | eval_boundary_weight_mean: 4.6877 | eval_distance_boundary_weight_mean: 4.6877 | eval_pixel_iou: 0.7230 | eval_miou: 0.6783 | eval_boundary_iou: 0.3534
2026-07-18 04:58:27,825:INFO:epoch: 31 | loss: 0.6312 | bce: 0.2827 | raw_bce: 0.2345 | dice_loss: 0.3379 | distance_loss: 0.0107 | raw_distance_loss: 0.0476 | weighted_distance_loss: 0.0107 | distance_loss_fraction: 0.0168 | tv_loss: 2349.2262 | boundary_weight_mean: 6.3919 | distance_boundary_weight_mean: 6.3919
2026-07-18 05:00:56,830:INFO:epoch: 32 | loss: 0.6305 | bce: 0.2824 | raw_bce: 0.2340 | dice_loss: 0.3375 | distance_loss: 0.0106 | raw_distance_loss: 0.0473 | weighted_distance_loss: 0.0106 | distance_loss_fraction: 0.0167 | tv_loss: 2348.5802 | boundary_weight_mean: 6.3927 | distance_boundary_weight_mean: 6.3927 | eval_loss: 0.7226 | eval_bce: 0.3979 | eval_raw_bce: 0.2436 | eval_dice_loss: 0.3067 | eval_distance_loss: 0.0180 | eval_raw_distance_loss: 0.0505 | eval_weighted_distance_loss: 0.0180 | eval_distance_loss_fraction: 0.0236 | eval_tv_loss: 2423.4037 | eval_boundary_weight_mean: 4.6877 | eval_distance_boundary_weight_mean: 4.6877 | eval_pixel_iou: 0.7246 | eval_miou: 0.6774 | eval_boundary_iou: 0.3497
2026-07-18 05:03:19,131:INFO:epoch: 33 | loss: 0.6290 | bce: 0.2818 | raw_bce: 0.2334 | dice_loss: 0.3365 | distance_loss: 0.0107 | raw_distance_loss: 0.0474 | weighted_distance_loss: 0.0107 | distance_loss_fraction: 0.0169 | tv_loss: 2352.9208 | boundary_weight_mean: 6.4026 | distance_boundary_weight_mean: 6.4026
2026-07-18 05:05:47,907:INFO:epoch: 34 | loss: 0.6262 | bce: 0.2806 | raw_bce: 0.2308 | dice_loss: 0.3351 | distance_loss: 0.0105 | raw_distance_loss: 0.0465 | weighted_distance_loss: 0.0105 | distance_loss_fraction: 0.0166 | tv_loss: 2341.3746 | boundary_weight_mean: 6.4079 | distance_boundary_weight_mean: 6.4079 | eval_loss: 0.7249 | eval_bce: 0.4016 | eval_raw_bce: 0.2481 | eval_dice_loss: 0.3050 | eval_distance_loss: 0.0182 | eval_raw_distance_loss: 0.0500 | eval_weighted_distance_loss: 0.0182 | eval_distance_loss_fraction: 0.0237 | eval_tv_loss: 2402.2333 | eval_boundary_weight_mean: 4.6877 | eval_distance_boundary_weight_mean: 4.6877 | eval_pixel_iou: 0.7240 | eval_miou: 0.6791 | eval_boundary_iou: 0.3505
2026-07-18 05:08:10,399:INFO:epoch: 35 | loss: 0.6270 | bce: 0.2807 | raw_bce: 0.2306 | dice_loss: 0.3358 | distance_loss: 0.0104 | raw_distance_loss: 0.0466 | weighted_distance_loss: 0.0104 | distance_loss_fraction: 0.0166 | tv_loss: 2348.0922 | boundary_weight_mean: 6.4050 | distance_boundary_weight_mean: 6.4050
2026-07-18 05:10:39,078:INFO:epoch: 36 | loss: 0.6245 | bce: 0.2806 | raw_bce: 0.2305 | dice_loss: 0.3334 | distance_loss: 0.0104 | raw_distance_loss: 0.0463 | weighted_distance_loss: 0.0104 | distance_loss_fraction: 0.0166 | tv_loss: 2346.5827 | boundary_weight_mean: 6.4066 | distance_boundary_weight_mean: 6.4066 | eval_loss: 0.7205 | eval_bce: 0.3969 | eval_raw_bce: 0.2420 | eval_dice_loss: 0.3057 | eval_distance_loss: 0.0179 | eval_raw_distance_loss: 0.0507 | eval_weighted_distance_loss: 0.0179 | eval_distance_loss_fraction: 0.0237 | eval_tv_loss: 2482.4215 | eval_boundary_weight_mean: 4.6877 | eval_distance_boundary_weight_mean: 4.6877 | eval_pixel_iou: 0.7260 | eval_miou: 0.6763 | eval_boundary_iou: 0.3504
2026-07-18 05:13:01,383:INFO:epoch: 37 | loss: 0.6254 | bce: 0.2806 | raw_bce: 0.2294 | dice_loss: 0.3344 | distance_loss: 0.0104 | raw_distance_loss: 0.0462 | weighted_distance_loss: 0.0104 | distance_loss_fraction: 0.0165 | tv_loss: 2351.8771 | boundary_weight_mean: 6.4012 | distance_boundary_weight_mean: 6.4012
2026-07-18 05:15:30,874:INFO:epoch: 38 | loss: 0.6241 | bce: 0.2800 | raw_bce: 0.2287 | dice_loss: 0.3337 | distance_loss: 0.0104 | raw_distance_loss: 0.0460 | weighted_distance_loss: 0.0104 | distance_loss_fraction: 0.0165 | tv_loss: 2340.8774 | boundary_weight_mean: 6.4075 | distance_boundary_weight_mean: 6.4075 | eval_loss: 0.7213 | eval_bce: 0.3989 | eval_raw_bce: 0.2395 | eval_dice_loss: 0.3048 | eval_distance_loss: 0.0176 | eval_raw_distance_loss: 0.0489 | eval_weighted_distance_loss: 0.0176 | eval_distance_loss_fraction: 0.0234 | eval_tv_loss: 2432.0448 | eval_boundary_weight_mean: 4.6877 | eval_distance_boundary_weight_mean: 4.6877 | eval_pixel_iou: 0.7271 | eval_miou: 0.6786 | eval_boundary_iou: 0.3547
2026-07-18 05:17:53,227:INFO:epoch: 39 | loss: 0.6261 | bce: 0.2816 | raw_bce: 0.2295 | dice_loss: 0.3340 | distance_loss: 0.0104 | raw_distance_loss: 0.0462 | weighted_distance_loss: 0.0104 | distance_loss_fraction: 0.0166 | tv_loss: 2348.4770 | boundary_weight_mean: 6.3876 | distance_boundary_weight_mean: 6.3876
2026-07-18 05:20:22,165:INFO:epoch: 40 | loss: 0.6245 | bce: 0.2805 | raw_bce: 0.2285 | dice_loss: 0.3336 | distance_loss: 0.0104 | raw_distance_loss: 0.0460 | weighted_distance_loss: 0.0104 | distance_loss_fraction: 0.0166 | tv_loss: 2342.1326 | boundary_weight_mean: 6.3979 | distance_boundary_weight_mean: 6.3979 | eval_loss: 0.7207 | eval_bce: 0.3963 | eval_raw_bce: 0.2382 | eval_dice_loss: 0.3065 | eval_distance_loss: 0.0179 | eval_raw_distance_loss: 0.0507 | eval_weighted_distance_loss: 0.0179 | eval_distance_loss_fraction: 0.0237 | eval_tv_loss: 2450.2922 | eval_boundary_weight_mean: 4.6877 | eval_distance_boundary_weight_mean: 4.6877 | eval_pixel_iou: 0.7271 | eval_miou: 0.6757 | eval_boundary_iou: 0.3502
2026-07-18 05:22:44,531:INFO:epoch: 41 | loss: 0.6234 | bce: 0.2799 | raw_bce: 0.2284 | dice_loss: 0.3332 | distance_loss: 0.0103 | raw_distance_loss: 0.0459 | weighted_distance_loss: 0.0103 | distance_loss_fraction: 0.0165 | tv_loss: 2348.6890 | boundary_weight_mean: 6.4100 | distance_boundary_weight_mean: 6.4100
2026-07-18 05:25:13,717:INFO:epoch: 42 | loss: 0.6229 | bce: 0.2788 | raw_bce: 0.2286 | dice_loss: 0.3337 | distance_loss: 0.0103 | raw_distance_loss: 0.0460 | weighted_distance_loss: 0.0103 | distance_loss_fraction: 0.0166 | tv_loss: 2343.3309 | boundary_weight_mean: 6.4168 | distance_boundary_weight_mean: 6.4168 | eval_loss: 0.7200 | eval_bce: 0.3964 | eval_raw_bce: 0.2390 | eval_dice_loss: 0.3059 | eval_distance_loss: 0.0177 | eval_raw_distance_loss: 0.0497 | eval_weighted_distance_loss: 0.0177 | eval_distance_loss_fraction: 0.0235 | eval_tv_loss: 2462.0600 | eval_boundary_weight_mean: 4.6877 | eval_distance_boundary_weight_mean: 4.6877 | eval_pixel_iou: 0.7272 | eval_miou: 0.6761 | eval_boundary_iou: 0.3526
2026-07-18 05:27:36,120:INFO:epoch: 43 | loss: 0.6243 | bce: 0.2802 | raw_bce: 0.2290 | dice_loss: 0.3338 | distance_loss: 0.0103 | raw_distance_loss: 0.0459 | weighted_distance_loss: 0.0103 | distance_loss_fraction: 0.0165 | tv_loss: 2344.2624 | boundary_weight_mean: 6.4103 | distance_boundary_weight_mean: 6.4103
2026-07-18 05:30:05,288:INFO:epoch: 44 | loss: 0.6237 | bce: 0.2797 | raw_bce: 0.2290 | dice_loss: 0.3337 | distance_loss: 0.0103 | raw_distance_loss: 0.0460 | weighted_distance_loss: 0.0103 | distance_loss_fraction: 0.0165 | tv_loss: 2347.9278 | boundary_weight_mean: 6.4173 | distance_boundary_weight_mean: 6.4173 | eval_loss: 0.7206 | eval_bce: 0.3981 | eval_raw_bce: 0.2416 | eval_dice_loss: 0.3049 | eval_distance_loss: 0.0177 | eval_raw_distance_loss: 0.0502 | eval_weighted_distance_loss: 0.0177 | eval_distance_loss_fraction: 0.0235 | eval_tv_loss: 2457.9398 | eval_boundary_weight_mean: 4.6877 | eval_distance_boundary_weight_mean: 4.6877 | eval_pixel_iou: 0.7265 | eval_miou: 0.6777 | eval_boundary_iou: 0.3531
2026-07-18 05:32:27,805:INFO:epoch: 45 | loss: 0.6241 | bce: 0.2807 | raw_bce: 0.2296 | dice_loss: 0.3331 | distance_loss: 0.0103 | raw_distance_loss: 0.0459 | weighted_distance_loss: 0.0103 | distance_loss_fraction: 0.0165 | tv_loss: 2347.3840 | boundary_weight_mean: 6.4031 | distance_boundary_weight_mean: 6.4031
2026-07-18 05:34:56,879:INFO:epoch: 46 | loss: 0.6253 | bce: 0.2807 | raw_bce: 0.2299 | dice_loss: 0.3342 | distance_loss: 0.0104 | raw_distance_loss: 0.0462 | weighted_distance_loss: 0.0104 | distance_loss_fraction: 0.0166 | tv_loss: 2344.9923 | boundary_weight_mean: 6.3947 | distance_boundary_weight_mean: 6.3947 | eval_loss: 0.7211 | eval_bce: 0.3993 | eval_raw_bce: 0.2411 | eval_dice_loss: 0.3041 | eval_distance_loss: 0.0177 | eval_raw_distance_loss: 0.0499 | eval_weighted_distance_loss: 0.0177 | eval_distance_loss_fraction: 0.0234 | eval_tv_loss: 2455.3866 | eval_boundary_weight_mean: 4.6877 | eval_distance_boundary_weight_mean: 4.6877 | eval_pixel_iou: 0.7271 | eval_miou: 0.6780 | eval_boundary_iou: 0.3527
2026-07-18 05:37:19,272:INFO:epoch: 47 | loss: 0.6253 | bce: 0.2801 | raw_bce: 0.2301 | dice_loss: 0.3347 | distance_loss: 0.0104 | raw_distance_loss: 0.0464 | weighted_distance_loss: 0.0104 | distance_loss_fraction: 0.0166 | tv_loss: 2351.9213 | boundary_weight_mean: 6.4024 | distance_boundary_weight_mean: 6.4024
2026-07-18 05:39:48,151:INFO:epoch: 48 | loss: 0.6248 | bce: 0.2800 | raw_bce: 0.2298 | dice_loss: 0.3344 | distance_loss: 0.0104 | raw_distance_loss: 0.0462 | weighted_distance_loss: 0.0104 | distance_loss_fraction: 0.0166 | tv_loss: 2350.0306 | boundary_weight_mean: 6.4114 | distance_boundary_weight_mean: 6.4114 | eval_loss: 0.7199 | eval_bce: 0.3970 | eval_raw_bce: 0.2439 | eval_dice_loss: 0.3050 | eval_distance_loss: 0.0178 | eval_raw_distance_loss: 0.0506 | eval_weighted_distance_loss: 0.0178 | eval_distance_loss_fraction: 0.0236 | eval_tv_loss: 2483.1352 | eval_boundary_weight_mean: 4.6877 | eval_distance_boundary_weight_mean: 4.6877 | eval_pixel_iou: 0.7255 | eval_miou: 0.6774 | eval_boundary_iou: 0.3520
2026-07-18 05:42:10,737:INFO:epoch: 49 | loss: 0.6265 | bce: 0.2811 | raw_bce: 0.2307 | dice_loss: 0.3349 | distance_loss: 0.0104 | raw_distance_loss: 0.0463 | weighted_distance_loss: 0.0104 | distance_loss_fraction: 0.0166 | tv_loss: 2354.2565 | boundary_weight_mean: 6.3967 | distance_boundary_weight_mean: 6.3967
2026-07-18 05:44:39,873:INFO:epoch: 50 | loss: 0.6277 | bce: 0.2820 | raw_bce: 0.2321 | dice_loss: 0.3352 | distance_loss: 0.0105 | raw_distance_loss: 0.0467 | weighted_distance_loss: 0.0105 | distance_loss_fraction: 0.0167 | tv_loss: 2354.7929 | boundary_weight_mean: 6.3930 | distance_boundary_weight_mean: 6.3930 | eval_loss: 0.7235 | eval_bce: 0.4020 | eval_raw_bce: 0.2431 | eval_dice_loss: 0.3037 | eval_distance_loss: 0.0178 | eval_raw_distance_loss: 0.0490 | eval_weighted_distance_loss: 0.0178 | eval_distance_loss_fraction: 0.0234 | eval_tv_loss: 2431.9650 | eval_boundary_weight_mean: 4.6877 | eval_distance_boundary_weight_mean: 4.6877 | eval_pixel_iou: 0.7276 | eval_miou: 0.6765 | eval_boundary_iou: 0.3501
2026-07-18 05:47:02,397:INFO:epoch: 51 | loss: 0.6274 | bce: 0.2810 | raw_bce: 0.2312 | dice_loss: 0.3359 | distance_loss: 0.0105 | raw_distance_loss: 0.0465 | weighted_distance_loss: 0.0105 | distance_loss_fraction: 0.0166 | tv_loss: 2351.9036 | boundary_weight_mean: 6.4017 | distance_boundary_weight_mean: 6.4017
2026-07-18 05:49:31,602:INFO:epoch: 52 | loss: 0.6278 | bce: 0.2815 | raw_bce: 0.2316 | dice_loss: 0.3358 | distance_loss: 0.0105 | raw_distance_loss: 0.0466 | weighted_distance_loss: 0.0105 | distance_loss_fraction: 0.0167 | tv_loss: 2345.7133 | boundary_weight_mean: 6.4089 | distance_boundary_weight_mean: 6.4089 | eval_loss: 0.7191 | eval_bce: 0.3922 | eval_raw_bce: 0.2368 | eval_dice_loss: 0.3091 | eval_distance_loss: 0.0177 | eval_raw_distance_loss: 0.0505 | eval_weighted_distance_loss: 0.0177 | eval_distance_loss_fraction: 0.0238 | eval_tv_loss: 2498.1012 | eval_boundary_weight_mean: 4.6877 | eval_distance_boundary_weight_mean: 4.6877 | eval_pixel_iou: 0.7269 | eval_miou: 0.6724 | eval_boundary_iou: 0.3500
2026-07-18 05:51:54,035:INFO:epoch: 53 | loss: 0.6287 | bce: 0.2815 | raw_bce: 0.2337 | dice_loss: 0.3365 | distance_loss: 0.0106 | raw_distance_loss: 0.0472 | weighted_distance_loss: 0.0106 | distance_loss_fraction: 0.0167 | tv_loss: 2359.3046 | boundary_weight_mean: 6.4186 | distance_boundary_weight_mean: 6.4186
2026-07-18 05:54:23,559:INFO:epoch: 54 | loss: 0.6286 | bce: 0.2819 | raw_bce: 0.2330 | dice_loss: 0.3362 | distance_loss: 0.0105 | raw_distance_loss: 0.0468 | weighted_distance_loss: 0.0105 | distance_loss_fraction: 0.0167 | tv_loss: 2354.7492 | boundary_weight_mean: 6.4034 | distance_boundary_weight_mean: 6.4034 | eval_loss: 0.7271 | eval_bce: 0.4019 | eval_raw_bce: 0.2403 | eval_dice_loss: 0.3074 | eval_distance_loss: 0.0178 | eval_raw_distance_loss: 0.0490 | eval_weighted_distance_loss: 0.0178 | eval_distance_loss_fraction: 0.0235 | eval_tv_loss: 2419.4032 | eval_boundary_weight_mean: 4.6877 | eval_distance_boundary_weight_mean: 4.6877 | eval_pixel_iou: 0.7237 | eval_miou: 0.6796 | eval_boundary_iou: 0.3552
2026-07-18 05:56:45,857:INFO:epoch: 55 | loss: 0.6310 | bce: 0.2832 | raw_bce: 0.2349 | dice_loss: 0.3372 | distance_loss: 0.0107 | raw_distance_loss: 0.0473 | weighted_distance_loss: 0.0107 | distance_loss_fraction: 0.0168 | tv_loss: 2355.4412 | boundary_weight_mean: 6.3931 | distance_boundary_weight_mean: 6.3931
2026-07-18 05:59:14,978:INFO:epoch: 56 | loss: 0.6308 | bce: 0.2835 | raw_bce: 0.2343 | dice_loss: 0.3366 | distance_loss: 0.0107 | raw_distance_loss: 0.0474 | weighted_distance_loss: 0.0107 | distance_loss_fraction: 0.0168 | tv_loss: 2362.3486 | boundary_weight_mean: 6.3968 | distance_boundary_weight_mean: 6.3968 | eval_loss: 0.7246 | eval_bce: 0.3974 | eval_raw_bce: 0.2450 | eval_dice_loss: 0.3089 | eval_distance_loss: 0.0184 | eval_raw_distance_loss: 0.0528 | eval_weighted_distance_loss: 0.0184 | eval_distance_loss_fraction: 0.0242 | eval_tv_loss: 2489.0603 | eval_boundary_weight_mean: 4.6877 | eval_distance_boundary_weight_mean: 4.6877 | eval_pixel_iou: 0.7244 | eval_miou: 0.6744 | eval_boundary_iou: 0.3516
2026-07-18 06:01:37,472:INFO:epoch: 57 | loss: 0.6302 | bce: 0.2829 | raw_bce: 0.2354 | dice_loss: 0.3366 | distance_loss: 0.0107 | raw_distance_loss: 0.0474 | weighted_distance_loss: 0.0107 | distance_loss_fraction: 0.0169 | tv_loss: 2348.2710 | boundary_weight_mean: 6.3994 | distance_boundary_weight_mean: 6.3994
2026-07-18 06:04:06,518:INFO:epoch: 58 | loss: 0.6321 | bce: 0.2830 | raw_bce: 0.2352 | dice_loss: 0.3384 | distance_loss: 0.0107 | raw_distance_loss: 0.0476 | weighted_distance_loss: 0.0107 | distance_loss_fraction: 0.0169 | tv_loss: 2356.7659 | boundary_weight_mean: 6.4010 | distance_boundary_weight_mean: 6.4010 | eval_loss: 0.7306 | eval_bce: 0.4013 | eval_raw_bce: 0.2531 | eval_dice_loss: 0.3102 | eval_distance_loss: 0.0190 | eval_raw_distance_loss: 0.0555 | eval_weighted_distance_loss: 0.0190 | eval_distance_loss_fraction: 0.0244 | eval_tv_loss: 2484.3994 | eval_boundary_weight_mean: 4.6877 | eval_distance_boundary_weight_mean: 4.6877 | eval_pixel_iou: 0.7189 | eval_miou: 0.6695 | eval_boundary_iou: 0.3491
2026-07-18 06:06:29,019:INFO:epoch: 59 | loss: 0.6325 | bce: 0.2836 | raw_bce: 0.2371 | dice_loss: 0.3381 | distance_loss: 0.0107 | raw_distance_loss: 0.0478 | weighted_distance_loss: 0.0107 | distance_loss_fraction: 0.0169 | tv_loss: 2357.0775 | boundary_weight_mean: 6.4017 | distance_boundary_weight_mean: 6.4017
2026-07-18 06:08:58,162:INFO:epoch: 60 | loss: 0.6352 | bce: 0.2841 | raw_bce: 0.2384 | dice_loss: 0.3403 | distance_loss: 0.0109 | raw_distance_loss: 0.0485 | weighted_distance_loss: 0.0109 | distance_loss_fraction: 0.0170 | tv_loss: 2367.1107 | boundary_weight_mean: 6.4126 | distance_boundary_weight_mean: 6.4126 | eval_loss: 0.7325 | eval_bce: 0.4001 | eval_raw_bce: 0.2447 | eval_dice_loss: 0.3138 | eval_distance_loss: 0.0186 | eval_raw_distance_loss: 0.0529 | eval_weighted_distance_loss: 0.0186 | eval_distance_loss_fraction: 0.0240 | eval_tv_loss: 2443.5264 | eval_boundary_weight_mean: 4.6877 | eval_distance_boundary_weight_mean: 4.6877 | eval_pixel_iou: 0.7222 | eval_miou: 0.6681 | eval_boundary_iou: 0.3463
