2026-07-09 12:41:54,302:INFO:DualHeadUNet(
  (inc): DoubleConv(
    (block): Sequential(
      (0): Conv2d(8, 32, kernel_size=(3, 3), stride=(1, 1), padding=(1, 1), bias=False)
      (1): BatchNorm2d(32, eps=1e-05, momentum=0.1, affine=True, track_running_stats=True)
      (2): ReLU(inplace=True)
      (3): Conv2d(32, 32, kernel_size=(3, 3), stride=(1, 1), padding=(1, 1), bias=False)
      (4): BatchNorm2d(32, eps=1e-05, momentum=0.1, affine=True, track_running_stats=True)
      (5): ReLU(inplace=True)
    )
  )
  (down1): Down(
    (block): Sequential(
      (0): MaxPool2d(kernel_size=2, stride=2, padding=0, dilation=1, ceil_mode=False)
      (1): DoubleConv(
        (block): Sequential(
          (0): Conv2d(32, 64, kernel_size=(3, 3), stride=(1, 1), padding=(1, 1), bias=False)
          (1): BatchNorm2d(64, eps=1e-05, momentum=0.1, affine=True, track_running_stats=True)
          (2): ReLU(inplace=True)
          (3): Conv2d(64, 64, kernel_size=(3, 3), stride=(1, 1), padding=(1, 1), bias=False)
          (4): BatchNorm2d(64, eps=1e-05, momentum=0.1, affine=True, track_running_stats=True)
          (5): ReLU(inplace=True)
        )
      )
    )
  )
  (down2): Down(
    (block): Sequential(
      (0): MaxPool2d(kernel_size=2, stride=2, padding=0, dilation=1, ceil_mode=False)
      (1): DoubleConv(
        (block): Sequential(
          (0): Conv2d(64, 128, kernel_size=(3, 3), stride=(1, 1), padding=(1, 1), bias=False)
          (1): BatchNorm2d(128, eps=1e-05, momentum=0.1, affine=True, track_running_stats=True)
          (2): ReLU(inplace=True)
          (3): Conv2d(128, 128, kernel_size=(3, 3), stride=(1, 1), padding=(1, 1), bias=False)
          (4): BatchNorm2d(128, eps=1e-05, momentum=0.1, affine=True, track_running_stats=True)
          (5): ReLU(inplace=True)
        )
      )
    )
  )
  (down3): Down(
    (block): Sequential(
      (0): MaxPool2d(kernel_size=2, stride=2, padding=0, dilation=1, ceil_mode=False)
      (1): DoubleConv(
        (block): Sequential(
          (0): Conv2d(128, 256, kernel_size=(3, 3), stride=(1, 1), padding=(1, 1), bias=False)
          (1): BatchNorm2d(256, eps=1e-05, momentum=0.1, affine=True, track_running_stats=True)
          (2): ReLU(inplace=True)
          (3): Conv2d(256, 256, kernel_size=(3, 3), stride=(1, 1), padding=(1, 1), bias=False)
          (4): BatchNorm2d(256, eps=1e-05, momentum=0.1, affine=True, track_running_stats=True)
          (5): ReLU(inplace=True)
        )
      )
    )
  )
  (down4): Down(
    (block): Sequential(
      (0): MaxPool2d(kernel_size=2, stride=2, padding=0, dilation=1, ceil_mode=False)
      (1): DoubleConv(
        (block): Sequential(
          (0): Conv2d(256, 512, kernel_size=(3, 3), stride=(1, 1), padding=(1, 1), bias=False)
          (1): BatchNorm2d(512, eps=1e-05, momentum=0.1, affine=True, track_running_stats=True)
          (2): ReLU(inplace=True)
          (3): Conv2d(512, 512, kernel_size=(3, 3), stride=(1, 1), padding=(1, 1), bias=False)
          (4): BatchNorm2d(512, eps=1e-05, momentum=0.1, affine=True, track_running_stats=True)
          (5): ReLU(inplace=True)
        )
      )
    )
  )
  (up1): Up(
    (up): ConvTranspose2d(512, 256, kernel_size=(2, 2), stride=(2, 2))
    (conv): DoubleConv(
      (block): Sequential(
        (0): Conv2d(512, 256, kernel_size=(3, 3), stride=(1, 1), padding=(1, 1), bias=False)
        (1): BatchNorm2d(256, eps=1e-05, momentum=0.1, affine=True, track_running_stats=True)
        (2): ReLU(inplace=True)
        (3): Conv2d(256, 256, kernel_size=(3, 3), stride=(1, 1), padding=(1, 1), bias=False)
        (4): BatchNorm2d(256, eps=1e-05, momentum=0.1, affine=True, track_running_stats=True)
        (5): ReLU(inplace=True)
      )
    )
  )
  (up2): Up(
    (up): ConvTranspose2d(256, 128, kernel_size=(2, 2), stride=(2, 2))
    (conv): DoubleConv(
      (block): Sequential(
        (0): Conv2d(256, 128, kernel_size=(3, 3), stride=(1, 1), padding=(1, 1), bias=False)
        (1): BatchNorm2d(128, eps=1e-05, momentum=0.1, affine=True, track_running_stats=True)
        (2): ReLU(inplace=True)
        (3): Conv2d(128, 128, kernel_size=(3, 3), stride=(1, 1), padding=(1, 1), bias=False)
        (4): BatchNorm2d(128, eps=1e-05, momentum=0.1, affine=True, track_running_stats=True)
        (5): ReLU(inplace=True)
      )
    )
  )
  (up3): Up(
    (up): ConvTranspose2d(128, 64, kernel_size=(2, 2), stride=(2, 2))
    (conv): DoubleConv(
      (block): Sequential(
        (0): Conv2d(128, 64, kernel_size=(3, 3), stride=(1, 1), padding=(1, 1), bias=False)
        (1): BatchNorm2d(64, eps=1e-05, momentum=0.1, affine=True, track_running_stats=True)
        (2): ReLU(inplace=True)
        (3): Conv2d(64, 64, kernel_size=(3, 3), stride=(1, 1), padding=(1, 1), bias=False)
        (4): BatchNorm2d(64, eps=1e-05, momentum=0.1, affine=True, track_running_stats=True)
        (5): ReLU(inplace=True)
      )
    )
  )
  (up4): Up(
    (up): ConvTranspose2d(64, 32, kernel_size=(2, 2), stride=(2, 2))
    (conv): DoubleConv(
      (block): Sequential(
        (0): Conv2d(64, 32, kernel_size=(3, 3), stride=(1, 1), padding=(1, 1), bias=False)
        (1): BatchNorm2d(32, eps=1e-05, momentum=0.1, affine=True, track_running_stats=True)
        (2): ReLU(inplace=True)
        (3): Conv2d(32, 32, kernel_size=(3, 3), stride=(1, 1), padding=(1, 1), bias=False)
        (4): BatchNorm2d(32, eps=1e-05, momentum=0.1, affine=True, track_running_stats=True)
        (5): ReLU(inplace=True)
      )
    )
  )
  (mask_head): Conv2d(32, 1, kernel_size=(1, 1), stride=(1, 1))
  (distance_head): Sequential(
    (0): Conv2d(32, 32, kernel_size=(3, 3), stride=(1, 1), padding=(1, 1), bias=False)
    (1): BatchNorm2d(32, eps=1e-05, momentum=0.1, affine=True, track_running_stats=True)
    (2): ReLU(inplace=True)
    (3): Conv2d(32, 1, kernel_size=(1, 1), stride=(1, 1))
  )
)
Trainable parameters by tensor:
  inc.block.0.weight: 2,304
  inc.block.1.weight: 32
  inc.block.1.bias: 32
  inc.block.3.weight: 9,216
  inc.block.4.weight: 32
  inc.block.4.bias: 32
  down1.block.1.block.0.weight: 18,432
  down1.block.1.block.1.weight: 64
  down1.block.1.block.1.bias: 64
  down1.block.1.block.3.weight: 36,864
  down1.block.1.block.4.weight: 64
  down1.block.1.block.4.bias: 64
  down2.block.1.block.0.weight: 73,728
  down2.block.1.block.1.weight: 128
  down2.block.1.block.1.bias: 128
  down2.block.1.block.3.weight: 147,456
  down2.block.1.block.4.weight: 128
  down2.block.1.block.4.bias: 128
  down3.block.1.block.0.weight: 294,912
  down3.block.1.block.1.weight: 256
  down3.block.1.block.1.bias: 256
  down3.block.1.block.3.weight: 589,824
  down3.block.1.block.4.weight: 256
  down3.block.1.block.4.bias: 256
  down4.block.1.block.0.weight: 1,179,648
  down4.block.1.block.1.weight: 512
  down4.block.1.block.1.bias: 512
  down4.block.1.block.3.weight: 2,359,296
  down4.block.1.block.4.weight: 512
  down4.block.1.block.4.bias: 512
  up1.up.weight: 524,288
  up1.up.bias: 256
  up1.conv.block.0.weight: 1,179,648
  up1.conv.block.1.weight: 256
  up1.conv.block.1.bias: 256
  up1.conv.block.3.weight: 589,824
  up1.conv.block.4.weight: 256
  up1.conv.block.4.bias: 256
  up2.up.weight: 131,072
  up2.up.bias: 128
  up2.conv.block.0.weight: 294,912
  up2.conv.block.1.weight: 128
  up2.conv.block.1.bias: 128
  up2.conv.block.3.weight: 147,456
  up2.conv.block.4.weight: 128
  up2.conv.block.4.bias: 128
  up3.up.weight: 32,768
  up3.up.bias: 64
  up3.conv.block.0.weight: 73,728
  up3.conv.block.1.weight: 64
  up3.conv.block.1.bias: 64
  up3.conv.block.3.weight: 36,864
  up3.conv.block.4.weight: 64
  up3.conv.block.4.bias: 64
  up4.up.weight: 8,192
  up4.up.bias: 32
  up4.conv.block.0.weight: 18,432
  up4.conv.block.1.weight: 32
  up4.conv.block.1.bias: 32
  up4.conv.block.3.weight: 9,216
  up4.conv.block.4.weight: 32
  up4.conv.block.4.bias: 32
  mask_head.weight: 32
  mask_head.bias: 1
  distance_head.0.weight: 9,216
  distance_head.1.weight: 32
  distance_head.1.bias: 32
  distance_head.3.weight: 32
  distance_head.3.bias: 1
Total trainable parameters: 7,773,794
2026-07-09 12:41:54,303:INFO:------------ New Training Session ------------
2026-07-09 12:44:15,803:INFO:epoch: 1 | loss: 1.3117 | bce: 0.4220 | raw_bce: 0.4226 | dice_loss: 0.5236 | distance_loss: 0.0732 | tv_loss: 2058.2156 | boundary_weight_mean: 1.8135 | eval_loss: 1.2151 | eval_bce: 0.4433 | eval_raw_bce: 0.3658 | eval_dice_loss: 0.4389 | eval_distance_loss: 0.0666 | eval_tv_loss: 1592.9579 | eval_boundary_weight_mean: 1.5534 | eval_pixel_iou: 0.6108 | eval_miou: 0.5665 | eval_boundary_iou: 0.1406
2026-07-09 12:46:35,849:INFO:epoch: 2 | loss: 1.1170 | bce: 0.3572 | raw_bce: 0.3328 | dice_loss: 0.4595 | distance_loss: 0.0600 | tv_loss: 1775.8998 | boundary_weight_mean: 1.8063 | eval_loss: 1.1621 | eval_bce: 0.4346 | eval_raw_bce: 0.3528 | eval_dice_loss: 0.4072 | eval_distance_loss: 0.0640 | eval_tv_loss: 1687.4494 | eval_boundary_weight_mean: 1.5534 | eval_pixel_iou: 0.6174 | eval_miou: 0.5794 | eval_boundary_iou: 0.1795
2026-07-09 12:48:55,977:INFO:epoch: 3 | loss: 1.0636 | bce: 0.3438 | raw_bce: 0.3171 | dice_loss: 0.4365 | distance_loss: 0.0567 | tv_loss: 1813.0321 | boundary_weight_mean: 1.8137 | eval_loss: 1.1058 | eval_bce: 0.4142 | eval_raw_bce: 0.3395 | eval_dice_loss: 0.3995 | eval_distance_loss: 0.0584 | eval_tv_loss: 1834.8343 | eval_boundary_weight_mean: 1.5534 | eval_pixel_iou: 0.6331 | eval_miou: 0.5881 | eval_boundary_iou: 0.1739
2026-07-09 12:51:14,543:INFO:epoch: 4 | loss: 1.0108 | bce: 0.3328 | raw_bce: 0.3027 | dice_loss: 0.4184 | distance_loss: 0.0519 | tv_loss: 1855.4251 | boundary_weight_mean: 1.8117 | eval_loss: 1.0398 | eval_bce: 0.3946 | eval_raw_bce: 0.3105 | eval_dice_loss: 0.3774 | eval_distance_loss: 0.0536 | eval_tv_loss: 1871.8721 | eval_boundary_weight_mean: 1.5534 | eval_pixel_iou: 0.6555 | eval_miou: 0.6117 | eval_boundary_iou: 0.2144
2026-07-09 12:53:34,519:INFO:epoch: 5 | loss: 0.9714 | bce: 0.3227 | raw_bce: 0.2905 | dice_loss: 0.4059 | distance_loss: 0.0486 | tv_loss: 1900.2104 | boundary_weight_mean: 1.8096 | eval_loss: 1.0084 | eval_bce: 0.3806 | eval_raw_bce: 0.3010 | eval_dice_loss: 0.3773 | eval_distance_loss: 0.0501 | eval_tv_loss: 1996.4291 | eval_boundary_weight_mean: 1.5534 | eval_pixel_iou: 0.6593 | eval_miou: 0.5999 | eval_boundary_iou: 0.2070
2026-07-09 12:55:53,286:INFO:epoch: 6 | loss: 0.9475 | bce: 0.3161 | raw_bce: 0.2835 | dice_loss: 0.3974 | distance_loss: 0.0468 | tv_loss: 1929.6843 | boundary_weight_mean: 1.8121 | eval_loss: 0.9982 | eval_bce: 0.3876 | eval_raw_bce: 0.3081 | eval_dice_loss: 0.3603 | eval_distance_loss: 0.0501 | eval_tv_loss: 1871.6190 | eval_boundary_weight_mean: 1.5534 | eval_pixel_iou: 0.6658 | eval_miou: 0.6221 | eval_boundary_iou: 0.2277
2026-07-09 12:58:13,351:INFO:epoch: 7 | loss: 0.9294 | bce: 0.3104 | raw_bce: 0.2769 | dice_loss: 0.3935 | distance_loss: 0.0451 | tv_loss: 1957.6689 | boundary_weight_mean: 1.8125 | eval_loss: 0.9827 | eval_bce: 0.3778 | eval_raw_bce: 0.2947 | eval_dice_loss: 0.3573 | eval_distance_loss: 0.0495 | eval_tv_loss: 2017.4318 | eval_boundary_weight_mean: 1.5534 | eval_pixel_iou: 0.6694 | eval_miou: 0.6177 | eval_boundary_iou: 0.2413
2026-07-09 13:00:41,445:INFO:epoch: 8 | loss: 0.9094 | bce: 0.3058 | raw_bce: 0.2706 | dice_loss: 0.3873 | distance_loss: 0.0433 | tv_loss: 1977.3605 | boundary_weight_mean: 1.8084 | eval_loss: 0.9744 | eval_bce: 0.3758 | eval_raw_bce: 0.2955 | eval_dice_loss: 0.3520 | eval_distance_loss: 0.0493 | eval_tv_loss: 1947.9470 | eval_boundary_weight_mean: 1.5534 | eval_pixel_iou: 0.6729 | eval_miou: 0.6334 | eval_boundary_iou: 0.2506
2026-07-09 13:03:15,304:INFO:epoch: 9 | loss: 0.9004 | bce: 0.3029 | raw_bce: 0.2680 | dice_loss: 0.3856 | distance_loss: 0.0424 | tv_loss: 1994.8498 | boundary_weight_mean: 1.8117 | eval_loss: 0.9653 | eval_bce: 0.3771 | eval_raw_bce: 0.2925 | eval_dice_loss: 0.3480 | eval_distance_loss: 0.0480 | eval_tv_loss: 1915.8812 | eval_boundary_weight_mean: 1.5534 | eval_pixel_iou: 0.6783 | eval_miou: 0.6214 | eval_boundary_iou: 0.2428
2026-07-09 13:05:34,243:INFO:epoch: 10 | loss: 0.8949 | bce: 0.3026 | raw_bce: 0.2665 | dice_loss: 0.3831 | distance_loss: 0.0419 | tv_loss: 2015.9999 | boundary_weight_mean: 1.8078 | eval_loss: 0.9673 | eval_bce: 0.3824 | eval_raw_bce: 0.2923 | eval_dice_loss: 0.3516 | eval_distance_loss: 0.0467 | eval_tv_loss: 1944.9421 | eval_boundary_weight_mean: 1.5534 | eval_pixel_iou: 0.6705 | eval_miou: 0.6198 | eval_boundary_iou: 0.2578
2026-07-09 13:07:53,178:INFO:epoch: 11 | loss: 0.8805 | bce: 0.2977 | raw_bce: 0.2615 | dice_loss: 0.3791 | distance_loss: 0.0407 | tv_loss: 2022.8071 | boundary_weight_mean: 1.8104 | eval_loss: 0.9312 | eval_bce: 0.3568 | eval_raw_bce: 0.2712 | eval_dice_loss: 0.3535 | eval_distance_loss: 0.0442 | eval_tv_loss: 1996.8435 | eval_boundary_weight_mean: 1.5534 | eval_pixel_iou: 0.6788 | eval_miou: 0.6292 | eval_boundary_iou: 0.2720
2026-07-09 13:10:12,430:INFO:epoch: 12 | loss: 0.8649 | bce: 0.2928 | raw_bce: 0.2564 | dice_loss: 0.3762 | distance_loss: 0.0392 | tv_loss: 2032.0243 | boundary_weight_mean: 1.8134 | eval_loss: 0.9282 | eval_bce: 0.3656 | eval_raw_bce: 0.2790 | eval_dice_loss: 0.3413 | eval_distance_loss: 0.0443 | eval_tv_loss: 2007.9218 | eval_boundary_weight_mean: 1.5534 | eval_pixel_iou: 0.6834 | eval_miou: 0.6270 | eval_boundary_iou: 0.2624
2026-07-09 13:12:31,355:INFO:epoch: 13 | loss: 0.8603 | bce: 0.2918 | raw_bce: 0.2555 | dice_loss: 0.3746 | distance_loss: 0.0388 | tv_loss: 2041.4319 | boundary_weight_mean: 1.8127 | eval_loss: 0.9070 | eval_bce: 0.3513 | eval_raw_bce: 0.2708 | eval_dice_loss: 0.3402 | eval_distance_loss: 0.0431 | eval_tv_loss: 2113.8649 | eval_boundary_weight_mean: 1.5534 | eval_pixel_iou: 0.6908 | eval_miou: 0.6432 | eval_boundary_iou: 0.2855
2026-07-09 13:14:50,108:INFO:epoch: 14 | loss: 0.8501 | bce: 0.2895 | raw_bce: 0.2519 | dice_loss: 0.3724 | distance_loss: 0.0377 | tv_loss: 2045.3651 | boundary_weight_mean: 1.8126 | eval_loss: 0.9148 | eval_bce: 0.3564 | eval_raw_bce: 0.2695 | eval_dice_loss: 0.3432 | eval_distance_loss: 0.0430 | eval_tv_loss: 2102.1003 | eval_boundary_weight_mean: 1.5534 | eval_pixel_iou: 0.6867 | eval_miou: 0.6323 | eval_boundary_iou: 0.2864
2026-07-09 13:17:21,513:INFO:epoch: 15 | loss: 0.8494 | bce: 0.2886 | raw_bce: 0.2514 | dice_loss: 0.3711 | distance_loss: 0.0379 | tv_loss: 2050.2534 | boundary_weight_mean: 1.8116 | eval_loss: 0.8978 | eval_bce: 0.3481 | eval_raw_bce: 0.2628 | eval_dice_loss: 0.3383 | eval_distance_loss: 0.0423 | eval_tv_loss: 1993.3228 | eval_boundary_weight_mean: 1.5534 | eval_pixel_iou: 0.6960 | eval_miou: 0.6407 | eval_boundary_iou: 0.2828
2026-07-09 13:19:56,887:INFO:epoch: 16 | loss: 0.8374 | bce: 0.2859 | raw_bce: 0.2470 | dice_loss: 0.3690 | distance_loss: 0.0365 | tv_loss: 2058.4029 | boundary_weight_mean: 1.8091 | eval_loss: 0.9111 | eval_bce: 0.3493 | eval_raw_bce: 0.2740 | eval_dice_loss: 0.3468 | eval_distance_loss: 0.0430 | eval_tv_loss: 2063.9611 | eval_boundary_weight_mean: 1.5534 | eval_pixel_iou: 0.6901 | eval_miou: 0.6342 | eval_boundary_iou: 0.2580
2026-07-09 13:22:31,001:INFO:epoch: 17 | loss: 0.8288 | bce: 0.2833 | raw_bce: 0.2440 | dice_loss: 0.3674 | distance_loss: 0.0356 | tv_loss: 2061.0360 | boundary_weight_mean: 1.8119 | eval_loss: 0.8837 | eval_bce: 0.3491 | eval_raw_bce: 0.2649 | eval_dice_loss: 0.3315 | eval_distance_loss: 0.0406 | eval_tv_loss: 2005.9069 | eval_boundary_weight_mean: 1.5534 | eval_pixel_iou: 0.7005 | eval_miou: 0.6490 | eval_boundary_iou: 0.2838
2026-07-09 13:25:00,869:INFO:epoch: 18 | loss: 0.8197 | bce: 0.2809 | raw_bce: 0.2410 | dice_loss: 0.3644 | distance_loss: 0.0349 | tv_loss: 2068.0874 | boundary_weight_mean: 1.8119 | eval_loss: 0.8656 | eval_bce: 0.3400 | eval_raw_bce: 0.2573 | eval_dice_loss: 0.3312 | eval_distance_loss: 0.0389 | eval_tv_loss: 2116.0112 | eval_boundary_weight_mean: 1.5534 | eval_pixel_iou: 0.7008 | eval_miou: 0.6491 | eval_boundary_iou: 0.3002
2026-07-09 13:27:36,318:INFO:epoch: 19 | loss: 0.8164 | bce: 0.2806 | raw_bce: 0.2400 | dice_loss: 0.3634 | distance_loss: 0.0345 | tv_loss: 2071.5003 | boundary_weight_mean: 1.8100 | eval_loss: 0.8672 | eval_bce: 0.3378 | eval_raw_bce: 0.2558 | eval_dice_loss: 0.3342 | eval_distance_loss: 0.0390 | eval_tv_loss: 2111.1515 | eval_boundary_weight_mean: 1.5534 | eval_pixel_iou: 0.7018 | eval_miou: 0.6441 | eval_boundary_iou: 0.2939
2026-07-09 13:30:10,996:INFO:epoch: 20 | loss: 0.8088 | bce: 0.2780 | raw_bce: 0.2375 | dice_loss: 0.3616 | distance_loss: 0.0339 | tv_loss: 2074.0011 | boundary_weight_mean: 1.8108 | eval_loss: 0.8672 | eval_bce: 0.3446 | eval_raw_bce: 0.2556 | eval_dice_loss: 0.3307 | eval_distance_loss: 0.0384 | eval_tv_loss: 2071.2439 | eval_boundary_weight_mean: 1.5534 | eval_pixel_iou: 0.7043 | eval_miou: 0.6530 | eval_boundary_iou: 0.3055
2026-07-09 13:32:41,463:INFO:epoch: 21 | loss: 0.8091 | bce: 0.2783 | raw_bce: 0.2374 | dice_loss: 0.3613 | distance_loss: 0.0339 | tv_loss: 2082.8015 | boundary_weight_mean: 1.8086 | eval_loss: 0.8646 | eval_bce: 0.3393 | eval_raw_bce: 0.2565 | eval_dice_loss: 0.3309 | eval_distance_loss: 0.0389 | eval_tv_loss: 2098.8954 | eval_boundary_weight_mean: 1.5534 | eval_pixel_iou: 0.7028 | eval_miou: 0.6432 | eval_boundary_iou: 0.2920
2026-07-09 13:35:08,801:INFO:epoch: 22 | loss: 0.7985 | bce: 0.2752 | raw_bce: 0.2331 | dice_loss: 0.3590 | distance_loss: 0.0329 | tv_loss: 2080.4624 | boundary_weight_mean: 1.8085 | eval_loss: 0.8502 | eval_bce: 0.3341 | eval_raw_bce: 0.2495 | eval_dice_loss: 0.3285 | eval_distance_loss: 0.0375 | eval_tv_loss: 2090.7745 | eval_boundary_weight_mean: 1.5534 | eval_pixel_iou: 0.7081 | eval_miou: 0.6505 | eval_boundary_iou: 0.2955
2026-07-09 13:37:26,249:INFO:epoch: 23 | loss: 0.7950 | bce: 0.2741 | raw_bce: 0.2323 | dice_loss: 0.3582 | distance_loss: 0.0325 | tv_loss: 2087.6265 | boundary_weight_mean: 1.8108 | eval_loss: 0.8495 | eval_bce: 0.3293 | eval_raw_bce: 0.2457 | eval_dice_loss: 0.3305 | eval_distance_loss: 0.0379 | eval_tv_loss: 2052.2001 | eval_boundary_weight_mean: 1.5534 | eval_pixel_iou: 0.7092 | eval_miou: 0.6513 | eval_boundary_iou: 0.2949
2026-07-09 13:39:44,059:INFO:epoch: 24 | loss: 0.7893 | bce: 0.2734 | raw_bce: 0.2304 | dice_loss: 0.3562 | distance_loss: 0.0320 | tv_loss: 2086.4787 | boundary_weight_mean: 1.8074 | eval_loss: 0.8455 | eval_bce: 0.3299 | eval_raw_bce: 0.2486 | eval_dice_loss: 0.3261 | eval_distance_loss: 0.0379 | eval_tv_loss: 2114.9190 | eval_boundary_weight_mean: 1.5534 | eval_pixel_iou: 0.7107 | eval_miou: 0.6605 | eval_boundary_iou: 0.3106
2026-07-09 13:42:01,315:INFO:epoch: 25 | loss: 0.7876 | bce: 0.2722 | raw_bce: 0.2299 | dice_loss: 0.3557 | distance_loss: 0.0319 | tv_loss: 2093.4390 | boundary_weight_mean: 1.8107 | eval_loss: 0.8407 | eval_bce: 0.3315 | eval_raw_bce: 0.2497 | eval_dice_loss: 0.3247 | eval_distance_loss: 0.0369 | eval_tv_loss: 2183.8920 | eval_boundary_weight_mean: 1.5534 | eval_pixel_iou: 0.7099 | eval_miou: 0.6514 | eval_boundary_iou: 0.3030
2026-07-09 13:44:18,752:INFO:epoch: 26 | loss: 0.7800 | bce: 0.2706 | raw_bce: 0.2274 | dice_loss: 0.3539 | distance_loss: 0.0311 | tv_loss: 2092.2926 | boundary_weight_mean: 1.8090 | eval_loss: 0.8319 | eval_bce: 0.3271 | eval_raw_bce: 0.2426 | eval_dice_loss: 0.3239 | eval_distance_loss: 0.0362 | eval_tv_loss: 2143.3227 | eval_boundary_weight_mean: 1.5534 | eval_pixel_iou: 0.7134 | eval_miou: 0.6481 | eval_boundary_iou: 0.3018
2026-07-09 13:46:36,569:INFO:epoch: 27 | loss: 0.7751 | bce: 0.2694 | raw_bce: 0.2252 | dice_loss: 0.3528 | distance_loss: 0.0306 | tv_loss: 2087.8290 | boundary_weight_mean: 1.8075 | eval_loss: 0.8366 | eval_bce: 0.3276 | eval_raw_bce: 0.2408 | eval_dice_loss: 0.3246 | eval_distance_loss: 0.0369 | eval_tv_loss: 2127.9575 | eval_boundary_weight_mean: 1.5534 | eval_pixel_iou: 0.7136 | eval_miou: 0.6563 | eval_boundary_iou: 0.3094
2026-07-09 13:48:54,835:INFO:epoch: 28 | loss: 0.7697 | bce: 0.2675 | raw_bce: 0.2237 | dice_loss: 0.3514 | distance_loss: 0.0302 | tv_loss: 2095.4745 | boundary_weight_mean: 1.8109 | eval_loss: 0.8276 | eval_bce: 0.3239 | eval_raw_bce: 0.2416 | eval_dice_loss: 0.3233 | eval_distance_loss: 0.0361 | eval_tv_loss: 2173.8372 | eval_boundary_weight_mean: 1.5534 | eval_pixel_iou: 0.7154 | eval_miou: 0.6563 | eval_boundary_iou: 0.3083
2026-07-09 13:51:13,043:INFO:epoch: 29 | loss: 0.7666 | bce: 0.2667 | raw_bce: 0.2226 | dice_loss: 0.3504 | distance_loss: 0.0299 | tv_loss: 2095.6391 | boundary_weight_mean: 1.8108 | eval_loss: 0.8282 | eval_bce: 0.3209 | eval_raw_bce: 0.2372 | eval_dice_loss: 0.3259 | eval_distance_loss: 0.0363 | eval_tv_loss: 2162.4458 | eval_boundary_weight_mean: 1.5534 | eval_pixel_iou: 0.7185 | eval_miou: 0.6562 | eval_boundary_iou: 0.3100
2026-07-09 13:53:31,746:INFO:epoch: 30 | loss: 0.7640 | bce: 0.2663 | raw_bce: 0.2211 | dice_loss: 0.3503 | distance_loss: 0.0295 | tv_loss: 2095.9034 | boundary_weight_mean: 1.8090 | eval_loss: 0.8242 | eval_bce: 0.3228 | eval_raw_bce: 0.2377 | eval_dice_loss: 0.3229 | eval_distance_loss: 0.0357 | eval_tv_loss: 2126.3663 | eval_boundary_weight_mean: 1.5534 | eval_pixel_iou: 0.7174 | eval_miou: 0.6523 | eval_boundary_iou: 0.3051
2026-07-09 13:55:50,689:INFO:epoch: 31 | loss: 0.7598 | bce: 0.2647 | raw_bce: 0.2198 | dice_loss: 0.3492 | distance_loss: 0.0292 | tv_loss: 2099.8089 | boundary_weight_mean: 1.8112 | eval_loss: 0.8222 | eval_bce: 0.3212 | eval_raw_bce: 0.2368 | eval_dice_loss: 0.3234 | eval_distance_loss: 0.0355 | eval_tv_loss: 2132.0735 | eval_boundary_weight_mean: 1.5534 | eval_pixel_iou: 0.7174 | eval_miou: 0.6568 | eval_boundary_iou: 0.3088
2026-07-09 13:58:11,176:INFO:epoch: 32 | loss: 0.7558 | bce: 0.2637 | raw_bce: 0.2183 | dice_loss: 0.3483 | distance_loss: 0.0288 | tv_loss: 2095.8667 | boundary_weight_mean: 1.8116 | eval_loss: 0.8167 | eval_bce: 0.3220 | eval_raw_bce: 0.2405 | eval_dice_loss: 0.3189 | eval_distance_loss: 0.0352 | eval_tv_loss: 2164.2147 | eval_boundary_weight_mean: 1.5534 | eval_pixel_iou: 0.7191 | eval_miou: 0.6552 | eval_boundary_iou: 0.3045
2026-07-09 14:00:29,134:INFO:epoch: 33 | loss: 0.7523 | bce: 0.2635 | raw_bce: 0.2176 | dice_loss: 0.3471 | distance_loss: 0.0283 | tv_loss: 2094.1793 | boundary_weight_mean: 1.8088 | eval_loss: 0.8265 | eval_bce: 0.3247 | eval_raw_bce: 0.2396 | eval_dice_loss: 0.3223 | eval_distance_loss: 0.0359 | eval_tv_loss: 2107.2785 | eval_boundary_weight_mean: 1.5534 | eval_pixel_iou: 0.7167 | eval_miou: 0.6627 | eval_boundary_iou: 0.3143
2026-07-09 14:02:47,215:INFO:epoch: 34 | loss: 0.7528 | bce: 0.2631 | raw_bce: 0.2179 | dice_loss: 0.3472 | distance_loss: 0.0285 | tv_loss: 2100.4714 | boundary_weight_mean: 1.8104 | eval_loss: 0.8152 | eval_bce: 0.3195 | eval_raw_bce: 0.2375 | eval_dice_loss: 0.3202 | eval_distance_loss: 0.0351 | eval_tv_loss: 2182.6493 | eval_boundary_weight_mean: 1.5534 | eval_pixel_iou: 0.7195 | eval_miou: 0.6558 | eval_boundary_iou: 0.3073
2026-07-09 14:05:05,732:INFO:epoch: 35 | loss: 0.7489 | bce: 0.2618 | raw_bce: 0.2158 | dice_loss: 0.3464 | distance_loss: 0.0281 | tv_loss: 2093.1330 | boundary_weight_mean: 1.8115 | eval_loss: 0.8089 | eval_bce: 0.3202 | eval_raw_bce: 0.2361 | eval_dice_loss: 0.3169 | eval_distance_loss: 0.0343 | eval_tv_loss: 2126.0746 | eval_boundary_weight_mean: 1.5534 | eval_pixel_iou: 0.7224 | eval_miou: 0.6617 | eval_boundary_iou: 0.3100
2026-07-09 14:07:23,533:INFO:epoch: 36 | loss: 0.7480 | bce: 0.2616 | raw_bce: 0.2159 | dice_loss: 0.3463 | distance_loss: 0.0280 | tv_loss: 2093.4632 | boundary_weight_mean: 1.8122 | eval_loss: 0.8180 | eval_bce: 0.3207 | eval_raw_bce: 0.2357 | eval_dice_loss: 0.3201 | eval_distance_loss: 0.0355 | eval_tv_loss: 2114.9921 | eval_boundary_weight_mean: 1.5534 | eval_pixel_iou: 0.7214 | eval_miou: 0.6626 | eval_boundary_iou: 0.3125
2026-07-09 14:09:41,447:INFO:epoch: 37 | loss: 0.7473 | bce: 0.2612 | raw_bce: 0.2155 | dice_loss: 0.3467 | distance_loss: 0.0279 | tv_loss: 2095.1648 | boundary_weight_mean: 1.8121 | eval_loss: 0.8069 | eval_bce: 0.3179 | eval_raw_bce: 0.2353 | eval_dice_loss: 0.3176 | eval_distance_loss: 0.0343 | eval_tv_loss: 2161.8632 | eval_boundary_weight_mean: 1.5534 | eval_pixel_iou: 0.7226 | eval_miou: 0.6597 | eval_boundary_iou: 0.3100
2026-07-09 14:11:59,508:INFO:epoch: 38 | loss: 0.7443 | bce: 0.2604 | raw_bce: 0.2147 | dice_loss: 0.3457 | distance_loss: 0.0276 | tv_loss: 2097.6303 | boundary_weight_mean: 1.8125 | eval_loss: 0.8083 | eval_bce: 0.3169 | eval_raw_bce: 0.2339 | eval_dice_loss: 0.3195 | eval_distance_loss: 0.0344 | eval_tv_loss: 2150.9280 | eval_boundary_weight_mean: 1.5534 | eval_pixel_iou: 0.7223 | eval_miou: 0.6611 | eval_boundary_iou: 0.3110
2026-07-09 14:14:17,613:INFO:epoch: 39 | loss: 0.7452 | bce: 0.2609 | raw_bce: 0.2150 | dice_loss: 0.3452 | distance_loss: 0.0278 | tv_loss: 2095.9939 | boundary_weight_mean: 1.8119 | eval_loss: 0.8079 | eval_bce: 0.3201 | eval_raw_bce: 0.2362 | eval_dice_loss: 0.3164 | eval_distance_loss: 0.0343 | eval_tv_loss: 2155.3285 | eval_boundary_weight_mean: 1.5534 | eval_pixel_iou: 0.7228 | eval_miou: 0.6609 | eval_boundary_iou: 0.3115
2026-07-09 14:16:35,588:INFO:epoch: 40 | loss: 0.7454 | bce: 0.2610 | raw_bce: 0.2149 | dice_loss: 0.3462 | distance_loss: 0.0276 | tv_loss: 2104.4243 | boundary_weight_mean: 1.8098 | eval_loss: 0.8081 | eval_bce: 0.3176 | eval_raw_bce: 0.2334 | eval_dice_loss: 0.3184 | eval_distance_loss: 0.0344 | eval_tv_loss: 2146.7788 | eval_boundary_weight_mean: 1.5534 | eval_pixel_iou: 0.7228 | eval_miou: 0.6618 | eval_boundary_iou: 0.3129
2026-07-09 14:18:54,173:INFO:epoch: 41 | loss: 0.7443 | bce: 0.2606 | raw_bce: 0.2145 | dice_loss: 0.3454 | distance_loss: 0.0276 | tv_loss: 2098.8212 | boundary_weight_mean: 1.8127 | eval_loss: 0.8106 | eval_bce: 0.3198 | eval_raw_bce: 0.2352 | eval_dice_loss: 0.3181 | eval_distance_loss: 0.0345 | eval_tv_loss: 2147.6977 | eval_boundary_weight_mean: 1.5534 | eval_pixel_iou: 0.7217 | eval_miou: 0.6606 | eval_boundary_iou: 0.3120
2026-07-09 14:21:12,941:INFO:epoch: 42 | loss: 0.7443 | bce: 0.2605 | raw_bce: 0.2145 | dice_loss: 0.3455 | distance_loss: 0.0277 | tv_loss: 2098.2287 | boundary_weight_mean: 1.8108 | eval_loss: 0.8090 | eval_bce: 0.3200 | eval_raw_bce: 0.2366 | eval_dice_loss: 0.3172 | eval_distance_loss: 0.0344 | eval_tv_loss: 2168.3381 | eval_boundary_weight_mean: 1.5534 | eval_pixel_iou: 0.7218 | eval_miou: 0.6600 | eval_boundary_iou: 0.3104
2026-07-09 14:23:32,839:INFO:epoch: 43 | loss: 0.7457 | bce: 0.2613 | raw_bce: 0.2155 | dice_loss: 0.3452 | distance_loss: 0.0278 | tv_loss: 2099.5307 | boundary_weight_mean: 1.8112 | eval_loss: 0.8113 | eval_bce: 0.3183 | eval_raw_bce: 0.2339 | eval_dice_loss: 0.3200 | eval_distance_loss: 0.0346 | eval_tv_loss: 2129.9362 | eval_boundary_weight_mean: 1.5534 | eval_pixel_iou: 0.7219 | eval_miou: 0.6606 | eval_boundary_iou: 0.3111
2026-07-09 14:25:54,712:INFO:epoch: 44 | loss: 0.7459 | bce: 0.2609 | raw_bce: 0.2149 | dice_loss: 0.3463 | distance_loss: 0.0277 | tv_loss: 2095.6673 | boundary_weight_mean: 1.8116 | eval_loss: 0.8105 | eval_bce: 0.3198 | eval_raw_bce: 0.2350 | eval_dice_loss: 0.3185 | eval_distance_loss: 0.0344 | eval_tv_loss: 2133.6782 | eval_boundary_weight_mean: 1.5534 | eval_pixel_iou: 0.7221 | eval_miou: 0.6596 | eval_boundary_iou: 0.3108
2026-07-09 14:28:16,836:INFO:epoch: 45 | loss: 0.7462 | bce: 0.2615 | raw_bce: 0.2151 | dice_loss: 0.3459 | distance_loss: 0.0277 | tv_loss: 2096.6022 | boundary_weight_mean: 1.8085 | eval_loss: 0.8120 | eval_bce: 0.3201 | eval_raw_bce: 0.2347 | eval_dice_loss: 0.3193 | eval_distance_loss: 0.0345 | eval_tv_loss: 2129.5146 | eval_boundary_weight_mean: 1.5534 | eval_pixel_iou: 0.7216 | eval_miou: 0.6603 | eval_boundary_iou: 0.3124
2026-07-09 14:30:36,795:INFO:epoch: 46 | loss: 0.7476 | bce: 0.2615 | raw_bce: 0.2158 | dice_loss: 0.3460 | distance_loss: 0.0280 | tv_loss: 2097.5529 | boundary_weight_mean: 1.8109 | eval_loss: 0.8095 | eval_bce: 0.3176 | eval_raw_bce: 0.2344 | eval_dice_loss: 0.3195 | eval_distance_loss: 0.0345 | eval_tv_loss: 2173.2528 | eval_boundary_weight_mean: 1.5534 | eval_pixel_iou: 0.7221 | eval_miou: 0.6576 | eval_boundary_iou: 0.3088
2026-07-09 14:32:56,280:INFO:epoch: 47 | loss: 0.7448 | bce: 0.2608 | raw_bce: 0.2145 | dice_loss: 0.3453 | distance_loss: 0.0277 | tv_loss: 2094.7837 | boundary_weight_mean: 1.8105 | eval_loss: 0.8082 | eval_bce: 0.3200 | eval_raw_bce: 0.2363 | eval_dice_loss: 0.3173 | eval_distance_loss: 0.0342 | eval_tv_loss: 2163.6720 | eval_boundary_weight_mean: 1.5534 | eval_pixel_iou: 0.7218 | eval_miou: 0.6654 | eval_boundary_iou: 0.3173
2026-07-09 14:35:17,751:INFO:epoch: 48 | loss: 0.7498 | bce: 0.2617 | raw_bce: 0.2168 | dice_loss: 0.3466 | distance_loss: 0.0283 | tv_loss: 2102.2841 | boundary_weight_mean: 1.8133 | eval_loss: 0.8130 | eval_bce: 0.3199 | eval_raw_bce: 0.2350 | eval_dice_loss: 0.3190 | eval_distance_loss: 0.0348 | eval_tv_loss: 2142.0470 | eval_boundary_weight_mean: 1.5534 | eval_pixel_iou: 0.7208 | eval_miou: 0.6622 | eval_boundary_iou: 0.3133
2026-07-09 14:37:37,592:INFO:epoch: 49 | loss: 0.7502 | bce: 0.2631 | raw_bce: 0.2172 | dice_loss: 0.3465 | distance_loss: 0.0281 | tv_loss: 2103.4227 | boundary_weight_mean: 1.8093 | eval_loss: 0.8045 | eval_bce: 0.3174 | eval_raw_bce: 0.2348 | eval_dice_loss: 0.3169 | eval_distance_loss: 0.0341 | eval_tv_loss: 2154.3959 | eval_boundary_weight_mean: 1.5534 | eval_pixel_iou: 0.7242 | eval_miou: 0.6661 | eval_boundary_iou: 0.3145
2026-07-09 14:39:58,407:INFO:epoch: 50 | loss: 0.7490 | bce: 0.2621 | raw_bce: 0.2164 | dice_loss: 0.3465 | distance_loss: 0.0281 | tv_loss: 2104.1444 | boundary_weight_mean: 1.8105 | eval_loss: 0.8216 | eval_bce: 0.3253 | eval_raw_bce: 0.2393 | eval_dice_loss: 0.3184 | eval_distance_loss: 0.0356 | eval_tv_loss: 2092.3169 | eval_boundary_weight_mean: 1.5534 | eval_pixel_iou: 0.7194 | eval_miou: 0.6611 | eval_boundary_iou: 0.3125
