2026-07-18 01:11:35,862:INFO:DualHeadUNet(
  (inc): DoubleConv(
    (block): Sequential(
      (0): Conv2d(8, 32, kernel_size=(3, 3), stride=(1, 1), padding=(1, 1), bias=False)
      (1): BatchNorm2d(32, eps=1e-05, momentum=0.1, affine=True, track_running_stats=True)
      (2): ReLU(inplace=True)
      (3): Conv2d(32, 32, kernel_size=(3, 3), stride=(1, 1), padding=(1, 1), bias=False)
      (4): BatchNorm2d(32, eps=1e-05, momentum=0.1, affine=True, track_running_stats=True)
      (5): ReLU(inplace=True)
    )
  )
  (down1): Down(
    (block): Sequential(
      (0): MaxPool2d(kernel_size=2, stride=2, padding=0, dilation=1, ceil_mode=False)
      (1): DoubleConv(
        (block): Sequential(
          (0): Conv2d(32, 64, kernel_size=(3, 3), stride=(1, 1), padding=(1, 1), bias=False)
          (1): BatchNorm2d(64, eps=1e-05, momentum=0.1, affine=True, track_running_stats=True)
          (2): ReLU(inplace=True)
          (3): Conv2d(64, 64, kernel_size=(3, 3), stride=(1, 1), padding=(1, 1), bias=False)
          (4): BatchNorm2d(64, eps=1e-05, momentum=0.1, affine=True, track_running_stats=True)
          (5): ReLU(inplace=True)
        )
      )
    )
  )
  (down2): Down(
    (block): Sequential(
      (0): MaxPool2d(kernel_size=2, stride=2, padding=0, dilation=1, ceil_mode=False)
      (1): DoubleConv(
        (block): Sequential(
          (0): Conv2d(64, 128, kernel_size=(3, 3), stride=(1, 1), padding=(1, 1), bias=False)
          (1): BatchNorm2d(128, eps=1e-05, momentum=0.1, affine=True, track_running_stats=True)
          (2): ReLU(inplace=True)
          (3): Conv2d(128, 128, kernel_size=(3, 3), stride=(1, 1), padding=(1, 1), bias=False)
          (4): BatchNorm2d(128, eps=1e-05, momentum=0.1, affine=True, track_running_stats=True)
          (5): ReLU(inplace=True)
        )
      )
    )
  )
  (down3): Down(
    (block): Sequential(
      (0): MaxPool2d(kernel_size=2, stride=2, padding=0, dilation=1, ceil_mode=False)
      (1): DoubleConv(
        (block): Sequential(
          (0): Conv2d(128, 256, kernel_size=(3, 3), stride=(1, 1), padding=(1, 1), bias=False)
          (1): BatchNorm2d(256, eps=1e-05, momentum=0.1, affine=True, track_running_stats=True)
          (2): ReLU(inplace=True)
          (3): Conv2d(256, 256, kernel_size=(3, 3), stride=(1, 1), padding=(1, 1), bias=False)
          (4): BatchNorm2d(256, eps=1e-05, momentum=0.1, affine=True, track_running_stats=True)
          (5): ReLU(inplace=True)
        )
      )
    )
  )
  (down4): Down(
    (block): Sequential(
      (0): MaxPool2d(kernel_size=2, stride=2, padding=0, dilation=1, ceil_mode=False)
      (1): DoubleConv(
        (block): Sequential(
          (0): Conv2d(256, 512, kernel_size=(3, 3), stride=(1, 1), padding=(1, 1), bias=False)
          (1): BatchNorm2d(512, eps=1e-05, momentum=0.1, affine=True, track_running_stats=True)
          (2): ReLU(inplace=True)
          (3): Conv2d(512, 512, kernel_size=(3, 3), stride=(1, 1), padding=(1, 1), bias=False)
          (4): BatchNorm2d(512, eps=1e-05, momentum=0.1, affine=True, track_running_stats=True)
          (5): ReLU(inplace=True)
        )
      )
    )
  )
  (up1): Up(
    (up): ConvTranspose2d(512, 256, kernel_size=(2, 2), stride=(2, 2))
    (conv): DoubleConv(
      (block): Sequential(
        (0): Conv2d(512, 256, kernel_size=(3, 3), stride=(1, 1), padding=(1, 1), bias=False)
        (1): BatchNorm2d(256, eps=1e-05, momentum=0.1, affine=True, track_running_stats=True)
        (2): ReLU(inplace=True)
        (3): Conv2d(256, 256, kernel_size=(3, 3), stride=(1, 1), padding=(1, 1), bias=False)
        (4): BatchNorm2d(256, eps=1e-05, momentum=0.1, affine=True, track_running_stats=True)
        (5): ReLU(inplace=True)
      )
    )
  )
  (up2): Up(
    (up): ConvTranspose2d(256, 128, kernel_size=(2, 2), stride=(2, 2))
    (conv): DoubleConv(
      (block): Sequential(
        (0): Conv2d(256, 128, kernel_size=(3, 3), stride=(1, 1), padding=(1, 1), bias=False)
        (1): BatchNorm2d(128, eps=1e-05, momentum=0.1, affine=True, track_running_stats=True)
        (2): ReLU(inplace=True)
        (3): Conv2d(128, 128, kernel_size=(3, 3), stride=(1, 1), padding=(1, 1), bias=False)
        (4): BatchNorm2d(128, eps=1e-05, momentum=0.1, affine=True, track_running_stats=True)
        (5): ReLU(inplace=True)
      )
    )
  )
  (up3): Up(
    (up): ConvTranspose2d(128, 64, kernel_size=(2, 2), stride=(2, 2))
    (conv): DoubleConv(
      (block): Sequential(
        (0): Conv2d(128, 64, kernel_size=(3, 3), stride=(1, 1), padding=(1, 1), bias=False)
        (1): BatchNorm2d(64, eps=1e-05, momentum=0.1, affine=True, track_running_stats=True)
        (2): ReLU(inplace=True)
        (3): Conv2d(64, 64, kernel_size=(3, 3), stride=(1, 1), padding=(1, 1), bias=False)
        (4): BatchNorm2d(64, eps=1e-05, momentum=0.1, affine=True, track_running_stats=True)
        (5): ReLU(inplace=True)
      )
    )
  )
  (up4): Up(
    (up): ConvTranspose2d(64, 32, kernel_size=(2, 2), stride=(2, 2))
    (conv): DoubleConv(
      (block): Sequential(
        (0): Conv2d(64, 32, kernel_size=(3, 3), stride=(1, 1), padding=(1, 1), bias=False)
        (1): BatchNorm2d(32, eps=1e-05, momentum=0.1, affine=True, track_running_stats=True)
        (2): ReLU(inplace=True)
        (3): Conv2d(32, 32, kernel_size=(3, 3), stride=(1, 1), padding=(1, 1), bias=False)
        (4): BatchNorm2d(32, eps=1e-05, momentum=0.1, affine=True, track_running_stats=True)
        (5): ReLU(inplace=True)
      )
    )
  )
  (mask_head): Conv2d(32, 1, kernel_size=(1, 1), stride=(1, 1))
  (distance_head): Sequential(
    (0): Conv2d(32, 32, kernel_size=(3, 3), stride=(1, 1), padding=(1, 1), bias=False)
    (1): BatchNorm2d(32, eps=1e-05, momentum=0.1, affine=True, track_running_stats=True)
    (2): ReLU(inplace=True)
    (3): Conv2d(32, 1, kernel_size=(1, 1), stride=(1, 1))
  )
)
Trainable parameters by tensor:
  inc.block.0.weight: 2,304
  inc.block.1.weight: 32
  inc.block.1.bias: 32
  inc.block.3.weight: 9,216
  inc.block.4.weight: 32
  inc.block.4.bias: 32
  down1.block.1.block.0.weight: 18,432
  down1.block.1.block.1.weight: 64
  down1.block.1.block.1.bias: 64
  down1.block.1.block.3.weight: 36,864
  down1.block.1.block.4.weight: 64
  down1.block.1.block.4.bias: 64
  down2.block.1.block.0.weight: 73,728
  down2.block.1.block.1.weight: 128
  down2.block.1.block.1.bias: 128
  down2.block.1.block.3.weight: 147,456
  down2.block.1.block.4.weight: 128
  down2.block.1.block.4.bias: 128
  down3.block.1.block.0.weight: 294,912
  down3.block.1.block.1.weight: 256
  down3.block.1.block.1.bias: 256
  down3.block.1.block.3.weight: 589,824
  down3.block.1.block.4.weight: 256
  down3.block.1.block.4.bias: 256
  down4.block.1.block.0.weight: 1,179,648
  down4.block.1.block.1.weight: 512
  down4.block.1.block.1.bias: 512
  down4.block.1.block.3.weight: 2,359,296
  down4.block.1.block.4.weight: 512
  down4.block.1.block.4.bias: 512
  up1.up.weight: 524,288
  up1.up.bias: 256
  up1.conv.block.0.weight: 1,179,648
  up1.conv.block.1.weight: 256
  up1.conv.block.1.bias: 256
  up1.conv.block.3.weight: 589,824
  up1.conv.block.4.weight: 256
  up1.conv.block.4.bias: 256
  up2.up.weight: 131,072
  up2.up.bias: 128
  up2.conv.block.0.weight: 294,912
  up2.conv.block.1.weight: 128
  up2.conv.block.1.bias: 128
  up2.conv.block.3.weight: 147,456
  up2.conv.block.4.weight: 128
  up2.conv.block.4.bias: 128
  up3.up.weight: 32,768
  up3.up.bias: 64
  up3.conv.block.0.weight: 73,728
  up3.conv.block.1.weight: 64
  up3.conv.block.1.bias: 64
  up3.conv.block.3.weight: 36,864
  up3.conv.block.4.weight: 64
  up3.conv.block.4.bias: 64
  up4.up.weight: 8,192
  up4.up.bias: 32
  up4.conv.block.0.weight: 18,432
  up4.conv.block.1.weight: 32
  up4.conv.block.1.bias: 32
  up4.conv.block.3.weight: 9,216
  up4.conv.block.4.weight: 32
  up4.conv.block.4.bias: 32
  mask_head.weight: 32
  mask_head.bias: 1
  distance_head.0.weight: 9,216
  distance_head.1.weight: 32
  distance_head.1.bias: 32
  distance_head.3.weight: 32
  distance_head.3.bias: 1
Total trainable parameters: 7,773,794
2026-07-18 01:11:35,865:INFO:------------ New Training Session ------------
2026-07-18 01:13:58,053:INFO:epoch: 1 | loss: 0.9108 | bce: 0.3903 | raw_bce: 0.4323 | dice_loss: 0.5079 | distance_loss: 0.0252 | raw_distance_loss: 0.1121 | weighted_distance_loss: 0.0126 | distance_loss_fraction: 0.0135 | tv_loss: 2126.0150 | boundary_weight_mean: 6.4153 | distance_boundary_weight_mean: 6.4153
2026-07-18 01:16:46,934:INFO:epoch: 2 | loss: 0.7890 | bce: 0.3448 | raw_bce: 0.3303 | dice_loss: 0.4349 | distance_loss: 0.0186 | raw_distance_loss: 0.0855 | weighted_distance_loss: 0.0093 | distance_loss_fraction: 0.0117 | tv_loss: 2136.2864 | boundary_weight_mean: 6.4069 | distance_boundary_weight_mean: 6.4069 | eval_loss: 0.8893 | eval_bce: 0.4875 | eval_raw_bce: 0.3340 | eval_dice_loss: 0.3870 | eval_distance_loss: 0.0295 | eval_raw_distance_loss: 0.0813 | eval_weighted_distance_loss: 0.0148 | eval_distance_loss_fraction: 0.0153 | eval_tv_loss: 2161.9417 | eval_boundary_weight_mean: 4.6877 | eval_distance_boundary_weight_mean: 4.6877 | eval_pixel_iou: 0.6415 | eval_miou: 0.5899 | eval_boundary_iou: 0.2478
2026-07-18 01:19:09,320:INFO:epoch: 3 | loss: 0.7488 | bce: 0.3332 | raw_bce: 0.3126 | dice_loss: 0.4071 | distance_loss: 0.0169 | raw_distance_loss: 0.0775 | weighted_distance_loss: 0.0084 | distance_loss_fraction: 0.0112 | tv_loss: 2190.6103 | boundary_weight_mean: 6.4006 | distance_boundary_weight_mean: 6.4006
2026-07-18 01:21:38,517:INFO:epoch: 4 | loss: 0.7253 | bce: 0.3245 | raw_bce: 0.3007 | dice_loss: 0.3930 | distance_loss: 0.0155 | raw_distance_loss: 0.0714 | weighted_distance_loss: 0.0078 | distance_loss_fraction: 0.0106 | tv_loss: 2218.8340 | boundary_weight_mean: 6.4121 | distance_boundary_weight_mean: 6.4121 | eval_loss: 0.8666 | eval_bce: 0.4737 | eval_raw_bce: 0.3415 | eval_dice_loss: 0.3777 | eval_distance_loss: 0.0303 | eval_raw_distance_loss: 0.0858 | eval_weighted_distance_loss: 0.0152 | eval_distance_loss_fraction: 0.0159 | eval_tv_loss: 2195.1624 | eval_boundary_weight_mean: 4.6877 | eval_distance_boundary_weight_mean: 4.6877 | eval_pixel_iou: 0.6439 | eval_miou: 0.5994 | eval_boundary_iou: 0.2580
2026-07-18 01:24:00,935:INFO:epoch: 5 | loss: 0.7101 | bce: 0.3191 | raw_bce: 0.2920 | dice_loss: 0.3835 | distance_loss: 0.0150 | raw_distance_loss: 0.0685 | weighted_distance_loss: 0.0075 | distance_loss_fraction: 0.0105 | tv_loss: 2237.3958 | boundary_weight_mean: 6.3911 | distance_boundary_weight_mean: 6.3911
2026-07-18 01:26:29,829:INFO:epoch: 6 | loss: 0.7028 | bce: 0.3163 | raw_bce: 0.2865 | dice_loss: 0.3792 | distance_loss: 0.0145 | raw_distance_loss: 0.0662 | weighted_distance_loss: 0.0072 | distance_loss_fraction: 0.0102 | tv_loss: 2248.2212 | boundary_weight_mean: 6.4002 | distance_boundary_weight_mean: 6.4002 | eval_loss: 0.8104 | eval_bce: 0.4416 | eval_raw_bce: 0.2970 | eval_dice_loss: 0.3559 | eval_distance_loss: 0.0257 | eval_raw_distance_loss: 0.0746 | eval_weighted_distance_loss: 0.0128 | eval_distance_loss_fraction: 0.0146 | eval_tv_loss: 2310.6041 | eval_boundary_weight_mean: 4.6877 | eval_distance_boundary_weight_mean: 4.6877 | eval_pixel_iou: 0.6737 | eval_miou: 0.6204 | eval_boundary_iou: 0.2835
2026-07-18 01:28:52,010:INFO:epoch: 7 | loss: 0.6909 | bce: 0.3100 | raw_bce: 0.2803 | dice_loss: 0.3740 | distance_loss: 0.0140 | raw_distance_loss: 0.0642 | weighted_distance_loss: 0.0070 | distance_loss_fraction: 0.0100 | tv_loss: 2255.3316 | boundary_weight_mean: 6.4117 | distance_boundary_weight_mean: 6.4117
2026-07-18 01:31:21,336:INFO:epoch: 8 | loss: 0.6866 | bce: 0.3101 | raw_bce: 0.2798 | dice_loss: 0.3695 | distance_loss: 0.0139 | raw_distance_loss: 0.0638 | weighted_distance_loss: 0.0070 | distance_loss_fraction: 0.0101 | tv_loss: 2260.7550 | boundary_weight_mean: 6.4001 | distance_boundary_weight_mean: 6.4001 | eval_loss: 0.7965 | eval_bce: 0.4547 | eval_raw_bce: 0.3124 | eval_dice_loss: 0.3297 | eval_distance_loss: 0.0242 | eval_raw_distance_loss: 0.0671 | eval_weighted_distance_loss: 0.0121 | eval_distance_loss_fraction: 0.0140 | eval_tv_loss: 2275.9718 | eval_boundary_weight_mean: 4.6877 | eval_distance_boundary_weight_mean: 4.6877 | eval_pixel_iou: 0.6836 | eval_miou: 0.6444 | eval_boundary_iou: 0.3119
2026-07-18 01:33:43,754:INFO:epoch: 9 | loss: 0.6819 | bce: 0.3070 | raw_bce: 0.2757 | dice_loss: 0.3681 | distance_loss: 0.0135 | raw_distance_loss: 0.0620 | weighted_distance_loss: 0.0068 | distance_loss_fraction: 0.0098 | tv_loss: 2276.2819 | boundary_weight_mean: 6.3853 | distance_boundary_weight_mean: 6.3853
2026-07-18 01:36:13,055:INFO:epoch: 10 | loss: 0.6768 | bce: 0.3049 | raw_bce: 0.2717 | dice_loss: 0.3652 | distance_loss: 0.0134 | raw_distance_loss: 0.0612 | weighted_distance_loss: 0.0067 | distance_loss_fraction: 0.0098 | tv_loss: 2284.8813 | boundary_weight_mean: 6.3904 | distance_boundary_weight_mean: 6.3904 | eval_loss: 0.7794 | eval_bce: 0.4332 | eval_raw_bce: 0.2812 | eval_dice_loss: 0.3344 | eval_distance_loss: 0.0234 | eval_raw_distance_loss: 0.0616 | eval_weighted_distance_loss: 0.0117 | eval_distance_loss_fraction: 0.0140 | eval_tv_loss: 2330.8477 | eval_boundary_weight_mean: 4.6877 | eval_distance_boundary_weight_mean: 4.6877 | eval_pixel_iou: 0.6950 | eval_miou: 0.6462 | eval_boundary_iou: 0.3155
2026-07-18 01:38:35,397:INFO:epoch: 11 | loss: 0.6743 | bce: 0.3044 | raw_bce: 0.2705 | dice_loss: 0.3634 | distance_loss: 0.0132 | raw_distance_loss: 0.0603 | weighted_distance_loss: 0.0066 | distance_loss_fraction: 0.0097 | tv_loss: 2292.2332 | boundary_weight_mean: 6.3760 | distance_boundary_weight_mean: 6.3760
2026-07-18 01:41:04,340:INFO:epoch: 12 | loss: 0.6733 | bce: 0.3040 | raw_bce: 0.2712 | dice_loss: 0.3627 | distance_loss: 0.0133 | raw_distance_loss: 0.0606 | weighted_distance_loss: 0.0066 | distance_loss_fraction: 0.0098 | tv_loss: 2300.7514 | boundary_weight_mean: 6.3704 | distance_boundary_weight_mean: 6.3704 | eval_loss: 0.7848 | eval_bce: 0.4441 | eval_raw_bce: 0.3100 | eval_dice_loss: 0.3289 | eval_distance_loss: 0.0235 | eval_raw_distance_loss: 0.0642 | eval_weighted_distance_loss: 0.0117 | eval_distance_loss_fraction: 0.0138 | eval_tv_loss: 2425.7705 | eval_boundary_weight_mean: 4.6877 | eval_distance_boundary_weight_mean: 4.6877 | eval_pixel_iou: 0.6885 | eval_miou: 0.6427 | eval_boundary_iou: 0.3134
2026-07-18 01:43:26,732:INFO:epoch: 13 | loss: 0.6662 | bce: 0.3006 | raw_bce: 0.2665 | dice_loss: 0.3592 | distance_loss: 0.0129 | raw_distance_loss: 0.0589 | weighted_distance_loss: 0.0064 | distance_loss_fraction: 0.0096 | tv_loss: 2295.8980 | boundary_weight_mean: 6.3972 | distance_boundary_weight_mean: 6.3972
2026-07-18 01:45:56,323:INFO:epoch: 14 | loss: 0.6610 | bce: 0.2966 | raw_bce: 0.2632 | dice_loss: 0.3581 | distance_loss: 0.0126 | raw_distance_loss: 0.0580 | weighted_distance_loss: 0.0063 | distance_loss_fraction: 0.0095 | tv_loss: 2308.1297 | boundary_weight_mean: 6.4288 | distance_boundary_weight_mean: 6.4288 | eval_loss: 0.7652 | eval_bce: 0.4240 | eval_raw_bce: 0.2762 | eval_dice_loss: 0.3297 | eval_distance_loss: 0.0229 | eval_raw_distance_loss: 0.0628 | eval_weighted_distance_loss: 0.0114 | eval_distance_loss_fraction: 0.0138 | eval_tv_loss: 2379.5771 | eval_boundary_weight_mean: 4.6877 | eval_distance_boundary_weight_mean: 4.6877 | eval_pixel_iou: 0.6981 | eval_miou: 0.6516 | eval_boundary_iou: 0.3244
2026-07-18 01:48:18,659:INFO:epoch: 15 | loss: 0.6599 | bce: 0.2971 | raw_bce: 0.2629 | dice_loss: 0.3565 | distance_loss: 0.0127 | raw_distance_loss: 0.0581 | weighted_distance_loss: 0.0064 | distance_loss_fraction: 0.0096 | tv_loss: 2312.5751 | boundary_weight_mean: 6.4079 | distance_boundary_weight_mean: 6.4079
2026-07-18 01:50:47,451:INFO:epoch: 16 | loss: 0.6551 | bce: 0.2951 | raw_bce: 0.2601 | dice_loss: 0.3538 | distance_loss: 0.0124 | raw_distance_loss: 0.0570 | weighted_distance_loss: 0.0062 | distance_loss_fraction: 0.0094 | tv_loss: 2320.7046 | boundary_weight_mean: 6.4075 | distance_boundary_weight_mean: 6.4075 | eval_loss: 0.7566 | eval_bce: 0.4252 | eval_raw_bce: 0.2819 | eval_dice_loss: 0.3202 | eval_distance_loss: 0.0224 | eval_raw_distance_loss: 0.0625 | eval_weighted_distance_loss: 0.0112 | eval_distance_loss_fraction: 0.0137 | eval_tv_loss: 2322.7805 | eval_boundary_weight_mean: 4.6877 | eval_distance_boundary_weight_mean: 4.6877 | eval_pixel_iou: 0.7028 | eval_miou: 0.6521 | eval_boundary_iou: 0.3198
2026-07-18 01:53:09,805:INFO:epoch: 17 | loss: 0.6535 | bce: 0.2935 | raw_bce: 0.2589 | dice_loss: 0.3539 | distance_loss: 0.0123 | raw_distance_loss: 0.0566 | weighted_distance_loss: 0.0062 | distance_loss_fraction: 0.0094 | tv_loss: 2315.4739 | boundary_weight_mean: 6.4132 | distance_boundary_weight_mean: 6.4132
2026-07-18 01:55:39,013:INFO:epoch: 18 | loss: 0.6501 | bce: 0.2928 | raw_bce: 0.2549 | dice_loss: 0.3512 | distance_loss: 0.0122 | raw_distance_loss: 0.0554 | weighted_distance_loss: 0.0061 | distance_loss_fraction: 0.0093 | tv_loss: 2329.5774 | boundary_weight_mean: 6.4117 | distance_boundary_weight_mean: 6.4117 | eval_loss: 0.7560 | eval_bce: 0.4296 | eval_raw_bce: 0.2729 | eval_dice_loss: 0.3157 | eval_distance_loss: 0.0213 | eval_raw_distance_loss: 0.0595 | eval_weighted_distance_loss: 0.0106 | eval_distance_loss_fraction: 0.0130 | eval_tv_loss: 2363.1728 | eval_boundary_weight_mean: 4.6877 | eval_distance_boundary_weight_mean: 4.6877 | eval_pixel_iou: 0.7055 | eval_miou: 0.6617 | eval_boundary_iou: 0.3358
2026-07-18 01:58:01,349:INFO:epoch: 19 | loss: 0.6477 | bce: 0.2910 | raw_bce: 0.2549 | dice_loss: 0.3507 | distance_loss: 0.0121 | raw_distance_loss: 0.0555 | weighted_distance_loss: 0.0061 | distance_loss_fraction: 0.0093 | tv_loss: 2335.0124 | boundary_weight_mean: 6.4190 | distance_boundary_weight_mean: 6.4190
2026-07-18 02:00:30,655:INFO:epoch: 20 | loss: 0.6455 | bce: 0.2918 | raw_bce: 0.2528 | dice_loss: 0.3478 | distance_loss: 0.0120 | raw_distance_loss: 0.0546 | weighted_distance_loss: 0.0060 | distance_loss_fraction: 0.0092 | tv_loss: 2329.4646 | boundary_weight_mean: 6.3964 | distance_boundary_weight_mean: 6.3964 | eval_loss: 0.7421 | eval_bce: 0.4173 | eval_raw_bce: 0.2637 | eval_dice_loss: 0.3141 | eval_distance_loss: 0.0212 | eval_raw_distance_loss: 0.0561 | eval_weighted_distance_loss: 0.0106 | eval_distance_loss_fraction: 0.0134 | eval_tv_loss: 2398.1690 | eval_boundary_weight_mean: 4.6877 | eval_distance_boundary_weight_mean: 4.6877 | eval_pixel_iou: 0.7112 | eval_miou: 0.6683 | eval_boundary_iou: 0.3444
2026-07-18 02:02:53,217:INFO:epoch: 21 | loss: 0.6435 | bce: 0.2904 | raw_bce: 0.2512 | dice_loss: 0.3472 | distance_loss: 0.0119 | raw_distance_loss: 0.0543 | weighted_distance_loss: 0.0060 | distance_loss_fraction: 0.0092 | tv_loss: 2337.6989 | boundary_weight_mean: 6.3958 | distance_boundary_weight_mean: 6.3958
2026-07-18 02:05:21,935:INFO:epoch: 22 | loss: 0.6402 | bce: 0.2893 | raw_bce: 0.2491 | dice_loss: 0.3450 | distance_loss: 0.0118 | raw_distance_loss: 0.0537 | weighted_distance_loss: 0.0059 | distance_loss_fraction: 0.0092 | tv_loss: 2340.8368 | boundary_weight_mean: 6.3899 | distance_boundary_weight_mean: 6.3899 | eval_loss: 0.7383 | eval_bce: 0.4130 | eval_raw_bce: 0.2739 | eval_dice_loss: 0.3147 | eval_distance_loss: 0.0211 | eval_raw_distance_loss: 0.0590 | eval_weighted_distance_loss: 0.0105 | eval_distance_loss_fraction: 0.0132 | eval_tv_loss: 2445.8003 | eval_boundary_weight_mean: 4.6877 | eval_distance_boundary_weight_mean: 4.6877 | eval_pixel_iou: 0.7075 | eval_miou: 0.6628 | eval_boundary_iou: 0.3359
2026-07-18 02:07:44,227:INFO:epoch: 23 | loss: 0.6374 | bce: 0.2872 | raw_bce: 0.2480 | dice_loss: 0.3444 | distance_loss: 0.0117 | raw_distance_loss: 0.0534 | weighted_distance_loss: 0.0059 | distance_loss_fraction: 0.0092 | tv_loss: 2338.0859 | boundary_weight_mean: 6.4196 | distance_boundary_weight_mean: 6.4196
2026-07-18 02:10:13,598:INFO:epoch: 24 | loss: 0.6355 | bce: 0.2873 | raw_bce: 0.2465 | dice_loss: 0.3423 | distance_loss: 0.0117 | raw_distance_loss: 0.0532 | weighted_distance_loss: 0.0058 | distance_loss_fraction: 0.0091 | tv_loss: 2342.9270 | boundary_weight_mean: 6.4019 | distance_boundary_weight_mean: 6.4019 | eval_loss: 0.7282 | eval_bce: 0.4085 | eval_raw_bce: 0.2629 | eval_dice_loss: 0.3094 | eval_distance_loss: 0.0206 | eval_raw_distance_loss: 0.0590 | eval_weighted_distance_loss: 0.0103 | eval_distance_loss_fraction: 0.0132 | eval_tv_loss: 2496.2141 | eval_boundary_weight_mean: 4.6877 | eval_distance_boundary_weight_mean: 4.6877 | eval_pixel_iou: 0.7137 | eval_miou: 0.6720 | eval_boundary_iou: 0.3506
2026-07-18 02:12:36,232:INFO:epoch: 25 | loss: 0.6343 | bce: 0.2862 | raw_bce: 0.2437 | dice_loss: 0.3424 | distance_loss: 0.0115 | raw_distance_loss: 0.0524 | weighted_distance_loss: 0.0058 | distance_loss_fraction: 0.0090 | tv_loss: 2347.9174 | boundary_weight_mean: 6.3944 | distance_boundary_weight_mean: 6.3944
2026-07-18 02:15:05,570:INFO:epoch: 26 | loss: 0.6290 | bce: 0.2832 | raw_bce: 0.2418 | dice_loss: 0.3402 | distance_loss: 0.0113 | raw_distance_loss: 0.0518 | weighted_distance_loss: 0.0057 | distance_loss_fraction: 0.0090 | tv_loss: 2344.7158 | boundary_weight_mean: 6.4304 | distance_boundary_weight_mean: 6.4304 | eval_loss: 0.7235 | eval_bce: 0.4038 | eval_raw_bce: 0.2529 | eval_dice_loss: 0.3097 | eval_distance_loss: 0.0199 | eval_raw_distance_loss: 0.0560 | eval_weighted_distance_loss: 0.0100 | eval_distance_loss_fraction: 0.0129 | eval_tv_loss: 2461.6077 | eval_boundary_weight_mean: 4.6877 | eval_distance_boundary_weight_mean: 4.6877 | eval_pixel_iou: 0.7179 | eval_miou: 0.6749 | eval_boundary_iou: 0.3539
2026-07-18 02:17:27,890:INFO:epoch: 27 | loss: 0.6311 | bce: 0.2856 | raw_bce: 0.2412 | dice_loss: 0.3398 | distance_loss: 0.0114 | raw_distance_loss: 0.0516 | weighted_distance_loss: 0.0057 | distance_loss_fraction: 0.0090 | tv_loss: 2351.8179 | boundary_weight_mean: 6.3895 | distance_boundary_weight_mean: 6.3895
2026-07-18 02:19:56,693:INFO:epoch: 28 | loss: 0.6281 | bce: 0.2841 | raw_bce: 0.2398 | dice_loss: 0.3384 | distance_loss: 0.0113 | raw_distance_loss: 0.0512 | weighted_distance_loss: 0.0056 | distance_loss_fraction: 0.0089 | tv_loss: 2350.0384 | boundary_weight_mean: 6.4019 | distance_boundary_weight_mean: 6.4019 | eval_loss: 0.7207 | eval_bce: 0.4041 | eval_raw_bce: 0.2533 | eval_dice_loss: 0.3067 | eval_distance_loss: 0.0198 | eval_raw_distance_loss: 0.0562 | eval_weighted_distance_loss: 0.0099 | eval_distance_loss_fraction: 0.0128 | eval_tv_loss: 2471.0199 | eval_boundary_weight_mean: 4.6877 | eval_distance_boundary_weight_mean: 4.6877 | eval_pixel_iou: 0.7204 | eval_miou: 0.6734 | eval_boundary_iou: 0.3501
2026-07-18 02:22:18,859:INFO:epoch: 29 | loss: 0.6248 | bce: 0.2825 | raw_bce: 0.2374 | dice_loss: 0.3367 | distance_loss: 0.0112 | raw_distance_loss: 0.0509 | weighted_distance_loss: 0.0056 | distance_loss_fraction: 0.0089 | tv_loss: 2357.1134 | boundary_weight_mean: 6.4004 | distance_boundary_weight_mean: 6.4004
2026-07-18 02:24:47,694:INFO:epoch: 30 | loss: 0.6257 | bce: 0.2827 | raw_bce: 0.2370 | dice_loss: 0.3374 | distance_loss: 0.0112 | raw_distance_loss: 0.0506 | weighted_distance_loss: 0.0056 | distance_loss_fraction: 0.0089 | tv_loss: 2354.0576 | boundary_weight_mean: 6.3954 | distance_boundary_weight_mean: 6.3954 | eval_loss: 0.7187 | eval_bce: 0.4034 | eval_raw_bce: 0.2483 | eval_dice_loss: 0.3055 | eval_distance_loss: 0.0197 | eval_raw_distance_loss: 0.0556 | eval_weighted_distance_loss: 0.0099 | eval_distance_loss_fraction: 0.0128 | eval_tv_loss: 2413.4468 | eval_boundary_weight_mean: 4.6877 | eval_distance_boundary_weight_mean: 4.6877 | eval_pixel_iou: 0.7224 | eval_miou: 0.6780 | eval_boundary_iou: 0.3534
2026-07-18 02:27:10,131:INFO:epoch: 31 | loss: 0.6236 | bce: 0.2817 | raw_bce: 0.2347 | dice_loss: 0.3363 | distance_loss: 0.0110 | raw_distance_loss: 0.0500 | weighted_distance_loss: 0.0055 | distance_loss_fraction: 0.0088 | tv_loss: 2353.0573 | boundary_weight_mean: 6.3919 | distance_boundary_weight_mean: 6.3919
2026-07-18 02:29:38,973:INFO:epoch: 32 | loss: 0.6224 | bce: 0.2810 | raw_bce: 0.2336 | dice_loss: 0.3358 | distance_loss: 0.0110 | raw_distance_loss: 0.0499 | weighted_distance_loss: 0.0055 | distance_loss_fraction: 0.0088 | tv_loss: 2354.1468 | boundary_weight_mean: 6.3927 | distance_boundary_weight_mean: 6.3927 | eval_loss: 0.7138 | eval_bce: 0.3971 | eval_raw_bce: 0.2465 | eval_dice_loss: 0.3069 | eval_distance_loss: 0.0195 | eval_raw_distance_loss: 0.0558 | eval_weighted_distance_loss: 0.0097 | eval_distance_loss_fraction: 0.0128 | eval_tv_loss: 2451.1504 | eval_boundary_weight_mean: 4.6877 | eval_distance_boundary_weight_mean: 4.6877 | eval_pixel_iou: 0.7227 | eval_miou: 0.6745 | eval_boundary_iou: 0.3498
2026-07-18 02:32:01,365:INFO:epoch: 33 | loss: 0.6213 | bce: 0.2807 | raw_bce: 0.2337 | dice_loss: 0.3350 | distance_loss: 0.0111 | raw_distance_loss: 0.0499 | weighted_distance_loss: 0.0055 | distance_loss_fraction: 0.0088 | tv_loss: 2357.8635 | boundary_weight_mean: 6.4026 | distance_boundary_weight_mean: 6.4026
2026-07-18 02:34:30,856:INFO:epoch: 34 | loss: 0.6190 | bce: 0.2795 | raw_bce: 0.2307 | dice_loss: 0.3340 | distance_loss: 0.0109 | raw_distance_loss: 0.0492 | weighted_distance_loss: 0.0054 | distance_loss_fraction: 0.0087 | tv_loss: 2350.5215 | boundary_weight_mean: 6.4079 | distance_boundary_weight_mean: 6.4079 | eval_loss: 0.7150 | eval_bce: 0.4014 | eval_raw_bce: 0.2499 | eval_dice_loss: 0.3038 | eval_distance_loss: 0.0194 | eval_raw_distance_loss: 0.0541 | eval_weighted_distance_loss: 0.0097 | eval_distance_loss_fraction: 0.0127 | eval_tv_loss: 2434.8579 | eval_boundary_weight_mean: 4.6877 | eval_distance_boundary_weight_mean: 4.6877 | eval_pixel_iou: 0.7238 | eval_miou: 0.6805 | eval_boundary_iou: 0.3544
2026-07-18 02:36:53,393:INFO:epoch: 35 | loss: 0.6193 | bce: 0.2795 | raw_bce: 0.2307 | dice_loss: 0.3344 | distance_loss: 0.0108 | raw_distance_loss: 0.0492 | weighted_distance_loss: 0.0054 | distance_loss_fraction: 0.0087 | tv_loss: 2357.6575 | boundary_weight_mean: 6.4050 | distance_boundary_weight_mean: 6.4050
2026-07-18 02:39:22,376:INFO:epoch: 36 | loss: 0.6168 | bce: 0.2792 | raw_bce: 0.2302 | dice_loss: 0.3322 | distance_loss: 0.0108 | raw_distance_loss: 0.0490 | weighted_distance_loss: 0.0054 | distance_loss_fraction: 0.0087 | tv_loss: 2357.7532 | boundary_weight_mean: 6.4066 | distance_boundary_weight_mean: 6.4066 | eval_loss: 0.7104 | eval_bce: 0.3962 | eval_raw_bce: 0.2429 | eval_dice_loss: 0.3046 | eval_distance_loss: 0.0193 | eval_raw_distance_loss: 0.0556 | eval_weighted_distance_loss: 0.0096 | eval_distance_loss_fraction: 0.0128 | eval_tv_loss: 2497.3723 | eval_boundary_weight_mean: 4.6877 | eval_distance_boundary_weight_mean: 4.6877 | eval_pixel_iou: 0.7260 | eval_miou: 0.6743 | eval_boundary_iou: 0.3498
2026-07-18 02:41:44,857:INFO:epoch: 37 | loss: 0.6175 | bce: 0.2795 | raw_bce: 0.2296 | dice_loss: 0.3326 | distance_loss: 0.0108 | raw_distance_loss: 0.0488 | weighted_distance_loss: 0.0054 | distance_loss_fraction: 0.0087 | tv_loss: 2363.6410 | boundary_weight_mean: 6.4012 | distance_boundary_weight_mean: 6.4012
2026-07-18 02:44:13,982:INFO:epoch: 38 | loss: 0.6168 | bce: 0.2790 | raw_bce: 0.2297 | dice_loss: 0.3324 | distance_loss: 0.0108 | raw_distance_loss: 0.0488 | weighted_distance_loss: 0.0054 | distance_loss_fraction: 0.0087 | tv_loss: 2355.5486 | boundary_weight_mean: 6.4075 | distance_boundary_weight_mean: 6.4075 | eval_loss: 0.7121 | eval_bce: 0.3993 | eval_raw_bce: 0.2419 | eval_dice_loss: 0.3033 | eval_distance_loss: 0.0190 | eval_raw_distance_loss: 0.0533 | eval_weighted_distance_loss: 0.0095 | eval_distance_loss_fraction: 0.0126 | eval_tv_loss: 2455.9230 | eval_boundary_weight_mean: 4.6877 | eval_distance_boundary_weight_mean: 4.6877 | eval_pixel_iou: 0.7264 | eval_miou: 0.6757 | eval_boundary_iou: 0.3532
2026-07-18 02:46:36,585:INFO:epoch: 39 | loss: 0.6181 | bce: 0.2803 | raw_bce: 0.2292 | dice_loss: 0.3324 | distance_loss: 0.0109 | raw_distance_loss: 0.0490 | weighted_distance_loss: 0.0054 | distance_loss_fraction: 0.0087 | tv_loss: 2362.5952 | boundary_weight_mean: 6.3876 | distance_boundary_weight_mean: 6.3876
2026-07-18 02:49:05,471:INFO:epoch: 40 | loss: 0.6170 | bce: 0.2794 | raw_bce: 0.2283 | dice_loss: 0.3322 | distance_loss: 0.0108 | raw_distance_loss: 0.0487 | weighted_distance_loss: 0.0054 | distance_loss_fraction: 0.0087 | tv_loss: 2352.5800 | boundary_weight_mean: 6.3979 | distance_boundary_weight_mean: 6.3979 | eval_loss: 0.7106 | eval_bce: 0.3960 | eval_raw_bce: 0.2386 | eval_dice_loss: 0.3050 | eval_distance_loss: 0.0192 | eval_raw_distance_loss: 0.0549 | eval_weighted_distance_loss: 0.0096 | eval_distance_loss_fraction: 0.0127 | eval_tv_loss: 2465.0202 | eval_boundary_weight_mean: 4.6877 | eval_distance_boundary_weight_mean: 4.6877 | eval_pixel_iou: 0.7274 | eval_miou: 0.6770 | eval_boundary_iou: 0.3530
2026-07-18 02:51:28,149:INFO:epoch: 41 | loss: 0.6155 | bce: 0.2787 | raw_bce: 0.2284 | dice_loss: 0.3314 | distance_loss: 0.0108 | raw_distance_loss: 0.0486 | weighted_distance_loss: 0.0054 | distance_loss_fraction: 0.0087 | tv_loss: 2356.8419 | boundary_weight_mean: 6.4100 | distance_boundary_weight_mean: 6.4100
2026-07-18 02:53:57,968:INFO:epoch: 42 | loss: 0.6149 | bce: 0.2776 | raw_bce: 0.2280 | dice_loss: 0.3319 | distance_loss: 0.0107 | raw_distance_loss: 0.0486 | weighted_distance_loss: 0.0054 | distance_loss_fraction: 0.0087 | tv_loss: 2351.6104 | boundary_weight_mean: 6.4168 | distance_boundary_weight_mean: 6.4168 | eval_loss: 0.7101 | eval_bce: 0.3966 | eval_raw_bce: 0.2411 | eval_dice_loss: 0.3039 | eval_distance_loss: 0.0191 | eval_raw_distance_loss: 0.0543 | eval_weighted_distance_loss: 0.0095 | eval_distance_loss_fraction: 0.0127 | eval_tv_loss: 2480.4285 | eval_boundary_weight_mean: 4.6877 | eval_distance_boundary_weight_mean: 4.6877 | eval_pixel_iou: 0.7269 | eval_miou: 0.6771 | eval_boundary_iou: 0.3545
2026-07-18 02:56:20,538:INFO:epoch: 43 | loss: 0.6167 | bce: 0.2789 | raw_bce: 0.2288 | dice_loss: 0.3324 | distance_loss: 0.0107 | raw_distance_loss: 0.0486 | weighted_distance_loss: 0.0054 | distance_loss_fraction: 0.0087 | tv_loss: 2355.2602 | boundary_weight_mean: 6.4103 | distance_boundary_weight_mean: 6.4103
2026-07-18 02:58:49,343:INFO:epoch: 44 | loss: 0.6164 | bce: 0.2788 | raw_bce: 0.2294 | dice_loss: 0.3323 | distance_loss: 0.0107 | raw_distance_loss: 0.0486 | weighted_distance_loss: 0.0054 | distance_loss_fraction: 0.0087 | tv_loss: 2354.1596 | boundary_weight_mean: 6.4173 | distance_boundary_weight_mean: 6.4173 | eval_loss: 0.7110 | eval_bce: 0.3978 | eval_raw_bce: 0.2430 | eval_dice_loss: 0.3036 | eval_distance_loss: 0.0191 | eval_raw_distance_loss: 0.0545 | eval_weighted_distance_loss: 0.0095 | eval_distance_loss_fraction: 0.0126 | eval_tv_loss: 2486.2349 | eval_boundary_weight_mean: 4.6877 | eval_distance_boundary_weight_mean: 4.6877 | eval_pixel_iou: 0.7263 | eval_miou: 0.6756 | eval_boundary_iou: 0.3528
2026-07-18 03:01:11,949:INFO:epoch: 45 | loss: 0.6161 | bce: 0.2794 | raw_bce: 0.2296 | dice_loss: 0.3313 | distance_loss: 0.0107 | raw_distance_loss: 0.0485 | weighted_distance_loss: 0.0054 | distance_loss_fraction: 0.0087 | tv_loss: 2357.9514 | boundary_weight_mean: 6.4031 | distance_boundary_weight_mean: 6.4031
2026-07-18 03:03:41,132:INFO:epoch: 46 | loss: 0.6176 | bce: 0.2795 | raw_bce: 0.2299 | dice_loss: 0.3327 | distance_loss: 0.0109 | raw_distance_loss: 0.0489 | weighted_distance_loss: 0.0054 | distance_loss_fraction: 0.0087 | tv_loss: 2357.9012 | boundary_weight_mean: 6.3947 | distance_boundary_weight_mean: 6.3947 | eval_loss: 0.7114 | eval_bce: 0.3987 | eval_raw_bce: 0.2408 | eval_dice_loss: 0.3031 | eval_distance_loss: 0.0191 | eval_raw_distance_loss: 0.0543 | eval_weighted_distance_loss: 0.0096 | eval_distance_loss_fraction: 0.0126 | eval_tv_loss: 2465.7663 | eval_boundary_weight_mean: 4.6877 | eval_distance_boundary_weight_mean: 4.6877 | eval_pixel_iou: 0.7279 | eval_miou: 0.6794 | eval_boundary_iou: 0.3555
2026-07-18 03:06:03,568:INFO:epoch: 47 | loss: 0.6177 | bce: 0.2791 | raw_bce: 0.2301 | dice_loss: 0.3331 | distance_loss: 0.0108 | raw_distance_loss: 0.0491 | weighted_distance_loss: 0.0054 | distance_loss_fraction: 0.0087 | tv_loss: 2364.2112 | boundary_weight_mean: 6.4024 | distance_boundary_weight_mean: 6.4024
2026-07-18 03:08:32,526:INFO:epoch: 48 | loss: 0.6169 | bce: 0.2788 | raw_bce: 0.2297 | dice_loss: 0.3327 | distance_loss: 0.0108 | raw_distance_loss: 0.0486 | weighted_distance_loss: 0.0054 | distance_loss_fraction: 0.0087 | tv_loss: 2359.4641 | boundary_weight_mean: 6.4114 | distance_boundary_weight_mean: 6.4114 | eval_loss: 0.7100 | eval_bce: 0.3977 | eval_raw_bce: 0.2450 | eval_dice_loss: 0.3027 | eval_distance_loss: 0.0191 | eval_raw_distance_loss: 0.0540 | eval_weighted_distance_loss: 0.0095 | eval_distance_loss_fraction: 0.0126 | eval_tv_loss: 2493.3461 | eval_boundary_weight_mean: 4.6877 | eval_distance_boundary_weight_mean: 4.6877 | eval_pixel_iou: 0.7261 | eval_miou: 0.6746 | eval_boundary_iou: 0.3501
2026-07-18 03:10:54,912:INFO:epoch: 49 | loss: 0.6193 | bce: 0.2802 | raw_bce: 0.2306 | dice_loss: 0.3337 | distance_loss: 0.0109 | raw_distance_loss: 0.0488 | weighted_distance_loss: 0.0054 | distance_loss_fraction: 0.0087 | tv_loss: 2361.3219 | boundary_weight_mean: 6.3967 | distance_boundary_weight_mean: 6.3967
2026-07-18 03:13:24,119:INFO:epoch: 50 | loss: 0.6200 | bce: 0.2808 | raw_bce: 0.2316 | dice_loss: 0.3337 | distance_loss: 0.0109 | raw_distance_loss: 0.0493 | weighted_distance_loss: 0.0055 | distance_loss_fraction: 0.0088 | tv_loss: 2362.4453 | boundary_weight_mean: 6.3930 | distance_boundary_weight_mean: 6.3930 | eval_loss: 0.7117 | eval_bce: 0.3991 | eval_raw_bce: 0.2431 | eval_dice_loss: 0.3030 | eval_distance_loss: 0.0193 | eval_raw_distance_loss: 0.0543 | eval_weighted_distance_loss: 0.0097 | eval_distance_loss_fraction: 0.0128 | eval_tv_loss: 2451.3874 | eval_boundary_weight_mean: 4.6877 | eval_distance_boundary_weight_mean: 4.6877 | eval_pixel_iou: 0.7270 | eval_miou: 0.6786 | eval_boundary_iou: 0.3540
2026-07-18 03:15:46,620:INFO:epoch: 51 | loss: 0.6198 | bce: 0.2800 | raw_bce: 0.2309 | dice_loss: 0.3344 | distance_loss: 0.0108 | raw_distance_loss: 0.0489 | weighted_distance_loss: 0.0054 | distance_loss_fraction: 0.0087 | tv_loss: 2360.7633 | boundary_weight_mean: 6.4017 | distance_boundary_weight_mean: 6.4017
2026-07-18 03:18:16,083:INFO:epoch: 52 | loss: 0.6207 | bce: 0.2805 | raw_bce: 0.2320 | dice_loss: 0.3347 | distance_loss: 0.0109 | raw_distance_loss: 0.0492 | weighted_distance_loss: 0.0055 | distance_loss_fraction: 0.0088 | tv_loss: 2354.7431 | boundary_weight_mean: 6.4089 | distance_boundary_weight_mean: 6.4089 | eval_loss: 0.7088 | eval_bce: 0.3933 | eval_raw_bce: 0.2400 | eval_dice_loss: 0.3061 | eval_distance_loss: 0.0188 | eval_raw_distance_loss: 0.0544 | eval_weighted_distance_loss: 0.0094 | eval_distance_loss_fraction: 0.0126 | eval_tv_loss: 2486.4754 | eval_boundary_weight_mean: 4.6877 | eval_distance_boundary_weight_mean: 4.6877 | eval_pixel_iou: 0.7277 | eval_miou: 0.6788 | eval_boundary_iou: 0.3564
2026-07-18 03:20:38,807:INFO:epoch: 53 | loss: 0.6209 | bce: 0.2804 | raw_bce: 0.2334 | dice_loss: 0.3350 | distance_loss: 0.0110 | raw_distance_loss: 0.0495 | weighted_distance_loss: 0.0055 | distance_loss_fraction: 0.0088 | tv_loss: 2362.9457 | boundary_weight_mean: 6.4186 | distance_boundary_weight_mean: 6.4186
2026-07-18 03:23:08,047:INFO:epoch: 54 | loss: 0.6206 | bce: 0.2805 | raw_bce: 0.2317 | dice_loss: 0.3346 | distance_loss: 0.0109 | raw_distance_loss: 0.0490 | weighted_distance_loss: 0.0054 | distance_loss_fraction: 0.0087 | tv_loss: 2361.8660 | boundary_weight_mean: 6.4034 | distance_boundary_weight_mean: 6.4034 | eval_loss: 0.7133 | eval_bce: 0.3975 | eval_raw_bce: 0.2430 | eval_dice_loss: 0.3062 | eval_distance_loss: 0.0190 | eval_raw_distance_loss: 0.0551 | eval_weighted_distance_loss: 0.0095 | eval_distance_loss_fraction: 0.0126 | eval_tv_loss: 2483.8217 | eval_boundary_weight_mean: 4.6877 | eval_distance_boundary_weight_mean: 4.6877 | eval_pixel_iou: 0.7245 | eval_miou: 0.6733 | eval_boundary_iou: 0.3519
2026-07-18 03:25:30,517:INFO:epoch: 55 | loss: 0.6232 | bce: 0.2820 | raw_bce: 0.2346 | dice_loss: 0.3357 | distance_loss: 0.0110 | raw_distance_loss: 0.0495 | weighted_distance_loss: 0.0055 | distance_loss_fraction: 0.0088 | tv_loss: 2364.5761 | boundary_weight_mean: 6.3931 | distance_boundary_weight_mean: 6.3931
2026-07-18 03:27:59,573:INFO:epoch: 56 | loss: 0.6236 | bce: 0.2821 | raw_bce: 0.2324 | dice_loss: 0.3360 | distance_loss: 0.0110 | raw_distance_loss: 0.0495 | weighted_distance_loss: 0.0055 | distance_loss_fraction: 0.0088 | tv_loss: 2363.8637 | boundary_weight_mean: 6.3968 | distance_boundary_weight_mean: 6.3968 | eval_loss: 0.7131 | eval_bce: 0.3940 | eval_raw_bce: 0.2458 | eval_dice_loss: 0.3094 | eval_distance_loss: 0.0193 | eval_raw_distance_loss: 0.0564 | eval_weighted_distance_loss: 0.0096 | eval_distance_loss_fraction: 0.0128 | eval_tv_loss: 2512.5922 | eval_boundary_weight_mean: 4.6877 | eval_distance_boundary_weight_mean: 4.6877 | eval_pixel_iou: 0.7221 | eval_miou: 0.6702 | eval_boundary_iou: 0.3510
2026-07-18 03:30:21,740:INFO:epoch: 57 | loss: 0.6224 | bce: 0.2820 | raw_bce: 0.2347 | dice_loss: 0.3349 | distance_loss: 0.0110 | raw_distance_loss: 0.0496 | weighted_distance_loss: 0.0055 | distance_loss_fraction: 0.0088 | tv_loss: 2356.4158 | boundary_weight_mean: 6.3994 | distance_boundary_weight_mean: 6.3994
2026-07-18 03:32:50,781:INFO:epoch: 58 | loss: 0.6244 | bce: 0.2819 | raw_bce: 0.2352 | dice_loss: 0.3370 | distance_loss: 0.0111 | raw_distance_loss: 0.0498 | weighted_distance_loss: 0.0055 | distance_loss_fraction: 0.0088 | tv_loss: 2365.9918 | boundary_weight_mean: 6.4010 | distance_boundary_weight_mean: 6.4010 | eval_loss: 0.7216 | eval_bce: 0.4017 | eval_raw_bce: 0.2542 | eval_dice_loss: 0.3098 | eval_distance_loss: 0.0201 | eval_raw_distance_loss: 0.0570 | eval_weighted_distance_loss: 0.0100 | eval_distance_loss_fraction: 0.0130 | eval_tv_loss: 2479.8519 | eval_boundary_weight_mean: 4.6877 | eval_distance_boundary_weight_mean: 4.6877 | eval_pixel_iou: 0.7183 | eval_miou: 0.6687 | eval_boundary_iou: 0.3521
2026-07-18 03:35:13,092:INFO:epoch: 59 | loss: 0.6236 | bce: 0.2820 | raw_bce: 0.2342 | dice_loss: 0.3362 | distance_loss: 0.0110 | raw_distance_loss: 0.0494 | weighted_distance_loss: 0.0055 | distance_loss_fraction: 0.0088 | tv_loss: 2359.3276 | boundary_weight_mean: 6.4017 | distance_boundary_weight_mean: 6.4017
2026-07-18 03:37:42,832:INFO:epoch: 60 | loss: 0.6263 | bce: 0.2823 | raw_bce: 0.2362 | dice_loss: 0.3384 | distance_loss: 0.0111 | raw_distance_loss: 0.0503 | weighted_distance_loss: 0.0056 | distance_loss_fraction: 0.0088 | tv_loss: 2373.7020 | boundary_weight_mean: 6.4126 | distance_boundary_weight_mean: 6.4126 | eval_loss: 0.7259 | eval_bce: 0.4057 | eval_raw_bce: 0.2522 | eval_dice_loss: 0.3105 | eval_distance_loss: 0.0195 | eval_raw_distance_loss: 0.0539 | eval_weighted_distance_loss: 0.0097 | eval_distance_loss_fraction: 0.0127 | eval_tv_loss: 2453.9460 | eval_boundary_weight_mean: 4.6877 | eval_distance_boundary_weight_mean: 4.6877 | eval_pixel_iou: 0.7191 | eval_miou: 0.6668 | eval_boundary_iou: 0.3481
