2026-07-18 13:53:07,444:INFO:DualHeadUNet(
  (inc): DoubleConv(
    (block): Sequential(
      (0): Conv2d(8, 32, kernel_size=(3, 3), stride=(1, 1), padding=(1, 1), bias=False)
      (1): BatchNorm2d(32, eps=1e-05, momentum=0.1, affine=True, track_running_stats=True)
      (2): ReLU(inplace=True)
      (3): Conv2d(32, 32, kernel_size=(3, 3), stride=(1, 1), padding=(1, 1), bias=False)
      (4): BatchNorm2d(32, eps=1e-05, momentum=0.1, affine=True, track_running_stats=True)
      (5): ReLU(inplace=True)
    )
  )
  (down1): Down(
    (block): Sequential(
      (0): MaxPool2d(kernel_size=2, stride=2, padding=0, dilation=1, ceil_mode=False)
      (1): DoubleConv(
        (block): Sequential(
          (0): Conv2d(32, 64, kernel_size=(3, 3), stride=(1, 1), padding=(1, 1), bias=False)
          (1): BatchNorm2d(64, eps=1e-05, momentum=0.1, affine=True, track_running_stats=True)
          (2): ReLU(inplace=True)
          (3): Conv2d(64, 64, kernel_size=(3, 3), stride=(1, 1), padding=(1, 1), bias=False)
          (4): BatchNorm2d(64, eps=1e-05, momentum=0.1, affine=True, track_running_stats=True)
          (5): ReLU(inplace=True)
        )
      )
    )
  )
  (down2): Down(
    (block): Sequential(
      (0): MaxPool2d(kernel_size=2, stride=2, padding=0, dilation=1, ceil_mode=False)
      (1): DoubleConv(
        (block): Sequential(
          (0): Conv2d(64, 128, kernel_size=(3, 3), stride=(1, 1), padding=(1, 1), bias=False)
          (1): BatchNorm2d(128, eps=1e-05, momentum=0.1, affine=True, track_running_stats=True)
          (2): ReLU(inplace=True)
          (3): Conv2d(128, 128, kernel_size=(3, 3), stride=(1, 1), padding=(1, 1), bias=False)
          (4): BatchNorm2d(128, eps=1e-05, momentum=0.1, affine=True, track_running_stats=True)
          (5): ReLU(inplace=True)
        )
      )
    )
  )
  (down3): Down(
    (block): Sequential(
      (0): MaxPool2d(kernel_size=2, stride=2, padding=0, dilation=1, ceil_mode=False)
      (1): DoubleConv(
        (block): Sequential(
          (0): Conv2d(128, 256, kernel_size=(3, 3), stride=(1, 1), padding=(1, 1), bias=False)
          (1): BatchNorm2d(256, eps=1e-05, momentum=0.1, affine=True, track_running_stats=True)
          (2): ReLU(inplace=True)
          (3): Conv2d(256, 256, kernel_size=(3, 3), stride=(1, 1), padding=(1, 1), bias=False)
          (4): BatchNorm2d(256, eps=1e-05, momentum=0.1, affine=True, track_running_stats=True)
          (5): ReLU(inplace=True)
        )
      )
    )
  )
  (down4): Down(
    (block): Sequential(
      (0): MaxPool2d(kernel_size=2, stride=2, padding=0, dilation=1, ceil_mode=False)
      (1): DoubleConv(
        (block): Sequential(
          (0): Conv2d(256, 512, kernel_size=(3, 3), stride=(1, 1), padding=(1, 1), bias=False)
          (1): BatchNorm2d(512, eps=1e-05, momentum=0.1, affine=True, track_running_stats=True)
          (2): ReLU(inplace=True)
          (3): Conv2d(512, 512, kernel_size=(3, 3), stride=(1, 1), padding=(1, 1), bias=False)
          (4): BatchNorm2d(512, eps=1e-05, momentum=0.1, affine=True, track_running_stats=True)
          (5): ReLU(inplace=True)
        )
      )
    )
  )
  (up1): Up(
    (up): ConvTranspose2d(512, 256, kernel_size=(2, 2), stride=(2, 2))
    (conv): DoubleConv(
      (block): Sequential(
        (0): Conv2d(512, 256, kernel_size=(3, 3), stride=(1, 1), padding=(1, 1), bias=False)
        (1): BatchNorm2d(256, eps=1e-05, momentum=0.1, affine=True, track_running_stats=True)
        (2): ReLU(inplace=True)
        (3): Conv2d(256, 256, kernel_size=(3, 3), stride=(1, 1), padding=(1, 1), bias=False)
        (4): BatchNorm2d(256, eps=1e-05, momentum=0.1, affine=True, track_running_stats=True)
        (5): ReLU(inplace=True)
      )
    )
  )
  (up2): Up(
    (up): ConvTranspose2d(256, 128, kernel_size=(2, 2), stride=(2, 2))
    (conv): DoubleConv(
      (block): Sequential(
        (0): Conv2d(256, 128, kernel_size=(3, 3), stride=(1, 1), padding=(1, 1), bias=False)
        (1): BatchNorm2d(128, eps=1e-05, momentum=0.1, affine=True, track_running_stats=True)
        (2): ReLU(inplace=True)
        (3): Conv2d(128, 128, kernel_size=(3, 3), stride=(1, 1), padding=(1, 1), bias=False)
        (4): BatchNorm2d(128, eps=1e-05, momentum=0.1, affine=True, track_running_stats=True)
        (5): ReLU(inplace=True)
      )
    )
  )
  (up3): Up(
    (up): ConvTranspose2d(128, 64, kernel_size=(2, 2), stride=(2, 2))
    (conv): DoubleConv(
      (block): Sequential(
        (0): Conv2d(128, 64, kernel_size=(3, 3), stride=(1, 1), padding=(1, 1), bias=False)
        (1): BatchNorm2d(64, eps=1e-05, momentum=0.1, affine=True, track_running_stats=True)
        (2): ReLU(inplace=True)
        (3): Conv2d(64, 64, kernel_size=(3, 3), stride=(1, 1), padding=(1, 1), bias=False)
        (4): BatchNorm2d(64, eps=1e-05, momentum=0.1, affine=True, track_running_stats=True)
        (5): ReLU(inplace=True)
      )
    )
  )
  (up4): Up(
    (up): ConvTranspose2d(64, 32, kernel_size=(2, 2), stride=(2, 2))
    (conv): DoubleConv(
      (block): Sequential(
        (0): Conv2d(64, 32, kernel_size=(3, 3), stride=(1, 1), padding=(1, 1), bias=False)
        (1): BatchNorm2d(32, eps=1e-05, momentum=0.1, affine=True, track_running_stats=True)
        (2): ReLU(inplace=True)
        (3): Conv2d(32, 32, kernel_size=(3, 3), stride=(1, 1), padding=(1, 1), bias=False)
        (4): BatchNorm2d(32, eps=1e-05, momentum=0.1, affine=True, track_running_stats=True)
        (5): ReLU(inplace=True)
      )
    )
  )
  (mask_head): Conv2d(32, 1, kernel_size=(1, 1), stride=(1, 1))
  (distance_head): Sequential(
    (0): Conv2d(32, 32, kernel_size=(3, 3), stride=(1, 1), padding=(1, 1), bias=False)
    (1): BatchNorm2d(32, eps=1e-05, momentum=0.1, affine=True, track_running_stats=True)
    (2): ReLU(inplace=True)
    (3): Conv2d(32, 1, kernel_size=(1, 1), stride=(1, 1))
  )
)
Trainable parameters by tensor:
  inc.block.0.weight: 2,304
  inc.block.1.weight: 32
  inc.block.1.bias: 32
  inc.block.3.weight: 9,216
  inc.block.4.weight: 32
  inc.block.4.bias: 32
  down1.block.1.block.0.weight: 18,432
  down1.block.1.block.1.weight: 64
  down1.block.1.block.1.bias: 64
  down1.block.1.block.3.weight: 36,864
  down1.block.1.block.4.weight: 64
  down1.block.1.block.4.bias: 64
  down2.block.1.block.0.weight: 73,728
  down2.block.1.block.1.weight: 128
  down2.block.1.block.1.bias: 128
  down2.block.1.block.3.weight: 147,456
  down2.block.1.block.4.weight: 128
  down2.block.1.block.4.bias: 128
  down3.block.1.block.0.weight: 294,912
  down3.block.1.block.1.weight: 256
  down3.block.1.block.1.bias: 256
  down3.block.1.block.3.weight: 589,824
  down3.block.1.block.4.weight: 256
  down3.block.1.block.4.bias: 256
  down4.block.1.block.0.weight: 1,179,648
  down4.block.1.block.1.weight: 512
  down4.block.1.block.1.bias: 512
  down4.block.1.block.3.weight: 2,359,296
  down4.block.1.block.4.weight: 512
  down4.block.1.block.4.bias: 512
  up1.up.weight: 524,288
  up1.up.bias: 256
  up1.conv.block.0.weight: 1,179,648
  up1.conv.block.1.weight: 256
  up1.conv.block.1.bias: 256
  up1.conv.block.3.weight: 589,824
  up1.conv.block.4.weight: 256
  up1.conv.block.4.bias: 256
  up2.up.weight: 131,072
  up2.up.bias: 128
  up2.conv.block.0.weight: 294,912
  up2.conv.block.1.weight: 128
  up2.conv.block.1.bias: 128
  up2.conv.block.3.weight: 147,456
  up2.conv.block.4.weight: 128
  up2.conv.block.4.bias: 128
  up3.up.weight: 32,768
  up3.up.bias: 64
  up3.conv.block.0.weight: 73,728
  up3.conv.block.1.weight: 64
  up3.conv.block.1.bias: 64
  up3.conv.block.3.weight: 36,864
  up3.conv.block.4.weight: 64
  up3.conv.block.4.bias: 64
  up4.up.weight: 8,192
  up4.up.bias: 32
  up4.conv.block.0.weight: 18,432
  up4.conv.block.1.weight: 32
  up4.conv.block.1.bias: 32
  up4.conv.block.3.weight: 9,216
  up4.conv.block.4.weight: 32
  up4.conv.block.4.bias: 32
  mask_head.weight: 32
  mask_head.bias: 1
  distance_head.0.weight: 9,216
  distance_head.1.weight: 32
  distance_head.1.bias: 32
  distance_head.3.weight: 32
  distance_head.3.bias: 1
Total trainable parameters: 7,773,794
2026-07-18 13:53:07,446:INFO:------------ New Training Session ------------
2026-07-18 13:55:22,511:INFO:epoch: 1 | loss: 0.6581 | dice_loss: 0.5024 | distance_loss: 0.0311 | raw_distance_loss: 0.0877 | boundary_weight_mean: 3.7117
2026-07-18 13:58:49,436:INFO:epoch: 2 | loss: 0.5252 | dice_loss: 0.4020 | distance_loss: 0.0247 | raw_distance_loss: 0.0700 | boundary_weight_mean: 3.7111 | eval_loss: 0.5279 | eval_dice_loss: 0.3421 | eval_distance_loss: 0.0372 | eval_raw_distance_loss: 0.0673 | eval_boundary_weight_mean: 2.8446 | eval_pixel_iou: 0.6331 | eval_miou: 0.5935 | eval_boundary_iou: 0.1515
2026-07-18 14:01:08,325:INFO:epoch: 3 | loss: 0.4911 | dice_loss: 0.3756 | distance_loss: 0.0231 | raw_distance_loss: 0.0656 | boundary_weight_mean: 3.6952
2026-07-18 14:04:14,075:INFO:epoch: 4 | loss: 0.4677 | dice_loss: 0.3614 | distance_loss: 0.0213 | raw_distance_loss: 0.0609 | boundary_weight_mean: 3.7062 | eval_loss: 0.4918 | eval_dice_loss: 0.3216 | eval_distance_loss: 0.0340 | eval_raw_distance_loss: 0.0602 | eval_boundary_weight_mean: 2.8446 | eval_pixel_iou: 0.6507 | eval_miou: 0.6148 | eval_boundary_iou: 0.1820
2026-07-18 14:06:30,282:INFO:epoch: 5 | loss: 0.4560 | dice_loss: 0.3525 | distance_loss: 0.0207 | raw_distance_loss: 0.0589 | boundary_weight_mean: 3.6981
2026-07-18 14:08:54,758:INFO:epoch: 6 | loss: 0.4498 | dice_loss: 0.3486 | distance_loss: 0.0202 | raw_distance_loss: 0.0574 | boundary_weight_mean: 3.6987 | eval_loss: 0.4937 | eval_dice_loss: 0.3232 | eval_distance_loss: 0.0341 | eval_raw_distance_loss: 0.0678 | eval_boundary_weight_mean: 2.8446 | eval_pixel_iou: 0.6457 | eval_miou: 0.5989 | eval_boundary_iou: 0.1751
2026-07-18 14:11:09,417:INFO:epoch: 7 | loss: 0.4432 | dice_loss: 0.3444 | distance_loss: 0.0198 | raw_distance_loss: 0.0563 | boundary_weight_mean: 3.7071
2026-07-18 14:14:13,576:INFO:epoch: 8 | loss: 0.4377 | dice_loss: 0.3409 | distance_loss: 0.0194 | raw_distance_loss: 0.0550 | boundary_weight_mean: 3.7001 | eval_loss: 0.4658 | eval_dice_loss: 0.3095 | eval_distance_loss: 0.0313 | eval_raw_distance_loss: 0.0602 | eval_boundary_weight_mean: 2.8446 | eval_pixel_iou: 0.6618 | eval_miou: 0.6259 | eval_boundary_iou: 0.2083
2026-07-18 14:16:32,139:INFO:epoch: 9 | loss: 0.4333 | dice_loss: 0.3383 | distance_loss: 0.0190 | raw_distance_loss: 0.0542 | boundary_weight_mean: 3.6975
2026-07-18 14:19:44,700:INFO:epoch: 10 | loss: 0.4287 | dice_loss: 0.3358 | distance_loss: 0.0186 | raw_distance_loss: 0.0529 | boundary_weight_mean: 3.6960 | eval_loss: 0.4496 | eval_dice_loss: 0.2980 | eval_distance_loss: 0.0303 | eval_raw_distance_loss: 0.0605 | eval_boundary_weight_mean: 2.8446 | eval_pixel_iou: 0.6769 | eval_miou: 0.6420 | eval_boundary_iou: 0.2287
2026-07-18 14:22:03,019:INFO:epoch: 11 | loss: 0.4278 | dice_loss: 0.3344 | distance_loss: 0.0187 | raw_distance_loss: 0.0530 | boundary_weight_mean: 3.6922
2026-07-18 14:25:30,988:INFO:epoch: 12 | loss: 0.4262 | dice_loss: 0.3336 | distance_loss: 0.0185 | raw_distance_loss: 0.0526 | boundary_weight_mean: 3.6926 | eval_loss: 0.4630 | eval_dice_loss: 0.3105 | eval_distance_loss: 0.0305 | eval_raw_distance_loss: 0.0569 | eval_boundary_weight_mean: 2.8446 | eval_pixel_iou: 0.6653 | eval_miou: 0.6220 | eval_boundary_iou: 0.2300
2026-07-18 14:27:48,010:INFO:epoch: 13 | loss: 0.4216 | dice_loss: 0.3305 | distance_loss: 0.0182 | raw_distance_loss: 0.0517 | boundary_weight_mean: 3.7014
2026-07-18 14:30:46,989:INFO:epoch: 14 | loss: 0.4213 | dice_loss: 0.3309 | distance_loss: 0.0181 | raw_distance_loss: 0.0516 | boundary_weight_mean: 3.7133 | eval_loss: 0.4491 | eval_dice_loss: 0.3014 | eval_distance_loss: 0.0295 | eval_raw_distance_loss: 0.0551 | eval_boundary_weight_mean: 2.8446 | eval_pixel_iou: 0.6798 | eval_miou: 0.6307 | eval_boundary_iou: 0.2422
2026-07-18 14:33:08,087:INFO:epoch: 15 | loss: 0.4191 | dice_loss: 0.3293 | distance_loss: 0.0180 | raw_distance_loss: 0.0508 | boundary_weight_mean: 3.7006
2026-07-18 14:35:31,902:INFO:epoch: 16 | loss: 0.4147 | dice_loss: 0.3268 | distance_loss: 0.0176 | raw_distance_loss: 0.0498 | boundary_weight_mean: 3.7028 | eval_loss: 0.4399 | eval_dice_loss: 0.2957 | eval_distance_loss: 0.0289 | eval_raw_distance_loss: 0.0552 | eval_boundary_weight_mean: 2.8446 | eval_pixel_iou: 0.6780 | eval_miou: 0.6365 | eval_boundary_iou: 0.2394
2026-07-18 14:37:47,243:INFO:epoch: 17 | loss: 0.4146 | dice_loss: 0.3268 | distance_loss: 0.0176 | raw_distance_loss: 0.0495 | boundary_weight_mean: 3.6988
2026-07-18 14:40:27,696:INFO:epoch: 18 | loss: 0.4111 | dice_loss: 0.3248 | distance_loss: 0.0173 | raw_distance_loss: 0.0488 | boundary_weight_mean: 3.7054 | eval_loss: 0.4317 | eval_dice_loss: 0.2934 | eval_distance_loss: 0.0277 | eval_raw_distance_loss: 0.0532 | eval_boundary_weight_mean: 2.8446 | eval_pixel_iou: 0.6856 | eval_miou: 0.6377 | eval_boundary_iou: 0.2503
2026-07-18 14:42:42,728:INFO:epoch: 19 | loss: 0.4104 | dice_loss: 0.3248 | distance_loss: 0.0171 | raw_distance_loss: 0.0482 | boundary_weight_mean: 3.6970
2026-07-18 14:45:03,571:INFO:epoch: 20 | loss: 0.4070 | dice_loss: 0.3225 | distance_loss: 0.0169 | raw_distance_loss: 0.0476 | boundary_weight_mean: 3.7039 | eval_loss: 0.4222 | eval_dice_loss: 0.2908 | eval_distance_loss: 0.0263 | eval_raw_distance_loss: 0.0512 | eval_boundary_weight_mean: 2.8446 | eval_pixel_iou: 0.6908 | eval_miou: 0.6382 | eval_boundary_iou: 0.2434
2026-07-18 14:47:18,003:INFO:epoch: 21 | loss: 0.4037 | dice_loss: 0.3206 | distance_loss: 0.0166 | raw_distance_loss: 0.0466 | boundary_weight_mean: 3.6984
2026-07-18 14:50:11,358:INFO:epoch: 22 | loss: 0.4045 | dice_loss: 0.3212 | distance_loss: 0.0167 | raw_distance_loss: 0.0464 | boundary_weight_mean: 3.6899 | eval_loss: 0.4197 | eval_dice_loss: 0.2894 | eval_distance_loss: 0.0261 | eval_raw_distance_loss: 0.0492 | eval_boundary_weight_mean: 2.8446 | eval_pixel_iou: 0.6928 | eval_miou: 0.6440 | eval_boundary_iou: 0.2519
2026-07-18 14:52:26,443:INFO:epoch: 23 | loss: 0.4003 | dice_loss: 0.3193 | distance_loss: 0.0162 | raw_distance_loss: 0.0454 | boundary_weight_mean: 3.7085
2026-07-18 14:55:53,299:INFO:epoch: 24 | loss: 0.3984 | dice_loss: 0.3182 | distance_loss: 0.0160 | raw_distance_loss: 0.0448 | boundary_weight_mean: 3.7027 | eval_loss: 0.4118 | eval_dice_loss: 0.2862 | eval_distance_loss: 0.0251 | eval_raw_distance_loss: 0.0468 | eval_boundary_weight_mean: 2.8446 | eval_pixel_iou: 0.6993 | eval_miou: 0.6538 | eval_boundary_iou: 0.2605
2026-07-18 14:58:07,627:INFO:epoch: 25 | loss: 0.3973 | dice_loss: 0.3174 | distance_loss: 0.0160 | raw_distance_loss: 0.0444 | boundary_weight_mean: 3.6955
2026-07-18 15:00:30,334:INFO:epoch: 26 | loss: 0.3968 | dice_loss: 0.3171 | distance_loss: 0.0159 | raw_distance_loss: 0.0444 | boundary_weight_mean: 3.7035 | eval_loss: 0.4098 | eval_dice_loss: 0.2860 | eval_distance_loss: 0.0248 | eval_raw_distance_loss: 0.0477 | eval_boundary_weight_mean: 2.8446 | eval_pixel_iou: 0.6985 | eval_miou: 0.6350 | eval_boundary_iou: 0.2529
2026-07-18 15:02:45,366:INFO:epoch: 27 | loss: 0.3930 | dice_loss: 0.3145 | distance_loss: 0.0157 | raw_distance_loss: 0.0432 | boundary_weight_mean: 3.6926
2026-07-18 15:05:37,648:INFO:epoch: 28 | loss: 0.3924 | dice_loss: 0.3149 | distance_loss: 0.0155 | raw_distance_loss: 0.0428 | boundary_weight_mean: 3.7003 | eval_loss: 0.4069 | eval_dice_loss: 0.2845 | eval_distance_loss: 0.0245 | eval_raw_distance_loss: 0.0456 | eval_boundary_weight_mean: 2.8446 | eval_pixel_iou: 0.7026 | eval_miou: 0.6487 | eval_boundary_iou: 0.2638
2026-07-18 15:07:53,480:INFO:epoch: 29 | loss: 0.3914 | dice_loss: 0.3148 | distance_loss: 0.0153 | raw_distance_loss: 0.0421 | boundary_weight_mean: 3.7032
2026-07-18 15:10:53,634:INFO:epoch: 30 | loss: 0.3895 | dice_loss: 0.3130 | distance_loss: 0.0153 | raw_distance_loss: 0.0420 | boundary_weight_mean: 3.7024 | eval_loss: 0.4049 | eval_dice_loss: 0.2826 | eval_distance_loss: 0.0245 | eval_raw_distance_loss: 0.0462 | eval_boundary_weight_mean: 2.8446 | eval_pixel_iou: 0.7048 | eval_miou: 0.6527 | eval_boundary_iou: 0.2680
2026-07-18 15:13:04,547:INFO:epoch: 31 | loss: 0.3880 | dice_loss: 0.3127 | distance_loss: 0.0151 | raw_distance_loss: 0.0412 | boundary_weight_mean: 3.6968
2026-07-18 15:15:34,988:INFO:epoch: 32 | loss: 0.3865 | dice_loss: 0.3120 | distance_loss: 0.0149 | raw_distance_loss: 0.0407 | boundary_weight_mean: 3.6994 | eval_loss: 0.3996 | eval_dice_loss: 0.2814 | eval_distance_loss: 0.0237 | eval_raw_distance_loss: 0.0445 | eval_boundary_weight_mean: 2.8446 | eval_pixel_iou: 0.7071 | eval_miou: 0.6587 | eval_boundary_iou: 0.2758
2026-07-18 15:17:42,274:INFO:epoch: 33 | loss: 0.3858 | dice_loss: 0.3115 | distance_loss: 0.0149 | raw_distance_loss: 0.0405 | boundary_weight_mean: 3.7047
2026-07-18 15:19:58,319:INFO:epoch: 34 | loss: 0.3851 | dice_loss: 0.3115 | distance_loss: 0.0147 | raw_distance_loss: 0.0400 | boundary_weight_mean: 3.7005 | eval_loss: 0.4024 | eval_dice_loss: 0.2824 | eval_distance_loss: 0.0240 | eval_raw_distance_loss: 0.0452 | eval_boundary_weight_mean: 2.8446 | eval_pixel_iou: 0.7069 | eval_miou: 0.6538 | eval_boundary_iou: 0.2699
2026-07-18 15:22:10,106:INFO:epoch: 35 | loss: 0.3826 | dice_loss: 0.3098 | distance_loss: 0.0146 | raw_distance_loss: 0.0396 | boundary_weight_mean: 3.7070
2026-07-18 15:24:25,276:INFO:epoch: 36 | loss: 0.3823 | dice_loss: 0.3098 | distance_loss: 0.0145 | raw_distance_loss: 0.0394 | boundary_weight_mean: 3.6965 | eval_loss: 0.3965 | eval_dice_loss: 0.2802 | eval_distance_loss: 0.0233 | eval_raw_distance_loss: 0.0440 | eval_boundary_weight_mean: 2.8446 | eval_pixel_iou: 0.7097 | eval_miou: 0.6554 | eval_boundary_iou: 0.2708
2026-07-18 15:26:32,901:INFO:epoch: 37 | loss: 0.3832 | dice_loss: 0.3107 | distance_loss: 0.0145 | raw_distance_loss: 0.0394 | boundary_weight_mean: 3.7039
2026-07-18 15:28:48,743:INFO:epoch: 38 | loss: 0.3824 | dice_loss: 0.3103 | distance_loss: 0.0144 | raw_distance_loss: 0.0391 | boundary_weight_mean: 3.6995 | eval_loss: 0.3953 | eval_dice_loss: 0.2795 | eval_distance_loss: 0.0232 | eval_raw_distance_loss: 0.0437 | eval_boundary_weight_mean: 2.8446 | eval_pixel_iou: 0.7120 | eval_miou: 0.6606 | eval_boundary_iou: 0.2753
2026-07-18 15:30:58,072:INFO:epoch: 39 | loss: 0.3821 | dice_loss: 0.3099 | distance_loss: 0.0144 | raw_distance_loss: 0.0390 | boundary_weight_mean: 3.6960
2026-07-18 15:33:14,946:INFO:epoch: 40 | loss: 0.3811 | dice_loss: 0.3093 | distance_loss: 0.0144 | raw_distance_loss: 0.0390 | boundary_weight_mean: 3.7048 | eval_loss: 0.3963 | eval_dice_loss: 0.2796 | eval_distance_loss: 0.0233 | eval_raw_distance_loss: 0.0441 | eval_boundary_weight_mean: 2.8446 | eval_pixel_iou: 0.7112 | eval_miou: 0.6557 | eval_boundary_iou: 0.2709
2026-07-18 15:35:22,566:INFO:epoch: 41 | loss: 0.3820 | dice_loss: 0.3095 | distance_loss: 0.0145 | raw_distance_loss: 0.0393 | boundary_weight_mean: 3.7002
2026-07-18 15:37:40,004:INFO:epoch: 42 | loss: 0.3816 | dice_loss: 0.3098 | distance_loss: 0.0144 | raw_distance_loss: 0.0390 | boundary_weight_mean: 3.7051 | eval_loss: 0.3964 | eval_dice_loss: 0.2803 | eval_distance_loss: 0.0232 | eval_raw_distance_loss: 0.0431 | eval_boundary_weight_mean: 2.8446 | eval_pixel_iou: 0.7119 | eval_miou: 0.6565 | eval_boundary_iou: 0.2728
2026-07-18 15:39:50,455:INFO:epoch: 43 | loss: 0.3817 | dice_loss: 0.3099 | distance_loss: 0.0144 | raw_distance_loss: 0.0390 | boundary_weight_mean: 3.7072
2026-07-18 15:42:05,850:INFO:epoch: 44 | loss: 0.3817 | dice_loss: 0.3098 | distance_loss: 0.0144 | raw_distance_loss: 0.0390 | boundary_weight_mean: 3.7055 | eval_loss: 0.3972 | eval_dice_loss: 0.2806 | eval_distance_loss: 0.0233 | eval_raw_distance_loss: 0.0434 | eval_boundary_weight_mean: 2.8446 | eval_pixel_iou: 0.7116 | eval_miou: 0.6541 | eval_boundary_iou: 0.2688
2026-07-18 15:44:13,729:INFO:epoch: 45 | loss: 0.3823 | dice_loss: 0.3101 | distance_loss: 0.0144 | raw_distance_loss: 0.0392 | boundary_weight_mean: 3.6978
2026-07-18 15:47:06,559:INFO:epoch: 46 | loss: 0.3814 | dice_loss: 0.3093 | distance_loss: 0.0144 | raw_distance_loss: 0.0391 | boundary_weight_mean: 3.6973 | eval_loss: 0.3956 | eval_dice_loss: 0.2798 | eval_distance_loss: 0.0232 | eval_raw_distance_loss: 0.0435 | eval_boundary_weight_mean: 2.8446 | eval_pixel_iou: 0.7106 | eval_miou: 0.6618 | eval_boundary_iou: 0.2762
2026-07-18 15:49:16,490:INFO:epoch: 47 | loss: 0.3811 | dice_loss: 0.3094 | distance_loss: 0.0143 | raw_distance_loss: 0.0390 | boundary_weight_mean: 3.7081
2026-07-18 15:51:33,182:INFO:epoch: 48 | loss: 0.3837 | dice_loss: 0.3113 | distance_loss: 0.0145 | raw_distance_loss: 0.0393 | boundary_weight_mean: 3.6994 | eval_loss: 0.3968 | eval_dice_loss: 0.2799 | eval_distance_loss: 0.0234 | eval_raw_distance_loss: 0.0439 | eval_boundary_weight_mean: 2.8446 | eval_pixel_iou: 0.7115 | eval_miou: 0.6476 | eval_boundary_iou: 0.2640
2026-07-18 15:53:42,250:INFO:epoch: 49 | loss: 0.3838 | dice_loss: 0.3111 | distance_loss: 0.0146 | raw_distance_loss: 0.0397 | boundary_weight_mean: 3.7091
2026-07-18 15:55:57,209:INFO:epoch: 50 | loss: 0.3840 | dice_loss: 0.3108 | distance_loss: 0.0146 | raw_distance_loss: 0.0397 | boundary_weight_mean: 3.6999 | eval_loss: 0.3978 | eval_dice_loss: 0.2806 | eval_distance_loss: 0.0235 | eval_raw_distance_loss: 0.0439 | eval_boundary_weight_mean: 2.8446 | eval_pixel_iou: 0.7072 | eval_miou: 0.6546 | eval_boundary_iou: 0.2705
2026-07-18 15:58:06,405:INFO:epoch: 51 | loss: 0.3848 | dice_loss: 0.3114 | distance_loss: 0.0147 | raw_distance_loss: 0.0398 | boundary_weight_mean: 3.6962
2026-07-18 16:00:23,977:INFO:epoch: 52 | loss: 0.3837 | dice_loss: 0.3109 | distance_loss: 0.0146 | raw_distance_loss: 0.0398 | boundary_weight_mean: 3.7096 | eval_loss: 0.4054 | eval_dice_loss: 0.2848 | eval_distance_loss: 0.0241 | eval_raw_distance_loss: 0.0430 | eval_boundary_weight_mean: 2.8446 | eval_pixel_iou: 0.7066 | eval_miou: 0.6526 | eval_boundary_iou: 0.2707
2026-07-18 16:02:32,668:INFO:epoch: 53 | loss: 0.3844 | dice_loss: 0.3108 | distance_loss: 0.0147 | raw_distance_loss: 0.0402 | boundary_weight_mean: 3.7079
2026-07-18 16:04:48,515:INFO:epoch: 54 | loss: 0.3870 | dice_loss: 0.3127 | distance_loss: 0.0149 | raw_distance_loss: 0.0404 | boundary_weight_mean: 3.6949 | eval_loss: 0.3985 | eval_dice_loss: 0.2805 | eval_distance_loss: 0.0236 | eval_raw_distance_loss: 0.0441 | eval_boundary_weight_mean: 2.8446 | eval_pixel_iou: 0.7061 | eval_miou: 0.6560 | eval_boundary_iou: 0.2711
2026-07-18 16:06:57,357:INFO:epoch: 55 | loss: 0.3869 | dice_loss: 0.3129 | distance_loss: 0.0148 | raw_distance_loss: 0.0404 | boundary_weight_mean: 3.7031
2026-07-18 16:10:03,010:INFO:epoch: 56 | loss: 0.3876 | dice_loss: 0.3129 | distance_loss: 0.0149 | raw_distance_loss: 0.0406 | boundary_weight_mean: 3.6925 | eval_loss: 0.4072 | eval_dice_loss: 0.2825 | eval_distance_loss: 0.0250 | eval_raw_distance_loss: 0.0477 | eval_boundary_weight_mean: 2.8446 | eval_pixel_iou: 0.7040 | eval_miou: 0.6586 | eval_boundary_iou: 0.2824
2026-07-18 16:12:14,034:INFO:epoch: 57 | loss: 0.3871 | dice_loss: 0.3129 | distance_loss: 0.0148 | raw_distance_loss: 0.0405 | boundary_weight_mean: 3.7068
2026-07-18 16:14:36,680:INFO:epoch: 58 | loss: 0.3899 | dice_loss: 0.3139 | distance_loss: 0.0152 | raw_distance_loss: 0.0416 | boundary_weight_mean: 3.7010 | eval_loss: 0.4083 | eval_dice_loss: 0.2851 | eval_distance_loss: 0.0246 | eval_raw_distance_loss: 0.0463 | eval_boundary_weight_mean: 2.8446 | eval_pixel_iou: 0.7058 | eval_miou: 0.6460 | eval_boundary_iou: 0.2652
2026-07-18 16:16:51,711:INFO:epoch: 59 | loss: 0.3891 | dice_loss: 0.3135 | distance_loss: 0.0151 | raw_distance_loss: 0.0413 | boundary_weight_mean: 3.6954
2026-07-18 16:19:11,583:INFO:epoch: 60 | loss: 0.3905 | dice_loss: 0.3146 | distance_loss: 0.0152 | raw_distance_loss: 0.0416 | boundary_weight_mean: 3.7017 | eval_loss: 0.4124 | eval_dice_loss: 0.2873 | eval_distance_loss: 0.0250 | eval_raw_distance_loss: 0.0431 | eval_boundary_weight_mean: 2.8446 | eval_pixel_iou: 0.7017 | eval_miou: 0.6515 | eval_boundary_iou: 0.2645
