2026-06-16 15:07:27,414:INFO:DualHeadUNet(
  (inc): DoubleConv(
    (block): Sequential(
      (0): Conv2d(3, 24, kernel_size=(3, 3), stride=(1, 1), padding=(1, 1), bias=False)
      (1): BatchNorm2d(24, eps=1e-05, momentum=0.1, affine=True, track_running_stats=True)
      (2): ReLU(inplace=True)
      (3): Conv2d(24, 24, kernel_size=(3, 3), stride=(1, 1), padding=(1, 1), bias=False)
      (4): BatchNorm2d(24, eps=1e-05, momentum=0.1, affine=True, track_running_stats=True)
      (5): ReLU(inplace=True)
    )
  )
  (down1): Down(
    (block): Sequential(
      (0): MaxPool2d(kernel_size=2, stride=2, padding=0, dilation=1, ceil_mode=False)
      (1): DoubleConv(
        (block): Sequential(
          (0): Conv2d(24, 48, kernel_size=(3, 3), stride=(1, 1), padding=(1, 1), bias=False)
          (1): BatchNorm2d(48, eps=1e-05, momentum=0.1, affine=True, track_running_stats=True)
          (2): ReLU(inplace=True)
          (3): Conv2d(48, 48, kernel_size=(3, 3), stride=(1, 1), padding=(1, 1), bias=False)
          (4): BatchNorm2d(48, eps=1e-05, momentum=0.1, affine=True, track_running_stats=True)
          (5): ReLU(inplace=True)
        )
      )
    )
  )
  (down2): Down(
    (block): Sequential(
      (0): MaxPool2d(kernel_size=2, stride=2, padding=0, dilation=1, ceil_mode=False)
      (1): DoubleConv(
        (block): Sequential(
          (0): Conv2d(48, 96, kernel_size=(3, 3), stride=(1, 1), padding=(1, 1), bias=False)
          (1): BatchNorm2d(96, eps=1e-05, momentum=0.1, affine=True, track_running_stats=True)
          (2): ReLU(inplace=True)
          (3): Conv2d(96, 96, kernel_size=(3, 3), stride=(1, 1), padding=(1, 1), bias=False)
          (4): BatchNorm2d(96, eps=1e-05, momentum=0.1, affine=True, track_running_stats=True)
          (5): ReLU(inplace=True)
        )
      )
    )
  )
  (down3): Down(
    (block): Sequential(
      (0): MaxPool2d(kernel_size=2, stride=2, padding=0, dilation=1, ceil_mode=False)
      (1): DoubleConv(
        (block): Sequential(
          (0): Conv2d(96, 192, kernel_size=(3, 3), stride=(1, 1), padding=(1, 1), bias=False)
          (1): BatchNorm2d(192, eps=1e-05, momentum=0.1, affine=True, track_running_stats=True)
          (2): ReLU(inplace=True)
          (3): Conv2d(192, 192, kernel_size=(3, 3), stride=(1, 1), padding=(1, 1), bias=False)
          (4): BatchNorm2d(192, eps=1e-05, momentum=0.1, affine=True, track_running_stats=True)
          (5): ReLU(inplace=True)
        )
      )
    )
  )
  (down4): Down(
    (block): Sequential(
      (0): MaxPool2d(kernel_size=2, stride=2, padding=0, dilation=1, ceil_mode=False)
      (1): DoubleConv(
        (block): Sequential(
          (0): Conv2d(192, 384, kernel_size=(3, 3), stride=(1, 1), padding=(1, 1), bias=False)
          (1): BatchNorm2d(384, eps=1e-05, momentum=0.1, affine=True, track_running_stats=True)
          (2): ReLU(inplace=True)
          (3): Conv2d(384, 384, kernel_size=(3, 3), stride=(1, 1), padding=(1, 1), bias=False)
          (4): BatchNorm2d(384, eps=1e-05, momentum=0.1, affine=True, track_running_stats=True)
          (5): ReLU(inplace=True)
        )
      )
    )
  )
  (up1): Up(
    (up): Upsample(scale_factor=2.0, mode='bilinear')
    (conv): DoubleConv(
      (block): Sequential(
        (0): Conv2d(576, 192, kernel_size=(3, 3), stride=(1, 1), padding=(1, 1), bias=False)
        (1): BatchNorm2d(192, eps=1e-05, momentum=0.1, affine=True, track_running_stats=True)
        (2): ReLU(inplace=True)
        (3): Conv2d(192, 192, kernel_size=(3, 3), stride=(1, 1), padding=(1, 1), bias=False)
        (4): BatchNorm2d(192, eps=1e-05, momentum=0.1, affine=True, track_running_stats=True)
        (5): ReLU(inplace=True)
      )
    )
  )
  (up2): Up(
    (up): Upsample(scale_factor=2.0, mode='bilinear')
    (conv): DoubleConv(
      (block): Sequential(
        (0): Conv2d(288, 96, kernel_size=(3, 3), stride=(1, 1), padding=(1, 1), bias=False)
        (1): BatchNorm2d(96, eps=1e-05, momentum=0.1, affine=True, track_running_stats=True)
        (2): ReLU(inplace=True)
        (3): Conv2d(96, 96, kernel_size=(3, 3), stride=(1, 1), padding=(1, 1), bias=False)
        (4): BatchNorm2d(96, eps=1e-05, momentum=0.1, affine=True, track_running_stats=True)
        (5): ReLU(inplace=True)
      )
    )
  )
  (up3): Up(
    (up): Upsample(scale_factor=2.0, mode='bilinear')
    (conv): DoubleConv(
      (block): Sequential(
        (0): Conv2d(144, 48, kernel_size=(3, 3), stride=(1, 1), padding=(1, 1), bias=False)
        (1): BatchNorm2d(48, eps=1e-05, momentum=0.1, affine=True, track_running_stats=True)
        (2): ReLU(inplace=True)
        (3): Conv2d(48, 48, kernel_size=(3, 3), stride=(1, 1), padding=(1, 1), bias=False)
        (4): BatchNorm2d(48, eps=1e-05, momentum=0.1, affine=True, track_running_stats=True)
        (5): ReLU(inplace=True)
      )
    )
  )
  (up4): Up(
    (up): Upsample(scale_factor=2.0, mode='bilinear')
    (conv): DoubleConv(
      (block): Sequential(
        (0): Conv2d(72, 24, kernel_size=(3, 3), stride=(1, 1), padding=(1, 1), bias=False)
        (1): BatchNorm2d(24, eps=1e-05, momentum=0.1, affine=True, track_running_stats=True)
        (2): ReLU(inplace=True)
        (3): Conv2d(24, 24, kernel_size=(3, 3), stride=(1, 1), padding=(1, 1), bias=False)
        (4): BatchNorm2d(24, eps=1e-05, momentum=0.1, affine=True, track_running_stats=True)
        (5): ReLU(inplace=True)
      )
    )
  )
  (mask_head): Conv2d(24, 1, kernel_size=(1, 1), stride=(1, 1))
  (distance_head): Conv2d(24, 1, kernel_size=(1, 1), stride=(1, 1))
)
Trainable parameters by tensor:
  inc.block.0.weight: 648
  inc.block.1.weight: 24
  inc.block.1.bias: 24
  inc.block.3.weight: 5,184
  inc.block.4.weight: 24
  inc.block.4.bias: 24
  down1.block.1.block.0.weight: 10,368
  down1.block.1.block.1.weight: 48
  down1.block.1.block.1.bias: 48
  down1.block.1.block.3.weight: 20,736
  down1.block.1.block.4.weight: 48
  down1.block.1.block.4.bias: 48
  down2.block.1.block.0.weight: 41,472
  down2.block.1.block.1.weight: 96
  down2.block.1.block.1.bias: 96
  down2.block.1.block.3.weight: 82,944
  down2.block.1.block.4.weight: 96
  down2.block.1.block.4.bias: 96
  down3.block.1.block.0.weight: 165,888
  down3.block.1.block.1.weight: 192
  down3.block.1.block.1.bias: 192
  down3.block.1.block.3.weight: 331,776
  down3.block.1.block.4.weight: 192
  down3.block.1.block.4.bias: 192
  down4.block.1.block.0.weight: 663,552
  down4.block.1.block.1.weight: 384
  down4.block.1.block.1.bias: 384
  down4.block.1.block.3.weight: 1,327,104
  down4.block.1.block.4.weight: 384
  down4.block.1.block.4.bias: 384
  up1.conv.block.0.weight: 995,328
  up1.conv.block.1.weight: 192
  up1.conv.block.1.bias: 192
  up1.conv.block.3.weight: 331,776
  up1.conv.block.4.weight: 192
  up1.conv.block.4.bias: 192
  up2.conv.block.0.weight: 248,832
  up2.conv.block.1.weight: 96
  up2.conv.block.1.bias: 96
  up2.conv.block.3.weight: 82,944
  up2.conv.block.4.weight: 96
  up2.conv.block.4.bias: 96
  up3.conv.block.0.weight: 62,208
  up3.conv.block.1.weight: 48
  up3.conv.block.1.bias: 48
  up3.conv.block.3.weight: 20,736
  up3.conv.block.4.weight: 48
  up3.conv.block.4.bias: 48
  up4.conv.block.0.weight: 15,552
  up4.conv.block.1.weight: 24
  up4.conv.block.1.bias: 24
  up4.conv.block.3.weight: 5,184
  up4.conv.block.4.weight: 24
  up4.conv.block.4.bias: 24
  mask_head.weight: 24
  mask_head.bias: 1
  distance_head.weight: 24
  distance_head.bias: 1
Total trainable parameters: 4,416,698
2026-06-16 15:07:27,414:INFO:------------ New Training Session ------------
2026-06-16 15:07:40,035:INFO:epoch: 1 | loss: 1.1266 | bce: 0.4794 | dice_loss: 0.6001 | distance_loss: 0.1235 | polygon_loss: 0.1288 | miou: 0.6462 | dice: 0.7495 | boundary_iou: 0.2312 | instance_f1: 0.0319 | pq: 0.0241 | eval_loss: 1.4266 | eval_bce: 0.6848 | eval_dice_loss: 0.7064 | eval_distance_loss: 0.1011 | eval_polygon_loss: 0.0024 | eval_miou: 0.6584 | eval_dice: 0.7932 | eval_boundary_iou: 0.1943 | eval_instance_f1: 0.1298 | eval_pq: 0.0955
2026-06-16 15:07:42,206:INFO:epoch: 2 | loss: 0.8914 | bce: 0.3504 | dice_loss: 0.4990 | distance_loss: 0.1142 | polygon_loss: 0.0691 | miou: 0.8768 | dice: 0.9341 | boundary_iou: 0.4297 | instance_f1: 0.2836 | pq: 0.2247 | eval_loss: 1.2829 | eval_bce: 0.6019 | eval_dice_loss: 0.6453 | eval_distance_loss: 0.1012 | eval_polygon_loss: 0.0078 | eval_miou: 0.7126 | eval_dice: 0.8317 | eval_boundary_iou: 0.1491 | eval_instance_f1: 0.0844 | eval_pq: 0.0585
2026-06-16 15:08:54,902:INFO:DualHeadUNet(
  (inc): DoubleConv(
    (block): Sequential(
      (0): Conv2d(3, 24, kernel_size=(3, 3), stride=(1, 1), padding=(1, 1), bias=False)
      (1): BatchNorm2d(24, eps=1e-05, momentum=0.1, affine=True, track_running_stats=True)
      (2): ReLU(inplace=True)
      (3): Conv2d(24, 24, kernel_size=(3, 3), stride=(1, 1), padding=(1, 1), bias=False)
      (4): BatchNorm2d(24, eps=1e-05, momentum=0.1, affine=True, track_running_stats=True)
      (5): ReLU(inplace=True)
    )
  )
  (down1): Down(
    (block): Sequential(
      (0): MaxPool2d(kernel_size=2, stride=2, padding=0, dilation=1, ceil_mode=False)
      (1): DoubleConv(
        (block): Sequential(
          (0): Conv2d(24, 48, kernel_size=(3, 3), stride=(1, 1), padding=(1, 1), bias=False)
          (1): BatchNorm2d(48, eps=1e-05, momentum=0.1, affine=True, track_running_stats=True)
          (2): ReLU(inplace=True)
          (3): Conv2d(48, 48, kernel_size=(3, 3), stride=(1, 1), padding=(1, 1), bias=False)
          (4): BatchNorm2d(48, eps=1e-05, momentum=0.1, affine=True, track_running_stats=True)
          (5): ReLU(inplace=True)
        )
      )
    )
  )
  (down2): Down(
    (block): Sequential(
      (0): MaxPool2d(kernel_size=2, stride=2, padding=0, dilation=1, ceil_mode=False)
      (1): DoubleConv(
        (block): Sequential(
          (0): Conv2d(48, 96, kernel_size=(3, 3), stride=(1, 1), padding=(1, 1), bias=False)
          (1): BatchNorm2d(96, eps=1e-05, momentum=0.1, affine=True, track_running_stats=True)
          (2): ReLU(inplace=True)
          (3): Conv2d(96, 96, kernel_size=(3, 3), stride=(1, 1), padding=(1, 1), bias=False)
          (4): BatchNorm2d(96, eps=1e-05, momentum=0.1, affine=True, track_running_stats=True)
          (5): ReLU(inplace=True)
        )
      )
    )
  )
  (down3): Down(
    (block): Sequential(
      (0): MaxPool2d(kernel_size=2, stride=2, padding=0, dilation=1, ceil_mode=False)
      (1): DoubleConv(
        (block): Sequential(
          (0): Conv2d(96, 192, kernel_size=(3, 3), stride=(1, 1), padding=(1, 1), bias=False)
          (1): BatchNorm2d(192, eps=1e-05, momentum=0.1, affine=True, track_running_stats=True)
          (2): ReLU(inplace=True)
          (3): Conv2d(192, 192, kernel_size=(3, 3), stride=(1, 1), padding=(1, 1), bias=False)
          (4): BatchNorm2d(192, eps=1e-05, momentum=0.1, affine=True, track_running_stats=True)
          (5): ReLU(inplace=True)
        )
      )
    )
  )
  (down4): Down(
    (block): Sequential(
      (0): MaxPool2d(kernel_size=2, stride=2, padding=0, dilation=1, ceil_mode=False)
      (1): DoubleConv(
        (block): Sequential(
          (0): Conv2d(192, 384, kernel_size=(3, 3), stride=(1, 1), padding=(1, 1), bias=False)
          (1): BatchNorm2d(384, eps=1e-05, momentum=0.1, affine=True, track_running_stats=True)
          (2): ReLU(inplace=True)
          (3): Conv2d(384, 384, kernel_size=(3, 3), stride=(1, 1), padding=(1, 1), bias=False)
          (4): BatchNorm2d(384, eps=1e-05, momentum=0.1, affine=True, track_running_stats=True)
          (5): ReLU(inplace=True)
        )
      )
    )
  )
  (up1): Up(
    (up): Upsample(scale_factor=2.0, mode='bilinear')
    (conv): DoubleConv(
      (block): Sequential(
        (0): Conv2d(576, 192, kernel_size=(3, 3), stride=(1, 1), padding=(1, 1), bias=False)
        (1): BatchNorm2d(192, eps=1e-05, momentum=0.1, affine=True, track_running_stats=True)
        (2): ReLU(inplace=True)
        (3): Conv2d(192, 192, kernel_size=(3, 3), stride=(1, 1), padding=(1, 1), bias=False)
        (4): BatchNorm2d(192, eps=1e-05, momentum=0.1, affine=True, track_running_stats=True)
        (5): ReLU(inplace=True)
      )
    )
  )
  (up2): Up(
    (up): Upsample(scale_factor=2.0, mode='bilinear')
    (conv): DoubleConv(
      (block): Sequential(
        (0): Conv2d(288, 96, kernel_size=(3, 3), stride=(1, 1), padding=(1, 1), bias=False)
        (1): BatchNorm2d(96, eps=1e-05, momentum=0.1, affine=True, track_running_stats=True)
        (2): ReLU(inplace=True)
        (3): Conv2d(96, 96, kernel_size=(3, 3), stride=(1, 1), padding=(1, 1), bias=False)
        (4): BatchNorm2d(96, eps=1e-05, momentum=0.1, affine=True, track_running_stats=True)
        (5): ReLU(inplace=True)
      )
    )
  )
  (up3): Up(
    (up): Upsample(scale_factor=2.0, mode='bilinear')
    (conv): DoubleConv(
      (block): Sequential(
        (0): Conv2d(144, 48, kernel_size=(3, 3), stride=(1, 1), padding=(1, 1), bias=False)
        (1): BatchNorm2d(48, eps=1e-05, momentum=0.1, affine=True, track_running_stats=True)
        (2): ReLU(inplace=True)
        (3): Conv2d(48, 48, kernel_size=(3, 3), stride=(1, 1), padding=(1, 1), bias=False)
        (4): BatchNorm2d(48, eps=1e-05, momentum=0.1, affine=True, track_running_stats=True)
        (5): ReLU(inplace=True)
      )
    )
  )
  (up4): Up(
    (up): Upsample(scale_factor=2.0, mode='bilinear')
    (conv): DoubleConv(
      (block): Sequential(
        (0): Conv2d(72, 24, kernel_size=(3, 3), stride=(1, 1), padding=(1, 1), bias=False)
        (1): BatchNorm2d(24, eps=1e-05, momentum=0.1, affine=True, track_running_stats=True)
        (2): ReLU(inplace=True)
        (3): Conv2d(24, 24, kernel_size=(3, 3), stride=(1, 1), padding=(1, 1), bias=False)
        (4): BatchNorm2d(24, eps=1e-05, momentum=0.1, affine=True, track_running_stats=True)
        (5): ReLU(inplace=True)
      )
    )
  )
  (mask_head): Conv2d(24, 1, kernel_size=(1, 1), stride=(1, 1))
  (distance_head): Conv2d(24, 1, kernel_size=(1, 1), stride=(1, 1))
)
Trainable parameters by tensor:
  inc.block.0.weight: 648
  inc.block.1.weight: 24
  inc.block.1.bias: 24
  inc.block.3.weight: 5,184
  inc.block.4.weight: 24
  inc.block.4.bias: 24
  down1.block.1.block.0.weight: 10,368
  down1.block.1.block.1.weight: 48
  down1.block.1.block.1.bias: 48
  down1.block.1.block.3.weight: 20,736
  down1.block.1.block.4.weight: 48
  down1.block.1.block.4.bias: 48
  down2.block.1.block.0.weight: 41,472
  down2.block.1.block.1.weight: 96
  down2.block.1.block.1.bias: 96
  down2.block.1.block.3.weight: 82,944
  down2.block.1.block.4.weight: 96
  down2.block.1.block.4.bias: 96
  down3.block.1.block.0.weight: 165,888
  down3.block.1.block.1.weight: 192
  down3.block.1.block.1.bias: 192
  down3.block.1.block.3.weight: 331,776
  down3.block.1.block.4.weight: 192
  down3.block.1.block.4.bias: 192
  down4.block.1.block.0.weight: 663,552
  down4.block.1.block.1.weight: 384
  down4.block.1.block.1.bias: 384
  down4.block.1.block.3.weight: 1,327,104
  down4.block.1.block.4.weight: 384
  down4.block.1.block.4.bias: 384
  up1.conv.block.0.weight: 995,328
  up1.conv.block.1.weight: 192
  up1.conv.block.1.bias: 192
  up1.conv.block.3.weight: 331,776
  up1.conv.block.4.weight: 192
  up1.conv.block.4.bias: 192
  up2.conv.block.0.weight: 248,832
  up2.conv.block.1.weight: 96
  up2.conv.block.1.bias: 96
  up2.conv.block.3.weight: 82,944
  up2.conv.block.4.weight: 96
  up2.conv.block.4.bias: 96
  up3.conv.block.0.weight: 62,208
  up3.conv.block.1.weight: 48
  up3.conv.block.1.bias: 48
  up3.conv.block.3.weight: 20,736
  up3.conv.block.4.weight: 48
  up3.conv.block.4.bias: 48
  up4.conv.block.0.weight: 15,552
  up4.conv.block.1.weight: 24
  up4.conv.block.1.bias: 24
  up4.conv.block.3.weight: 5,184
  up4.conv.block.4.weight: 24
  up4.conv.block.4.bias: 24
  mask_head.weight: 24
  mask_head.bias: 1
  distance_head.weight: 24
  distance_head.bias: 1
Total trainable parameters: 4,416,698
2026-06-16 15:08:54,903:INFO:------------ New Training Session ------------
2026-06-16 15:09:01,358:INFO:epoch: 1 | loss: 1.1489 | bce: 0.5079 | dice_loss: 0.5843 | distance_loss: 0.1528 | polygon_loss: 0.1054 | miou: 0.5380 | dice: 0.6842 | boundary_iou: 0.0592 | instance_f1: 0.0278 | pq: 0.0179 | eval_loss: 1.4237 | eval_bce: 0.6674 | eval_dice_loss: 0.7084 | eval_distance_loss: 0.1367 | eval_polygon_loss: 0.0027 | eval_miou: 0.3672 | eval_dice: 0.5147 | eval_boundary_iou: 0.1397 | eval_instance_f1: 0.3090 | eval_pq: 0.2327
2026-06-16 15:09:03,788:INFO:epoch: 2 | loss: 0.9065 | bce: 0.3661 | dice_loss: 0.4868 | distance_loss: 0.1486 | polygon_loss: 0.0532 | miou: 0.8046 | dice: 0.8910 | boundary_iou: 0.2474 | instance_f1: 0.1636 | pq: 0.1251 | eval_loss: 1.3104 | eval_bce: 0.5545 | eval_dice_loss: 0.7064 | eval_distance_loss: 0.1407 | eval_polygon_loss: 0.0070 | eval_miou: 0.0027 | eval_dice: 0.0052 | eval_boundary_iou: 0.0000 | eval_instance_f1: 0.0000 | eval_pq: 0.0000
